Jun  4 06:27:17 rusty postfix/cleanup[11019]: E067F1180DF: message-id=<20070603202717.E067F1180DF@rusty.slug.org.au>
Jun  4 06:27:18 rusty postfix/local[11020]: E067F1180DF: to=<admin@slug.org.au>, orig_to=<root>, relay=local, delay=1, status=sent (delivered to command: /var/lib/mailman/mail/mailman post admin)
Jun  4 06:27:19 rusty spamd[19590]: spamd: connection from localhost.localdomain [127.0.0.1] at port 48902 
Jun  4 06:27:20 rusty spamd[19590]: spamd: checking message <20070603202717.E067F1180DF@rusty.slug.org.au> for admin:1011 
Jun  4 06:27:22 rusty spamd[19590]: spamd: identified spam (5.9/5.0) for admin:1011 in 2.8 seconds, 844 bytes. 
Jun  4 06:27:22 rusty spamd[19590]: spamd: result: Y  5 - AWL,BAYES_00,NO_RELAYS scantime=2.8,size=844,user=admin,uid=1011,required_score=5.0,rhost=localhost.localdomain,raddr=127.0.0.1,rport=48902,mid=<20070603202717.E067F1180DF@rusty.slug.org.au>,bayes=8.57147686161852e-13,autolearn=no 
Jun  4 06:27:22 rusty spamd[1026]: prefork: child states: II 
Jun  4 06:27:24 rusty postfix/smtpd[11022]: connect from localhost.localdomain[127.0.0.1]
Jun  4 06:27:24 rusty postfix/smtpd[11022]: BA25C1180DF: client=localhost.localdomain[127.0.0.1]
Jun  4 06:27:24 rusty postfix/cleanup[11019]: BA25C1180DF: message-id=<mailman.577.1180902442.1084.admin@slug.org.au>
Jun  4 06:27:24 rusty postfix/smtpd[11022]: disconnect from localhost.localdomain[127.0.0.1]
Jun  4 06:27:24 rusty postfix/smtpd[11022]: connect from localhost.localdomain[127.0.0.1]
Jun  4 06:27:24 rusty postfix/smtpd[11022]: E40EA118174: client=localhost.localdomain[127.0.0.1]
Jun  4 06:27:24 rusty postfix/cleanup[11019]: E40EA118174: message-id=<mailman.578.1180902442.1084.admin@slug.org.au>
Jun  4 06:27:24 rusty spamd[19590]: spamd: connection from localhost.localdomain [127.0.0.1] at port 48905 
Jun  4 06:27:24 rusty spamd[19590]: spamd: checking message <mailman.577.1180902442.1084.admin@slug.org.au> for admin:1011 
Jun  4 06:27:24 rusty postfix/local[11020]: BA25C1180DF: to=<admin@slug.org.au>, orig_to=<root@rusty.slug.org.au>, relay=local, delay=0, status=sent (delivered to command: /var/lib/mailman/mail/mailman post admin)
Jun  4 06:27:24 rusty postfix/smtpd[11022]: disconnect from localhost.localdomain[127.0.0.1]
Jun  4 06:27:25 rusty postfix/local[11020]: E40EA118174: to=<admin-owner@slug.org.au>, relay=local, delay=1, status=sent (delivered to command: /var/lib/mailman/mail/mailman owner admin)
Jun  4 06:27:26 rusty spamd[19590]: spamd: clean message (-3.6/5.0) for admin:1011 in 1.4 seconds, 1484 bytes. 
Jun  4 06:27:26 rusty spamd[19590]: spamd: result: . -3 - ALL_TRUSTED,AWL,BAYES_00,NO_REAL_NAME scantime=1.4,size=1484,user=admin,uid=1011,required_score=5.0,rhost=localhost.localdomain,raddr=127.0.0.1,rport=48905,mid=<mailman.577.1180902442.1084.admin@slug.org.au>,bayes=0,autolearn=ham 
Jun  4 06:27:26 rusty spamd[1026]: prefork: child states: II 
Jun  4 06:27:26 rusty postfix/smtpd[11022]: connect from localhost.localdomain[127.0.0.1]
Jun  4 06:27:27 rusty postfix/smtpd[11022]: F3E921180DF: client=localhost.localdomain[127.0.0.1]
Jun  4 06:27:27 rusty postfix/cleanup[11019]: F3E921180DF: message-id=<mailman.578.1180902442.1084.admin@slug.org.au>
Jun  4 06:27:27 rusty postfix/smtpd[11022]: disconnect from localhost.localdomain[127.0.0.1]
Jun  4 06:27:27 rusty postfix/cleanup[11025]: 088C9118174: message-id=<mailman.578.1180902442.1084.admin@slug.org.au>
Jun  4 06:27:27 rusty postfix/local[11020]: F3E921180DF: to=<ctd@slug.org.au>, relay=local, delay=1, status=sent (forwarded as 088C9118174)
Jun  4 06:27:31 rusty postfix/smtp[11026]: 088C9118174: to=<chris@ctd.id.au>, orig_to=<ctd@slug.org.au>, relay=ASPMX.L.GOOGLE.COM[209.85.147.27], delay=4, status=sent (250 2.0.0 OK 1180901940 n32si4416136wag)
Jun  4 06:28:38 rusty postfix/smtpd[11022]: connect from adsl-75-16-175-105.dsl.chmpil.sbcglobal.net[75.16.175.105]
Jun  4 06:28:41 rusty postfix/smtpd[11022]: NOQUEUE: reject: RCPT from adsl-75-16-175-105.dsl.chmpil.sbcglobal.net[75.16.175.105]: 554 Service unavailable; Client host [75.16.175.105] blocked using cbl.abuseat.org; Blocked - see http://cbl.abuseat.org/lookup.cgi?ip=75.16.175.105; from=<ibulksale.com@kcsouth.com> to=<vp@slug.org.au> proto=SMTP helo=<localhost>
Jun  4 06:28:41 rusty postfix/smtpd[11022]: lost connection after RCPT from adsl-75-16-175-105.dsl.chmpil.sbcglobal.net[75.16.175.105]
Jun  4 06:28:41 rusty postfix/smtpd[11022]: disconnect from adsl-75-16-175-105.dsl.chmpil.sbcglobal.net[75.16.175.105]
Jun  4 06:29:31 rusty postfix/smtpd[11022]: connect from p508fe65d.dip.t-dialin.net[80.143.230.93]
Jun  4 06:29:42 rusty postfix/smtpd[11036]: connect from ip-140-158-31.phx.extremezone.com[64.140.158.31]
Jun  4 06:29:49 rusty postfix/smtpd[11022]: warning: 93.230.143.80.relays.ordb.org: RBL lookup error: Host or domain name not found. Name service error for name=93.230.143.80.relays.ordb.org type=A: Host not found, try again
Jun  4 06:29:54 rusty postfix/smtpd[11037]: connect from unknown[89.120.132.137]
Jun  4 06:30:04 rusty postfix/smtpd[11036]: warning: 31.158.140.64.relays.ordb.org: RBL lookup error: Host or domain name not found. Name service error for name=31.158.140.64.relays.ordb.org type=A: Host not found, try again
Jun  4 06:30:08 rusty postfix/smtpd[11037]: warning: 137.132.120.89.relays.ordb.org: RBL lookup error: Host or domain name not found. Name service error for name=137.132.120.89.relays.ordb.org type=A: Host not found, try again
Jun  4 06:30:09 rusty postfix/smtpd[11022]: warning: 93.230.143.80.opm.blitzed.org: RBL lookup error: Host or domain name not found. Name service error for name=93.230.143.80.opm.blitzed.org type=A: Host not found, try again
Jun  4 06:30:09 rusty postfix/smtpd[11022]: NOQUEUE: reject: RCPT from p508fe65d.dip.t-dialin.net[80.143.230.93]: 450 <100-event@slug.org.au>: Recipient address rejected: Greylisted for 300 seconds (see http://isg.ee.ethz.ch/tools/postgrey/help/slug.org.au.html); from=<suykpch@t-dialin.net> to=<100-event@slug.org.au> proto=ESMTP helo=<p508FE65D.dip.t-dialin.net>
Jun  4 06:30:09 rusty postfix/smtpd[11022]: lost connection after RCPT from p508fe65d.dip.t-dialin.net[80.143.230.93]
Jun  4 06:30:09 rusty postfix/smtpd[11022]: disconnect from p508fe65d.dip.t-dialin.net[80.143.230.93]
Jun  4 06:30:22 rusty postfix/smtpd[11022]: connect from unknown[210.97.228.115]
Jun  4 06:30:24 rusty postfix/smtpd[11036]: warning: 31.158.140.64.opm.blitzed.org: RBL lookup error: Host or domain name not found. Name service error for name=31.158.140.64.opm.blitzed.org type=A: Host not found, try again
Jun  4 06:30:24 rusty postfix/smtpd[11036]: E16A01180DF: client=ip-140-158-31.phx.extremezone.com[64.140.158.31]
Jun  4 06:30:27 rusty postfix/smtpd[11022]: NOQUEUE: reject: RCPT from unknown[210.97.228.115]: 554 Service unavailable; Client host [210.97.228.115] blocked using ix.dnsbl.manitu.net; Comment:   IP address blocked, see http://ix.dnsbl.manitu.net/lookup.php?ipaddress=210.97.228.115, latest spam received via mx25.web.de at 2007-06-03T08:09+0200; from=<aafisherville@flsq.com.au> to=<c5fj2fafi2hj86h5@slug.org.au> proto=SMTP helo=<flsq.com.au>
Jun  4 06:30:27 rusty postfix/smtpd[11022]: lost connection after RCPT from unknown[210.97.228.115]
Jun  4 06:30:27 rusty postfix/smtpd[11022]: disconnect from unknown[210.97.228.115]
Jun  4 06:30:28 rusty postfix/smtpd[11037]: warning: 137.132.120.89.opm.blitzed.org: RBL lookup error: Host or domain name not found. Name service error for name=137.132.120.89.opm.blitzed.org type=A: Host not found, try again
Jun  4 06:30:28 rusty postfix/smtpd[11037]: NOQUEUE: reject: RCPT from unknown[89.120.132.137]: 450 <amusig-request@slug.org.au>: Recipient address rejected: Greylisted for 300 seconds (see http://isg.ee.ethz.ch/tools/postgrey/help/slug.org.au.html); from=<oberlin@jrue.com> to=<amusig-request@slug.org.au> proto=SMTP helo=<jrue.com>
Jun  4 06:30:28 rusty postfix/smtpd[11037]: lost connection after RCPT from unknown[89.120.132.137]
Jun  4 06:30:28 rusty postfix/smtpd[11037]: disconnect from unknown[89.120.132.137]
Jun  4 06:30:55 rusty postfix/smtpd[11022]: connect from unknown[122.198.27.206]
Jun  4 06:31:10 rusty postfix/smtpd[11022]: warning: 206.27.198.122.relays.ordb.org: RBL lookup error: Host or domain name not found. Name service error for name=206.27.198.122.relays.ordb.org type=A: Host not found, try again
Jun  4 06:31:30 rusty postfix/smtpd[11022]: warning: 206.27.198.122.opm.blitzed.org: RBL lookup error: Host or domain name not found. Name service error for name=206.27.198.122.opm.blitzed.org type=A: Host not found, try again
Jun  4 06:31:30 rusty postfix/smtpd[11022]: NOQUEUE: reject: RCPT from unknown[122.198.27.206]: 450 <885c@maddog.slug.org.au>: Recipient address rejected: Greylisted for 300 seconds (see http://isg.ee.ethz.ch/tools/postgrey/help/maddog.slug.org.au.html); from=<sujing8999@126.com> to=<885c@maddog.slug.org.au> proto=ESMTP helo=<126.com>
Jun  4 06:31:31 rusty postfix/smtpd[11022]: disconnect from unknown[122.198.27.206]
Jun  4 06:32:09 rusty postfix/smtpd[11022]: connect from c-69-138-150-66.hsd1.tn.comcast.net[69.138.150.66]
Jun  4 06:32:17 rusty postfix/smtpd[11022]: NOQUEUE: reject: RCPT from c-69-138-150-66.hsd1.tn.comcast.net[69.138.150.66]: 554 Service unavailable; Client host [69.138.150.66] blocked using cbl.abuseat.org; Blocked - see http://cbl.abuseat.org/lookup.cgi?ip=69.138.150.66; from=<swedishfrenchpr.com@ydyt.com> to=<mailadmin@slug.org.au> proto=SMTP helo=<localhost>
Jun  4 06:32:17 rusty postfix/smtpd[11022]: lost connection after RCPT from c-69-138-150-66.hsd1.tn.comcast.net[69.138.150.66]
Jun  4 06:32:17 rusty postfix/smtpd[11022]: disconnect from c-69-138-150-66.hsd1.tn.comcast.net[69.138.150.66]
Jun  4 06:32:18 rusty postfix/smtpd[11054]: warning: 38.100.80.109: address not listed for hostname ichvm1.incheckhost.com
Jun  4 06:32:18 rusty postfix/smtpd[11054]: connect from unknown[38.100.80.109]
Jun  4 06:32:36 rusty postfix/smtpd[11022]: warning: 38.100.80.109: address not listed for hostname ichvm1.incheckhost.com
Jun  4 06:32:36 rusty postfix/smtpd[11022]: connect from unknown[38.100.80.109]
Jun  4 06:32:37 rusty postfix/smtpd[11054]: warning: 109.80.100.38.relays.ordb.org: RBL lookup error: Host or domain name not found. Name service error for name=109.80.100.38.relays.ordb.org type=A: Host not found, try again
Jun  4 06:32:47 rusty postfix/smtpd[11022]: warning: 109.80.100.38.relays.ordb.org: RBL lookup error: Host or domain name not found. Name service error for name=109.80.100.38.relays.ordb.org type=A: Host not found, try again
Jun  4 06:32:56 rusty postfix/smtp[11067]: 29FD0118216: to=<marauder@progsoc.uts.edu.au>, relay=incubus.progsoc.uts.edu.au[138.25.6.7], delay=290400, status=deferred (host incubus.progsoc.uts.edu.au[138.25.6.7] said: 451 Temporary local problem - please try later (in reply to RCPT TO command))
Jun  4 06:32:56 rusty postfix/smtp[11067]: 29FD0118216: to=<wildfire@progsoc.uts.edu.au>, relay=incubus.progsoc.uts.edu.au[138.25.6.7], delay=290400, status=deferred (host incubus.progsoc.uts.edu.au[138.25.6.7] said: 451 Temporary local problem - please try later (in reply to RCPT TO command))
Jun  4 06:32:56 rusty postfix/smtp[11071]: 68F44118219: to=<marauder@progsoc.uts.edu.au>, relay=incubus.progsoc.uts.edu.au[138.25.6.7], delay=289197, status=deferred (host incubus.progsoc.uts.edu.au[138.25.6.7] said: 451 Temporary local problem - please try later (in reply to RCPT TO command))
Jun  4 06:32:56 rusty postfix/smtp[11071]: 68F44118219: to=<wildfire@progsoc.uts.edu.au>, relay=incubus.progsoc.uts.edu.au[138.25.6.7], delay=289197, status=deferred (host incubus.progsoc.uts.edu.au[138.25.6.7] said: 451 Temporary local problem - please try later (in reply to RCPT TO command))
Jun  4 06:32:57 rusty postfix/smtpd[11054]: warning: 109.80.100.38.opm.blitzed.org: RBL lookup error: Host or domain name not found. Name service error for name=109.80.100.38.opm.blitzed.org type=A: Host not found, try again
Jun  4 06:32:57 rusty postfix/smtpd[11054]: NOQUEUE: reject: RCPT from unknown[38.100.80.109]: 450 <jobs-admin@slug.org.au>: Recipient address rejected: Greylisted for 300 seconds (see http://isg.ee.ethz.ch/tools/postgrey/help/slug.org.au.html); from=<nobody@ichvm2.incheckhost.com> to=<jobs-admin@slug.org.au> proto=ESMTP helo=<ichvm2.incheckhost.com>
Jun  4 06:32:57 rusty postfix/smtpd[11054]: disconnect from unknown[38.100.80.109]
Jun  4 06:32:58 rusty postfix/smtp[11069]: 29498118188: to=<netsnipe_ml@optusnet.com.au>, relay=mail.optusnet.com.au[211.29.132.250], delay=30049, status=deferred (host mail.optusnet.com.au[211.29.132.250] said: 452 4.2.2 <netsnipe_ml@optusnet.com.au>... Mailbox full (in reply to RCPT TO command))
Jun  4 06:32:58 rusty postfix/smtp[11069]: 29498118188: to=<pintail@optusnet.com.au>, relay=mail.optusnet.com.au[211.29.132.250], delay=30049, status=deferred (host mail.optusnet.com.au[211.29.132.250] said: 452 4.2.2 <pintail@optusnet.com.au>... Mailbox full (in reply to RCPT TO command))
Jun  4 06:32:58 rusty postfix/smtp[11072]: A63F7118155: to=<netsnipe_ml@optusnet.com.au>, relay=mail.optusnet.com.au[211.29.132.250], delay=47073, status=deferred (host mail.optusnet.com.au[211.29.132.250] said: 452 4.2.2 <netsnipe_ml@optusnet.com.au>... Mailbox full (in reply to RCPT TO command))
Jun  4 06:32:58 rusty postfix/smtp[11072]: A63F7118155: to=<pintail@optusnet.com.au>, relay=mail.optusnet.com.au[211.29.132.250], delay=47073, status=deferred (host mail.optusnet.com.au[211.29.132.250] said: 452 4.2.2 <pintail@optusnet.com.au>... Mailbox full (in reply to RCPT TO command))
Jun  4 06:32:59 rusty postfix/smtp[11068]: connect to mic.icafe.com.au[60.242.158.40]: No route to host (port 25)
Jun  4 06:32:59 rusty postfix/smtp[11068]: 29498118188: to=<donohueb@icafe.com.au>, relay=none, delay=30050, status=deferred (connect to mic.icafe.com.au[60.242.158.40]: No route to host)
Jun  4 06:33:03 rusty postfix/smtpd[11054]: connect from unknown[195.5.63.186]
Jun  4 06:33:07 rusty postfix/smtpd[11022]: warning: 109.80.100.38.opm.blitzed.org: RBL lookup error: Host or domain name not found. Name service error for name=109.80.100.38.opm.blitzed.org type=A: Host not found, try again
Jun  4 06:33:07 rusty postfix/smtpd[11022]: NOQUEUE: reject: RCPT from unknown[38.100.80.109]: 450 <jobs-request@slug.org.au>: Recipient address rejected: Greylisted for 300 seconds (see http://isg.ee.ethz.ch/tools/postgrey/help/slug.org.au.html); from=<nobody@ichvm2.incheckhost.com> to=<jobs-request@slug.org.au> proto=ESMTP helo=<ichvm2.incheckhost.com>
Jun  4 06:33:07 rusty postfix/smtpd[11022]: disconnect from unknown[38.100.80.109]
Jun  4 06:33:10 rusty postfix/smtpd[11054]: NOQUEUE: reject: RCPT from unknown[195.5.63.186]: 554 Service unavailable; Client host [195.5.63.186] blocked using cbl.abuseat.org; Blocked - see http://cbl.abuseat.org/lookup.cgi?ip=195.5.63.186; from=<hangover672@infoseek.jp> to=<announce@slug.org.au> proto=SMTP helo=<SERVER-ZAVOD>
Jun  4 06:33:11 rusty postfix/smtpd[11054]: disconnect from unknown[195.5.63.186]
Jun  4 06:33:14 rusty postfix/smtpd[11022]: connect from pool-71-251-71-241.tampfl.fios.verizon.net[71.251.71.241]
Jun  4 06:33:24 rusty postfix/smtpd[11022]: NOQUEUE: reject: RCPT from pool-71-251-71-241.tampfl.fios.verizon.net[71.251.71.241]: 554 Service unavailable; Client host [71.251.71.241] blocked using cbl.abuseat.org; Blocked - see http://cbl.abuseat.org/lookup.cgi?ip=71.251.71.241; from=<healthystartdirect.com@littlegreenfish.com> to=<y@slug.org.au> proto=SMTP helo=<localhost>
Jun  4 06:33:25 rusty postfix/smtpd[11022]: lost connection after RCPT from pool-71-251-71-241.tampfl.fios.verizon.net[71.251.71.241]
Jun  4 06:33:25 rusty postfix/smtpd[11022]: disconnect from pool-71-251-71-241.tampfl.fios.verizon.net[71.251.71.241]
Jun  4 06:33:26 rusty postfix/smtp[11062]: connect to none.harvestroad.com.au[203.103.97.241]: Connection timed out (port 25)
Jun  4 06:33:26 rusty postfix/smtp[11063]: connect to none.harvestroad.com.au[203.103.97.241]: Connection timed out (port 25)
Jun  4 06:33:26 rusty postfix/smtp[11065]: connect to none.harvestroad.com.au[203.103.97.241]: Connection timed out (port 25)
Jun  4 06:33:26 rusty postfix/smtp[11066]: connect to none.harvestroad.com.au[203.103.97.241]: Connection timed out (port 25)
Jun  4 06:33:26 rusty postfix/smtp[11070]: connect to none.harvestroad.com.au[203.103.97.241]: Connection timed out (port 25)
Jun  4 06:33:27 rusty postfix/smtp[11064]: connect to dmhosting.g.ysm.yahoo.com[72.30.33.102]: Connection timed out (port 25)
Jun  4 06:33:27 rusty postfix/smtp[11064]: 9AADA1181FB: to=<aaaa@aaaaaa.com>, relay=none, delay=232011, status=deferred (connect to dmhosting.g.ysm.yahoo.com[72.30.33.102]: Connection timed out)
Jun  4 06:33:40 rusty postfix/smtpd[11022]: connect from pool-71-96-169-57.dfw.dsl-w.verizon.net[71.96.169.57]
Jun  4 06:33:42 rusty postfix/smtpd[11076]: warning: 88.233.159.245: hostname dsl88-233-40949.ttnet.net.tr verification failed: Name or service not known
Jun  4 06:33:42 rusty postfix/smtpd[11076]: connect from unknown[88.233.159.245]
Jun  4 06:33:43 rusty postfix/smtpd[11054]: connect from gateway.funcionpublica.gob.mx[200.34.175.4]
Jun  4 06:33:43 rusty postfix/smtpd[11075]: connect from gateway.funcionpublica.gob.mx[200.34.175.4]
Jun  4 06:33:44 rusty postfix/smtpd[11022]: NOQUEUE: reject: RCPT from pool-71-96-169-57.dfw.dsl-w.verizon.net[71.96.169.57]: 554 Service unavailable; Client host [71.96.169.57] blocked using cbl.abuseat.org; Blocked - see http://cbl.abuseat.org/lookup.cgi?ip=71.96.169.57; from=<hkblanch@kuririnmail.com> to=<ankletssensitively@slug.org.au> proto=SMTP helo=<pool-71-96-169-57.dfw.dsl-w.verizon.net>
Jun  4 06:33:44 rusty postfix/smtpd[11022]: lost connection after RCPT from pool-71-96-169-57.dfw.dsl-w.verizon.net[71.96.169.57]
Jun  4 06:33:44 rusty postfix/smtpd[11022]: disconnect from pool-71-96-169-57.dfw.dsl-w.verizon.net[71.96.169.57]
Jun  4 06:33:45 rusty postfix/smtpd[11076]: NOQUEUE: reject: RCPT from unknown[88.233.159.245]: 554 Service unavailable; Client host [88.233.159.245] blocked using cbl.abuseat.org; Blocked - see http://cbl.abuseat.org/lookup.cgi?ip=88.233.159.245; from=<umaran.com@littlesproutsdaycare.com> to=<secretary@slug.org.au> proto=SMTP helo=<localhost>
Jun  4 06:33:45 rusty postfix/smtpd[11076]: lost connection after RCPT from unknown[88.233.159.245]
Jun  4 06:33:45 rusty postfix/smtpd[11076]: disconnect from unknown[88.233.159.245]
Jun  4 06:33:56 rusty postfix/smtpd[11054]: warning: 4.175.34.200.relays.ordb.org: RBL lookup error: Host or domain name not found. Name service error for name=4.175.34.200.relays.ordb.org type=A: Host not found, try again
Jun  4 06:33:56 rusty postfix/smtpd[11075]: warning: 4.175.34.200.relays.ordb.org: RBL lookup error: Host or domain name not found. Name service error for name=4.175.34.200.relays.ordb.org type=A: Host not found, try again
Jun  4 06:34:05 rusty postfix/smtpd[11022]: connect from unknown[84.228.167.233]
Jun  4 06:34:09 rusty postfix/smtpd[11076]: connect from unknown[88.245.28.74]
Jun  4 06:34:09 rusty postfix/smtpd[11076]: lost connection after CONNECT from unknown[88.245.28.74]
Jun  4 06:34:09 rusty postfix/smtpd[11076]: disconnect from unknown[88.245.28.74]
Jun  4 06:34:10 rusty postfix/smtpd[11076]: warning: 201.240.194.93: hostname client-201.240.194.93.speedy.net.pe verification failed: Name or service not known
Jun  4 06:34:10 rusty postfix/smtpd[11076]: connect from unknown[201.240.194.93]
Jun  4 06:34:12 rusty postfix/smtpd[11022]: NOQUEUE: reject: RCPT from unknown[84.228.167.233]: 554 Service unavailable; Client host [84.228.167.233] blocked using cbl.abuseat.org; Blocked - see http://cbl.abuseat.org/lookup.cgi?ip=84.228.167.233; from=<fdzauthoritative@mail2online.com> to=<scandinaviansabdomens@slug.org.au> proto=SMTP helo=<mail2online.com>
Jun  4 06:34:13 rusty postfix/smtpd[11022]: lost connection after RCPT from unknown[84.228.167.233]
Jun  4 06:34:13 rusty postfix/smtpd[11022]: disconnect from unknown[84.228.167.233]
Jun  4 06:34:16 rusty postfix/smtpd[11054]: warning: 4.175.34.200.opm.blitzed.org: RBL lookup error: Host or domain name not found. Name service error for name=4.175.34.200.opm.blitzed.org type=A: Host not found, try again
Jun  4 06:34:16 rusty postfix/smtpd[11075]: warning: 4.175.34.200.opm.blitzed.org: RBL lookup error: Host or domain name not found. Name service error for name=4.175.34.200.opm.blitzed.org type=A: Host not found, try again
Jun  4 06:34:16 rusty postfix/smtpd[11075]: D70D4118174: client=gateway.funcionpublica.gob.mx[200.34.175.4]
Jun  4 06:34:16 rusty postfix/smtpd[11054]: D728D118177: client=gateway.funcionpublica.gob.mx[200.34.175.4]
Jun  4 06:34:17 rusty postfix/cleanup[11093]: D70D4118174: message-id=<5HgComKbD000421c3@SFPOWA.sfp.gob.mx>
Jun  4 06:34:18 rusty postfix/cleanup[11092]: D728D118177: message-id=<hBiHnmnmP000421c4@SFPOWA.sfp.gob.mx>
Jun  4 06:34:18 rusty postfix/local[11094]: D70D4118174: to=<slug-bounces@slug.org.au>, relay=local, delay=35, status=sent (delivered to command: /var/lib/mailman/mail/mailman bounces slug)
Jun  4 06:34:18 rusty postfix/smtpd[11075]: disconnect from gateway.funcionpublica.gob.mx[200.34.175.4]
Jun  4 06:34:18 rusty postfix/local[11094]: D728D118177: to=<slug-bounces@slug.org.au>, relay=local, delay=35, status=sent (delivered to command: /var/lib/mailman/mail/mailman bounces slug)
Jun  4 06:34:19 rusty postfix/smtpd[11054]: disconnect from gateway.funcionpublica.gob.mx[200.34.175.4]
Jun  4 06:34:36 rusty postfix/smtpd[11022]: connect from carbine.dsl.net[65.84.81.3]
Jun  4 06:34:36 rusty postgrey[2159]: delayed 35695 seconds: client=carbine.dsl.net, from=poste@dsl.net, to=announce@slug.org.au 
Jun  4 06:34:48 rusty postfix/smtpd[11022]: warning: 3.81.84.65.relays.ordb.org: RBL lookup error: Host or domain name not found. Name service error for name=3.81.84.65.relays.ordb.org type=A: Host not found, try again
Jun  4 06:34:49 rusty postfix/smtpd[11075]: connect from red-corp-200.76.251.120.telnor.net[200.76.251.120]
Jun  4 06:34:50 rusty postfix/smtpd[11075]: NOQUEUE: reject: RCPT from red-corp-200.76.251.120.telnor.net[200.76.251.120]: 554 Service unavailable; Client host [200.76.251.120] blocked using dnsbl.njabl.org; 1063678802; from=<sales@constructioncbeauchesne.com> to=<lindsay@slug.org.au> proto=SMTP helo=<red-corp-200.76.251.120.telnor.net>
Jun  4 06:34:51 rusty postfix/smtpd[11075]: lost connection after RCPT from red-corp-200.76.251.120.telnor.net[200.76.251.120]
Jun  4 06:34:51 rusty postfix/smtpd[11075]: disconnect from red-corp-200.76.251.120.telnor.net[200.76.251.120]
Jun  4 06:34:53 rusty postfix/smtpd[11054]: connect from 201-94-167-148.botucatu.flash.tv.br[201.94.167.148]
Jun  4 06:35:01 rusty postfix/smtpd[11054]: NOQUEUE: reject: RCPT from 201-94-167-148.botucatu.flash.tv.br[201.94.167.148]: 554 Service unavailable; Client host [201.94.167.148] blocked using cbl.abuseat.org; Blocked - see http://cbl.abuseat.org/lookup.cgi?ip=201.94.167.148; from=<xexcensure@jetable.com> to=<announce-request@slug.org.au> proto=SMTP helo=<jetable.com>
Jun  4 06:35:02 rusty postfix/smtpd[11054]: lost connection after RCPT from 201-94-167-148.botucatu.flash.tv.br[201.94.167.148]
Jun  4 06:35:02 rusty postfix/smtpd[11054]: disconnect from 201-94-167-148.botucatu.flash.tv.br[201.94.167.148]
Jun  4 06:35:08 rusty postfix/smtpd[11022]: warning: 3.81.84.65.opm.blitzed.org: RBL lookup error: Host or domain name not found. Name service error for name=3.81.84.65.opm.blitzed.org type=A: Host not found, try again
Jun  4 06:35:08 rusty postfix/smtpd[11022]: 6CF9A118174: client=carbine.dsl.net[65.84.81.3]
Jun  4 06:35:08 rusty postfix/cleanup[11093]: 6CF9A118174: message-id=<20070603201909.C6ABC30004@carbine.dsl.net>
Jun  4 06:35:08 rusty postfix/smtpd[11022]: disconnect from carbine.dsl.net[65.84.81.3]
Jun  4 06:35:09 rusty postfix/local[11094]: 6CF9A118174: to=<announce@slug.org.au>, relay=local, delay=33, status=sent (delivered to command: /var/lib/mailman/mail/mailman post announce)
Jun  4 06:35:09 rusty postfix/local[11094]: 6CF9A118174: to=<announce@slug.org.au>, relay=local, delay=33, status=sent (delivered to command: /var/lib/mailman/mail/mailman post slug)
Jun  4 06:35:09 rusty spamd[19590]: spamd: connection from localhost.localdomain [127.0.0.1] at port 48682 
Jun  4 06:35:09 rusty spamd[19590]: spamd: checking message <20070603201909.C6ABC30004@carbine.dsl.net> for announce:1011 
Jun  4 06:35:09 rusty postfix/smtpd[11075]: warning: 85.155.151.25: hostname 25-151-155-85.user.auna.net verification failed: Name or service not known
Jun  4 06:35:09 rusty postfix/smtpd[11075]: connect from unknown[85.155.151.25]
Jun  4 06:35:10 rusty spamd[19590]: Can't locate Sys/Hostname/Long.pm in @INC (@INC contains: ../lib /usr/share/perl5 /etc/perl /usr/local/lib/perl/5.8.7 /usr/local/share/perl/5.8.7 /usr/lib/perl5 /usr/lib/perl/5.8 /usr/share/perl/5.8 /usr/local/lib/site_perl) at /usr/share/perl5/Mail/SPF/Query.pm line 336, <GEN318> line 81. 
Jun  4 06:35:10 rusty spamd[19590]: Can't locate Sys/Hostname/Long.pm in @INC (@INC contains: ../lib /usr/share/perl5 /etc/perl /usr/local/lib/perl/5.8.7 /usr/local/share/perl/5.8.7 /usr/lib/perl5 /usr/lib/perl/5.8 /usr/share/perl/5.8 /usr/local/lib/site_perl) at /usr/share/perl5/Mail/SPF/Query.pm line 336, <GEN318> line 81. 
Jun  4 06:35:19 rusty postfix/smtpd[11075]: NOQUEUE: reject: RCPT from unknown[85.155.151.25]: 554 Service unavailable; Client host [85.155.151.25] blocked using cbl.abuseat.org; Blocked - see http://cbl.abuseat.org/lookup.cgi?ip=85.155.151.25; from=<sales@iksli.com> to=<lindsay@slug.org.au> proto=SMTP helo=<dani-493ec29fd3>
Jun  4 06:35:20 rusty spamd[19590]: spamd: identified spam (17.5/5.0) for announce:1011 in 10.5 seconds, 2704 bytes. 
Jun  4 06:35:20 rusty spamd[19590]: spamd: result: Y 17 - AWL,BAYES_99,FORGED_MUA_OUTLOOK,FORGED_OUTLOOK_HTML,FRONTPAGE,HTML_MESSAGE,MIME_HTML_ONLY,UNDISC_RECIPS scantime=10.5,size=2704,user=announce,uid=1011,required_score=5.0,rhost=localhost.localdomain,raddr=127.0.0.1,rport=48682,mid=<20070603201909.C6ABC30004@carbine.dsl.net>,bayes=1,autolearn=no 
Jun  4 06:35:20 rusty postfix/smtpd[11075]: lost connection after RCPT from unknown[85.155.151.25]
Jun  4 06:35:20 rusty postfix/smtpd[11075]: disconnect from unknown[85.155.151.25]
Jun  4 06:35:20 rusty spamd[1026]: prefork: child states: II 
Jun  4 06:35:20 rusty spamd[19590]: spamd: connection from localhost.localdomain [127.0.0.1] at port 48684 
Jun  4 06:35:20 rusty spamd[19590]: spamd: checking message <20070603201909.C6ABC30004@carbine.dsl.net> for slug:1011 
Jun  4 06:35:20 rusty spamd[19590]: Can't locate Sys/Hostname/Long.pm in @INC (@INC contains: ../lib /usr/share/perl5 /etc/perl /usr/local/lib/perl/5.8.7 /usr/local/share/perl/5.8.7 /usr/lib/perl5 /usr/lib/perl/5.8 /usr/share/perl/5.8 /usr/local/lib/site_perl) at /usr/share/perl5/Mail/SPF/Query.pm line 336, <GEN322> line 81. 
Jun  4 06:35:20 rusty spamd[19590]: Can't locate Sys/Hostname/Long.pm in @INC (@INC contains: ../lib /usr/share/perl5 /etc/perl /usr/local/lib/perl/5.8.7 /usr/local/share/perl/5.8.7 /usr/lib/perl5 /usr/lib/perl/5.8 /usr/share/perl/5.8 /usr/local/lib/site_perl) at /usr/share/perl5/Mail/SPF/Query.pm line 336, <GEN322> line 81. 
Jun  4 06:35:20 rusty spamd[19590]: spamd: identified spam (18.0/5.0) for slug:1011 in 0.4 seconds, 2704 bytes. 
Jun  4 06:35:20 rusty spamd[19590]: spamd: result: Y 18 - AWL,BAYES_99,FORGED_MUA_OUTLOOK,FORGED_OUTLOOK_HTML,FRONTPAGE,HTML_MESSAGE,MIME_HTML_ONLY,RCVD_IN_BL_SPAMCOP_NET,RCVD_IN_NJABL_PROXY,UNDISC_RECIPS scantime=0.4,size=2704,user=slug,uid=1011,required_score=5.0,rhost=localhost.localdomain,raddr=127.0.0.1,rport=48684,mid=<20070603201909.C6ABC30004@carbine.dsl.net>,bayes=1,autolearn=no 
Jun  4 06:35:20 rusty spamd[1026]: prefork: child states: II 
Jun  4 06:35:20 rusty postfix/smtpd[11054]: connect from unknown[211.139.95.23]
Jun  4 06:35:24 rusty postfix/smtpd[11036]: timeout after RCPT from ip-140-158-31.phx.extremezone.com[64.140.158.31]
Jun  4 06:35:24 rusty postfix/smtpd[11036]: disconnect from ip-140-158-31.phx.extremezone.com[64.140.158.31]
Jun  4 06:35:29 rusty postfix/smtpd[11054]: NOQUEUE: reject: RCPT from unknown[211.139.95.23]: 554 Service unavailable; Client host [211.139.95.23] blocked using cbl.abuseat.org; Blocked - see http://cbl.abuseat.org/lookup.cgi?ip=211.139.95.23; from=<sanaplasmosis@deathstar2.co.uk> to=<sg@slug.org.au> proto=SMTP helo=<deathstar2.co.uk>
Jun  4 06:35:29 rusty postfix/smtpd[11054]: lost connection after RCPT from unknown[211.139.95.23]
Jun  4 06:35:29 rusty postfix/smtpd[11054]: disconnect from unknown[211.139.95.23]
Jun  4 06:35:36 rusty postfix/smtpd[11075]: connect from gcy242.internetdsl.tpnet.pl[83.12.76.242]
Jun  4 06:35:36 rusty postfix/smtp[11063]: 7ED5A118197: to=<ajones@harvestroad.com>, relay=mail.harvestroad.com.au[203.103.97.27], delay=24920, status=deferred (host mail.harvestroad.com.au[203.103.97.27] said: 450 <slug-bounces@slug.org.au>: Sender address rejected: Domain not found (in reply to RCPT TO command))
Jun  4 06:35:36 rusty postfix/smtp[11065]: 9ECA51181BA: to=<ajones@harvestroad.com>, relay=mail.harvestroad.com.au[203.103.97.27], delay=404438, status=deferred (host mail.harvestroad.com.au[203.103.97.27] said: 450 <slug-bounces@slug.org.au>: Sender address rejected: Domain not found (in reply to RCPT TO command))
Jun  4 06:35:36 rusty postfix/smtp[11062]: 78835118138: to=<ajones@harvestroad.com>, relay=mail.harvestroad.com.au[203.103.97.27], delay=47231, status=deferred (host mail.harvestroad.com.au[203.103.97.27] said: 450 <slug-bounces@slug.org.au>: Sender address rejected: Domain not found (in reply to RCPT TO command))
Jun  4 06:35:37 rusty postfix/smtp[11066]: 35F0A1181AF: to=<ajones@harvestroad.com>, relay=mail.harvestroad.com.au[203.103.97.27], delay=411851, status=deferred (host mail.harvestroad.com.au[203.103.97.27] said: 450 <slug-bounces@slug.org.au>: Sender address rejected: Domain not found (in reply to RCPT TO command))
Jun  4 06:35:37 rusty postfix/smtp[11070]: 092E511820B: to=<ajones@harvestroad.com>, relay=mail.harvestroad.com.au[203.103.97.27], delay=292998, status=deferred (host mail.harvestroad.com.au[203.103.97.27] said: 450 <slug-bounces@slug.org.au>: Sender address rejected: Domain not found (in reply to RCPT TO command))
Jun  4 06:35:46 rusty postfix/smtpd[11022]: connect from p54A775AB.dip.t-dialin.net[84.167.117.171]
Jun  4 06:35:51 rusty postfix/smtpd[11022]: NOQUEUE: reject: RCPT from p54A775AB.dip.t-dialin.net[84.167.117.171]: 554 Service unavailable; Client host [84.167.117.171] blocked using cbl.abuseat.org; Blocked - see http://cbl.abuseat.org/lookup.cgi?ip=84.167.117.171; from=<abbferdi@imgsrc.com> to=<130-event@slug.org.au> proto=ESMTP helo=<p54A775AB.dip.t-dialin.net>
Jun  4 06:35:52 rusty postfix/smtpd[11022]: lost connection after RCPT from p54A775AB.dip.t-dialin.net[84.167.117.171]
Jun  4 06:35:52 rusty postfix/smtpd[11022]: disconnect from p54A775AB.dip.t-dialin.net[84.167.117.171]
Jun  4 06:35:53 rusty postfix/smtpd[11075]: NOQUEUE: reject: RCPT from gcy242.internetdsl.tpnet.pl[83.12.76.242]: 554 Service unavailable; Client host [83.12.76.242] blocked using cbl.abuseat.org; Blocked - see http://cbl.abuseat.org/lookup.cgi?ip=83.12.76.242; from=<zztoqfiv@naichea.it> to=<48-event@slug.org.au> proto=ESMTP helo=<gcy242.internetdsl.tpnet.pl>
Jun  4 06:35:57 rusty postfix/smtpd[11075]: lost connection after RCPT from gcy242.internetdsl.tpnet.pl[83.12.76.242]
Jun  4 06:35:57 rusty postfix/smtpd[11075]: disconnect from gcy242.internetdsl.tpnet.pl[83.12.76.242]
Jun  4 06:36:07 rusty postfix/smtp[11063]: connect to none.harvestroad.com.au[203.103.97.241]: Connection timed out (port 25)
Jun  4 06:36:07 rusty postfix/smtp[11062]: connect to none.harvestroad.com.au[203.103.97.241]: Connection timed out (port 25)
Jun  4 06:36:07 rusty postfix/smtp[11065]: connect to none.harvestroad.com.au[203.103.97.241]: Connection timed out (port 25)
Jun  4 06:36:07 rusty postfix/smtp[11119]: connect to none.harvestroad.com.au[203.103.97.241]: Connection timed out (port 25)
Jun  4 06:36:13 rusty postfix/smtpd[11036]: warning: 59.40.66.226: hostname 226.66.40.59.broad.sz.gd.dynamic.163data.com.cn verification failed: Name or service not known
Jun  4 06:36:13 rusty postfix/smtpd[11036]: connect from unknown[59.40.66.226]
Jun  4 06:36:13 rusty postfix/smtpd[11054]: warning: 59.40.66.226: hostname 226.66.40.59.broad.sz.gd.dynamic.163data.com.cn verification failed: Name or service not known
Jun  4 06:36:13 rusty postfix/smtpd[11054]: connect from unknown[59.40.66.226]
Jun  4 06:36:15 rusty postfix/smtpd[11036]: NOQUEUE: reject: RCPT from unknown[59.40.66.226]: 554 Service unavailable; Client host [59.40.66.226] blocked using ix.dnsbl.manitu.net; Comment:   IP address blocked, see http://ix.dnsbl.manitu.net/lookup.php?ipaddress=59.40.66.226, latest spam received via relay.heise.de at 2007-06-02T14:17+0200; from=<sdfsghbh@126.com> to=<slug@slug.org.au> proto=ESMTP helo=<126.com>
Jun  4 06:36:15 rusty postfix/smtpd[11054]: NOQUEUE: reject: RCPT from unknown[59.40.66.226]: 554 Service unavailable; Client host [59.40.66.226] blocked using ix.dnsbl.manitu.net; Comment:   IP address blocked, see http://ix.dnsbl.manitu.net/lookup.php?ipaddress=59.40.66.226, latest spam received via relay.heise.de at 2007-06-02T14:17+0200; from=<fgnfmngm@163.com> to=<slug-admin@slug.org.au> proto=ESMTP helo=<163.com>
Jun  4 06:36:16 rusty postfix/smtpd[11054]: disconnect from unknown[59.40.66.226]
Jun  4 06:36:16 rusty postfix/smtpd[11036]: disconnect from unknown[59.40.66.226]
Jun  4 06:36:18 rusty postfix/smtpd[11022]: connect from bzq-88-155-103-215.red.bezeqint.net[88.155.103.215]
Jun  4 06:36:24 rusty postfix/smtpd[11022]: NOQUEUE: reject: RCPT from bzq-88-155-103-215.red.bezeqint.net[88.155.103.215]: 554 Service unavailable; Client host [88.155.103.215] blocked using list.dsbl.org; http://dsbl.org/listing?88.155.103.215; from=<lqudeed@ihug.com.au> to=<antiperspirantconservatives@slug.org.au> proto=SMTP helo=<ihug.com.au>
Jun  4 06:36:25 rusty postfix/smtpd[11022]: lost connection after RCPT from bzq-88-155-103-215.red.bezeqint.net[88.155.103.215]
Jun  4 06:36:25 rusty postfix/smtpd[11022]: disconnect from bzq-88-155-103-215.red.bezeqint.net[88.155.103.215]
Jun  4 06:36:46 rusty postfix/smtpd[11075]: warning: 59.40.66.226: hostname 226.66.40.59.broad.sz.gd.dynamic.163data.com.cn verification failed: Name or service not known
Jun  4 06:36:46 rusty postfix/smtpd[11075]: connect from unknown[59.40.66.226]
Jun  4 06:36:48 rusty postfix/smtpd[11075]: NOQUEUE: reject: RCPT from unknown[59.40.66.226]: 554 Service unavailable; Client host [59.40.66.226] blocked using ix.dnsbl.manitu.net; Comment:   IP address blocked, see http://ix.dnsbl.manitu.net/lookup.php?ipaddress=59.40.66.226, latest spam received via relay.heise.de at 2007-06-02T14:17+0200; from=<sdfsghbh@126.com> to=<slug-request@slug.org.au> proto=ESMTP helo=<126.com>
Jun  4 06:36:48 rusty postfix/smtpd[11075]: disconnect from unknown[59.40.66.226]
Jun  4 06:37:01 rusty postfix/smtpd[11054]: warning: 200.123.85.121: hostname 200.123.85.121.static.techtelnet.net verification failed: Name or service not known
Jun  4 06:37:01 rusty postfix/smtpd[11054]: connect from unknown[200.123.85.121]
Jun  4 06:37:06 rusty postfix/smtpd[11036]: connect from 12-210-89-110.client.mchsi.com[12.210.89.110]
Jun  4 06:37:14 rusty postfix/smtpd[11036]: NOQUEUE: reject: RCPT from 12-210-89-110.client.mchsi.com[12.210.89.110]: 554 Service unavailable; Client host [12.210.89.110] blocked using cbl.abuseat.org; Blocked - see http://cbl.abuseat.org/lookup.cgi?ip=12.210.89.110; from=<ovbalustrade@inet2000.com> to=<secretarypeter@slug.org.au> proto=SMTP helo=<12-210-89-110.client.mchsi.com>
Jun  4 06:37:14 rusty postfix/smtpd[11036]: lost connection after RCPT from 12-210-89-110.client.mchsi.com[12.210.89.110]
Jun  4 06:37:14 rusty postfix/smtpd[11036]: disconnect from 12-210-89-110.client.mchsi.com[12.210.89.110]
Jun  4 06:37:27 rusty postfix/smtpd[11054]: warning: 121.85.123.200.relays.ordb.org: RBL lookup error: Host or domain name not found. Name service error for name=121.85.123.200.relays.ordb.org type=A: Host not found, try again
Jun  4 06:37:47 rusty postfix/smtpd[11054]: warning: 121.85.123.200.opm.blitzed.org: RBL lookup error: Host or domain name not found. Name service error for name=121.85.123.200.opm.blitzed.org type=A: Host not found, try again
Jun  4 06:37:47 rusty postfix/smtpd[11054]: NOQUEUE: reject: RCPT from unknown[200.123.85.121]: 450 <you@slug.org.au>: Recipient address rejected: Greylisted for 300 seconds (see http://isg.ee.ethz.ch/tools/postgrey/help/slug.org.au.html); from=<subhusband.com@wifipittsburgh.com> to=<you@slug.org.au> proto=SMTP helo=<localhost>
Jun  4 06:38:17 rusty postfix/smtp[11119]: A2BB51181A1: to=<ajones@harvestroad.com>, relay=mail.harvestroad.com.au[203.103.97.27], delay=412098, status=deferred (host mail.harvestroad.com.au[203.103.97.27] said: 450 <slug-bounces@slug.org.au>: Sender address rejected: Domain not found (in reply to RCPT TO command))
Jun  4 06:38:17 rusty postfix/smtp[11063]: 0839F118182: to=<ajones@harvestroad.com>, relay=mail.harvestroad.com.au[203.103.97.27], delay=30368, status=deferred (host mail.harvestroad.com.au[203.103.97.27] said: 450 <slug-bounces@slug.org.au>: Sender address rejected: Domain not found (in reply to RCPT TO command))
Jun  4 06:38:17 rusty postfix/smtp[11062]: 60CDB11814F: to=<ajones@harvestroad.com>, relay=mail.harvestroad.com.au[203.103.97.27], delay=79515, status=deferred (host mail.harvestroad.com.au[203.103.97.27] said: 450 <slug-bounces@slug.org.au>: Sender address rejected: Domain not found (in reply to RCPT TO command))
Jun  4 06:38:17 rusty postfix/smtp[11065]: A88B2118194: to=<ajones@harvestroad.com>, relay=mail.harvestroad.com.au[203.103.97.27], delay=417019, status=deferred (host mail.harvestroad.com.au[203.103.97.27] said: 450 <slug-bounces@slug.org.au>: Sender address rejected: Domain not found (in reply to RCPT TO command))
Jun  4 06:39:06 rusty postfix/smtpd[11166]: connect from 20.69.103-84.rev.gaoland.net[84.103.69.20]
Jun  4 06:39:09 rusty postgrey[2159]: cleaning up old logs... 
Jun  4 06:39:10 rusty postfix/smtpd[11166]: NOQUEUE: reject: RCPT from 20.69.103-84.rev.gaoland.net[84.103.69.20]: 554 Service unavailable; Client host [84.103.69.20] blocked using cbl.abuseat.org; Blocked - see http://cbl.abuseat.org/lookup.cgi?ip=84.103.69.20; from=<exeland5@bulgarian-online-school.com> to=<onlyslug-chat@slug.org.au> proto=SMTP helo=<bulgarian-online-school.com>
Jun  4 06:39:11 rusty postfix/smtpd[11166]: lost connection after RCPT from 20.69.103-84.rev.gaoland.net[84.103.69.20]
Jun  4 06:39:11 rusty postfix/smtpd[11166]: disconnect from 20.69.103-84.rev.gaoland.net[84.103.69.20]
Jun  4 06:39:27 rusty postfix/smtpd[11166]: connect from unknown[189.29.147.69]
Jun  4 06:39:29 rusty postfix/smtpd[11166]: NOQUEUE: reject: RCPT from unknown[189.29.147.69]: 554 <ytderide@mstartech.com>: Sender address rejected: Domain not found; from=<ytderide@mstartech.com> to=<sg@slug.org.au> proto=SMTP helo=<x-qlo1um30sx7e5.vivax.com.br>
Jun  4 06:39:29 rusty postfix/smtpd[11166]: lost connection after RCPT from unknown[189.29.147.69]
Jun  4 06:39:29 rusty postfix/smtpd[11166]: disconnect from unknown[189.29.147.69]
Jun  4 06:39:45 rusty postfix/smtpd[11166]: warning: 82.146.245.140: hostname nat-245-140.man.bydgoszcz.pl verification failed: Name or service not known
Jun  4 06:39:45 rusty postfix/smtpd[11166]: connect from unknown[82.146.245.140]
Jun  4 06:39:45 rusty postfix/smtpd[11168]: warning: 82.146.245.140: hostname nat-245-140.man.bydgoszcz.pl verification failed: Name or service not known
Jun  4 06:39:45 rusty postfix/smtpd[11168]: connect from unknown[82.146.245.140]
Jun  4 06:39:47 rusty postfix/smtpd[11169]: connect from nc-71-48-13-91.dhcp.embarqhsd.net[71.48.13.91]
Jun  4 06:39:47 rusty postfix/smtpd[11168]: NOQUEUE: reject: RCPT from unknown[82.146.245.140]: 554 <jvodntdrlvu@bydgoszcz.pl>: Sender address rejected: Domain not found; from=<jvodntdrlvu@bydgoszcz.pl> to=<activities-request@slug.org.au> proto=ESMTP helo=<nat-245-140.man.bydgoszcz.pl>
Jun  4 06:39:47 rusty postfix/smtpd[11166]: NOQUEUE: reject: RCPT from unknown[82.146.245.140]: 554 <itghkmaevpq@bydgoszcz.pl>: Sender address rejected: Domain not found; from=<itghkmaevpq@bydgoszcz.pl> to=<activities-owner@slug.org.au> proto=ESMTP helo=<nat-245-140.man.bydgoszcz.pl>
Jun  4 06:39:48 rusty postfix/smtpd[11168]: lost connection after RCPT from unknown[82.146.245.140]
Jun  4 06:39:48 rusty postfix/smtpd[11168]: disconnect from unknown[82.146.245.140]
Jun  4 06:39:48 rusty postfix/smtpd[11166]: lost connection after RCPT from unknown[82.146.245.140]
Jun  4 06:39:48 rusty postfix/smtpd[11166]: disconnect from unknown[82.146.245.140]
Jun  4 06:39:50 rusty postfix/smtpd[11168]: warning: 88.246.93.76: hostname dsl88-246-23884.ttnet.net.tr verification failed: Name or service not known
Jun  4 06:39:50 rusty postfix/smtpd[11168]: connect from unknown[88.246.93.76]
Jun  4 06:39:50 rusty postfix/smtpd[11076]: timeout after MAIL from unknown[201.240.194.93]
Jun  4 06:39:50 rusty postfix/smtpd[11076]: disconnect from unknown[201.240.194.93]
Jun  4 06:39:52 rusty postfix/smtpd[11168]: NOQUEUE: reject: RCPT from unknown[88.246.93.76]: 554 <sksxjvwy@net.tr>: Sender address rejected: Domain not found; from=<sksxjvwy@net.tr> to=<jaq@slug.org.au> proto=ESMTP helo=<dsl88-246-20338.ttnet.net.tr>
Jun  4 06:39:53 rusty postfix/smtpd[11168]: lost connection after RCPT from unknown[88.246.93.76]
Jun  4 06:39:53 rusty postfix/smtpd[11168]: disconnect from unknown[88.246.93.76]
Jun  4 06:40:02 rusty postfix/smtpd[11169]: NOQUEUE: reject: RCPT from nc-71-48-13-91.dhcp.embarqhsd.net[71.48.13.91]: 554 Service unavailable; Client host [71.48.13.91] blocked using ix.dnsbl.manitu.net; Comment:   IP address blocked, see http://ix.dnsbl.manitu.net/lookup.php?ipaddress=71.48.13.91, latest spam received via mail.ixlab.de at 2007-05-31T14:35+0200; from=<kuncar@kuncar.com.pl> to=<34-event@slug.org.au> proto=ESMTP helo=<nc-71-48-13-91.dhcp.embarqhsd.net>
Jun  4 06:40:03 rusty postfix/smtpd[11169]: lost connection after RCPT from nc-71-48-13-91.dhcp.embarqhsd.net[71.48.13.91]
Jun  4 06:40:03 rusty postfix/smtpd[11169]: disconnect from nc-71-48-13-91.dhcp.embarqhsd.net[71.48.13.91]
Jun  4 06:40:04 rusty postfix/smtpd[11166]: connect from unknown[71.237.32.213]
Jun  4 06:40:05 rusty postfix/smtpd[11169]: connect from unknown[71.237.32.213]
Jun  4 06:40:05 rusty postfix/smtpd[11076]: connect from unknown[71.237.32.213]
Jun  4 06:40:06 rusty postfix/smtpd[11168]: connect from unknown[71.237.32.213]
Jun  4 06:40:07 rusty postfix/smtpd[11174]: connect from unknown[71.237.32.213]
Jun  4 06:40:07 rusty postfix/smtpd[11076]: NOQUEUE: reject: RCPT from unknown[71.237.32.213]: 554 Service unavailable; Client host [71.237.32.213] blocked using cbl.abuseat.org; Blocked - see http://cbl.abuseat.org/lookup.cgi?ip=71.237.32.213; from=<kdboxcar@mailpont.hu> to=<slug-announce-request@slug.org.au> proto=SMTP helo=<mailpont.hu>
Jun  4 06:40:07 rusty postfix/smtpd[11168]: NOQUEUE: reject: RCPT from unknown[71.237.32.213]: 554 Service unavailable; Client host [71.237.32.213] blocked using cbl.abuseat.org; Blocked - see http://cbl.abuseat.org/lookup.cgi?ip=71.237.32.213; from=<erydespoil@nadeshiko-web.com> to=<slug-chat-request@slug.org.au> proto=SMTP helo=<nadeshiko-web.com>
Jun  4 06:40:07 rusty postfix/smtpd[11166]: NOQUEUE: reject: RCPT from unknown[71.237.32.213]: 554 Service unavailable; Client host [71.237.32.213] blocked using cbl.abuseat.org; Blocked - see http://cbl.abuseat.org/lookup.cgi?ip=71.237.32.213; from=<vcalliope@dfmsolutions.co.za> to=<slug-ad...@slug.org.au> proto=SMTP helo=<dfmsolutions.co.za>
Jun  4 06:40:08 rusty postfix/smtpd[11168]: lost connection after RCPT from unknown[71.237.32.213]
Jun  4 06:40:08 rusty postfix/smtpd[11168]: disconnect from unknown[71.237.32.213]
Jun  4 06:40:08 rusty postfix/smtpd[11166]: lost connection after RCPT from unknown[71.237.32.213]
Jun  4 06:40:08 rusty postfix/smtpd[11166]: disconnect from unknown[71.237.32.213]
Jun  4 06:40:08 rusty postfix/smtpd[11076]: lost connection after RCPT from unknown[71.237.32.213]
Jun  4 06:40:08 rusty postfix/smtpd[11076]: disconnect from unknown[71.237.32.213]
Jun  4 06:40:08 rusty postfix/smtpd[11174]: NOQUEUE: reject: RCPT from unknown[71.237.32.213]: 554 Service unavailable; Client host [71.237.32.213] blocked using cbl.abuseat.org; Blocked - see http://cbl.abuseat.org/lookup.cgi?ip=71.237.32.213; from=<racrylic@luisgo.com> to=<slug-jobs@slug.org.au> proto=SMTP helo=<luisgo.com>
Jun  4 06:40:08 rusty postfix/smtpd[11174]: lost connection after RCPT from unknown[71.237.32.213]
Jun  4 06:40:08 rusty postfix/smtpd[11174]: disconnect from unknown[71.237.32.213]
Jun  4 06:40:08 rusty postfix/smtpd[11169]: NOQUEUE: reject: RCPT from unknown[71.237.32.213]: 554 Service unavailable; Client host [71.237.32.213] blocked using cbl.abuseat.org; Blocked - see http://cbl.abuseat.org/lookup.cgi?ip=71.237.32.213; from=<cyrandromeda@great2bpaid.com> to=<slug-ad@slug.org.au> proto=SMTP helo=<great2bpaid.com>
Jun  4 06:40:08 rusty postfix/smtpd[11169]: lost connection after RCPT from unknown[71.237.32.213]
Jun  4 06:40:08 rusty postfix/smtpd[11169]: disconnect from unknown[71.237.32.213]
Jun  4 06:40:33 rusty postfix/smtpd[11168]: connect from unknown[201.76.248.155]
Jun  4 06:40:46 rusty postfix/smtpd[11168]: NOQUEUE: reject: RCPT from unknown[201.76.248.155]: 554 Service unavailable; Client host [201.76.248.155] blocked using cbl.abuseat.org; Blocked - see http://cbl.abuseat.org/lookup.cgi?ip=201.76.248.155; from=<nabottle@cedarridgeaffiliates.com> to=<secretarypeter@slug.org.au> proto=SMTP helo=<cedarridgeaffiliates.com>
Jun  4 06:40:47 rusty postfix/smtpd[11168]: lost connection after RCPT from unknown[201.76.248.155]
Jun  4 06:40:47 rusty postfix/smtpd[11168]: disconnect from unknown[201.76.248.155]
Jun  4 06:40:56 rusty postfix/smtpd[11166]: connect from unknown[82.205.232.52]
Jun  4 06:41:08 rusty postfix/smtpd[11076]: connect from unknown[201.207.137.238]
Jun  4 06:41:17 rusty postfix/smtpd[11166]: warning: 52.232.205.82.relays.ordb.org: RBL lookup error: Host or domain name not found. Name service error for name=52.232.205.82.relays.ordb.org type=A: Host not found, try again
Jun  4 06:41:19 rusty postfix/smtpd[11174]: connect from port301.ds1-ik.adsl.cybercity.dk[212.242.228.52]
Jun  4 06:41:23 rusty postfix/smtpd[11076]: warning: 238.137.207.201.relays.ordb.org: RBL lookup error: Host or domain name not found. Name service error for name=238.137.207.201.relays.ordb.org type=A: Host not found, try again
Jun  4 06:41:32 rusty postfix/smtpd[11174]: warning: 52.228.242.212.relays.ordb.org: RBL lookup error: Host or domain name not found. Name service error for name=52.228.242.212.relays.ordb.org type=A: Host not found, try again
Jun  4 06:41:37 rusty postfix/smtpd[11166]: warning: 52.232.205.82.opm.blitzed.org: RBL lookup error: Host or domain name not found. Name service error for name=52.232.205.82.opm.blitzed.org type=A: Host not found, try again
Jun  4 06:41:37 rusty postfix/smtpd[11166]: NOQUEUE: reject: RCPT from unknown[82.205.232.52]: 450 <activities@slug.org.au>: Recipient address rejected: Greylisted for 300 seconds (see http://isg.ee.ethz.ch/tools/postgrey/help/slug.org.au.html); from=<uzrhebpi@baltimoragroup.com> to=<activities@slug.org.au> proto=ESMTP helo=<[82.205.232.52]>
Jun  4 06:41:37 rusty postfix/smtpd[11166]: lost connection after RCPT from unknown[82.205.232.52]
Jun  4 06:41:37 rusty postfix/smtpd[11166]: disconnect from unknown[82.205.232.52]
Jun  4 06:41:38 rusty postfix/scache[11120]: statistics: start interval Jun  4 06:35:37
Jun  4 06:41:38 rusty postfix/scache[11120]: statistics: domain lookup hits=0 miss=4 success=0%
Jun  4 06:41:38 rusty postfix/scache[11120]: statistics: address lookup hits=0 miss=8 success=0%
Jun  4 06:41:38 rusty postfix/scache[11120]: statistics: max simultaneous domains=1 addresses=1 connection=4
Jun  4 06:41:43 rusty postfix/smtpd[11076]: warning: 238.137.207.201.opm.blitzed.org: RBL lookup error: Host or domain name not found. Name service error for name=238.137.207.201.opm.blitzed.org type=A: Host not found, try again
Jun  4 06:41:43 rusty postfix/smtpd[11076]: NOQUEUE: reject: RCPT from unknown[201.207.137.238]: 450 <jdub@slug.org.au>: Recipient address rejected: Greylisted for 300 seconds (see http://isg.ee.ethz.ch/tools/postgrey/help/slug.org.au.html); from=<ahcablktk@robercorp.com> to=<jdub@slug.org.au> proto=ESMTP helo=<[201.207.137.238]>
Jun  4 06:41:43 rusty postfix/smtpd[11076]: lost connection after RCPT from unknown[201.207.137.238]
Jun  4 06:41:43 rusty postfix/smtpd[11076]: disconnect from unknown[201.207.137.238]
Jun  4 06:41:49 rusty postfix/smtpd[11168]: connect from host-72-51-167-151.newwavecomm.net[72.51.167.151]
Jun  4 06:41:52 rusty postfix/smtpd[11174]: warning: 52.228.242.212.opm.blitzed.org: RBL lookup error: Host or domain name not found. Name service error for name=52.228.242.212.opm.blitzed.org type=A: Host not found, try again
Jun  4 06:41:52 rusty postfix/smtpd[11174]: NOQUEUE: reject: RCPT from port301.ds1-ik.adsl.cybercity.dk[212.242.228.52]: 450 <orcommittee@slug.org.au>: Recipient address rejected: Greylisted for 300 seconds (see http://isg.ee.ethz.ch/tools/postgrey/help/slug.org.au.html); from=<interest38@cybercity.dk> to=<orcommittee@slug.org.au> proto=SMTP helo=<port301.ds1-ik.adsl.cybercity.dk>
Jun  4 06:41:52 rusty postfix/smtpd[11174]: lost connection after RCPT from port301.ds1-ik.adsl.cybercity.dk[212.242.228.52]
Jun  4 06:41:52 rusty postfix/smtpd[11174]: disconnect from port301.ds1-ik.adsl.cybercity.dk[212.242.228.52]
Jun  4 06:41:59 rusty postfix/smtpd[11168]: NOQUEUE: reject: RCPT from host-72-51-167-151.newwavecomm.net[72.51.167.151]: 554 Service unavailable; Client host [72.51.167.151] blocked using ix.dnsbl.manitu.net; Comment:   IP address blocked, see http://ix.dnsbl.manitu.net/lookup.php?ipaddress=72.51.167.151, latest spam received via mx0.gmx.net at 2007-06-02T21:24+0200; from=<hhusqxtputr@newwavecomm.net> to=<ag@slug.org.au> proto=ESMTP helo=<host-72-51-167-151.newwavecomm.net>
Jun  4 06:42:00 rusty postfix/smtpd[11168]: lost connection after RCPT from host-72-51-167-151.newwavecomm.net[72.51.167.151]
Jun  4 06:42:00 rusty postfix/smtpd[11168]: disconnect from host-72-51-167-151.newwavecomm.net[72.51.167.151]
Jun  4 06:42:22 rusty postfix/smtpd[11166]: connect from p508222AE.dip0.t-ipconnect.de[80.130.34.174]
Jun  4 06:42:34 rusty postfix/smtpd[11166]: NOQUEUE: reject: RCPT from p508222AE.dip0.t-ipconnect.de[80.130.34.174]: 554 Service unavailable; Client host [80.130.34.174] blocked using cbl.abuseat.org; Blocked - see http://cbl.abuseat.org/lookup.cgi?ip=80.130.34.174; from=<omilen@omilen.cl> to=<36-event@slug.org.au> proto=ESMTP helo=<p508222AE.dip0.t-ipconnect.de>
Jun  4 06:42:34 rusty postfix/smtpd[11166]: lost connection after RCPT from p508222AE.dip0.t-ipconnect.de[80.130.34.174]
Jun  4 06:42:34 rusty postfix/smtpd[11166]: disconnect from p508222AE.dip0.t-ipconnect.de[80.130.34.174]
Jun  4 06:42:41 rusty postfix/smtpd[11076]: connect from pool-71-121-177-172.sttlwa.dsl-w.verizon.net[71.121.177.172]
Jun  4 06:42:47 rusty postfix/smtpd[11054]: timeout after RCPT from unknown[200.123.85.121]
Jun  4 06:42:47 rusty postfix/smtpd[11054]: disconnect from unknown[200.123.85.121]
Jun  4 06:43:14 rusty postfix/smtpd[11174]: connect from unknown[59.93.39.125]
Jun  4 06:43:16 rusty postfix/smtpd[11174]: NOQUEUE: reject: RCPT from unknown[59.93.39.125]: 554 Service unavailable; Client host [59.93.39.125] blocked using dnsbl.njabl.org; 1143615608; from=<avhymuac@diveparasail.com> to=<jan@slug.org.au> proto=ESMTP helo=<[59.93.39.125]>
Jun  4 06:43:16 rusty postfix/smtpd[11174]: lost connection after RCPT from unknown[59.93.39.125]
Jun  4 06:43:16 rusty postfix/smtpd[11174]: disconnect from unknown[59.93.39.125]
Jun  4 06:43:24 rusty postfix/smtpd[11076]: NOQUEUE: reject: RCPT from pool-71-121-177-172.sttlwa.dsl-w.verizon.net[71.121.177.172]: 554 Service unavailable; Client host [71.121.177.172] blocked using ix.dnsbl.manitu.net; from=<Selectingvendors@blackoutrockclub.com> to=<chris@slug.org.au> proto=ESMTP helo=<pool-71-121-177-172.sttlwa.dsl-w.verizon.net>
Jun  4 06:43:24 rusty postfix/smtpd[11076]: lost connection after RCPT from pool-71-121-177-172.sttlwa.dsl-w.verizon.net[71.121.177.172]
Jun  4 06:43:24 rusty postfix/smtpd[11076]: disconnect from pool-71-121-177-172.sttlwa.dsl-w.verizon.net[71.121.177.172]
Jun  4 06:43:34 rusty postfix/smtpd[11168]: connect from 15.Red-83-63-139.staticIP.rima-tde.net[83.63.139.15]
Jun  4 06:43:50 rusty postfix/smtpd[11168]: warning: 15.139.63.83.relays.ordb.org: RBL lookup error: Host or domain name not found. Name service error for name=15.139.63.83.relays.ordb.org type=A: Host not found, try again
Jun  4 06:44:01 rusty postfix/smtpd[11166]: connect from unknown[196.207.234.162]
Jun  4 06:44:04 rusty postfix/smtpd[11054]: connect from aolclient-66-26-4-26.aol.ec.res.rr.com[66.26.4.26]
Jun  4 06:44:09 rusty postfix/smtpd[11166]: NOQUEUE: reject: RCPT from unknown[196.207.234.162]: 554 <tvcommissary@kulugroup.co.za>: Sender address rejected: Domain not found; from=<tvcommissary@kulugroup.co.za> to=<atjdub@slug.org.au> proto=SMTP helo=<kulugroup.co.za>
Jun  4 06:44:10 rusty postfix/smtpd[11166]: lost connection after RCPT from unknown[196.207.234.162]
Jun  4 06:44:10 rusty postfix/smtpd[11166]: disconnect from unknown[196.207.234.162]
Jun  4 06:44:10 rusty postfix/smtpd[11168]: warning: 15.139.63.83.opm.blitzed.org: RBL lookup error: Host or domain name not found. Name service error for name=15.139.63.83.opm.blitzed.org type=A: Host not found, try again
Jun  4 06:44:10 rusty postfix/smtpd[11168]: NOQUEUE: reject: RCPT from 15.Red-83-63-139.staticIP.rima-tde.net[83.63.139.15]: 450 <vapidity@slug.org.au>: Recipient address rejected: Greylisted for 300 seconds (see http://isg.ee.ethz.ch/tools/postgrey/help/slug.org.au.html); from=<accounts@abcopy.net> to=<vapidity@slug.org.au> proto=SMTP helo=<15.Red-83-63-139.staticIP.rima-tde.net>
Jun  4 06:44:20 rusty postfix/smtpd[11054]: warning: 26.4.26.66.relays.ordb.org: RBL lookup error: Host or domain name not found. Name service error for name=26.4.26.66.relays.ordb.org type=A: Host not found, try again
Jun  4 06:44:34 rusty postfix/smtpd[11174]: connect from bzq-88-152-9-182.red.bezeqint.net[88.152.9.182]
Jun  4 06:44:40 rusty postfix/smtpd[11054]: warning: 26.4.26.66.opm.blitzed.org: RBL lookup error: Host or domain name not found. Name service error for name=26.4.26.66.opm.blitzed.org type=A: Host not found, try again
Jun  4 06:44:40 rusty postfix/smtpd[11054]: NOQUEUE: reject: RCPT from aolclient-66-26-4-26.aol.ec.res.rr.com[66.26.4.26]: 450 <streetwalker@slug.org.au>: Recipient address rejected: Greylisted for 300 seconds (see http://isg.ee.ethz.ch/tools/postgrey/help/slug.org.au.html); from=<mbudandy@gulftel.com> to=<streetwalker@slug.org.au> proto=SMTP helo=<CPQ16151965929.gt01.aol.com>
Jun  4 06:44:40 rusty postfix/smtpd[11054]: lost connection after RCPT from aolclient-66-26-4-26.aol.ec.res.rr.com[66.26.4.26]
Jun  4 06:44:40 rusty postfix/smtpd[11054]: disconnect from aolclient-66-26-4-26.aol.ec.res.rr.com[66.26.4.26]
Jun  4 06:44:52 rusty postfix/smtpd[11174]: NOQUEUE: reject: RCPT from bzq-88-152-9-182.red.bezeqint.net[88.152.9.182]: 554 Service unavailable; Client host [88.152.9.182] blocked using cbl.abuseat.org; Blocked - see http://cbl.abuseat.org/lookup.cgi?ip=88.152.9.182; from=<fcarhart@silverson.com> to=<14-event@slug.org.au> proto=ESMTP helo=<tzahi-4a67lih45>
Jun  4 06:44:53 rusty postfix/smtpd[11174]: lost connection after RCPT from bzq-88-152-9-182.red.bezeqint.net[88.152.9.182]
Jun  4 06:44:53 rusty postfix/smtpd[11174]: disconnect from bzq-88-152-9-182.red.bezeqint.net[88.152.9.182]
Jun  4 06:45:05 rusty postfix/smtpd[11166]: connect from S01060008740cf446.wp.shawcable.net[24.79.194.81]
Jun  4 06:45:08 rusty postfix/smtpd[11054]: connect from p54994718.dip.t-dialin.net[84.153.71.24]
Jun  4 06:45:16 rusty postfix/smtpd[11174]: connect from unknown[195.24.93.48]
Jun  4 06:45:18 rusty postfix/smtpd[11174]: NOQUEUE: reject: RCPT from unknown[195.24.93.48]: 554 Service unavailable; Client host [195.24.93.48] blocked using dnsbl.njabl.org; 1161242704; from=<buzmzme@lwreedy.com> to=<akumria@slug.org.au> proto=ESMTP helo=<[195.24.93.48]>
Jun  4 06:45:18 rusty postfix/smtpd[11174]: lost connection after RCPT from unknown[195.24.93.48]
Jun  4 06:45:18 rusty postfix/smtpd[11174]: disconnect from unknown[195.24.93.48]
Jun  4 06:45:20 rusty postfix/smtpd[11166]: NOQUEUE: reject: RCPT from S01060008740cf446.wp.shawcable.net[24.79.194.81]: 554 Service unavailable; Client host [24.79.194.81] blocked using cbl.abuseat.org; Blocked - see http://cbl.abuseat.org/lookup.cgi?ip=24.79.194.81; from=<wblackberry@jamempire.net> to=<sydng@slug.org.au> proto=SMTP helo=<user-9d7d0be19f.wp.shawcable.net>
Jun  4 06:45:20 rusty postfix/smtpd[11166]: lost connection after RCPT from S01060008740cf446.wp.shawcable.net[24.79.194.81]
Jun  4 06:45:20 rusty postfix/smtpd[11166]: disconnect from S01060008740cf446.wp.shawcable.net[24.79.194.81]
Jun  4 06:45:22 rusty postfix/smtpd[11054]: warning: 24.71.153.84.relays.ordb.org: RBL lookup error: Host or domain name not found. Name service error for name=24.71.153.84.relays.ordb.org type=A: Host not found, try again
Jun  4 06:45:38 rusty postfix/smtpd[11174]: connect from p54994718.dip.t-dialin.net[84.153.71.24]
Jun  4 06:45:42 rusty postfix/smtpd[11054]: warning: 24.71.153.84.opm.blitzed.org: RBL lookup error: Host or domain name not found. Name service error for name=24.71.153.84.opm.blitzed.org type=A: Host not found, try again
Jun  4 06:45:42 rusty postfix/smtpd[11054]: NOQUEUE: reject: RCPT from p54994718.dip.t-dialin.net[84.153.71.24]: 450 <df37c2fa@slug.org.au>: Recipient address rejected: Greylisted for 300 seconds (see http://isg.ee.ethz.ch/tools/postgrey/help/slug.org.au.html); from=<hillarddd1@hotmail.com> to=<df37c2fa@slug.org.au> proto=ESMTP helo=<HOME-B63967GVBQ>
Jun  4 06:45:42 rusty postfix/smtpd[11054]: lost connection after DATA from p54994718.dip.t-dialin.net[84.153.71.24]
Jun  4 06:45:42 rusty postfix/smtpd[11054]: disconnect from p54994718.dip.t-dialin.net[84.153.71.24]
Jun  4 06:45:47 rusty postfix/smtpd[11174]: warning: 24.71.153.84.relays.ordb.org: RBL lookup error: Host or domain name not found. Name service error for name=24.71.153.84.relays.ordb.org type=A: Host not found, try again
Jun  4 06:46:07 rusty postfix/smtpd[11174]: warning: 24.71.153.84.opm.blitzed.org: RBL lookup error: Host or domain name not found. Name service error for name=24.71.153.84.opm.blitzed.org type=A: Host not found, try again
Jun  4 06:46:07 rusty postfix/smtpd[11174]: NOQUEUE: reject: RCPT from p54994718.dip.t-dialin.net[84.153.71.24]: 450 <df37c2fa@slug.org.au>: Recipient address rejected: Greylisted for 300 seconds (see http://isg.ee.ethz.ch/tools/postgrey/help/slug.org.au.html); from=<linnaea196hk@hotmail.com> to=<df37c2fa@slug.org.au> proto=ESMTP helo=<HOME-B63967GVBQ.elhyo.com>
Jun  4 06:46:09 rusty postfix/smtpd[11174]: lost connection after RSET from p54994718.dip.t-dialin.net[84.153.71.24]
Jun  4 06:46:09 rusty postfix/smtpd[11174]: disconnect from p54994718.dip.t-dialin.net[84.153.71.24]
Jun  4 06:46:19 rusty postfix/smtpd[11166]: connect from host36.200-82-46.telecom.net.ar[200.82.46.36]
Jun  4 06:46:20 rusty postfix/smtpd[11054]: connect from host36.200-82-46.telecom.net.ar[200.82.46.36]
Jun  4 06:46:21 rusty postfix/smtpd[11166]: NOQUEUE: reject: RCPT from host36.200-82-46.telecom.net.ar[200.82.46.36]: 554 <fmvsnrxtgz@net.ar>: Sender address rejected: Domain not found; from=<fmvsnrxtgz@net.ar> to=<jobs-owner@slug.org.au> proto=ESMTP helo=<host250.201-253-112.telecom.net.ar>
Jun  4 06:46:21 rusty postfix/smtpd[11054]: NOQUEUE: reject: RCPT from host36.200-82-46.telecom.net.ar[200.82.46.36]: 554 <jlfcspmwdz@net.ar>: Sender address rejected: Domain not found; from=<jlfcspmwdz@net.ar> to=<jobs-request@slug.org.au> proto=ESMTP helo=<host250.201-253-112.telecom.net.ar>
Jun  4 06:46:21 rusty postfix/smtpd[11166]: lost connection after RCPT from host36.200-82-46.telecom.net.ar[200.82.46.36]
Jun  4 06:46:21 rusty postfix/smtpd[11166]: disconnect from host36.200-82-46.telecom.net.ar[200.82.46.36]
Jun  4 06:46:21 rusty postfix/smtpd[11054]: lost connection after RCPT from host36.200-82-46.telecom.net.ar[200.82.46.36]
Jun  4 06:46:21 rusty postfix/smtpd[11054]: disconnect from host36.200-82-46.telecom.net.ar[200.82.46.36]
Jun  4 06:46:30 rusty postfix/smtpd[11174]: connect from host-89-41-95-26.moldtelecom.md[89.41.95.26]
Jun  4 06:46:32 rusty postfix/smtpd[11174]: disconnect from host-89-41-95-26.moldtelecom.md[89.41.95.26]
Jun  4 06:46:52 rusty postfix/smtpd[11166]: warning: 190.51.102.72: hostname 190-51-102-72.speedy.com.ar verification failed: Name or service not known
Jun  4 06:46:52 rusty postfix/smtpd[11166]: connect from unknown[190.51.102.72]
Jun  4 06:47:00 rusty postfix/smtpd[11054]: connect from DSL217-132-180-248.bb.netvision.net.il[217.132.180.248]
Jun  4 06:47:05 rusty postfix/smtpd[11166]: NOQUEUE: reject: RCPT from unknown[190.51.102.72]: 554 Service unavailable; Client host [190.51.102.72] blocked using cbl.abuseat.org; Blocked - see http://cbl.abuseat.org/lookup.cgi?ip=190.51.102.72; from=<rtealter@ecardica.com> to=<streetwalker@slug.org.au> proto=SMTP helo=<ecardica.com>
Jun  4 06:47:05 rusty postfix/smtpd[11166]: lost connection after RCPT from unknown[190.51.102.72]
Jun  4 06:47:05 rusty postfix/smtpd[11166]: disconnect from unknown[190.51.102.72]
Jun  4 06:47:24 rusty postfix/smtpd[11054]: warning: 248.180.132.217.relays.ordb.org: RBL lookup error: Host or domain name not found. Name service error for name=248.180.132.217.relays.ordb.org type=A: Host not found, try again
Jun  4 06:47:34 rusty postfix/smtpd[11174]: connect from unknown[201.251.38.110]
Jun  4 06:47:42 rusty postfix/smtpd[11174]: NOQUEUE: reject: RCPT from unknown[201.251.38.110]: 554 Service unavailable; Client host [201.251.38.110] blocked using cbl.abuseat.org; Blocked - see http://cbl.abuseat.org/lookup.cgi?ip=201.251.38.110; from=<bconversion@int.lt> to=<tgreen@slug.org.au> proto=SMTP helo=<int.lt>
Jun  4 06:47:42 rusty postfix/smtpd[11174]: lost connection after RCPT from unknown[201.251.38.110]
Jun  4 06:47:42 rusty postfix/smtpd[11174]: disconnect from unknown[201.251.38.110]
Jun  4 06:47:44 rusty postfix/smtpd[11054]: warning: 248.180.132.217.opm.blitzed.org: RBL lookup error: Host or domain name not found. Name service error for name=248.180.132.217.opm.blitzed.org type=A: Host not found, try again
Jun  4 06:47:44 rusty postfix/smtpd[11054]: NOQUEUE: reject: RCPT from DSL217-132-180-248.bb.netvision.net.il[217.132.180.248]: 450 <activities-owner@slug.org.au>: Recipient address rejected: Greylisted for 300 seconds (see http://isg.ee.ethz.ch/tools/postgrey/help/slug.org.au.html); from=<tkenyonjdzo@lincolninvestment.com> to=<activities-owner@slug.org.au> proto=ESMTP helo=<1-c86a0571a6b84>
Jun  4 06:47:44 rusty postfix/smtpd[11054]: lost connection after RCPT from DSL217-132-180-248.bb.netvision.net.il[217.132.180.248]
Jun  4 06:47:44 rusty postfix/smtpd[11054]: disconnect from DSL217-132-180-248.bb.netvision.net.il[217.132.180.248]
Jun  4 06:48:26 rusty postfix/smtpd[11166]: connect from unknown[203.172.161.4]
Jun  4 06:48:27 rusty postfix/smtpd[11166]: NOQUEUE: reject: RCPT from unknown[203.172.161.4]: 554 <admin@intranet.intranet>: Sender address rejected: Domain not found; from=<admin@intranet.intranet> to=<slug@slug.org.au> proto=ESMTP helo=<linuxsis.intranet>
Jun  4 06:48:27 rusty postfix/smtpd[11166]: disconnect from unknown[203.172.161.4]
Jun  4 06:49:10 rusty postfix/smtpd[11168]: timeout after RCPT from 15.Red-83-63-139.staticIP.rima-tde.net[83.63.139.15]
Jun  4 06:49:10 rusty postfix/smtpd[11168]: disconnect from 15.Red-83-63-139.staticIP.rima-tde.net[83.63.139.15]
Jun  4 06:49:33 rusty postfix/smtpd[11166]: connect from AMontpellier-158-1-61-97.w90-37.abo.wanadoo.fr[90.37.156.97]
Jun  4 06:49:36 rusty postfix/smtpd[11168]: connect from p2227-ipad409marunouchi.tokyo.ocn.ne.jp[222.146.170.227]
Jun  4 06:49:37 rusty postfix/smtp[11274]: 72F07118229: to=<netsnipe_ml@optusnet.com.au>, relay=mail.optusnet.com.au[211.29.132.250], delay=249305, status=deferred (host mail.optusnet.com.au[211.29.132.250] said: 452 4.2.2 <netsnipe_ml@optusnet.com.au>... Mailbox full (in reply to RCPT TO command))
Jun  4 06:49:37 rusty postfix/smtp[11274]: 72F07118229: to=<pintail@optusnet.com.au>, relay=mail.optusnet.com.au[211.29.132.250], delay=249305, status=deferred (host mail.optusnet.com.au[211.29.132.250] said: 452 4.2.2 <pintail@optusnet.com.au>... Mailbox full (in reply to RCPT TO command))
Jun  4 06:49:38 rusty postfix/smtp[11285]: C475D1181A3: to=<netsnipe_ml@optusnet.com.au>, relay=mail.optusnet.com.au[211.29.132.250], delay=409177, status=deferred (host mail.optusnet.com.au[211.29.132.250] said: 452 4.2.2 <netsnipe_ml@optusnet.com.au>... Mailbox full (in reply to RCPT TO command))
Jun  4 06:49:38 rusty postfix/smtp[11285]: C475D1181A3: to=<pintail@optusnet.com.au>, relay=mail.optusnet.com.au[211.29.132.250], delay=409177, status=deferred (host mail.optusnet.com.au[211.29.132.250] said: 452 4.2.2 <pintail@optusnet.com.au>... Mailbox full (in reply to RCPT TO command))
Jun  4 06:49:38 rusty postfix/smtp[11286]: CDF86118176: to=<pintail@optusnet.com.au>, relay=mail.optusnet.com.au[211.29.132.250], delay=35423, status=deferred (host mail.optusnet.com.au[211.29.132.250] said: 452 4.2.2 <pintail@optusnet.com.au>... Mailbox full (in reply to RCPT TO command))
Jun  4 06:49:38 rusty postfix/smtp[11287]: CB6651181A2: to=<netsnipe_ml@optusnet.com.au>, relay=mail.optusnet.com.au[211.29.132.250], delay=412779, status=deferred (host mail.optusnet.com.au[211.29.132.250] said: 452 4.2.2 <netsnipe_ml@optusnet.com.au>... Mailbox full (in reply to RCPT TO command))
Jun  4 06:49:38 rusty postfix/smtp[11288]: CD01E118201: to=<netsnipe_ml@optusnet.com.au>, relay=mail.optusnet.com.au[211.29.132.250], delay=394162, status=deferred (host mail.optusnet.com.au[211.29.132.250] said: 452 4.2.2 <netsnipe_ml@optusnet.com.au>... Mailbox full (in reply to RCPT TO command))
Jun  4 06:49:38 rusty postfix/smtp[11302]: 090FB11816C: to=<jdub@perkypants.org>, orig_to=<jdub@slug.org.au>, relay=mail.perkypants.org[70.85.31.216], delay=11420, status=deferred (host mail.perkypants.org[70.85.31.216] said: 452 Insufficient system storage (in reply to MAIL FROM command))
Jun  4 06:49:38 rusty postfix/smtp[11288]: CD01E118201: to=<pintail@optusnet.com.au>, relay=mail.optusnet.com.au[211.29.132.250], delay=394162, status=deferred (host mail.optusnet.com.au[211.29.132.250] said: 452 4.2.2 <pintail@optusnet.com.au>... Mailbox full (in reply to RCPT TO command))
Jun  4 06:49:39 rusty postfix/smtp[11308]: E75DA118171: to=<pintail@optusnet.com.au>, relay=mail.optusnet.com.au[211.29.132.250], delay=36783, status=deferred (host mail.optusnet.com.au[211.29.132.250] said: 452 4.2.2 <pintail@optusnet.com.au>... Mailbox full (in reply to RCPT TO command))
Jun  4 06:49:39 rusty postfix/smtp[11307]: E2D9E118121: to=<pintail@optusnet.com.au>, relay=mail.optusnet.com.au[211.29.132.250], delay=37160, status=deferred (host mail.optusnet.com.au[211.29.132.250] said: 452 4.2.2 <pintail@optusnet.com.au>... Mailbox full (in reply to RCPT TO command))
Jun  4 06:49:39 rusty postfix/smtp[11308]: 28CAA1181B6: to=<netsnipe_ml@optusnet.com.au>, relay=mail.optusnet.com.au[211.29.132.250], delay=406544, status=deferred (host mail.optusnet.com.au[211.29.132.250] said: 452 4.2.2 <netsnipe_ml@optusnet.com.au>... Mailbox full (in reply to RCPT TO command))
Jun  4 06:49:39 rusty postfix/smtp[11308]: 28CAA1181B6: to=<pintail@optusnet.com.au>, relay=mail.optusnet.com.au[211.29.132.250], delay=406544, status=deferred (host mail.optusnet.com.au[211.29.132.250] said: 452 4.2.2 <pintail@optusnet.com.au>... Mailbox full (in reply to RCPT TO command))
Jun  4 06:49:39 rusty postfix/smtp[11307]: 0BE3B118133: to=<netsnipe_ml@optusnet.com.au>, relay=mail.optusnet.com.au[211.29.132.250], delay=136658, status=deferred (host mail.optusnet.com.au[211.29.132.250] said: 452 4.2.2 <netsnipe_ml@optusnet.com.au>... Mailbox full (in reply to RCPT TO command))
Jun  4 06:49:39 rusty postfix/smtp[11307]: 0BE3B118133: to=<pintail@optusnet.com.au>, relay=mail.optusnet.com.au[211.29.132.250], delay=136658, status=deferred (host mail.optusnet.com.au[211.29.132.250] said: 452 4.2.2 <pintail@optusnet.com.au>... Mailbox full (in reply to RCPT TO command))
Jun  4 06:49:39 rusty postfix/smtp[11307]: 0C700118196: to=<netsnipe_ml@optusnet.com.au>, relay=mail.optusnet.com.au[211.29.132.250], delay=417700, status=deferred (host mail.optusnet.com.au[211.29.132.250] said: 452 4.2.2 <netsnipe_ml@optusnet.com.au>... Mailbox full (in reply to RCPT TO command))
Jun  4 06:49:39 rusty postfix/smtp[11307]: 0C700118196: to=<pintail@optusnet.com.au>, relay=mail.optusnet.com.au[211.29.132.250], delay=417700, status=deferred (host mail.optusnet.com.au[211.29.132.250] said: 452 4.2.2 <pintail@optusnet.com.au>... Mailbox full (in reply to RCPT TO command))
Jun  4 06:49:39 rusty postfix/smtp[11307]: 5F3FE1181F9: to=<pintail@optusnet.com.au>, relay=mail.optusnet.com.au[211.29.132.250], delay=377058, status=deferred (host mail.optusnet.com.au[211.29.132.250] said: 452 4.2.2 <pintail@optusnet.com.au>... Mailbox full (in reply to RCPT TO command))
Jun  4 06:49:39 rusty postfix/smtp[11307]: 478FA1181F7: to=<netsnipe_ml@optusnet.com.au>, relay=mail.optusnet.com.au[211.29.132.250], delay=394341, status=deferred (host mail.optusnet.com.au[211.29.132.250] said: 452 4.2.2 <netsnipe_ml@optusnet.com.au>... Mailbox full (in reply to RCPT TO command))
Jun  4 06:49:39 rusty postfix/smtp[11307]: 478FA1181F7: to=<pintail@optusnet.com.au>, relay=mail.optusnet.com.au[211.29.132.250], delay=394341, status=deferred (host mail.optusnet.com.au[211.29.132.250] said: 452 4.2.2 <pintail@optusnet.com.au>... Mailbox full (in reply to RCPT TO command))
Jun  4 06:49:39 rusty postfix/smtp[11308]: 0A2441181E4: to=<netsnipe_ml@optusnet.com.au>, relay=mail.optusnet.com.au[211.29.132.250], delay=242322, status=deferred (host mail.optusnet.com.au[211.29.132.250] said: 452 4.2.2 <netsnipe_ml@optusnet.com.au>... Mailbox full (in reply to RCPT TO command))
Jun  4 06:49:39 rusty postfix/smtp[11308]: 0A2441181E4: to=<pintail@optusnet.com.au>, relay=mail.optusnet.com.au[211.29.132.250], delay=242322, status=deferred (host mail.optusnet.com.au[211.29.132.250] said: 452 4.2.2 <pintail@optusnet.com.au>... Mailbox full (in reply to RCPT TO command))
Jun  4 06:49:39 rusty postfix/smtp[11285]: 926EC11816D: to=<pintail@optusnet.com.au>, relay=mail.optusnet.com.au[211.29.132.250], delay=36796, status=deferred (host mail.optusnet.com.au[211.29.132.250] said: 452 4.2.2 <pintail@optusnet.com.au>... Mailbox full (in reply to RCPT TO command))
Jun  4 06:49:39 rusty postfix/smtp[11274]: BE04C118184: to=<pintail@optusnet.com.au>, relay=mail.optusnet.com.au[211.29.132.250], delay=31773, status=deferred (host mail.optusnet.com.au[211.29.132.250] said: 452 4.2.2 <pintail@optusnet.com.au>... Mailbox full (in reply to RCPT TO command))
Jun  4 06:49:39 rusty postfix/smtp[11307]: 464B11181C4: to=<netsnipe_ml@optusnet.com.au>, relay=mail.optusnet.com.au[211.29.132.250], delay=329984, status=deferred (host mail.optusnet.com.au[211.29.132.250] said: 452 4.2.2 <netsnipe_ml@optusnet.com.au>... Mailbox full (in reply to RCPT TO command))
Jun  4 06:49:39 rusty postfix/smtp[11286]: 95761118150: to=<netsnipe_ml@optusnet.com.au>, relay=mail.optusnet.com.au[211.29.132.250], delay=80197, status=deferred (host mail.optusnet.com.au[211.29.132.250] said: 452 4.2.2 <netsnipe_ml@optusnet.com.au>... Mailbox full (in reply to RCPT TO command))
Jun  4 06:49:39 rusty postfix/smtp[11312]: 2DCCB1181E5: to=<netsnipe_ml@optusnet.com.au>, relay=mail.optusnet.com.au[211.29.132.250], delay=165724, status=deferred (host mail.optusnet.com.au[211.29.132.250] said: 452 4.2.2 <netsnipe_ml@optusnet.com.au>... Mailbox full (in reply to RCPT TO command))
Jun  4 06:49:39 rusty postfix/smtp[11321]: A53671181A8: to=<netsnipe_ml@optusnet.com.au>, relay=mail.optusnet.com.au[211.29.132.250], delay=408669, status=deferred (host mail.optusnet.com.au[211.29.132.250] said: 452 4.2.2 <netsnipe_ml@optusnet.com.au>... Mailbox full (in reply to RCPT TO command))
Jun  4 06:49:39 rusty postfix/smtp[11286]: 95761118150: to=<pintail@optusnet.com.au>, relay=mail.optusnet.com.au[211.29.132.250], delay=80197, status=deferred (host mail.optusnet.com.au[211.29.132.250] said: 452 4.2.2 <pintail@optusnet.com.au>... Mailbox full (in reply to RCPT TO command))
Jun  4 06:49:39 rusty postfix/smtp[11307]: 464B11181C4: to=<pintail@optusnet.com.au>, relay=mail.optusnet.com.au[211.29.132.250], delay=329984, status=deferred (host mail.optusnet.com.au[211.29.132.250] said: 452 4.2.2 <pintail@optusnet.com.au>... Mailbox full (in reply to RCPT TO command))
Jun  4 06:49:39 rusty postfix/smtp[11312]: 2DCCB1181E5: to=<pintail@optusnet.com.au>, relay=mail.optusnet.com.au[211.29.132.250], delay=165724, status=deferred (host mail.optusnet.com.au[211.29.132.250] said: 452 4.2.2 <pintail@optusnet.com.au>... Mailbox full (in reply to RCPT TO command))
Jun  4 06:49:39 rusty postfix/smtp[11321]: A53671181A8: to=<pintail@optusnet.com.au>, relay=mail.optusnet.com.au[211.29.132.250], delay=408669, status=deferred (host mail.optusnet.com.au[211.29.132.250] said: 452 4.2.2 <pintail@optusnet.com.au>... Mailbox full (in reply to RCPT TO command))
Jun  4 06:49:39 rusty postfix/smtp[11311]: 392CF118168: to=<pintail@optusnet.com.au>, relay=mail.optusnet.com.au[211.29.132.250], delay=37002, status=deferred (host mail.optusnet.com.au[211.29.132.250] said: 452 4.2.2 <pintail@optusnet.com.au>... Mailbox full (in reply to RCPT TO command))
Jun  4 06:49:39 rusty postfix/smtp[11310]: 92E1E11815B: to=<netsnipe_ml@optusnet.com.au>, relay=mail.optusnet.com.au[211.29.132.250], delay=45893, status=deferred (host mail.optusnet.com.au[211.29.132.250] said: 452 4.2.2 <netsnipe_ml@optusnet.com.au>... Mailbox full (in reply to RCPT TO command))
Jun  4 06:49:39 rusty postfix/smtp[11310]: 92E1E11815B: to=<pintail@optusnet.com.au>, relay=mail.optusnet.com.au[211.29.132.250], delay=45893, status=deferred (host mail.optusnet.com.au[211.29.132.250] said: 452 4.2.2 <pintail@optusnet.com.au>... Mailbox full (in reply to RCPT TO command))
Jun  4 06:49:39 rusty postfix/smtp[11308]: A6B91118175: to=<netsnipe_ml@optusnet.com.au>, relay=mail.optusnet.com.au[211.29.132.250], delay=157157, status=deferred (host mail.optusnet.com.au[211.29.132.250] said: 452 4.2.2 <netsnipe_ml@optusnet.com.au>... Mailbox full (in reply to RCPT TO command))
Jun  4 06:49:39 rusty postfix/smtp[11308]: A6B91118175: to=<pintail@optusnet.com.au>, relay=mail.optusnet.com.au[211.29.132.250], delay=157157, status=deferred (host mail.optusnet.com.au[211.29.132.250] said: 452 4.2.2 <pintail@optusnet.com.au>... Mailbox full (in reply to RCPT TO command))
Jun  4 06:49:39 rusty postfix/smtp[11288]: 2FD17118210: to=<netsnipe_ml@optusnet.com.au>, relay=mail.optusnet.com.au[211.29.132.250], delay=293840, status=deferred (host mail.optusnet.com.au[211.29.132.250] said: 452 4.2.2 <netsnipe_ml@optusnet.com.au>... Mailbox full (in reply to RCPT TO command))
Jun  4 06:49:39 rusty postfix/smtp[11287]: 27D3E1181F8: to=<pintail@optusnet.com.au>, relay=mail.optusnet.com.au[211.29.132.250], delay=371088, status=deferred (host mail.optusnet.com.au[211.29.132.250] said: 452 4.2.2 <pintail@optusnet.com.au>... Mailbox full (in reply to RCPT TO command))
Jun  4 06:49:40 rusty postfix/smtp[11288]: 2FD17118210: to=<pintail@optusnet.com.au>, relay=mail.optusnet.com.au[211.29.132.250], delay=293841, status=deferred (host mail.optusnet.com.au[211.29.132.250] said: 452 4.2.2 <pintail@optusnet.com.au>... Mailbox full (in reply to RCPT TO command))
Jun  4 06:49:40 rusty postfix/smtp[11303]: connect to mic.icafe.com.au[60.242.158.40]: No route to host (port 25)
Jun  4 06:49:40 rusty postfix/smtp[11303]: 08AE3118178: to=<donohueb@icafe.com.au>, relay=none, delay=32610, status=deferred (connect to mic.icafe.com.au[60.242.158.40]: No route to host)
Jun  4 06:49:40 rusty postfix/smtpd[11168]: NOQUEUE: reject: RCPT from p2227-ipad409marunouchi.tokyo.ocn.ne.jp[222.146.170.227]: 554 Service unavailable; Client host [222.146.170.227] blocked using ix.dnsbl.manitu.net; Comment:   IP address blocked, see http://ix.dnsbl.manitu.net/lookup.php?ipaddress=222.146.170.227, latest spam received via mx0.gmx.net at 2007-06-03T20:00+0200; from=<eye_bule11@yahoo.co.jp> to=<jdub@slug.org.au> proto=SMTP helo=<qyjktyhstrhdhd.com>
Jun  4 06:49:40 rusty postfix/smtpd[11168]: disconnect from p2227-ipad409marunouchi.tokyo.ocn.ne.jp[222.146.170.227]
Jun  4 06:49:40 rusty postfix/smtp[11302]: 2E44611821E: to=<netsnipe_ml@optusnet.com.au>, relay=mail.optusnet.com.au[211.29.132.250], delay=228292, status=deferred (host mail.optusnet.com.au[211.29.132.250] said: 452 4.2.2 <netsnipe_ml@optusnet.com.au>... Mailbox full (in reply to RCPT TO command))
Jun  4 06:49:40 rusty postfix/smtp[11302]: 2E44611821E: to=<pintail@optusnet.com.au>, relay=mail.optusnet.com.au[211.29.132.250], delay=228292, status=deferred (host mail.optusnet.com.au[211.29.132.250] said: 452 4.2.2 <pintail@optusnet.com.au>... Mailbox full (in reply to RCPT TO command))
Jun  4 06:49:41 rusty postfix/smtp[11314]: 046EB118143: to=<netsnipe_ml@optusnet.com.au>, relay=mail.optusnet.com.au[211.29.132.250], delay=115941, status=deferred (host mail.optusnet.com.au[211.29.132.250] said: 452 4.2.2 <netsnipe_ml@optusnet.com.au>... Mailbox full (in reply to RCPT TO command))
Jun  4 06:49:41 rusty postfix/smtp[11314]: 046EB118143: to=<pintail@optusnet.com.au>, relay=mail.optusnet.com.au[211.29.132.250], delay=115941, status=deferred (host mail.optusnet.com.au[211.29.132.250] said: 452 4.2.2 <pintail@optusnet.com.au>... Mailbox full (in reply to RCPT TO command))
Jun  4 06:49:41 rusty postfix/smtp[11315]: 08AE3118178: to=<netsnipe_ml@optusnet.com.au>, relay=mail.optusnet.com.au[211.29.132.250], delay=32611, status=deferred (host mail.optusnet.com.au[211.29.132.250] said: 452 4.2.2 <netsnipe_ml@optusnet.com.au>... Mailbox full (in reply to RCPT TO command))
Jun  4 06:49:41 rusty postfix/smtp[11315]: 08AE3118178: to=<pintail@optusnet.com.au>, relay=mail.optusnet.com.au[211.29.132.250], delay=32611, status=deferred (host mail.optusnet.com.au[211.29.132.250] said: 452 4.2.2 <pintail@optusnet.com.au>... Mailbox full (in reply to RCPT TO command))
Jun  4 06:49:41 rusty postfix/smtp[11316]: 096D7118166: to=<pintail@optusnet.com.au>, relay=mail.optusnet.com.au[211.29.132.250], delay=41713, status=deferred (host mail.optusnet.com.au[211.29.132.250] said: 452 4.2.2 <pintail@optusnet.com.au>... Mailbox full (in reply to RCPT TO command))
Jun  4 06:49:41 rusty postfix/smtp[11318]: 4BC07118164: to=<netsnipe_ml@optusnet.com.au>, relay=mail.optusnet.com.au[211.29.132.250], delay=116656, status=deferred (host mail.optusnet.com.au[211.29.132.250] said: 452 4.2.2 <netsnipe_ml@optusnet.com.au>... Mailbox full (in reply to RCPT TO command))
Jun  4 06:49:41 rusty postfix/smtp[11317]: 4589C1181EF: to=<netsnipe_ml@optusnet.com.au>, relay=mail.optusnet.com.au[211.29.132.250], delay=400503, status=deferred (host mail.optusnet.com.au[211.29.132.250] said: 452 4.2.2 <netsnipe_ml@optusnet.com.au>... Mailbox full (in reply to RCPT TO command))
Jun  4 06:49:41 rusty postfix/smtp[11318]: 4BC07118164: to=<pintail@optusnet.com.au>, relay=mail.optusnet.com.au[211.29.132.250], delay=116656, status=deferred (host mail.optusnet.com.au[211.29.132.250] said: 452 4.2.2 <pintail@optusnet.com.au>... Mailbox full (in reply to RCPT TO command))
Jun  4 06:49:41 rusty postfix/smtp[11317]: 4589C1181EF: to=<pintail@optusnet.com.au>, relay=mail.optusnet.com.au[211.29.132.250], delay=400503, status=deferred (host mail.optusnet.com.au[211.29.132.250] said: 452 4.2.2 <pintail@optusnet.com.au>... Mailbox full (in reply to RCPT TO command))
Jun  4 06:49:41 rusty postfix/smtp[11319]: 689CE11820E: to=<netsnipe_ml@optusnet.com.au>, relay=mail.optusnet.com.au[211.29.132.250], delay=380992, status=deferred (host mail.optusnet.com.au[211.29.132.250] said: 452 4.2.2 <netsnipe_ml@optusnet.com.au>... Mailbox full (in reply to RCPT TO command))
Jun  4 06:49:41 rusty postfix/smtp[11319]: 689CE11820E: to=<pintail@optusnet.com.au>, relay=mail.optusnet.com.au[211.29.132.250], delay=380992, status=deferred (host mail.optusnet.com.au[211.29.132.250] said: 452 4.2.2 <pintail@optusnet.com.au>... Mailbox full (in reply to RCPT TO command))
Jun  4 06:49:44 rusty postfix/smtp[11289]: CBB2E118217: to=<info@darehr.com.au>, relay=none, delay=326980, status=deferred (Host or domain name not found. Name service error for name=darehr.com.au type=MX: Host not found, try again)
Jun  4 06:49:44 rusty postfix/smtpd[11166]: NOQUEUE: reject: RCPT from AMontpellier-158-1-61-97.w90-37.abo.wanadoo.fr[90.37.156.97]: 554 Service unavailable; Client host [90.37.156.97] blocked using cbl.abuseat.org; Blocked - see http://cbl.abuseat.org/lookup.cgi?ip=90.37.156.97; from=<sson@office.com> to=<announce@slug.org.au> proto=SMTP helo=<kzlzle>
Jun  4 06:49:46 rusty postfix/smtpd[11166]: lost connection after RCPT from AMontpellier-158-1-61-97.w90-37.abo.wanadoo.fr[90.37.156.97]
Jun  4 06:49:46 rusty postfix/smtpd[11166]: disconnect from AMontpellier-158-1-61-97.w90-37.abo.wanadoo.fr[90.37.156.97]
Jun  4 06:49:46 rusty postfix/smtp[11275]: 73CB7118230: to=<rgh@mootermedia.com>, relay=mta1.mootermedia.com[220.233.135.106], delay=265767, status=deferred (host mta1.mootermedia.com[220.233.135.106] said: 450 <rgh@mootermedia.com>: Recipient address rejected: undeliverable address: unknown user: "rgh" (in reply to RCPT TO command))
Jun  4 06:49:47 rusty postfix/smtp[11304]: 047DA118183: to=<rgh@mootermedia.com>, relay=mta1.mootermedia.com[220.233.135.106], delay=382342, status=deferred (host mta1.mootermedia.com[220.233.135.106] said: 450 <rgh@mootermedia.com>: Recipient address rejected: undeliverable address: unknown user: "rgh" (in reply to RCPT TO command))
Jun  4 06:50:06 rusty postfix/smtp[11279]: connect to none.harvestroad.com.au[203.103.97.241]: Connection timed out (port 25)
Jun  4 06:50:06 rusty postfix/smtp[11283]: connect to none.harvestroad.com.au[203.103.97.241]: Connection timed out (port 25)
Jun  4 06:50:06 rusty postfix/smtp[11276]: connect to taz-devil.dyndns.org[60.241.248.171]: Connection timed out (port 25)
Jun  4 06:50:06 rusty postfix/smtp[11281]: connect to taz-devil.dyndns.org[60.241.248.171]: Connection timed out (port 25)
Jun  4 06:50:06 rusty postfix/smtp[11276]: 7A95E118160: to=<mary@taz-devil.dyndns.org>, relay=none, delay=409205, status=deferred (connect to taz-devil.dyndns.org[60.241.248.171]: Connection timed out)
Jun  4 06:50:06 rusty postfix/smtp[11281]: 880C61181C3: to=<mary@taz-devil.dyndns.org>, relay=none, delay=381098, status=deferred (connect to taz-devil.dyndns.org[60.241.248.171]: Connection timed out)
Jun  4 06:50:06 rusty postfix/smtp[11290]: connect to taz-devil.dyndns.org[60.241.248.171]: Connection timed out (port 25)
Jun  4 06:50:06 rusty postfix/smtp[11291]: connect to taz-devil.dyndns.org[60.241.248.171]: Connection timed out (port 25)
Jun  4 06:50:06 rusty postfix/smtp[11292]: connect to taz-devil.dyndns.org[60.241.248.171]: Connection timed out (port 25)
Jun  4 06:50:06 rusty postfix/smtp[11291]: C3F3B118137: to=<mary@taz-devil.dyndns.org>, relay=none, delay=115967, status=deferred (connect to taz-devil.dyndns.org[60.241.248.171]: Connection timed out)
Jun  4 06:50:06 rusty postfix/smtp[11290]: CC7FD118123: to=<mary@taz-devil.dyndns.org>, relay=none, delay=136686, status=deferred (connect to taz-devil.dyndns.org[60.241.248.171]: Connection timed out)
Jun  4 06:50:06 rusty postfix/smtp[11292]: C7A78118156: to=<mary@taz-devil.dyndns.org>, relay=none, delay=32637, status=deferred (connect to taz-devil.dyndns.org[60.241.248.171]: Connection timed out)
Jun  4 06:50:06 rusty postfix/smtp[11294]: connect to none.harvestroad.com.au[203.103.97.241]: Connection timed out (port 25)
Jun  4 06:50:06 rusty postfix/smtp[11280]: connect to park.funnel.revenuedirect.com.akadns.net[69.25.47.164]: Connection timed out (port 25)
Jun  4 06:50:06 rusty postfix/smtp[11284]: connect to park.funnel.revenuedirect.com.akadns.net[66.150.161.57]: Connection timed out (port 25)
Jun  4 06:50:06 rusty postfix/smtp[11295]: connect to park.funnel.revenuedirect.com.akadns.net[69.25.47.164]: Connection timed out (port 25)
Jun  4 06:50:06 rusty postfix/smtp[11297]: connect to none.harvestroad.com.au[203.103.97.241]: Connection timed out (port 25)
Jun  4 06:50:06 rusty postfix/smtp[11298]: connect to park.funnel.revenuedirect.com.akadns.net[69.25.47.164]: Connection timed out (port 25)
Jun  4 06:50:06 rusty postfix/smtp[11300]: connect to none.harvestroad.com.au[203.103.97.241]: Connection timed out (port 25)
Jun  4 06:50:06 rusty postfix/smtp[11301]: connect to park.funnel.revenuedirect.com.akadns.net[69.25.47.164]: Connection timed out (port 25)
Jun  4 06:50:11 rusty postfix/smtp[11296]: DB85C11812E: to=<slug@eurekait.com>, relay=none, delay=136691, status=deferred (Host or domain name not found. Name service error for name=eurekait.com type=MX: Host not found, try again)
Jun  4 06:50:11 rusty postfix/smtp[11293]: C6650118205: to=<slug@eurekait.com>, relay=none, delay=394347, status=deferred (Host or domain name not found. Name service error for name=eurekait.com type=MX: Host not found, try again)
Jun  4 06:50:11 rusty postfix/smtp[11277]: 7ADBF118169: to=<slug@eurekait.com>, relay=none, delay=157189, status=deferred (Host or domain name not found. Name service error for name=eurekait.com type=MX: Host not found, try again)
Jun  4 06:50:11 rusty postfix/smtp[11299]: D669411816F: to=<slug@eurekait.com>, relay=none, delay=32642, status=deferred (Host or domain name not found. Name service error for name=eurekait.com type=MX: Host not found, try again)
Jun  4 06:50:11 rusty postfix/smtp[11282]: 8159F1181CD: to=<slug@eurekait.com>, relay=none, delay=327154, status=deferred (Host or domain name not found. Name service error for name=eurekait.com type=MX: Host not found, try again)
Jun  4 06:50:23 rusty postfix/smtpd[11168]: connect from 201-68-89-51.dsl.telesp.net.br[201.68.89.51]
Jun  4 06:50:23 rusty postfix/smtpd[11166]: connect from 89.0.32.112.dynamic.barak-online.net[89.0.32.112]
Jun  4 06:50:24 rusty postfix/smtpd[11168]: NOQUEUE: reject: RCPT from 201-68-89-51.dsl.telesp.net.br[201.68.89.51]: 554 <vtkwqgfofxx@net.br>: Sender address rejected: Domain not found; from=<vtkwqgfofxx@net.br> to=<amusg@slug.org.au> proto=ESMTP helo=<201-68-89-51.dsl.telesp.net.br>
Jun  4 06:50:25 rusty postfix/smtpd[11168]: lost connection after RCPT from 201-68-89-51.dsl.telesp.net.br[201.68.89.51]
Jun  4 06:50:25 rusty postfix/smtpd[11168]: disconnect from 201-68-89-51.dsl.telesp.net.br[201.68.89.51]
Jun  4 06:50:36 rusty postfix/smtp[11280]: connect to park.funnel.revenuedirect.com.akadns.net[66.150.161.57]: Connection timed out (port 25)
Jun  4 06:50:36 rusty postfix/smtp[11284]: connect to park.funnel.revenuedirect.com.akadns.net[69.25.47.164]: Connection timed out (port 25)
Jun  4 06:50:36 rusty postfix/smtp[11295]: connect to park.funnel.revenuedirect.com.akadns.net[66.150.161.57]: Connection timed out (port 25)
Jun  4 06:50:36 rusty postfix/smtp[11295]: C6650118205: to=<brat@somethingorother.com>, relay=none, delay=394372, status=deferred (connect to park.funnel.revenuedirect.com.akadns.net[66.150.161.57]: Connection timed out)
Jun  4 06:50:36 rusty postfix/smtp[11284]: 8159F1181CD: to=<brat@somethingorother.com>, relay=none, delay=327179, status=deferred (connect to park.funnel.revenuedirect.com.akadns.net[69.25.47.164]: Connection timed out)
Jun  4 06:50:36 rusty postfix/smtp[11280]: 7ADBF118169: to=<brat@somethingorother.com>, relay=none, delay=157214, status=deferred (connect to park.funnel.revenuedirect.com.akadns.net[66.150.161.57]: Connection timed out)
Jun  4 06:50:36 rusty postfix/smtp[11298]: connect to park.funnel.revenuedirect.com.akadns.net[66.150.161.57]: Connection timed out (port 25)
Jun  4 06:50:36 rusty postfix/smtp[11298]: DB85C11812E: to=<brat@somethingorother.com>, relay=none, delay=136716, status=deferred (connect to park.funnel.revenuedirect.com.akadns.net[66.150.161.57]: Connection timed out)
Jun  4 06:50:36 rusty postfix/smtp[11301]: connect to park.funnel.revenuedirect.com.akadns.net[66.150.161.57]: Connection timed out (port 25)
Jun  4 06:50:36 rusty postfix/smtp[11301]: D669411816F: to=<brat@somethingorother.com>, relay=none, delay=32667, status=deferred (connect to park.funnel.revenuedirect.com.akadns.net[66.150.161.57]: Connection timed out)
Jun  4 06:50:38 rusty postfix/smtpd[11166]: warning: 112.32.0.89.relays.ordb.org: RBL lookup error: Host or domain name not found. Name service error for name=112.32.0.89.relays.ordb.org type=A: Host not found, try again
Jun  4 06:50:49 rusty postfix/smtpd[11168]: warning: 190.172.145.88: hostname 190-172-145-88.speedy.com.ar verification failed: Name or service not known
Jun  4 06:50:49 rusty postfix/smtpd[11168]: connect from unknown[190.172.145.88]
Jun  4 06:50:58 rusty postfix/smtpd[11166]: warning: 112.32.0.89.opm.blitzed.org: RBL lookup error: Host or domain name not found. Name service error for name=112.32.0.89.opm.blitzed.org type=A: Host not found, try again
Jun  4 06:50:58 rusty postfix/smtpd[11166]: NOQUEUE: reject: RCPT from 89.0.32.112.dynamic.barak-online.net[89.0.32.112]: 450 <152-event@slug.org.au>: Recipient address rejected: Greylisted for 300 seconds (see http://isg.ee.ethz.ch/tools/postgrey/help/slug.org.au.html); from=<sheelu@galaxy1.com> to=<152-event@slug.org.au> proto=ESMTP helo=<chen>
Jun  4 06:50:58 rusty postfix/smtpd[11166]: lost connection after RCPT from 89.0.32.112.dynamic.barak-online.net[89.0.32.112]
Jun  4 06:50:58 rusty postfix/smtpd[11166]: disconnect from 89.0.32.112.dynamic.barak-online.net[89.0.32.112]
Jun  4 06:51:04 rusty postfix/smtpd[11168]: warning: 88.145.172.190.relays.ordb.org: RBL lookup error: Host or domain name not found. Name service error for name=88.145.172.190.relays.ordb.org type=A: Host not found, try again
Jun  4 06:51:21 rusty postfix/smtpd[11166]: connect from 201-68-89-51.dsl.telesp.net.br[201.68.89.51]
Jun  4 06:51:22 rusty postfix/smtpd[11345]: connect from 201-68-89-51.dsl.telesp.net.br[201.68.89.51]
Jun  4 06:51:22 rusty postfix/smtpd[11349]: connect from 201-68-89-51.dsl.telesp.net.br[201.68.89.51]
Jun  4 06:51:22 rusty postfix/smtpd[11166]: NOQUEUE: reject: RCPT from 201-68-89-51.dsl.telesp.net.br[201.68.89.51]: 554 <tajettnqkr@net.br>: Sender address rejected: Domain not found; from=<tajettnqkr@net.br> to=<amusig-owner@slug.org.au> proto=ESMTP helo=<201-68-89-51.dsl.telesp.net.br>
Jun  4 06:51:23 rusty postfix/smtpd[11166]: lost connection after RCPT from 201-68-89-51.dsl.telesp.net.br[201.68.89.51]
Jun  4 06:51:23 rusty postfix/smtpd[11166]: disconnect from 201-68-89-51.dsl.telesp.net.br[201.68.89.51]
Jun  4 06:51:23 rusty postfix/smtpd[11345]: NOQUEUE: reject: RCPT from 201-68-89-51.dsl.telesp.net.br[201.68.89.51]: 554 <ehltgeg@net.br>: Sender address rejected: Domain not found; from=<ehltgeg@net.br> to=<amusig-requet@slug.org.au> proto=ESMTP helo=<201-68-89-51.dsl.telesp.net.br>
Jun  4 06:51:23 rusty postfix/smtpd[11345]: lost connection after RCPT from 201-68-89-51.dsl.telesp.net.br[201.68.89.51]
Jun  4 06:51:23 rusty postfix/smtpd[11345]: disconnect from 201-68-89-51.dsl.telesp.net.br[201.68.89.51]
Jun  4 06:51:23 rusty postfix/smtpd[11349]: NOQUEUE: reject: RCPT from 201-68-89-51.dsl.telesp.net.br[201.68.89.51]: 554 <xyffwvrfuz@net.br>: Sender address rejected: Domain not found; from=<xyffwvrfuz@net.br> to=<amusig@slug.org.au> proto=ESMTP helo=<201-68-89-51.dsl.telesp.net.br>
Jun  4 06:51:24 rusty postfix/smtpd[11349]: lost connection after RCPT from 201-68-89-51.dsl.telesp.net.br[201.68.89.51]
Jun  4 06:51:24 rusty postfix/smtpd[11349]: disconnect from 201-68-89-51.dsl.telesp.net.br[201.68.89.51]
Jun  4 06:51:24 rusty postfix/smtpd[11166]: connect from unknown[202.142.150.9]
Jun  4 06:51:24 rusty postfix/smtpd[11168]: warning: 88.145.172.190.opm.blitzed.org: RBL lookup error: Host or domain name not found. Name service error for name=88.145.172.190.opm.blitzed.org type=A: Host not found, try again
Jun  4 06:51:24 rusty postfix/smtpd[11168]: NOQUEUE: reject: RCPT from unknown[190.172.145.88]: 450 <thefesties@slug.org.au>: Recipient address rejected: Greylisted for 300 seconds (see http://isg.ee.ethz.ch/tools/postgrey/help/slug.org.au.html); from=<bwlabovementioned@navigatoris.us> to=<thefesties@slug.org.au> proto=SMTP helo=<navigatoris.us>
Jun  4 06:51:24 rusty postfix/smtpd[11168]: lost connection after RCPT from unknown[190.172.145.88]
Jun  4 06:51:24 rusty postfix/smtpd[11168]: disconnect from unknown[190.172.145.88]
Jun  4 06:51:29 rusty postfix/smtpd[11347]: connect from adsl196-130-66-217-196.adsl196-11.iam.net.ma[196.217.66.130]
Jun  4 06:51:31 rusty postfix/smtpd[11166]: NOQUEUE: reject: RCPT from unknown[202.142.150.9]: 554 Service unavailable; Client host [202.142.150.9] blocked using cbl.abuseat.org; Blocked - see http://cbl.abuseat.org/lookup.cgi?ip=202.142.150.9; from=<dealsinmotion.com@unfauxgettable.net> to=<rsvp@slug.org.au> proto=SMTP helo=<localhost>
Jun  4 06:51:32 rusty postfix/smtpd[11166]: lost connection after RCPT from unknown[202.142.150.9]
Jun  4 06:51:32 rusty postfix/smtpd[11166]: disconnect from unknown[202.142.150.9]
Jun  4 06:51:37 rusty postfix/smtpd[11347]: NOQUEUE: reject: RCPT from adsl196-130-66-217-196.adsl196-11.iam.net.ma[196.217.66.130]: 554 Service unavailable; Client host [196.217.66.130] blocked using cbl.abuseat.org; Blocked - see http://cbl.abuseat.org/lookup.cgi?ip=196.217.66.130; from=<astrotarots.com@fitnessisgood.com> to=<debian@slug.org.au> proto=SMTP helo=<localhost>
Jun  4 06:51:39 rusty postfix/smtpd[11347]: lost connection after RCPT from adsl196-130-66-217-196.adsl196-11.iam.net.ma[196.217.66.130]
Jun  4 06:51:39 rusty postfix/smtpd[11347]: disconnect from adsl196-130-66-217-196.adsl196-11.iam.net.ma[196.217.66.130]
Jun  4 06:51:56 rusty postfix/smtpd[11349]: warning: 38.100.80.109: address not listed for hostname ichvm1.incheckhost.com
Jun  4 06:51:56 rusty postfix/smtpd[11349]: connect from unknown[38.100.80.109]
Jun  4 06:52:07 rusty postfix/smtpd[11349]: warning: 109.80.100.38.relays.ordb.org: RBL lookup error: Host or domain name not found. Name service error for name=109.80.100.38.relays.ordb.org type=A: Host not found, try again
Jun  4 06:52:16 rusty postfix/smtp[11279]: 7ADBF118169: to=<ajones@harvestroad.com>, relay=mail.harvestroad.com.au[203.103.97.27], delay=157314, status=deferred (host mail.harvestroad.com.au[203.103.97.27] said: 450 <slug-bounces@slug.org.au>: Sender address rejected: Domain not found (in reply to RCPT TO command))
Jun  4 06:52:17 rusty postfix/smtp[11283]: 8159F1181CD: to=<ajones@harvestroad.com>, relay=mail.harvestroad.com.au[203.103.97.27], delay=327280, status=deferred (host mail.harvestroad.com.au[203.103.97.27] said: 450 <slug-bounces@slug.org.au>: Sender address rejected: Domain not found (in reply to RCPT TO command))
Jun  4 06:52:17 rusty postfix/smtp[11294]: C6650118205: to=<ajones@harvestroad.com>, relay=mail.harvestroad.com.au[203.103.97.27], delay=394473, status=deferred (host mail.harvestroad.com.au[203.103.97.27] said: 450 <slug-bounces@slug.org.au>: Sender address rejected: Domain not found (in reply to RCPT TO command))
Jun  4 06:52:17 rusty postfix/smtp[11297]: DB85C11812E: to=<ajones@harvestroad.com>, relay=mail.harvestroad.com.au[203.103.97.27], delay=136817, status=deferred (host mail.harvestroad.com.au[203.103.97.27] said: 450 <slug-bounces@slug.org.au>: Sender address rejected: Domain not found (in reply to RCPT TO command))
Jun  4 06:52:17 rusty postfix/smtp[11300]: D669411816F: to=<ajones@harvestroad.com>, relay=mail.harvestroad.com.au[203.103.97.27], delay=32768, status=deferred (host mail.harvestroad.com.au[203.103.97.27] said: 450 <slug-bounces@slug.org.au>: Sender address rejected: Domain not found (in reply to RCPT TO command))
Jun  4 06:52:27 rusty postfix/smtpd[11349]: warning: 109.80.100.38.opm.blitzed.org: RBL lookup error: Host or domain name not found. Name service error for name=109.80.100.38.opm.blitzed.org type=A: Host not found, try again
Jun  4 06:52:27 rusty postfix/smtpd[11349]: NOQUEUE: reject: RCPT from unknown[38.100.80.109]: 450 <jobs@slug.org.au>: Recipient address rejected: Greylisted for 300 seconds (see http://isg.ee.ethz.ch/tools/postgrey/help/slug.org.au.html); from=<nobody@ichvm2.incheckhost.com> to=<jobs@slug.org.au> proto=ESMTP helo=<ichvm2.incheckhost.com>
Jun  4 06:52:27 rusty postfix/smtpd[11349]: disconnect from unknown[38.100.80.109]
Jun  4 06:52:33 rusty postfix/smtpd[11168]: connect from cpe-76-172-201-236.socal.res.rr.com[76.172.201.236]
Jun  4 06:52:35 rusty postfix/smtpd[11345]: connect from pD9E25BB7.dip.t-dialin.net[217.226.91.183]
Jun  4 06:52:36 rusty postfix/smtpd[11168]: NOQUEUE: reject: RCPT from cpe-76-172-201-236.socal.res.rr.com[76.172.201.236]: 554 Service unavailable; Client host [76.172.201.236] blocked using cbl.abuseat.org; Blocked - see http://cbl.abuseat.org/lookup.cgi?ip=76.172.201.236; from=<wrkyxeenht@rr.com> to=<jobs@slug.org.au> proto=ESMTP helo=<cpe-76-172-201-236.socal.res.rr.com>
Jun  4 06:52:37 rusty postfix/smtpd[11168]: lost connection after RCPT from cpe-76-172-201-236.socal.res.rr.com[76.172.201.236]
Jun  4 06:52:37 rusty postfix/smtpd[11168]: disconnect from cpe-76-172-201-236.socal.res.rr.com[76.172.201.236]
Jun  4 06:52:47 rusty postfix/smtp[11279]: connect to none.harvestroad.com.au[203.103.97.241]: Connection timed out (port 25)
Jun  4 06:52:47 rusty postfix/smtp[11362]: connect to none.harvestroad.com.au[203.103.97.241]: Connection timed out (port 25)
Jun  4 06:52:47 rusty postfix/smtp[11283]: connect to none.harvestroad.com.au[203.103.97.241]: Connection timed out (port 25)
Jun  4 06:52:47 rusty postfix/smtp[11363]: connect to none.harvestroad.com.au[203.103.97.241]: Connection timed out (port 25)
Jun  4 06:52:47 rusty postfix/smtp[11294]: connect to none.harvestroad.com.au[203.103.97.241]: Connection timed out (port 25)
Jun  4 06:52:47 rusty postfix/smtp[11364]: connect to none.harvestroad.com.au[203.103.97.241]: Connection timed out (port 25)
Jun  4 06:52:47 rusty postfix/smtp[11297]: connect to none.harvestroad.com.au[203.103.97.241]: Connection timed out (port 25)
Jun  4 06:52:47 rusty postfix/smtp[11365]: connect to none.harvestroad.com.au[203.103.97.241]: Connection timed out (port 25)
Jun  4 06:52:52 rusty postfix/smtpd[11166]: connect from unknown[201.77.67.178]
Jun  4 06:52:54 rusty postfix/smtpd[11345]: lost connection after MAIL from pD9E25BB7.dip.t-dialin.net[217.226.91.183]
Jun  4 06:52:54 rusty postfix/smtpd[11345]: disconnect from pD9E25BB7.dip.t-dialin.net[217.226.91.183]
Jun  4 06:53:01 rusty postfix/smtpd[11166]: NOQUEUE: reject: RCPT from unknown[201.77.67.178]: 554 Service unavailable; Client host [201.77.67.178] blocked using ix.dnsbl.manitu.net; Comment:   IP address blocked, see http://ix.dnsbl.manitu.net/lookup.php?ipaddress=201.77.67.178, latest spam received via mail.ixlab.de at 2007-05-31T22:55+0200; from=<dbloom@getnoticedplus.com> to=<tgreen@slug.org.au> proto=SMTP helo=<getnoticedplus.com>
Jun  4 06:53:01 rusty postfix/smtpd[11166]: lost connection after RCPT from unknown[201.77.67.178]
Jun  4 06:53:01 rusty postfix/smtpd[11166]: disconnect from unknown[201.77.67.178]
Jun  4 06:53:09 rusty postfix/smtpd[11347]: connect from d141-155-206.home.cgocable.net[24.141.155.206]
Jun  4 06:53:27 rusty postfix/smtp[11362]: 9274B118165: to=<ajones@harvestroad.com>, relay=mail.harvestroad.com.au[203.103.97.27], delay=409406, status=deferred (host mail.harvestroad.com.au[203.103.97.27] said: 450 <slug-bounces@slug.org.au>: Sender address rejected: Domain not found (in reply to RCPT TO command))
Jun  4 06:53:27 rusty postfix/smtp[11283]: 94DC8118207: to=<ajones@harvestroad.com>, relay=mail.harvestroad.com.au[203.103.97.27], delay=391820, status=deferred (host mail.harvestroad.com.au[203.103.97.27] said: 450 <slug-bounces@slug.org.au>: Sender address rejected: Domain not found (in reply to RCPT TO command))
Jun  4 06:53:27 rusty postfix/smtp[11363]: 2201A118159: to=<ajones@harvestroad.com>, relay=mail.harvestroad.com.au[203.103.97.27], delay=116882, status=deferred (host mail.harvestroad.com.au[203.103.97.27] said: 450 <slug-bounces@slug.org.au>: Sender address rejected: Domain not found (in reply to RCPT TO command))
Jun  4 06:53:27 rusty postfix/smtp[11294]: 072981181B0: to=<ajones@harvestroad.com>, relay=mail.harvestroad.com.au[203.103.97.27], delay=406772, status=deferred (host mail.harvestroad.com.au[203.103.97.27] said: 450 <slug-bounces@slug.org.au>: Sender address rejected: Domain not found (in reply to RCPT TO command))
Jun  4 06:53:27 rusty postfix/smtp[11364]: 5C7F0118200: to=<ajones@harvestroad.com>, relay=mail.harvestroad.com.au[203.103.97.27], delay=327228, status=deferred (host mail.harvestroad.com.au[203.103.97.27] said: 450 <slug-bounces@slug.org.au>: Sender address rejected: Domain not found (in reply to RCPT TO command))
Jun  4 06:53:28 rusty postfix/smtp[11297]: 19153118228: to=<ajones@harvestroad.com>, relay=mail.harvestroad.com.au[203.103.97.27], delay=249536, status=deferred (host mail.harvestroad.com.au[203.103.97.27] said: 450 <slug-bounces@slug.org.au>: Sender address rejected: Domain not found (in reply to RCPT TO command))
Jun  4 06:53:32 rusty postfix/smtpd[11347]: warning: 206.155.141.24.ix.dnsbl.manitu.net: RBL lookup error: Host or domain name not found. Name service error for name=206.155.141.24.ix.dnsbl.manitu.net type=A: Host not found, try again
Jun  4 06:53:44 rusty postfix/smtpd[11347]: warning: 206.155.141.24.relays.ordb.org: RBL lookup error: Host or domain name not found. Name service error for name=206.155.141.24.relays.ordb.org type=A: Host not found, try again
Jun  4 06:53:44 rusty postfix/smtpd[11349]: connect from unknown[41.248.25.254]
Jun  4 06:53:55 rusty postfix/smtpd[11168]: connect from unknown[85.154.29.108]
Jun  4 06:53:56 rusty postfix/smtpd[11345]: warning: 201.11.212.249: hostname 201-11-212-249.paebv700.dsl.brasiltelecom.net.br verification failed: Name or service not known
Jun  4 06:53:56 rusty postfix/smtpd[11345]: connect from unknown[201.11.212.249]
Jun  4 06:54:00 rusty postfix/smtpd[11345]: NOQUEUE: reject: RCPT from unknown[201.11.212.249]: 554 Service unavailable; Client host [201.11.212.249] blocked using cbl.abuseat.org; Blocked - see http://cbl.abuseat.org/lookup.cgi?ip=201.11.212.249; from=<dkycompton@mailservice.ms> to=<tocommittee@slug.org.au> proto=SMTP helo=<mailservice.ms>
Jun  4 06:54:00 rusty postfix/smtpd[11166]: connect from 5ac29676.bb.sky.com[90.194.150.118]
Jun  4 06:54:00 rusty postfix/smtpd[11345]: lost connection after RCPT from unknown[201.11.212.249]
Jun  4 06:54:00 rusty postfix/smtpd[11345]: disconnect from unknown[201.11.212.249]
Jun  4 06:54:03 rusty postfix/smtpd[11168]: NOQUEUE: reject: RCPT from unknown[85.154.29.108]: 554 Service unavailable; Client host [85.154.29.108] blocked using cbl.abuseat.org; Blocked - see http://cbl.abuseat.org/lookup.cgi?ip=85.154.29.108; from=<iprod@vectormedia.com> to=<slug-chat-owner@slug.org.au> proto=SMTP helo=<vectormedia.com>
Jun  4 06:54:04 rusty postfix/smtpd[11349]: warning: 254.25.248.41.relays.ordb.org: RBL lookup error: Host or domain name not found. Name service error for name=254.25.248.41.relays.ordb.org type=A: Host not found, try again
Jun  4 06:54:04 rusty postfix/smtpd[11347]: warning: 206.155.141.24.opm.blitzed.org: RBL lookup error: Host or domain name not found. Name service error for name=206.155.141.24.opm.blitzed.org type=A: Host not found, try again
Jun  4 06:54:04 rusty postfix/smtpd[11347]: NOQUEUE: reject: RCPT from d141-155-206.home.cgocable.net[24.141.155.206]: 450 <a8eh0gl53kb16h3i@slug.org.au>: Recipient address rejected: Greylisted for 300 seconds (see http://isg.ee.ethz.ch/tools/postgrey/help/slug.org.au.html); from=<delugesmiscellaneous@bigdark.com> to=<a8eh0gl53kb16h3i@slug.org.au> proto=ESMTP helo=<d141-155-206.home.cgocable.net>
Jun  4 06:54:05 rusty postfix/smtpd[11168]: lost connection after RCPT from unknown[85.154.29.108]
Jun  4 06:54:05 rusty postfix/smtpd[11168]: disconnect from unknown[85.154.29.108]
Jun  4 06:54:12 rusty postfix/smtpd[11347]: lost connection after DATA from d141-155-206.home.cgocable.net[24.141.155.206]
Jun  4 06:54:12 rusty postfix/smtpd[11347]: disconnect from d141-155-206.home.cgocable.net[24.141.155.206]
Jun  4 06:54:20 rusty postfix/smtpd[11345]: connect from unknown[84.236.124.26]
Jun  4 06:54:21 rusty postfix/smtpd[11166]: warning: 118.150.194.90.relays.ordb.org: RBL lookup error: Host or domain name not found. Name service error for name=118.150.194.90.relays.ordb.org type=A: Host not found, try again
Jun  4 06:54:24 rusty postfix/smtpd[11349]: warning: 254.25.248.41.opm.blitzed.org: RBL lookup error: Host or domain name not found. Name service error for name=254.25.248.41.opm.blitzed.org type=A: Host not found, try again
Jun  4 06:54:24 rusty postfix/smtpd[11349]: NOQUEUE: reject: RCPT from unknown[41.248.25.254]: 450 <anand@slug.org.au>: Recipient address rejected: Greylisted for 300 seconds (see http://isg.ee.ethz.ch/tools/postgrey/help/slug.org.au.html); from=<keujkwycm@mattel.com> to=<anand@slug.org.au> proto=ESMTP helo=<[41.248.25.254]>
Jun  4 06:54:24 rusty postfix/smtpd[11349]: lost connection after RCPT from unknown[41.248.25.254]
Jun  4 06:54:24 rusty postfix/smtpd[11349]: disconnect from unknown[41.248.25.254]
Jun  4 06:54:26 rusty postfix/smtpd[11168]: connect from 179.178.111.218.jb02-home.tm.net.my[218.111.178.179]
Jun  4 06:54:34 rusty postfix/smtpd[11168]: NOQUEUE: reject: RCPT from 179.178.111.218.jb02-home.tm.net.my[218.111.178.179]: 554 Service unavailable; Client host [218.111.178.179] blocked using cbl.abuseat.org; Blocked - see http://cbl.abuseat.org/lookup.cgi?ip=218.111.178.179; from=<kvkdestitute@keinet.net> to=<toannounce@slug.org.au> proto=SMTP helo=<keinet.net>
Jun  4 06:54:35 rusty postfix/smtpd[11168]: lost connection after RCPT from 179.178.111.218.jb02-home.tm.net.my[218.111.178.179]
Jun  4 06:54:35 rusty postfix/smtpd[11168]: disconnect from 179.178.111.218.jb02-home.tm.net.my[218.111.178.179]
Jun  4 06:54:41 rusty postfix/smtpd[11166]: warning: 118.150.194.90.opm.blitzed.org: RBL lookup error: Host or domain name not found. Name service error for name=118.150.194.90.opm.blitzed.org type=A: Host not found, try again
Jun  4 06:54:41 rusty postfix/smtpd[11166]: NOQUEUE: reject: RCPT from 5ac29676.bb.sky.com[90.194.150.118]: 450 <xchix@slug.org.au>: Recipient address rejected: Greylisted for 300 seconds (see http://isg.ee.ethz.ch/tools/postgrey/help/slug.org.au.html); from=<bwaps.com@yheweathernetwork.com> to=<xchix@slug.org.au> proto=SMTP helo=<localhost>
Jun  4 06:54:42 rusty postfix/smtpd[11166]: lost connection after RCPT from 5ac29676.bb.sky.com[90.194.150.118]
Jun  4 06:54:42 rusty postfix/smtpd[11166]: disconnect from 5ac29676.bb.sky.com[90.194.150.118]
Jun  4 06:54:42 rusty postfix/smtpd[11345]: NOQUEUE: reject: RCPT from unknown[84.236.124.26]: 554 Service unavailable; Client host [84.236.124.26] blocked using cbl.abuseat.org; Blocked - see http://cbl.abuseat.org/lookup.cgi?ip=84.236.124.26; from=<pjbeauty@mail2tycoon.com> to=<tojobs@slug.org.au> proto=SMTP helo=<mail2tycoon.com>
Jun  4 06:54:43 rusty postfix/smtpd[11345]: lost connection after RCPT from unknown[84.236.124.26]
Jun  4 06:54:43 rusty postfix/smtpd[11345]: disconnect from unknown[84.236.124.26]
Jun  4 06:54:44 rusty postfix/smtpd[11347]: connect from 155-129-89-200.fibertel.com.ar[200.89.129.155]
Jun  4 06:54:47 rusty postfix/smtpd[11347]: NOQUEUE: reject: RCPT from 155-129-89-200.fibertel.com.ar[200.89.129.155]: 554 <rouomhjkpk@com.ar>: Sender address rejected: Domain not found; from=<rouomhjkpk@com.ar> to=<announce@slug.org.au> proto=ESMTP helo=<pc157.telecentro.com.ar>
Jun  4 06:54:47 rusty postfix/smtpd[11347]: lost connection after RCPT from 155-129-89-200.fibertel.com.ar[200.89.129.155]
Jun  4 06:54:47 rusty postfix/smtpd[11347]: disconnect from 155-129-89-200.fibertel.com.ar[200.89.129.155]
Jun  4 06:54:53 rusty postfix/smtpd[11349]: connect from dbn108.neoplus.adsl.tpnet.pl[83.23.39.108]
Jun  4 06:54:57 rusty postfix/smtp[11279]: BEB381181F6: to=<ajones@harvestroad.com>, relay=mail.harvestroad.com.au[203.103.97.27], delay=394660, status=deferred (host mail.harvestroad.com.au[203.103.97.27] said: 450 <slug-bounces@slug.org.au>: Sender address rejected: Domain not found (in reply to RCPT TO command))
Jun  4 06:54:57 rusty postfix/smtp[11365]: A854711818C: to=<ajones@harvestroad.com>, relay=mail.harvestroad.com.au[203.103.97.27], delay=427398, status=deferred (host mail.harvestroad.com.au[203.103.97.27] said: 450 <slug-bounces@slug.org.au>: Sender address rejected: Domain not found (in reply to RCPT TO command))
Jun  4 06:55:18 rusty postfix/smtpd[11349]: lost connection after CONNECT from dbn108.neoplus.adsl.tpnet.pl[83.23.39.108]
Jun  4 06:55:18 rusty postfix/smtpd[11349]: disconnect from dbn108.neoplus.adsl.tpnet.pl[83.23.39.108]
Jun  4 06:55:20 rusty postfix/smtpd[11168]: connect from 24-205-30-224.dhcp.nrwl.ca.charter.com[24.205.30.224]
Jun  4 06:55:24 rusty postfix/smtpd[11349]: connect from pool-71-254-143-170.lsanca.fios.verizon.net[71.254.143.170]
Jun  4 06:55:27 rusty postfix/smtpd[11349]: NOQUEUE: reject: RCPT from pool-71-254-143-170.lsanca.fios.verizon.net[71.254.143.170]: 554 Service unavailable; Client host [71.254.143.170] blocked using ix.dnsbl.manitu.net; Comment:   IP address blocked, see http://ix.dnsbl.manitu.net/lookup.php?ipaddress=71.254.143.170, latest spam received via relay.heise.de at 2007-06-03T14:58+0200; from=<qnceltsdqmb@verizon.net> to=<antigen_barsbs1@slug.org.au> proto=ESMTP helo=<pool-71-254-143-170.lsanca.fios.verizon.net>
Jun  4 06:55:27 rusty postfix/smtpd[11349]: lost connection after RCPT from pool-71-254-143-170.lsanca.fios.verizon.net[71.254.143.170]
Jun  4 06:55:27 rusty postfix/smtpd[11349]: disconnect from pool-71-254-143-170.lsanca.fios.verizon.net[71.254.143.170]
Jun  4 06:55:28 rusty postfix/smtpd[11168]: NOQUEUE: reject: RCPT from 24-205-30-224.dhcp.nrwl.ca.charter.com[24.205.30.224]: 554 Service unavailable; Client host [24.205.30.224] blocked using cbl.abuseat.org; Blocked - see http://cbl.abuseat.org/lookup.cgi?ip=24.205.30.224; from=<taegawpvyst@charter.com> to=<announce-owner@slug.org.au> proto=ESMTP helo=<24-205-30-224.dhcp.nrwl.ca.charter.com>
Jun  4 06:55:28 rusty postfix/smtpd[11168]: lost connection after RCPT from 24-205-30-224.dhcp.nrwl.ca.charter.com[24.205.30.224]
Jun  4 06:55:28 rusty postfix/smtpd[11168]: disconnect from 24-205-30-224.dhcp.nrwl.ca.charter.com[24.205.30.224]
Jun  4 06:55:52 rusty postfix/smtpd[11166]: connect from 93.32.97-84.rev.gaoland.net[84.97.32.93]
Jun  4 06:56:06 rusty postfix/smtpd[11345]: warning: 189.7.4.218: hostname bd0704da.bnu.virtua.com.br verification failed: Name or service not known
Jun  4 06:56:06 rusty postfix/smtpd[11345]: connect from unknown[189.7.4.218]
Jun  4 06:56:07 rusty postfix/smtpd[11347]: connect from 87-205-178-80.adsl.inetia.pl[87.205.178.80]
Jun  4 06:56:08 rusty postfix/smtpd[11347]: NOQUEUE: reject: RCPT from 87-205-178-80.adsl.inetia.pl[87.205.178.80]: 554 <dtdiffractometer@hyipparade.com>: Sender address rejected: Domain not found; from=<dtdiffractometer@hyipparade.com> to=<toslug-chat-request@slug.org.au> proto=SMTP helo=<hyipparade.com>
Jun  4 06:56:08 rusty postfix/smtpd[11347]: lost connection after RCPT from 87-205-178-80.adsl.inetia.pl[87.205.178.80]
Jun  4 06:56:08 rusty postfix/smtpd[11347]: disconnect from 87-205-178-80.adsl.inetia.pl[87.205.178.80]
Jun  4 06:56:09 rusty postfix/smtpd[11349]: connect from 87-205-178-80.adsl.inetia.pl[87.205.178.80]
Jun  4 06:56:09 rusty postfix/smtpd[11166]: NOQUEUE: reject: RCPT from 93.32.97-84.rev.gaoland.net[84.97.32.93]: 554 Service unavailable; Client host [84.97.32.93] blocked using cbl.abuseat.org; Blocked - see http://cbl.abuseat.org/lookup.cgi?ip=84.97.32.93; from=<mkzamawalk@gaoland.net> to=<cbooth@slug.org.au> proto=SMTP helo=<93.32.97-84.rev.gaoland.net>
Jun  4 06:56:10 rusty postfix/smtpd[11166]: lost connection after RCPT from 93.32.97-84.rev.gaoland.net[84.97.32.93]
Jun  4 06:56:10 rusty postfix/smtpd[11166]: disconnect from 93.32.97-84.rev.gaoland.net[84.97.32.93]
Jun  4 06:56:10 rusty postfix/smtpd[11347]: connect from pool-71-254-45-93.roa.east.verizon.net[71.254.45.93]
Jun  4 06:56:18 rusty postfix/smtpd[11166]: connect from 87-205-178-80.adsl.inetia.pl[87.205.178.80]
Jun  4 06:56:20 rusty postfix/smtpd[11345]: warning: 218.4.7.189.relays.ordb.org: RBL lookup error: Host or domain name not found. Name service error for name=218.4.7.189.relays.ordb.org type=A: Host not found, try again
Jun  4 06:56:23 rusty postfix/smtpd[11166]: NOQUEUE: reject: RCPT from 87-205-178-80.adsl.inetia.pl[87.205.178.80]: 554 Service unavailable; Client host [87.205.178.80] blocked using cbl.abuseat.org; Blocked - see http://cbl.abuseat.org/lookup.cgi?ip=87.205.178.80; from=<vdbcarlo@centrum.cz> to=<toslug@slug.org.au> proto=SMTP helo=<centrum.cz>
Jun  4 06:56:23 rusty postfix/smtpd[11349]: NOQUEUE: reject: RCPT from 87-205-178-80.adsl.inetia.pl[87.205.178.80]: 554 Service unavailable; Client host [87.205.178.80] blocked using cbl.abuseat.org; Blocked - see http://cbl.abuseat.org/lookup.cgi?ip=87.205.178.80; from=<keautoclave@interlinc.net> to=<toslug-request@slug.org.au> proto=SMTP helo=<interlinc.net>
Jun  4 06:56:23 rusty postfix/smtpd[11166]: lost connection after RCPT from 87-205-178-80.adsl.inetia.pl[87.205.178.80]
Jun  4 06:56:23 rusty postfix/smtpd[11166]: disconnect from 87-205-178-80.adsl.inetia.pl[87.205.178.80]
Jun  4 06:56:23 rusty postfix/smtpd[11349]: lost connection after RCPT from 87-205-178-80.adsl.inetia.pl[87.205.178.80]
Jun  4 06:56:23 rusty postfix/smtpd[11349]: disconnect from 87-205-178-80.adsl.inetia.pl[87.205.178.80]
Jun  4 06:56:35 rusty postfix/smtpd[11168]: connect from ARouen-152-1-96-163.w90-22.abo.wanadoo.fr[90.22.174.163]
Jun  4 06:56:40 rusty postfix/smtpd[11345]: warning: 218.4.7.189.opm.blitzed.org: RBL lookup error: Host or domain name not found. Name service error for name=218.4.7.189.opm.blitzed.org type=A: Host not found, try again
Jun  4 06:56:40 rusty postfix/smtpd[11345]: NOQUEUE: reject: RCPT from unknown[189.7.4.218]: 450 <topearls@slug.org.au>: Recipient address rejected: Greylisted for 300 seconds (see http://isg.ee.ethz.ch/tools/postgrey/help/slug.org.au.html); from=<mdecedric@mightyhorn.com> to=<topearls@slug.org.au> proto=SMTP helo=<mightyhorn.com>
Jun  4 06:56:40 rusty postfix/smtpd[11345]: lost connection after RCPT from unknown[189.7.4.218]
Jun  4 06:56:40 rusty postfix/smtpd[11345]: disconnect from unknown[189.7.4.218]
Jun  4 06:56:42 rusty postfix/smtpd[11347]: warning: 93.45.254.71.relays.ordb.org: RBL lookup error: Host or domain name not found. Name service error for name=93.45.254.71.relays.ordb.org type=A: Host not found, try again
Jun  4 06:56:45 rusty postfix/smtpd[11166]: connect from e182045050.adsl.alicedsl.de[85.182.45.50]
Jun  4 06:57:02 rusty postfix/smtpd[11347]: warning: 93.45.254.71.opm.blitzed.org: RBL lookup error: Host or domain name not found. Name service error for name=93.45.254.71.opm.blitzed.org type=A: Host not found, try again
Jun  4 06:57:02 rusty postfix/smtpd[11347]: NOQUEUE: reject: RCPT from pool-71-254-45-93.roa.east.verizon.net[71.254.45.93]: 450 <tusig-request@slug.org.au>: Recipient address rejected: Greylisted for 300 seconds (see http://isg.ee.ethz.ch/tools/postgrey/help/slug.org.au.html); from=<ubtanhydride@maxis.fr> to=<tusig-request@slug.org.au> proto=SMTP helo=<pool-71-254-45-93.roa.east.verizon.net>
Jun  4 06:57:02 rusty postfix/smtpd[11347]: lost connection after RCPT from pool-71-254-45-93.roa.east.verizon.net[71.254.45.93]
Jun  4 06:57:02 rusty postfix/smtpd[11347]: disconnect from pool-71-254-45-93.roa.east.verizon.net[71.254.45.93]
Jun  4 06:57:04 rusty postfix/smtpd[11168]: warning: 163.174.22.90.relays.ordb.org: RBL lookup error: Host or domain name not found. Name service error for name=163.174.22.90.relays.ordb.org type=A: Host not found, try again
Jun  4 06:57:07 rusty postfix/smtpd[11166]: warning: 50.45.182.85.relays.ordb.org: RBL lookup error: Host or domain name not found. Name service error for name=50.45.182.85.relays.ordb.org type=A: Host not found, try again
Jun  4 06:57:13 rusty postfix/smtpd[11349]: connect from server.accesscountry.com[64.22.89.10]
Jun  4 06:57:24 rusty postfix/smtpd[11168]: warning: 163.174.22.90.opm.blitzed.org: RBL lookup error: Host or domain name not found. Name service error for name=163.174.22.90.opm.blitzed.org type=A: Host not found, try again
Jun  4 06:57:24 rusty postfix/smtpd[11168]: NOQUEUE: reject: RCPT from ARouen-152-1-96-163.w90-22.abo.wanadoo.fr[90.22.174.163]: 450 <tgreen@slug.org.au>: Recipient address rejected: Greylisted for 300 seconds (see http://isg.ee.ethz.ch/tools/postgrey/help/slug.org.au.html); from=<ochiefdom@activenetwork.it> to=<tgreen@slug.org.au> proto=SMTP helo=<ARouen-152-1-96-163.w90-22.abo.wanadoo.fr>
Jun  4 06:57:24 rusty postfix/smtpd[11168]: lost connection after RCPT from ARouen-152-1-96-163.w90-22.abo.wanadoo.fr[90.22.174.163]
Jun  4 06:57:24 rusty postfix/smtpd[11168]: disconnect from ARouen-152-1-96-163.w90-22.abo.wanadoo.fr[90.22.174.163]
Jun  4 06:57:26 rusty postfix/smtpd[11349]: warning: 10.89.22.64.relays.ordb.org: RBL lookup error: Host or domain name not found. Name service error for name=10.89.22.64.relays.ordb.org type=A: Host not found, try again
Jun  4 06:57:27 rusty postfix/smtpd[11166]: warning: 50.45.182.85.opm.blitzed.org: RBL lookup error: Host or domain name not found. Name service error for name=50.45.182.85.opm.blitzed.org type=A: Host not found, try again
Jun  4 06:57:27 rusty postfix/smtpd[11166]: NOQUEUE: reject: RCPT from e182045050.adsl.alicedsl.de[85.182.45.50]: 450 <31-event@slug.org.au>: Recipient address rejected: Greylisted for 300 seconds (see http://isg.ee.ethz.ch/tools/postgrey/help/slug.org.au.html); from=<aniutek1@neostrada.pl> to=<31-event@slug.org.au> proto=ESMTP helo=<christia-7knumt>
Jun  4 06:57:27 rusty postfix/smtpd[11166]: lost connection after RCPT from e182045050.adsl.alicedsl.de[85.182.45.50]
Jun  4 06:57:27 rusty postfix/smtpd[11166]: disconnect from e182045050.adsl.alicedsl.de[85.182.45.50]
Jun  4 06:57:31 rusty postfix/smtpd[11345]: connect from unknown[80.50.232.214]
Jun  4 06:57:38 rusty postfix/smtpd[11347]: connect from ip83-154-211-87.adsl2.versatel.nl[87.211.154.83]
Jun  4 06:57:38 rusty postfix/smtpd[11345]: NOQUEUE: reject: RCPT from unknown[80.50.232.214]: 554 Service unavailable; Client host [80.50.232.214] blocked using ix.dnsbl.manitu.net; Comment:   IP address blocked, see http://ix.dnsbl.manitu.net/lookup.php?ipaddress=80.50.232.214, latest spam received via mx0.gmx.net at 2007-06-03T09:32+0200; from=<kallude@khandelwals.com> to=<tony@slug.org.au> proto=SMTP helo=<khandelwals.com>
Jun  4 06:57:39 rusty postfix/smtpd[11345]: lost connection after RCPT from unknown[80.50.232.214]
Jun  4 06:57:39 rusty postfix/smtpd[11345]: disconnect from unknown[80.50.232.214]
Jun  4 06:57:46 rusty postfix/smtpd[11349]: warning: 10.89.22.64.opm.blitzed.org: RBL lookup error: Host or domain name not found. Name service error for name=10.89.22.64.opm.blitzed.org type=A: Host not found, try again
Jun  4 06:57:46 rusty postfix/smtpd[11349]: 8BA2E118145: client=server.accesscountry.com[64.22.89.10]
Jun  4 06:57:47 rusty postfix/cleanup[11476]: 8BA2E118145: message-id=<E1Hux0A-000565-3i@server.accesscountry.com>
Jun  4 06:57:47 rusty postfix/local[11478]: 8BA2E118145: to=<coders@slug.org.au>, relay=local, delay=34, status=sent (delivered to command: /var/lib/mailman/mail/mailman post coders)
Jun  4 06:57:48 rusty postfix/smtpd[11349]: disconnect from server.accesscountry.com[64.22.89.10]
Jun  4 06:57:48 rusty spamd[19590]: spamd: connection from localhost.localdomain [127.0.0.1] at port 44012 
Jun  4 06:57:48 rusty spamd[19590]: spamd: checking message <E1Hux0A-000565-3i@server.accesscountry.com> for coders:1011 
Jun  4 06:57:49 rusty spamd[19590]: Can't locate Sys/Hostname/Long.pm in @INC (@INC contains: ../lib /usr/share/perl5 /etc/perl /usr/local/lib/perl/5.8.7 /usr/local/share/perl/5.8.7 /usr/lib/perl5 /usr/lib/perl/5.8 /usr/share/perl/5.8 /usr/local/lib/site_perl) at /usr/share/perl5/Mail/SPF/Query.pm line 336, <GEN326> line 269. 
Jun  4 06:57:49 rusty spamd[19590]: Can't locate Sys/Hostname/Long.pm in @INC (@INC contains: ../lib /usr/share/perl5 /etc/perl /usr/local/lib/perl/5.8.7 /usr/local/share/perl/5.8.7 /usr/lib/perl5 /usr/lib/perl/5.8 /usr/share/perl/5.8 /usr/local/lib/site_perl) at /usr/share/perl5/Mail/SPF/Query.pm line 336, <GEN326> line 269. 
Jun  4 06:57:50 rusty postfix/smtpd[11347]: NOQUEUE: reject: RCPT from ip83-154-211-87.adsl2.versatel.nl[87.211.154.83]: 554 Service unavailable; Client host [87.211.154.83] blocked using cbl.abuseat.org; Blocked - see http://cbl.abuseat.org/lookup.cgi?ip=87.211.154.83; from=<i-pcservices.net@kingdirt.com> to=<web-devel@slug.org.au> proto=SMTP helo=<localhost>
Jun  4 06:57:50 rusty postfix/smtpd[11347]: lost connection after RCPT from ip83-154-211-87.adsl2.versatel.nl[87.211.154.83]
Jun  4 06:57:50 rusty postfix/smtpd[11347]: disconnect from ip83-154-211-87.adsl2.versatel.nl[87.211.154.83]
Jun  4 06:57:51 rusty postfix/smtpd[11168]: connect from p50916216.dip.t-dialin.net[80.145.98.22]
Jun  4 06:57:52 rusty spamd[19590]: spamd: identified spam (5.9/5.0) for coders:1011 in 4.1 seconds, 11014 bytes. 
Jun  4 06:57:52 rusty spamd[19590]: spamd: result: Y  5 - ADVANCE_FEE_1,BAYES_99,HTML_MESSAGE,MIME_HTML_ONLY scantime=4.1,size=11014,user=coders,uid=1011,required_score=5.0,rhost=localhost.localdomain,raddr=127.0.0.1,rport=44012,mid=<E1Hux0A-000565-3i@server.accesscountry.com>,bayes=1,autolearn=no 
Jun  4 06:57:52 rusty spamd[1026]: prefork: child states: II 
Jun  4 06:57:53 rusty postfix/smtpd[11166]: connect from localhost.localdomain[127.0.0.1]
Jun  4 06:57:53 rusty postfix/smtpd[11166]: 40FF4118145: client=localhost.localdomain[127.0.0.1]
Jun  4 06:57:53 rusty postfix/cleanup[11476]: 40FF4118145: message-id=<mailman.579.1180904272.1084.coders@slug.org.au>
Jun  4 06:57:53 rusty postfix/smtpd[11166]: disconnect from localhost.localdomain[127.0.0.1]
Jun  4 06:57:53 rusty postfix/smtpd[11345]: connect from localhost.localdomain[127.0.0.1]
Jun  4 06:57:53 rusty postfix/smtpd[11345]: 605F3118174: client=localhost.localdomain[127.0.0.1]
Jun  4 06:57:53 rusty postfix/cleanup[11476]: 605F3118174: message-id=<mailman.580.1180904272.1084.coders@slug.org.au>
Jun  4 06:57:53 rusty postfix/smtpd[11345]: disconnect from localhost.localdomain[127.0.0.1]
Jun  4 06:57:53 rusty postfix/local[11478]: 605F3118174: to=<coders-owner@slug.org.au>, relay=local, delay=0, status=sent (delivered to command: /var/lib/mailman/mail/mailman owner coders)
Jun  4 06:57:54 rusty postfix/smtpd[11349]: connect from localhost.localdomain[127.0.0.1]
Jun  4 06:57:54 rusty postfix/smtpd[11349]: 7D3BD118174: client=localhost.localdomain[127.0.0.1]
Jun  4 06:57:54 rusty postfix/cleanup[11476]: 7D3BD118174: message-id=<mailman.580.1180904272.1084.coders@slug.org.au>
Jun  4 06:57:54 rusty postfix/smtpd[11349]: 8B1CA118177: client=localhost.localdomain[127.0.0.1]
Jun  4 06:57:54 rusty postfix/cleanup[11486]: 8B1CA118177: message-id=<mailman.580.1180904272.1084.coders@slug.org.au>
Jun  4 06:57:54 rusty postfix/smtpd[11349]: disconnect from localhost.localdomain[127.0.0.1]
Jun  4 06:57:54 rusty postfix/cleanup[11476]: 96A7211817A: message-id=<mailman.580.1180904272.1084.coders@slug.org.au>
Jun  4 06:57:54 rusty postfix/local[11478]: 8B1CA118177: to=<ctd@slug.org.au>, relay=local, delay=0, status=sent (forwarded as 96A7211817A)
Jun  4 06:57:54 rusty postfix/cleanup[11486]: 9F8A211817B: message-id=<mailman.580.1180904272.1084.coders@slug.org.au>
Jun  4 06:57:54 rusty postfix/cleanup[11476]: A48E711817C: message-id=<mailman.580.1180904272.1084.coders@slug.org.au>
Jun  4 06:57:54 rusty postfix/local[11478]: 8B1CA118177: to=<lindsay@slug.org.au>, relay=local, delay=0, status=sent (forwarded as 9F8A211817B)
Jun  4 06:57:54 rusty postfix/local[11488]: 8B1CA118177: to=<kenwilson@slug.org.au>, relay=local, delay=0, status=sent (forwarded as A48E711817C)
Jun  4 06:57:55 rusty postfix/smtpd[11347]: connect from unknown[89.31.89.32]
Jun  4 06:57:55 rusty postfix/smtp[11482]: 40FF4118145: to=<suspension@tdcanadatrust.com>, relay=ecmcmx1.tdcanadatrust.com[142.205.212.154], delay=2, status=bounced (host ecmcmx1.tdcanadatrust.com[142.205.212.154] said: 550 #5.1.0 Address rejected. (in reply to RCPT TO command))
Jun  4 06:57:55 rusty postfix/smtp[11485]: 7D3BD118174: to=<erikd@mega-nerd.com>, relay=mailin1.pacific.net.au[61.8.0.80], delay=1, status=sent (250 2.0.0 Ok: queued as DE32947C488)
Jun  4 06:57:55 rusty postfix/cleanup[11490]: AF953118174: message-id=<20070603205755.AF953118174@rusty.slug.org.au>
Jun  4 06:57:55 rusty postfix/local[11489]: AF953118174: to=<coders-bounces@slug.org.au>, relay=local, delay=0, status=sent (delivered to command: /var/lib/mailman/mail/mailman bounces coders)
Jun  4 06:57:55 rusty postfix/smtp[11492]: 9F8A211817B: to=<lindsay@holmwood.id.au>, orig_to=<lindsay@slug.org.au>, relay=mail.holmwood.id.au[202.177.221.61], delay=1, status=sent (250 Ok: queued as AFFCC5852C)
Jun  4 06:57:56 rusty postfix/smtp[11493]: A48E711817C: to=<kenwilso@ozemail.com.au>, orig_to=<kenwilson@slug.org.au>, relay=as-av.iinet.net.au[203.0.178.180], delay=2, status=sent (250 ok:  Message 31749058 accepted)
Jun  4 06:57:56 rusty postfix/smtp[11487]: 8B1CA118177: to=<foskey@optushome.com.au>, relay=mail.optusnet.com.au[211.29.132.250], delay=2, status=sent (250 2.0.0 l53KnO8G031775 Message accepted for delivery)
Jun  4 06:57:58 rusty postfix/smtp[11491]: 96A7211817A: to=<chris@ctd.id.au>, orig_to=<ctd@slug.org.au>, relay=ASPMX.L.GOOGLE.COM[209.85.147.27], delay=4, status=sent (250 2.0.0 OK 1180903768 m10si4444433waf)
Jun  4 06:57:59 rusty postfix/smtpd[11347]: NOQUEUE: reject: RCPT from unknown[89.31.89.32]: 554 Service unavailable; Client host [89.31.89.32] blocked using cbl.abuseat.org; Blocked - see http://cbl.abuseat.org/lookup.cgi?ip=89.31.89.32; from=<vyorient@serrasold.com> to=<slug-chat-owner@slug.org.au> proto=SMTP helo=<serrasold.com>
Jun  4 06:58:00 rusty postfix/smtpd[11347]: lost connection after RCPT from unknown[89.31.89.32]
Jun  4 06:58:00 rusty postfix/smtpd[11347]: disconnect from unknown[89.31.89.32]
Jun  4 06:58:11 rusty postfix/smtpd[11168]: warning: 22.98.145.80.relays.ordb.org: RBL lookup error: Host or domain name not found. Name service error for name=22.98.145.80.relays.ordb.org type=A: Host not found, try again
Jun  4 06:58:18 rusty postfix/scache[11309]: statistics: start interval Jun  4 06:49:37
Jun  4 06:58:18 rusty postfix/scache[11309]: statistics: domain lookup hits=9 miss=25 success=26%
Jun  4 06:58:18 rusty postfix/scache[11309]: statistics: address lookup hits=0 miss=33 success=0%
Jun  4 06:58:18 rusty postfix/scache[11309]: statistics: max simultaneous domains=1 addresses=1 connection=11
Jun  4 06:58:25 rusty postfix/smtpd[11166]: connect from unknown[80.51.58.213]
Jun  4 06:58:31 rusty postfix/smtpd[11168]: warning: 22.98.145.80.opm.blitzed.org: RBL lookup error: Host or domain name not found. Name service error for name=22.98.145.80.opm.blitzed.org type=A: Host not found, try again
Jun  4 06:58:31 rusty postfix/smtpd[11168]: NOQUEUE: reject: RCPT from p50916216.dip.t-dialin.net[80.145.98.22]: 450 <gxvpropksqhm@slug.org.au>: Recipient address rejected: Greylisted for 300 seconds (see http://isg.ee.ethz.ch/tools/postgrey/help/slug.org.au.html); from=<lucindanmj@ganiks.com> to=<gxvpropksqhm@slug.org.au> proto=SMTP helo=<ganiks.com>
Jun  4 06:58:31 rusty postfix/smtpd[11168]: lost connection after RCPT from p50916216.dip.t-dialin.net[80.145.98.22]
Jun  4 06:58:31 rusty postfix/smtpd[11168]: disconnect from p50916216.dip.t-dialin.net[80.145.98.22]
Jun  4 06:58:39 rusty postfix/smtpd[11166]: NOQUEUE: reject: RCPT from unknown[80.51.58.213]: 554 Service unavailable; Client host [80.51.58.213] blocked using cbl.abuseat.org; Blocked - see http://cbl.abuseat.org/lookup.cgi?ip=80.51.58.213; from=<nleakey@emailpinoy.com> to=<owner-slug@slug.org.au> proto=SMTP helo=<emailpinoy.com>
Jun  4 06:58:39 rusty postfix/smtpd[11166]: lost connection after RCPT from unknown[80.51.58.213]
Jun  4 06:58:39 rusty postfix/smtpd[11166]: disconnect from unknown[80.51.58.213]
Jun  4 06:58:43 rusty postfix/smtpd[11345]: connect from d141-155-206.home.cgocable.net[24.141.155.206]
Jun  4 06:58:49 rusty postfix/smtpd[11349]: connect from cnq19.neoplus.adsl.tpnet.pl[83.31.170.19]
Jun  4 06:58:59 rusty postfix/smtpd[11345]: warning: 206.155.141.24.relays.ordb.org: RBL lookup error: Host or domain name not found. Name service error for name=206.155.141.24.relays.ordb.org type=A: Host not found, try again
Jun  4 06:59:17 rusty postfix/smtpd[11349]: warning: 19.170.31.83.relays.ordb.org: RBL lookup error: Host or domain name not found. Name service error for name=19.170.31.83.relays.ordb.org type=A: Host not found, try again
Jun  4 06:59:19 rusty postfix/smtpd[11345]: warning: 206.155.141.24.opm.blitzed.org: RBL lookup error: Host or domain name not found. Name service error for name=206.155.141.24.opm.blitzed.org type=A: Host not found, try again
Jun  4 06:59:19 rusty postfix/smtpd[11345]: NOQUEUE: reject: RCPT from d141-155-206.home.cgocable.net[24.141.155.206]: 450 <a8eh0gl53kb16h3i@slug.org.au>: Recipient address rejected: Greylisted for 300 seconds (see http://isg.ee.ethz.ch/tools/postgrey/help/slug.org.au.html); from=<Roxieflatfish@itsacinch.org> to=<a8eh0gl53kb16h3i@slug.org.au> proto=ESMTP helo=<d141-155-206.home.cgocable.net>
Jun  4 06:59:23 rusty postfix/smtpd[11347]: connect from dht150.neoplus.adsl.tpnet.pl[83.23.201.150]
Jun  4 06:59:25 rusty postfix/smtpd[11345]: lost connection after DATA from d141-155-206.home.cgocable.net[24.141.155.206]
Jun  4 06:59:25 rusty postfix/smtpd[11345]: disconnect from d141-155-206.home.cgocable.net[24.141.155.206]
Jun  4 06:59:25 rusty postfix/smtpd[11347]: NOQUEUE: reject: RCPT from dht150.neoplus.adsl.tpnet.pl[83.23.201.150]: 554 <tlaristocracy@hyiptracker.net>: Sender address rejected: Domain not found; from=<tlaristocracy@hyiptracker.net> to=<trivia@slug.org.au> proto=SMTP helo=<hyiptracker.net>
Jun  4 06:59:25 rusty postfix/smtpd[11347]: lost connection after RCPT from dht150.neoplus.adsl.tpnet.pl[83.23.201.150]
Jun  4 06:59:25 rusty postfix/smtpd[11347]: disconnect from dht150.neoplus.adsl.tpnet.pl[83.23.201.150]
Jun  4 06:59:37 rusty postfix/smtpd[11349]: warning: 19.170.31.83.opm.blitzed.org: RBL lookup error: Host or domain name not found. Name service error for name=19.170.31.83.opm.blitzed.org type=A: Host not found, try again
Jun  4 06:59:37 rusty postfix/smtpd[11349]: NOQUEUE: reject: RCPT from cnq19.neoplus.adsl.tpnet.pl[83.31.170.19]: 450 <gus@slug.org.au>: Recipient address rejected: Greylisted for 300 seconds (see http://isg.ee.ethz.ch/tools/postgrey/help/slug.org.au.html); from=<aminetto@kaf-i.kg> to=<gus@slug.org.au> proto=SMTP helo=<kaf-i.kg>
Jun  4 06:59:37 rusty postfix/smtpd[11349]: lost connection after RCPT from cnq19.neoplus.adsl.tpnet.pl[83.31.170.19]
Jun  4 06:59:37 rusty postfix/smtpd[11349]: disconnect from cnq19.neoplus.adsl.tpnet.pl[83.31.170.19]
Jun  4 06:59:55 rusty postfix/smtpd[11168]: connect from 80-218-109-1.dclient.hispeed.ch[80.218.109.1]
Jun  4 06:59:57 rusty postfix/smtpd[11168]: NOQUEUE: reject: RCPT from 80-218-109-1.dclient.hispeed.ch[80.218.109.1]: 554 Service unavailable; Client host [80.218.109.1] blocked using ix.dnsbl.manitu.net; Comment:   IP address blocked, see http://ix.dnsbl.manitu.net/lookup.php?ipaddress=80.218.109.1, latest spam received via relay.heise.de at 2007-06-03T17:33+0200; from=<ektggfjpq@hispeed.ch> to=<lindsay@slug.org.au> proto=ESMTP helo=<80-218-109-1.dclient.hispeed.ch>
Jun  4 06:59:58 rusty postfix/smtpd[11166]: connect from unknown[222.133.251.176]
Jun  4 06:59:58 rusty postfix/smtpd[11168]: lost connection after RCPT from 80-218-109-1.dclient.hispeed.ch[80.218.109.1]
Jun  4 06:59:58 rusty postfix/smtpd[11168]: disconnect from 80-218-109-1.dclient.hispeed.ch[80.218.109.1]
Jun  4 07:00:05 rusty postfix/smtpd[11166]: NOQUEUE: reject: RCPT from unknown[222.133.251.176]: 554 Service unavailable; Client host [222.133.251.176] blocked using cbl.abuseat.org; Blocked - see http://cbl.abuseat.org/lookup.cgi?ip=222.133.251.176; from=<louvaleiq@ca1.dk> to=<cbooth@slug.org.au> proto=SMTP helo=<ca1.dk>
Jun  4 07:00:05 rusty postfix/smtpd[11166]: lost connection after RCPT from unknown[222.133.251.176]
Jun  4 07:00:05 rusty postfix/smtpd[11166]: disconnect from unknown[222.133.251.176]
Jun  4 07:00:37 rusty postfix/smtpd[11347]: connect from 0x503ff002.albnxx10.adsl-dhcp.tele.dk[80.63.240.2]
Jun  4 07:00:46 rusty postfix/smtpd[11349]: warning: 189.139.87.155: hostname dsl-189-139-87-155.prod-infinitum.com.mx verification failed: Name or service not known
Jun  4 07:00:46 rusty postfix/smtpd[11349]: connect from unknown[189.139.87.155]
Jun  4 07:00:56 rusty postfix/smtpd[11347]: warning: 2.240.63.80.relays.ordb.org: RBL lookup error: Host or domain name not found. Name service error for name=2.240.63.80.relays.ordb.org type=A: Host not found, try again
Jun  4 07:00:59 rusty postfix/smtpd[11345]: connect from 96.Red-80-58-247.staticIP.rima-tde.net[80.58.247.96]
Jun  4 07:01:12 rusty postfix/smtpd[11345]: warning: 96.247.58.80.relays.ordb.org: RBL lookup error: Host or domain name not found. Name service error for name=96.247.58.80.relays.ordb.org type=A: Host not found, try again
Jun  4 07:01:13 rusty postfix/smtpd[11349]: warning: 155.87.139.189.relays.ordb.org: RBL lookup error: Host or domain name not found. Name service error for name=155.87.139.189.relays.ordb.org type=A: Host not found, try again
Jun  4 07:01:16 rusty postfix/smtpd[11347]: warning: 2.240.63.80.opm.blitzed.org: RBL lookup error: Host or domain name not found. Name service error for name=2.240.63.80.opm.blitzed.org type=A: Host not found, try again
Jun  4 07:01:16 rusty postfix/smtpd[11347]: NOQUEUE: reject: RCPT from 0x503ff002.albnxx10.adsl-dhcp.tele.dk[80.63.240.2]: 450 <verminous@slug.org.au>: Recipient address rejected: Greylisted for 300 seconds (see http://isg.ee.ethz.ch/tools/postgrey/help/slug.org.au.html); from=<hyubreakthrough@mweb.co.th> to=<verminous@slug.org.au> proto=SMTP helo=<tobias.opasia.dk>
Jun  4 07:01:16 rusty postfix/smtpd[11347]: lost connection after RCPT from 0x503ff002.albnxx10.adsl-dhcp.tele.dk[80.63.240.2]
Jun  4 07:01:16 rusty postfix/smtpd[11347]: disconnect from 0x503ff002.albnxx10.adsl-dhcp.tele.dk[80.63.240.2]
Jun  4 07:01:32 rusty postfix/smtpd[11345]: warning: 96.247.58.80.opm.blitzed.org: RBL lookup error: Host or domain name not found. Name service error for name=96.247.58.80.opm.blitzed.org type=A: Host not found, try again
Jun  4 07:01:32 rusty postfix/smtpd[11345]: NOQUEUE: reject: RCPT from 96.Red-80-58-247.staticIP.rima-tde.net[80.58.247.96]: 450 <gus@slug.org.au>: Recipient address rejected: Greylisted for 300 seconds (see http://isg.ee.ethz.ch/tools/postgrey/help/slug.org.au.html); from=<ignacio742@rima-tde.net> to=<gus@slug.org.au> proto=SMTP helo=<96.Red-80-58-247.staticIP.rima-tde.net>
Jun  4 07:01:32 rusty postfix/smtpd[11345]: lost connection after RCPT from 96.Red-80-58-247.staticIP.rima-tde.net[80.58.247.96]
Jun  4 07:01:32 rusty postfix/smtpd[11345]: disconnect from 96.Red-80-58-247.staticIP.rima-tde.net[80.58.247.96]
Jun  4 07:01:33 rusty postfix/smtpd[11349]: warning: 155.87.139.189.opm.blitzed.org: RBL lookup error: Host or domain name not found. Name service error for name=155.87.139.189.opm.blitzed.org type=A: Host not found, try again
Jun  4 07:01:33 rusty postfix/smtpd[11349]: NOQUEUE: reject: RCPT from unknown[189.139.87.155]: 450 <festies@slug.org.au>: Recipient address rejected: Greylisted for 300 seconds (see http://isg.ee.ethz.ch/tools/postgrey/help/slug.org.au.html); from=<sjoey@goodgirlz.com> to=<festies@slug.org.au> proto=SMTP helo=<drumr>
Jun  4 07:01:33 rusty postfix/smtpd[11349]: lost connection after RCPT from unknown[189.139.87.155]
Jun  4 07:01:33 rusty postfix/smtpd[11349]: disconnect from unknown[189.139.87.155]
Jun  4 07:02:23 rusty postfix/smtpd[11347]: connect from unknown[58.141.163.246]
Jun  4 07:02:28 rusty postfix/smtpd[11347]: NOQUEUE: reject: RCPT from unknown[58.141.163.246]: 554 Service unavailable; Client host [58.141.163.246] blocked using cbl.abuseat.org; Blocked - see http://cbl.abuseat.org/lookup.cgi?ip=58.141.163.246; from=<unitedcellars.com@knightpoint.com> to=<slug-owner@slug.org.au> proto=SMTP helo=<localhost>
Jun  4 07:02:28 rusty postfix/smtpd[11347]: lost connection after RCPT from unknown[58.141.163.246]
Jun  4 07:02:28 rusty postfix/smtpd[11347]: disconnect from unknown[58.141.163.246]
Jun  4 07:03:06 rusty postfix/smtpd[11345]: connect from pool-71-255-52-29.nycmny.east.verizon.net[71.255.52.29]
Jun  4 07:03:13 rusty postfix/smtpd[11347]: connect from ARouen-152-1-96-163.w90-22.abo.wanadoo.fr[90.22.174.163]
Jun  4 07:03:13 rusty postfix/smtpd[11345]: NOQUEUE: reject: RCPT from pool-71-255-52-29.nycmny.east.verizon.net[71.255.52.29]: 554 Service unavailable; Client host [71.255.52.29] blocked using ix.dnsbl.manitu.net; Comment:   IP address blocked, see http://ix.dnsbl.manitu.net/lookup.php?ipaddress=71.255.52.29, latest spam received via mail.ixlab.de at 2007-06-01T08:01+0200; from=<hecerulean@goldsky.co.uk> to=<vapidity@slug.org.au> proto=SMTP helo=<pool-71-255-52-29.nycmny.east.verizon.net>
Jun  4 07:03:14 rusty postfix/smtpd[11345]: lost connection after RCPT from pool-71-255-52-29.nycmny.east.verizon.net[71.255.52.29]
Jun  4 07:03:14 rusty postfix/smtpd[11345]: disconnect from pool-71-255-52-29.nycmny.east.verizon.net[71.255.52.29]
Jun  4 07:03:25 rusty postfix/smtpd[11347]: warning: 163.174.22.90.relays.ordb.org: RBL lookup error: Host or domain name not found. Name service error for name=163.174.22.90.relays.ordb.org type=A: Host not found, try again
Jun  4 07:03:32 rusty postfix/smtpd[11345]: warning: 219.133.92.130: hostname 130.92.133.219.broad.sz.gd.dynamic.163data.com.cn verification failed: Name or service not known
Jun  4 07:03:32 rusty postfix/smtpd[11345]: connect from unknown[219.133.92.130]
Jun  4 07:03:45 rusty postfix/smtpd[11844]: warning: 219.129.146.17: hostname 17.146.129.219.broad.hy.gd.dynamic.163data.com.cn verification failed: Name or service not known
Jun  4 07:03:45 rusty postfix/smtpd[11844]: connect from unknown[219.129.146.17]
Jun  4 07:03:46 rusty postfix/smtpd[11347]: warning: 163.174.22.90.opm.blitzed.org: RBL lookup error: Host or domain name not found. Name service error for name=163.174.22.90.opm.blitzed.org type=A: Host not found, try again
Jun  4 07:03:46 rusty postfix/smtpd[11347]: NOQUEUE: reject: RCPT from ARouen-152-1-96-163.w90-22.abo.wanadoo.fr[90.22.174.163]: 450 <trivia@slug.org.au>: Recipient address rejected: Greylisted for 300 seconds (see http://isg.ee.ethz.ch/tools/postgrey/help/slug.org.au.html); from=<vsantelope@getpaidforum.net> to=<trivia@slug.org.au> proto=SMTP helo=<ARouen-152-1-96-163.w90-22.abo.wanadoo.fr>
Jun  4 07:03:46 rusty postfix/smtpd[11347]: lost connection after RCPT from ARouen-152-1-96-163.w90-22.abo.wanadoo.fr[90.22.174.163]
Jun  4 07:03:46 rusty postfix/smtpd[11347]: disconnect from ARouen-152-1-96-163.w90-22.abo.wanadoo.fr[90.22.174.163]
Jun  4 07:03:48 rusty postfix/smtpd[11345]: warning: 130.92.133.219.relays.ordb.org: RBL lookup error: Host or domain name not found. Name service error for name=130.92.133.219.relays.ordb.org type=A: Host not found, try again
Jun  4 07:04:02 rusty postfix/smtpd[11844]: warning: 17.146.129.219.relays.ordb.org: RBL lookup error: Host or domain name not found. Name service error for name=17.146.129.219.relays.ordb.org type=A: Host not found, try again
Jun  4 07:04:08 rusty postfix/smtpd[11345]: warning: 130.92.133.219.opm.blitzed.org: RBL lookup error: Host or domain name not found. Name service error for name=130.92.133.219.opm.blitzed.org type=A: Host not found, try again
Jun  4 07:04:08 rusty postfix/smtpd[11345]: NOQUEUE: reject: RCPT from unknown[219.133.92.130]: 450 <activities@slug.org.au>: Recipient address rejected: Greylisted for 300 seconds (see http://isg.ee.ethz.ch/tools/postgrey/help/slug.org.au.html); from=<zhanyshan@hzi.com> to=<activities@slug.org.au> proto=ESMTP helo=<hzi.com>
Jun  4 07:04:09 rusty postfix/smtpd[11345]: disconnect from unknown[219.133.92.130]
Jun  4 07:04:22 rusty postfix/smtpd[11844]: warning: 17.146.129.219.opm.blitzed.org: RBL lookup error: Host or domain name not found. Name service error for name=17.146.129.219.opm.blitzed.org type=A: Host not found, try again
Jun  4 07:04:22 rusty postfix/smtpd[11844]: NOQUEUE: reject: RCPT from unknown[219.129.146.17]: 450 <slug@slug.org.au>: Recipient address rejected: Greylisted for 300 seconds (see http://isg.ee.ethz.ch/tools/postgrey/help/slug.org.au.html); from=<dfdsf@jfgrfr.88ip.net> to=<slug@slug.org.au> proto=ESMTP helo=<jfgrfr.88ip.net>
Jun  4 07:04:22 rusty postfix/smtpd[11844]: lost connection after RCPT from unknown[219.129.146.17]
Jun  4 07:04:22 rusty postfix/smtpd[11844]: disconnect from unknown[219.129.146.17]
Jun  4 07:04:35 rusty postfix/smtpd[11347]: warning: 190.51.193.6: hostname 190-51-193-6.speedy.com.ar verification failed: Name or service not known
Jun  4 07:04:35 rusty postfix/smtpd[11347]: connect from unknown[190.51.193.6]
Jun  4 07:04:42 rusty postfix/smtpd[11345]: connect from d141-155-206.home.cgocable.net[24.141.155.206]
Jun  4 07:04:46 rusty postfix/smtpd[11345]: NOQUEUE: reject: RCPT from d141-155-206.home.cgocable.net[24.141.155.206]: 450 <a8eh0gl53kb16h3i@slug.org.au>: Recipient address rejected: Greylisted for 300 seconds (see http://isg.ee.ethz.ch/tools/postgrey/help/slug.org.au.html); from=<royalty'sintrusion@imapmail.org> to=<a8eh0gl53kb16h3i@slug.org.au> proto=ESMTP helo=<d141-155-206.home.cgocable.net>
Jun  4 07:04:48 rusty postfix/smtpd[11345]: lost connection after DATA from d141-155-206.home.cgocable.net[24.141.155.206]
Jun  4 07:04:48 rusty postfix/smtpd[11345]: disconnect from d141-155-206.home.cgocable.net[24.141.155.206]
Jun  4 07:04:50 rusty postfix/smtpd[11347]: warning: 6.193.51.190.relays.ordb.org: RBL lookup error: Host or domain name not found. Name service error for name=6.193.51.190.relays.ordb.org type=A: Host not found, try again
Jun  4 07:05:10 rusty postfix/smtpd[11347]: warning: 6.193.51.190.opm.blitzed.org: RBL lookup error: Host or domain name not found. Name service error for name=6.193.51.190.opm.blitzed.org type=A: Host not found, try again
Jun  4 07:05:10 rusty postfix/smtpd[11347]: NOQUEUE: reject: RCPT from unknown[190.51.193.6]: 450 <df37c2fa@slug.org.au>: Recipient address rejected: Greylisted for 300 seconds (see http://isg.ee.ethz.ch/tools/postgrey/help/slug.org.au.html); from=<dbiology@bahriasoft.com> to=<df37c2fa@slug.org.au> proto=SMTP helo=<bahriasoft.com>
Jun  4 07:05:10 rusty postfix/smtpd[11347]: lost connection after RCPT from unknown[190.51.193.6]
Jun  4 07:05:10 rusty postfix/smtpd[11347]: disconnect from unknown[190.51.193.6]
Jun  4 07:05:31 rusty postfix/smtpd[11844]: connect from bor149.neoplus.adsl.tpnet.pl[83.29.33.149]
Jun  4 07:05:31 rusty postfix/smtpd[11345]: connect from 66-215-198-124.dhcp.ccmn.ca.charter.com[66.215.198.124]
Jun  4 07:05:41 rusty postfix/smtpd[11844]: NOQUEUE: reject: RCPT from bor149.neoplus.adsl.tpnet.pl[83.29.33.149]: 554 Service unavailable; Client host [83.29.33.149] blocked using cbl.abuseat.org; Blocked - see http://cbl.abuseat.org/lookup.cgi?ip=83.29.33.149; from=<hdecline@asdf.com> to=<win2000@slug.org.au> proto=SMTP helo=<asdf.com>
Jun  4 07:05:42 rusty postfix/smtpd[11844]: lost connection after RCPT from bor149.neoplus.adsl.tpnet.pl[83.29.33.149]
Jun  4 07:05:42 rusty postfix/smtpd[11844]: disconnect from bor149.neoplus.adsl.tpnet.pl[83.29.33.149]
Jun  4 07:05:45 rusty postfix/smtpd[11345]: warning: 124.198.215.66.relays.ordb.org: RBL lookup error: Host or domain name not found. Name service error for name=124.198.215.66.relays.ordb.org type=A: Host not found, try again
Jun  4 07:05:52 rusty postfix/smtpd[11347]: connect from unknown[58.41.146.0]
Jun  4 07:05:52 rusty postfix/smtpd[11844]: connect from unknown[58.41.146.0]
Jun  4 07:05:53 rusty postfix/smtpd[12050]: connect from unknown[58.41.146.0]
Jun  4 07:06:03 rusty postfix/smtpd[12074]: connect from C-61-69-192-35.for.connect.net.au[61.69.192.35]
Jun  4 07:06:05 rusty postfix/smtpd[11345]: warning: 124.198.215.66.opm.blitzed.org: RBL lookup error: Host or domain name not found. Name service error for name=124.198.215.66.opm.blitzed.org type=A: Host not found, try again
Jun  4 07:06:05 rusty postfix/smtpd[11345]: NOQUEUE: reject: RCPT from 66-215-198-124.dhcp.ccmn.ca.charter.com[66.215.198.124]: 450 <df37c2fa@slug.org.au>: Recipient address rejected: Greylisted for 300 seconds (see http://isg.ee.ethz.ch/tools/postgrey/help/slug.org.au.html); from=<Janisdublindublin@charter.com> to=<df37c2fa@slug.org.au> proto=ESMTP helo=<charter.com>
Jun  4 07:06:05 rusty postfix/smtpd[11345]: lost connection after RCPT from 66-215-198-124.dhcp.ccmn.ca.charter.com[66.215.198.124]
Jun  4 07:06:05 rusty postfix/smtpd[11345]: disconnect from 66-215-198-124.dhcp.ccmn.ca.charter.com[66.215.198.124]
Jun  4 07:06:06 rusty postfix/smtpd[12079]: connect from pc-127-55-241-201.cm.vtr.net[201.241.55.127]
Jun  4 07:06:09 rusty postfix/smtpd[11844]: warning: 0.146.41.58.relays.ordb.org: RBL lookup error: Host or domain name not found. Name service error for name=0.146.41.58.relays.ordb.org type=A: Host not found, try again
Jun  4 07:06:09 rusty postfix/smtpd[11347]: warning: 0.146.41.58.relays.ordb.org: RBL lookup error: Host or domain name not found. Name service error for name=0.146.41.58.relays.ordb.org type=A: Host not found, try again
Jun  4 07:06:09 rusty postfix/smtpd[12050]: warning: 0.146.41.58.relays.ordb.org: RBL lookup error: Host or domain name not found. Name service error for name=0.146.41.58.relays.ordb.org type=A: Host not found, try again
Jun  4 07:06:14 rusty postfix/smtpd[12074]: NOQUEUE: reject: RCPT from C-61-69-192-35.for.connect.net.au[61.69.192.35]: 554 Service unavailable; Client host [61.69.192.35] blocked using cbl.abuseat.org; Blocked - see http://cbl.abuseat.org/lookup.cgi?ip=61.69.192.35; from=<rivastation.com@whiteboymafia.com> to=<you@slug.org.au> proto=SMTP helo=<localhost>
Jun  4 07:06:14 rusty postfix/smtpd[12079]: NOQUEUE: reject: RCPT from pc-127-55-241-201.cm.vtr.net[201.241.55.127]: 554 Service unavailable; Client host [201.241.55.127] blocked using cbl.abuseat.org; Blocked - see http://cbl.abuseat.org/lookup.cgi?ip=201.241.55.127; from=<ncranbury@jpn-windy.com> to=<owner-slug@slug.org.au> proto=SMTP helo=<jpn-windy.com>
Jun  4 07:06:14 rusty postfix/smtpd[12074]: lost connection after RCPT from C-61-69-192-35.for.connect.net.au[61.69.192.35]
Jun  4 07:06:14 rusty postfix/smtpd[12074]: disconnect from C-61-69-192-35.for.connect.net.au[61.69.192.35]
Jun  4 07:06:16 rusty postfix/smtpd[12079]: lost connection after RCPT from pc-127-55-241-201.cm.vtr.net[201.241.55.127]
Jun  4 07:06:16 rusty postfix/smtpd[12079]: disconnect from pc-127-55-241-201.cm.vtr.net[201.241.55.127]
Jun  4 07:06:17 rusty postfix/smtp[12112]: 8DEAF118224: to=<marauder@progsoc.uts.edu.au>, relay=incubus.progsoc.uts.edu.au[138.25.6.7], delay=251700, status=deferred (host incubus.progsoc.uts.edu.au[138.25.6.7] said: 451 Temporary local problem - please try later (in reply to RCPT TO command))
Jun  4 07:06:17 rusty postfix/smtp[12112]: 8DEAF118224: to=<wildfire@progsoc.uts.edu.au>, relay=incubus.progsoc.uts.edu.au[138.25.6.7], delay=251700, status=deferred (host incubus.progsoc.uts.edu.au[138.25.6.7] said: 451 Temporary local problem - please try later (in reply to RCPT TO command))
Jun  4 07:06:17 rusty postfix/smtp[12108]: connect to emdub.pubnix.org[204.15.103.158]: Connection refused (port 25)
Jun  4 07:06:17 rusty postfix/smtp[12120]: connect to emdub.pubnix.org[204.15.103.158]: Connection refused (port 25)
Jun  4 07:06:18 rusty postfix/smtp[12108]: connect to pubnix.org[204.15.103.158]: Connection refused (port 25)
Jun  4 07:06:18 rusty postfix/smtp[12108]: 8A2781181D6: to=<robj@pubnix.org>, relay=none, delay=165975, status=deferred (connect to pubnix.org[204.15.103.158]: Connection refused)
Jun  4 07:06:18 rusty postfix/smtp[12120]: connect to pubnix.org[204.15.103.158]: Connection refused (port 25)
Jun  4 07:06:18 rusty postfix/smtp[12120]: 2091D11826E: to=<robj@pubnix.org>, relay=none, delay=266769, status=deferred (connect to pubnix.org[204.15.103.158]: Connection refused)
Jun  4 07:06:18 rusty postfix/smtp[12122]: 6AAE611813F: host mail.datafast.net.au[203.62.135.17] said: 450 <exoticdancerla.com@netxz.com>: Sender address rejected: Sender domain does not appear to have a SMTP server running on any MX points (in reply to RCPT TO command)
Jun  4 07:06:18 rusty postfix/smtp[12109]: 841F71181B7: to=<netsnipe_ml@optusnet.com.au>, relay=mail.optusnet.com.au[211.29.132.250], delay=409436, status=deferred (host mail.optusnet.com.au[211.29.132.250] said: 452 4.2.2 <netsnipe_ml@optusnet.com.au>... Mailbox full (in reply to RCPT TO command))
Jun  4 07:06:18 rusty postfix/smtp[12109]: 841F71181B7: to=<pintail@optusnet.com.au>, relay=mail.optusnet.com.au[211.29.132.250], delay=409436, status=deferred (host mail.optusnet.com.au[211.29.132.250] said: 452 4.2.2 <pintail@optusnet.com.au>... Mailbox full (in reply to RCPT TO command))
Jun  4 07:06:18 rusty postfix/smtp[12113]: C800F1181FE: to=<netsnipe_ml@optusnet.com.au>, relay=mail.optusnet.com.au[211.29.132.250], delay=382070, status=deferred (host mail.optusnet.com.au[211.29.132.250] said: 452 4.2.2 <netsnipe_ml@optusnet.com.au>... Mailbox full (in reply to RCPT TO command))
Jun  4 07:06:18 rusty postfix/smtp[12113]: C800F1181FE: to=<pintail@optusnet.com.au>, relay=mail.optusnet.com.au[211.29.132.250], delay=382070, status=deferred (host mail.optusnet.com.au[211.29.132.250] said: 452 4.2.2 <pintail@optusnet.com.au>... Mailbox full (in reply to RCPT TO command))
Jun  4 07:06:18 rusty postfix/smtp[12103]: 700451181B8: to=<netsnipe_ml@optusnet.com.au>, relay=mail.optusnet.com.au[211.29.132.250], delay=397293, status=deferred (host mail.optusnet.com.au[211.29.132.250] said: 452 4.2.2 <netsnipe_ml@optusnet.com.au>... Mailbox full (in reply to RCPT TO command))
Jun  4 07:06:18 rusty postfix/smtp[12103]: 700451181B8: to=<pintail@optusnet.com.au>, relay=mail.optusnet.com.au[211.29.132.250], delay=397293, status=deferred (host mail.optusnet.com.au[211.29.132.250] said: 452 4.2.2 <pintail@optusnet.com.au>... Mailbox full (in reply to RCPT TO command))
Jun  4 07:06:19 rusty postfix/smtp[12112]: 5D66B118163: to=<netsnipe_ml@optusnet.com.au>, relay=mail.optusnet.com.au[211.29.132.250], delay=45505, status=deferred (host mail.optusnet.com.au[211.29.132.250] said: 452 4.2.2 <netsnipe_ml@optusnet.com.au>... Mailbox full (in reply to RCPT TO command))
Jun  4 07:06:19 rusty postfix/smtp[12112]: 5D66B118163: to=<pintail@optusnet.com.au>, relay=mail.optusnet.com.au[211.29.132.250], delay=45505, status=deferred (host mail.optusnet.com.au[211.29.132.250] said: 452 4.2.2 <pintail@optusnet.com.au>... Mailbox full (in reply to RCPT TO command))
Jun  4 07:06:19 rusty postfix/smtp[12122]: 6AAE611813F: to=<jj@datafast.net.au>, orig_to=<jaime@slug.org.au>, relay=mx2.eftel.com[203.123.72.164], delay=91892, status=deferred (host mx2.eftel.com[203.123.72.164] said: 450 <exoticdancerla.com@netxz.com>: Sender address rejected: Sender domain does not appear to have a SMTP server running on any MX points (in reply to MAIL FROM command))
Jun  4 07:06:19 rusty postfix/smtp[12115]: E9382118282: to=<nina@iit-training.com.au>, relay=mail.iit-training.com.au[203.13.75.253], delay=266764, status=deferred (host mail.iit-training.com.au[203.13.75.253] said: 450 <nina@iit-training.com.au>: Recipient address rejected: User unknown in local recipient table (in reply to RCPT TO command))
Jun  4 07:06:20 rusty postfix/smtp[12110]: 8E55F118288: to=<marauder@progsoc.uts.edu.au>, relay=incubus.progsoc.uts.edu.au[138.25.6.7], delay=266764, status=deferred (host incubus.progsoc.uts.edu.au[138.25.6.7] said: 451 Temporary local problem - please try later (in reply to RCPT TO command))
Jun  4 07:06:21 rusty postfix/smtp[12124]: A6C7F118294: to=<info@darehr.com.au>, relay=none, delay=266760, status=deferred (Host or domain name not found. Name service error for name=darehr.com.au type=MX: Host not found, try again)
Jun  4 07:06:29 rusty postfix/smtpd[11844]: warning: 0.146.41.58.opm.blitzed.org: RBL lookup error: Host or domain name not found. Name service error for name=0.146.41.58.opm.blitzed.org type=A: Host not found, try again
Jun  4 07:06:29 rusty postfix/smtpd[11844]: NOQUEUE: reject: RCPT from unknown[58.41.146.0]: 450 <slug-admin@slug.org.au>: Recipient address rejected: Greylisted for 300 seconds (see http://isg.ee.ethz.ch/tools/postgrey/help/slug.org.au.html); from=<web@see.com> to=<slug-admin@slug.org.au> proto=ESMTP helo=<see.com>
Jun  4 07:06:29 rusty postfix/smtpd[12050]: warning: 0.146.41.58.opm.blitzed.org: RBL lookup error: Host or domain name not found. Name service error for name=0.146.41.58.opm.blitzed.org type=A: Host not found, try again
Jun  4 07:06:29 rusty postfix/smtpd[12050]: NOQUEUE: reject: RCPT from unknown[58.41.146.0]: 450 <slug@slug.org.au>: Recipient address rejected: Greylisted for 300 seconds (see http://isg.ee.ethz.ch/tools/postgrey/help/slug.org.au.html); from=<web@see.com> to=<slug@slug.org.au> proto=ESMTP helo=<see.com>
Jun  4 07:06:29 rusty postfix/smtpd[11347]: warning: 0.146.41.58.opm.blitzed.org: RBL lookup error: Host or domain name not found. Name service error for name=0.146.41.58.opm.blitzed.org type=A: Host not found, try again
Jun  4 07:06:29 rusty postfix/smtpd[11347]: NOQUEUE: reject: RCPT from unknown[58.41.146.0]: 450 <slug-request@slug.org.au>: Recipient address rejected: Greylisted for 300 seconds (see http://isg.ee.ethz.ch/tools/postgrey/help/slug.org.au.html); from=<web@see.com> to=<slug-request@slug.org.au> proto=ESMTP helo=<see.com>
Jun  4 07:06:29 rusty postfix/smtpd[12050]: disconnect from unknown[58.41.146.0]
Jun  4 07:06:29 rusty postfix/smtpd[11844]: disconnect from unknown[58.41.146.0]
Jun  4 07:06:29 rusty postfix/smtpd[11347]: disconnect from unknown[58.41.146.0]
Jun  4 07:06:40 rusty postfix/smtpd[11345]: connect from pD95737A9.dip0.t-ipconnect.de[217.87.55.169]
Jun  4 07:06:47 rusty postfix/smtp[12106]: connect to none.harvestroad.com.au[203.103.97.241]: Connection timed out (port 25)
Jun  4 07:06:47 rusty postfix/smtp[12107]: connect to none.harvestroad.com.au[203.103.97.241]: Connection timed out (port 25)
Jun  4 07:06:47 rusty postfix/smtp[12116]: connect to none.harvestroad.com.au[203.103.97.241]: Connection timed out (port 25)
Jun  4 07:06:47 rusty postfix/smtp[12117]: connect to none.harvestroad.com.au[203.103.97.241]: Connection timed out (port 25)
Jun  4 07:06:47 rusty postfix/smtp[12119]: connect to none.harvestroad.com.au[203.103.97.241]: Connection timed out (port 25)
Jun  4 07:06:47 rusty postfix/smtpd[11345]: NOQUEUE: reject: RCPT from pD95737A9.dip0.t-ipconnect.de[217.87.55.169]: 554 Service unavailable; Client host [217.87.55.169] blocked using cbl.abuseat.org; Blocked - see http://cbl.abuseat.org/lookup.cgi?ip=217.87.55.169; from=<Sarah.Wildman@moneypartners.co.uk> to=<107-event@slug.org.au> proto=ESMTP helo=<pd95737a9.dip0.t-ipconnect.de>
Jun  4 07:06:47 rusty postfix/smtp[12111]: connect to Mail.theoffice.net[69.56.175.206]: Connection timed out (port 25)
Jun  4 07:06:47 rusty postfix/smtpd[11345]: lost connection after RCPT from pD95737A9.dip0.t-ipconnect.de[217.87.55.169]
Jun  4 07:06:47 rusty postfix/smtpd[11345]: disconnect from pD95737A9.dip0.t-ipconnect.de[217.87.55.169]
Jun  4 07:06:48 rusty postfix/smtp[12118]: connect to outmx003.isp.belgacom.be[195.238.4.100]: Connection timed out (port 25)
Jun  4 07:06:48 rusty postfix/smtp[12118]: D82541180A1: to=<mailer-daemon@outmx003.isp.belgacom.be>, relay=none, delay=192135, status=deferred (connect to outmx003.isp.belgacom.be[195.238.4.100]: Connection timed out)
Jun  4 07:06:48 rusty postfix/smtp[12114]: connect to dmhosting.g.ysm.yahoo.com[72.30.33.102]: Connection timed out (port 25)
Jun  4 07:06:48 rusty postfix/smtp[12114]: C072E118226: to=<aaaa@aaaaaa.com>, relay=none, delay=251595, status=deferred (connect to dmhosting.g.ysm.yahoo.com[72.30.33.102]: Connection timed out)
Jun  4 07:06:52 rusty postfix/smtp[12123]: 105CC11826C: to=<pauljobs@forrester.net.au>, relay=none, delay=266800, status=deferred (Host or domain name not found. Name service error for name=forrester.net.au type=MX: Host not found, try again)
Jun  4 07:07:06 rusty postfix/smtpd[12074]: connect from p3EE2E337.dip.t-dialin.net[62.226.227.55]
Jun  4 07:07:11 rusty postfix/smtpd[12074]: NOQUEUE: reject: RCPT from p3EE2E337.dip.t-dialin.net[62.226.227.55]: 554 Service unavailable; Client host [62.226.227.55] blocked using cbl.abuseat.org; Blocked - see http://cbl.abuseat.org/lookup.cgi?ip=62.226.227.55; from=<anitareh@hotmail.com> to=<244-event@slug.org.au> proto=ESMTP helo=<p3EE2E337.dip.t-dialin.net>
Jun  4 07:07:13 rusty postfix/smtpd[12074]: lost connection after RCPT from p3EE2E337.dip.t-dialin.net[62.226.227.55]
Jun  4 07:07:13 rusty postfix/smtpd[12074]: disconnect from p3EE2E337.dip.t-dialin.net[62.226.227.55]
Jun  4 07:07:17 rusty postfix/smtp[12111]: connect to Mail.theoffice.net[69.56.175.208]: Connection timed out (port 25)
Jun  4 07:07:27 rusty postfix/smtpd[12079]: connect from unknown[87.247.169.105]
Jun  4 07:07:27 rusty postfix/smtp[12106]: 701E7118158: to=<ajones@harvestroad.com>, relay=mail.harvestroad.com.au[203.103.97.27], delay=46961, status=deferred (host mail.harvestroad.com.au[203.103.97.27] said: 450 <slug-bounces@slug.org.au>: Sender address rejected: Domain not found (in reply to RCPT TO command))
Jun  4 07:07:27 rusty postfix/smtp[12116]: EE93511821B: to=<ajones@harvestroad.com>, relay=mail.harvestroad.com.au[203.103.97.27], delay=229360, status=deferred (host mail.harvestroad.com.au[203.103.97.27] said: 450 <slug-bounces@slug.org.au>: Sender address rejected: Domain not found (in reply to RCPT TO command))
Jun  4 07:07:31 rusty postfix/smtpd[12079]: NOQUEUE: reject: RCPT from unknown[87.247.169.105]: 554 Service unavailable; Client host [87.247.169.105] blocked using cbl.abuseat.org; Blocked - see http://cbl.abuseat.org/lookup.cgi?ip=87.247.169.105; from=<bamulet@mail2cancer.com> to=<vqtseutyrblm@slug.org.au> proto=SMTP helo=<mail2cancer.com>
Jun  4 07:07:31 rusty postfix/smtpd[12079]: lost connection after RCPT from unknown[87.247.169.105]
Jun  4 07:07:31 rusty postfix/smtpd[12079]: disconnect from unknown[87.247.169.105]
Jun  4 07:07:41 rusty postfix/smtpd[12050]: connect from pool-71-125-67-180.nwrknj.east.verizon.net[71.125.67.180]
Jun  4 07:07:43 rusty postfix/smtpd[12050]: NOQUEUE: reject: RCPT from pool-71-125-67-180.nwrknj.east.verizon.net[71.125.67.180]: 554 Service unavailable; Client host [71.125.67.180] blocked using cbl.abuseat.org; Blocked - see http://cbl.abuseat.org/lookup.cgi?ip=71.125.67.180; from=<jebundoora@digispacerecords.com> to=<dl99kefd8ej9k8bc@slug.org.au> proto=SMTP helo=<pool-71-125-67-180.nwrknj.east.verizon.net>
Jun  4 07:07:43 rusty postfix/smtpd[12050]: lost connection after RCPT from pool-71-125-67-180.nwrknj.east.verizon.net[71.125.67.180]
Jun  4 07:07:43 rusty postfix/smtpd[12050]: disconnect from pool-71-125-67-180.nwrknj.east.verizon.net[71.125.67.180]
Jun  4 07:07:46 rusty postfix/smtpd[11844]: warning: 189.161.57.83: hostname dsl-189-161-57-83.prod-infinitum.com.mx verification failed: Name or service not known
Jun  4 07:07:46 rusty postfix/smtpd[11844]: connect from unknown[189.161.57.83]
Jun  4 07:07:47 rusty postfix/smtp[12111]: connect to Mail.theoffice.net[69.56.175.209]: Connection timed out (port 25)
Jun  4 07:07:50 rusty postfix/smtpd[11844]: NOQUEUE: reject: RCPT from unknown[189.161.57.83]: 554 Service unavailable; Client host [189.161.57.83] blocked using cbl.abuseat.org; Blocked - see http://cbl.abuseat.org/lookup.cgi?ip=189.161.57.83; from=<ywiaustinville@prod-infinitum.com.mx> to=<owner-slug@slug.org.au> proto=SMTP helo=<dsl-189-161-57-83.prod-infinitum.com.mx>
Jun  4 07:07:51 rusty postfix/smtpd[11844]: lost connection after RCPT from unknown[189.161.57.83]
Jun  4 07:07:51 rusty postfix/smtpd[11844]: disconnect from unknown[189.161.57.83]
Jun  4 07:07:57 rusty postfix/smtp[12106]: connect to none.harvestroad.com.au[203.103.97.241]: Connection timed out (port 25)
Jun  4 07:07:57 rusty postfix/smtp[12108]: connect to none.harvestroad.com.au[203.103.97.241]: Connection timed out (port 25)
Jun  4 07:07:57 rusty postfix/smtp[12120]: connect to none.harvestroad.com.au[203.103.97.241]: Connection timed out (port 25)
Jun  4 07:07:57 rusty postfix/smtp[12109]: connect to none.harvestroad.com.au[203.103.97.241]: Connection timed out (port 25)
Jun  4 07:08:10 rusty postfix/smtpd[11345]: connect from 87-205-200-48.adsl.inetia.pl[87.205.200.48]
Jun  4 07:08:12 rusty postfix/smtpd[12074]: connect from 5ac29676.bb.sky.com[90.194.150.118]
Jun  4 07:08:15 rusty postgrey[2159]: delayed 850 seconds: client=5ac29676.bb.sky.com, from=bwaps.com@yheweathernetwork.com, to=xchix@slug.org.au 
Jun  4 07:08:17 rusty postfix/smtp[12111]: connect to Mail2.theoffice.net[69.56.175.208]: Connection timed out (port 25)
Jun  4 07:08:25 rusty postfix/smtpd[12074]: warning: 118.150.194.90.relays.ordb.org: RBL lookup error: Host or domain name not found. Name service error for name=118.150.194.90.relays.ordb.org type=A: Host not found, try again
Jun  4 07:08:26 rusty postfix/smtpd[11345]: warning: 48.200.205.87.relays.ordb.org: RBL lookup error: Host or domain name not found. Name service error for name=48.200.205.87.relays.ordb.org type=A: Host not found, try again
Jun  4 07:08:37 rusty postfix/smtp[12108]: D69D811813B: to=<ajones@harvestroad.com>, relay=mail.harvestroad.com.au[203.103.97.27], delay=117078, status=deferred (host mail.harvestroad.com.au[203.103.97.27] said: 450 <slug-bounces@slug.org.au>: Sender address rejected: Domain not found (in reply to RCPT TO command))
Jun  4 07:08:37 rusty postfix/smtp[12106]: 27D1211820D: to=<ajones@harvestroad.com>, relay=mail.harvestroad.com.au[203.103.97.27], delay=382128, status=deferred (host mail.harvestroad.com.au[203.103.97.27] said: 450 <slug-bounces@slug.org.au>: Sender address rejected: Domain not found (in reply to RCPT TO command))
Jun  4 07:08:38 rusty postfix/smtp[12109]: 440EC1181B5: to=<ajones@harvestroad.com>, relay=mail.harvestroad.com.au[203.103.97.27], delay=409576, status=deferred (host mail.harvestroad.com.au[203.103.97.27] said: 450 <slug-bounces@slug.org.au>: Sender address rejected: Domain not found (in reply to RCPT TO command))
Jun  4 07:08:45 rusty postfix/smtpd[12074]: warning: 118.150.194.90.opm.blitzed.org: RBL lookup error: Host or domain name not found. Name service error for name=118.150.194.90.opm.blitzed.org type=A: Host not found, try again
Jun  4 07:08:45 rusty postfix/smtpd[12074]: NOQUEUE: reject: RCPT from 5ac29676.bb.sky.com[90.194.150.118]: 550 <xchix@slug.org.au>: Recipient address rejected: User unknown in local recipient table; from=<bwaps.com@yheweathernetwork.com> to=<xchix@slug.org.au> proto=SMTP helo=<localhost>
Jun  4 07:08:46 rusty postfix/smtpd[11345]: warning: 48.200.205.87.opm.blitzed.org: RBL lookup error: Host or domain name not found. Name service error for name=48.200.205.87.opm.blitzed.org type=A: Host not found, try again
Jun  4 07:08:46 rusty postfix/smtpd[11345]: NOQUEUE: reject: RCPT from 87-205-200-48.adsl.inetia.pl[87.205.200.48]: 450 <xctrwugrjpvy@slug.org.au>: Recipient address rejected: Greylisted for 300 seconds (see http://isg.ee.ethz.ch/tools/postgrey/help/slug.org.au.html); from=<ccecoypu@exclusivemail.co.za> to=<xctrwugrjpvy@slug.org.au> proto=SMTP helo=<exclusivemail.co.za>
Jun  4 07:08:46 rusty postfix/smtpd[11345]: lost connection after RCPT from 87-205-200-48.adsl.inetia.pl[87.205.200.48]
Jun  4 07:08:46 rusty postfix/smtpd[11345]: disconnect from 87-205-200-48.adsl.inetia.pl[87.205.200.48]
Jun  4 07:08:46 rusty postfix/smtpd[12074]: lost connection after RCPT from 5ac29676.bb.sky.com[90.194.150.118]
Jun  4 07:08:46 rusty postfix/smtpd[12074]: disconnect from 5ac29676.bb.sky.com[90.194.150.118]
Jun  4 07:08:46 rusty postfix/smtpd[12079]: connect from unknown[189.1.131.242]
Jun  4 07:08:47 rusty postfix/smtp[12111]: connect to Mail2.theoffice.net[69.56.175.209]: Connection timed out (port 25)
Jun  4 07:08:47 rusty postfix/smtpd[12050]: connect from unknown[83.222.166.40]
Jun  4 07:08:50 rusty postfix/smtpd[12079]: NOQUEUE: reject: RCPT from unknown[189.1.131.242]: 554 Service unavailable; Client host [189.1.131.242] blocked using cbl.abuseat.org; Blocked - see http://cbl.abuseat.org/lookup.cgi?ip=189.1.131.242; from=<hubarre@myranch.com> to=<dministrator@slug.org.au> proto=SMTP helo=<myranch.com>
Jun  4 07:08:50 rusty postfix/smtpd[12079]: lost connection after RCPT from unknown[189.1.131.242]
Jun  4 07:08:50 rusty postfix/smtpd[12079]: disconnect from unknown[189.1.131.242]
Jun  4 07:08:53 rusty postfix/smtpd[12050]: NOQUEUE: reject: RCPT from unknown[83.222.166.40]: 554 Service unavailable; Client host [83.222.166.40] blocked using cbl.abuseat.org; Blocked - see http://cbl.abuseat.org/lookup.cgi?ip=83.222.166.40; from=<xdcboyle@mindcleansing.com> to=<whiskmildred@slug.org.au> proto=SMTP helo=<mindcleansing.com>
Jun  4 07:08:53 rusty postfix/smtpd[12050]: lost connection after RCPT from unknown[83.222.166.40]
Jun  4 07:08:53 rusty postfix/smtpd[12050]: disconnect from unknown[83.222.166.40]
Jun  4 07:08:56 rusty postfix/smtpd[11844]: connect from user-0c6t4bm.cable.mindspring.com[24.110.145.118]
Jun  4 07:08:57 rusty postfix/smtp[12107]: 7AE3511814C: to=<ajones@harvestroad.com>, relay=mail.harvestroad.com.au[203.103.97.27], delay=49925, status=deferred (host mail.harvestroad.com.au[203.103.97.27] said: 450 <slug-bounces@slug.org.au>: Sender address rejected: Domain not found (in reply to RCPT TO command))
Jun  4 07:08:57 rusty postfix/smtp[12117]: E94201181F3: to=<ajones@harvestroad.com>, relay=mail.harvestroad.com.au[203.103.97.27], delay=396601, status=deferred (host mail.harvestroad.com.au[203.103.97.27] said: 450 <slug-bounces@slug.org.au>: Sender address rejected: Domain not found (in reply to RCPT TO command))
Jun  4 07:08:57 rusty postfix/smtp[12119]: D93711181E3: to=<ajones@harvestroad.com>, relay=mail.harvestroad.com.au[203.103.97.27], delay=401660, status=deferred (host mail.harvestroad.com.au[203.103.97.27] said: 450 <slug-bounces@slug.org.au>: Sender address rejected: Domain not found (in reply to RCPT TO command))
Jun  4 07:09:07 rusty postfix/smtpd[11345]: connect from 220-141-101-149.dynamic.hinet.net[220.141.101.149]
Jun  4 07:09:08 rusty postfix/smtp[12108]: A23C21181C7: host mail.harvestroad.com.au[203.103.97.27] said: 450 <slug-bounces@slug.org.au>: Sender address rejected: Domain not found (in reply to RCPT TO command)
Jun  4 07:09:08 rusty postfix/smtp[12116]: 6D51F1181DA: host mail.harvestroad.com.au[203.103.97.27] said: 450 <slug-bounces@slug.org.au>: Sender address rejected: Domain not found (in reply to RCPT TO command)
Jun  4 07:09:09 rusty postfix/smtpd[11844]: warning: 118.145.110.24.relays.ordb.org: RBL lookup error: Host or domain name not found. Name service error for name=118.145.110.24.relays.ordb.org type=A: Host not found, try again
Jun  4 07:09:17 rusty postfix/smtp[12111]: connect to Mail2.theoffice.net[69.56.175.206]: Connection timed out (port 25)
Jun  4 07:09:19 rusty postfix/smtpd[11345]: warning: 149.101.141.220.relays.ordb.org: RBL lookup error: Host or domain name not found. Name service error for name=149.101.141.220.relays.ordb.org type=A: Host not found, try again
Jun  4 07:09:29 rusty postfix/smtpd[11844]: warning: 118.145.110.24.opm.blitzed.org: RBL lookup error: Host or domain name not found. Name service error for name=118.145.110.24.opm.blitzed.org type=A: Host not found, try again
Jun  4 07:09:29 rusty postfix/smtpd[11844]: NOQUEUE: reject: RCPT from user-0c6t4bm.cable.mindspring.com[24.110.145.118]: 450 <bbb7e6c3@slug.org.au>: Recipient address rejected: Greylisted for 300 seconds (see http://isg.ee.ethz.ch/tools/postgrey/help/slug.org.au.html); from=<ftzdxvo@mindspring.com> to=<bbb7e6c3@slug.org.au> proto=ESMTP helo=<user-0c6t4bm.cable.mindspring.com>
Jun  4 07:09:29 rusty postfix/smtpd[11844]: lost connection after RCPT from user-0c6t4bm.cable.mindspring.com[24.110.145.118]
Jun  4 07:09:29 rusty postfix/smtpd[11844]: disconnect from user-0c6t4bm.cable.mindspring.com[24.110.145.118]
Jun  4 07:09:38 rusty postfix/smtp[12108]: connect to none.harvestroad.com.au[203.103.97.241]: Connection timed out (port 25)
Jun  4 07:09:38 rusty postfix/smtp[12116]: connect to none.harvestroad.com.au[203.103.97.241]: Connection timed out (port 25)
Jun  4 07:09:38 rusty postfix/smtp[12108]: A23C21181C7: to=<ajones@harvestroad.com>, relay=none, delay=382270, status=deferred (connect to none.harvestroad.com.au[203.103.97.241]: Connection timed out)
Jun  4 07:09:38 rusty postfix/smtp[12116]: 6D51F1181DA: to=<ajones@harvestroad.com>, relay=none, delay=327416, status=deferred (connect to none.harvestroad.com.au[203.103.97.241]: Connection timed out)
Jun  4 07:09:39 rusty postfix/smtpd[11345]: warning: 149.101.141.220.opm.blitzed.org: RBL lookup error: Host or domain name not found. Name service error for name=149.101.141.220.opm.blitzed.org type=A: Host not found, try again
Jun  4 07:09:39 rusty postfix/smtpd[11345]: NOQUEUE: reject: RCPT from 220-141-101-149.dynamic.hinet.net[220.141.101.149]: 450 <x-mt@slug.org.au>: Recipient address rejected: Greylisted for 300 seconds (see http://isg.ee.ethz.ch/tools/postgrey/help/slug.org.au.html); from=<bjadiffer@geeksland.com> to=<x-mt@slug.org.au> proto=SMTP helo=<geeksland.com>
Jun  4 07:09:39 rusty postfix/smtpd[11345]: lost connection after RCPT from 220-141-101-149.dynamic.hinet.net[220.141.101.149]
Jun  4 07:09:39 rusty postfix/smtpd[11345]: disconnect from 220-141-101-149.dynamic.hinet.net[220.141.101.149]
Jun  4 07:09:46 rusty postfix/smtpd[12074]: connect from dyn-83-153-60-157.ppp.tiscali.fr[83.153.60.157]
Jun  4 07:09:47 rusty postfix/smtp[12111]: connect to Mail3.theoffice.net[69.56.175.208]: Connection timed out (port 25)
Jun  4 07:09:49 rusty postfix/smtpd[12050]: warning: 195.98.180.4: hostname home-pool-180-4.com2com.ru verification failed: Name or service not known
Jun  4 07:09:49 rusty postfix/smtpd[12050]: connect from unknown[195.98.180.4]
Jun  4 07:09:49 rusty postfix/smtpd[12079]: warning: 88.238.91.145: hostname dsl88.238-23441.ttnet.net.tr verification failed: Name or service not known
Jun  4 07:09:49 rusty postfix/smtpd[12079]: connect from unknown[88.238.91.145]
Jun  4 07:09:49 rusty postfix/smtpd[12074]: NOQUEUE: reject: RCPT from dyn-83-153-60-157.ppp.tiscali.fr[83.153.60.157]: 554 Service unavailable; Client host [83.153.60.157] blocked using cbl.abuseat.org; Blocked - see http://cbl.abuseat.org/lookup.cgi?ip=83.153.60.157; from=<ndesire@fanklub.pl> to=<domestication@slug.org.au> proto=SMTP helo=<dyn-83-153-60-157.ppp.tiscali.fr>
Jun  4 07:09:49 rusty postfix/smtpd[12074]: lost connection after RCPT from dyn-83-153-60-157.ppp.tiscali.fr[83.153.60.157]
Jun  4 07:09:49 rusty postfix/smtpd[12074]: disconnect from dyn-83-153-60-157.ppp.tiscali.fr[83.153.60.157]
Jun  4 07:09:50 rusty postfix/smtpd[12079]: NOQUEUE: reject: RCPT from unknown[88.238.91.145]: 554 <bzaixtueo@net.tr>: Sender address rejected: Domain not found; from=<bzaixtueo@net.tr> to=<bd8e1a882c@slug.org.au> proto=ESMTP helo=<dsl88.238-23441.ttnet.net.tr>
Jun  4 07:09:51 rusty postfix/smtpd[12079]: lost connection after RCPT from unknown[88.238.91.145]
Jun  4 07:09:51 rusty postfix/smtpd[12079]: disconnect from unknown[88.238.91.145]
Jun  4 07:09:52 rusty postfix/smtpd[12050]: NOQUEUE: reject: RCPT from unknown[195.98.180.4]: 554 Service unavailable; Client host [195.98.180.4] blocked using ix.dnsbl.manitu.net; Comment:   IP address blocked, see http://ix.dnsbl.manitu.net/lookup.php?ipaddress=195.98.180.4, latest spam received via relay.heise.de at 2007-06-03T15:49+0200; from=<tkasela@hydrogeotechnika.pl> to=<15-event@slug.org.au> proto=ESMTP helo=<home-pool-180-4.com2com.ru>
Jun  4 07:09:52 rusty postfix/smtpd[12050]: lost connection after RCPT from unknown[195.98.180.4]
Jun  4 07:09:52 rusty postfix/smtpd[12050]: disconnect from unknown[195.98.180.4]
Jun  4 07:10:00 rusty postfix/smtpd[11844]: connect from unknown[139.142.96.40]
Jun  4 07:10:08 rusty postfix/smtp[12120]: 0A49A1181DE: to=<ajones@harvestroad.com>, relay=mail.harvestroad.com.au[203.103.97.27], delay=166953, status=deferred (host mail.harvestroad.com.au[203.103.97.27] said: 450 <slug-bounces@slug.org.au>: Sender address rejected: Domain not found (in reply to RCPT TO command))
Jun  4 07:10:16 rusty postfix/smtpd[11844]: warning: 40.96.142.139.relays.ordb.org: RBL lookup error: Host or domain name not found. Name service error for name=40.96.142.139.relays.ordb.org type=A: Host not found, try again
Jun  4 07:10:17 rusty postfix/smtp[12111]: connect to Mail3.theoffice.net[69.56.175.209]: Connection timed out (port 25)
Jun  4 07:10:36 rusty postfix/smtpd[11844]: warning: 40.96.142.139.opm.blitzed.org: RBL lookup error: Host or domain name not found. Name service error for name=40.96.142.139.opm.blitzed.org type=A: Host not found, try again
Jun  4 07:10:36 rusty postfix/smtpd[11844]: NOQUEUE: reject: RCPT from unknown[139.142.96.40]: 450 <win2000@slug.org.au>: Recipient address rejected: Greylisted for 300 seconds (see http://isg.ee.ethz.ch/tools/postgrey/help/slug.org.au.html); from=<nbrash@arigola.com> to=<win2000@slug.org.au> proto=SMTP helo=<get-kof6xan3cdr.cablelan.net>
Jun  4 07:10:36 rusty postfix/smtpd[11844]: lost connection after RCPT from unknown[139.142.96.40]
Jun  4 07:10:36 rusty postfix/smtpd[11844]: disconnect from unknown[139.142.96.40]
Jun  4 07:10:40 rusty postfix/smtpd[11345]: connect from S01060004e204d8cd.wp.shawcable.net[24.77.215.106]
Jun  4 07:10:42 rusty postfix/smtpd[11345]: NOQUEUE: reject: RCPT from S01060004e204d8cd.wp.shawcable.net[24.77.215.106]: 554 Service unavailable; Client host [24.77.215.106] blocked using ix.dnsbl.manitu.net; Comment:   IP address blocked, see http://ix.dnsbl.manitu.net/lookup.php?ipaddress=24.77.215.106, latest spam received via mail.ixlab.de at 2007-06-02T21:37+0200; from=<kago@euro-net.pl> to=<year8girls@slug.org.au> proto=SMTP helo=<S01060004e204d8cd.wp.shawcable.net>
Jun  4 07:10:42 rusty postfix/smtpd[11345]: lost connection after RCPT from S01060004e204d8cd.wp.shawcable.net[24.77.215.106]
Jun  4 07:10:42 rusty postfix/smtpd[11345]: disconnect from S01060004e204d8cd.wp.shawcable.net[24.77.215.106]
Jun  4 07:10:47 rusty postfix/smtp[12111]: connect to Mail3.theoffice.net[69.56.175.206]: Connection timed out (port 25)
Jun  4 07:10:47 rusty postfix/smtp[12111]: 803BD11826D: to=<onramp@theoffice.net>, relay=none, delay=267038, status=deferred (connect to Mail3.theoffice.net[69.56.175.206]: Connection timed out)
Jun  4 07:10:53 rusty postfix/smtpd[12074]: connect from sub227-39.elpos.net[85.193.227.39]
Jun  4 07:11:01 rusty postfix/smtpd[12074]: NOQUEUE: reject: RCPT from sub227-39.elpos.net[85.193.227.39]: 554 Service unavailable; Client host [85.193.227.39] blocked using cbl.abuseat.org; Blocked - see http://cbl.abuseat.org/lookup.cgi?ip=85.193.227.39; from=<falewife@cajunnet.com> to=<wigglers@slug.org.au> proto=SMTP helo=<klub-jv1zknfslg.elpos.net>
Jun  4 07:11:01 rusty postfix/smtpd[12074]: lost connection after RCPT from sub227-39.elpos.net[85.193.227.39]
Jun  4 07:11:01 rusty postfix/smtpd[12074]: disconnect from sub227-39.elpos.net[85.193.227.39]
Jun  4 07:11:26 rusty postfix/smtpd[12079]: connect from c-71-233-182-9.hsd1.ma.comcast.net[71.233.182.9]
Jun  4 07:11:37 rusty postfix/smtpd[11844]: connect from unknown[84.228.224.17]
Jun  4 07:11:39 rusty postfix/smtpd[12079]: warning: 9.182.233.71.relays.ordb.org: RBL lookup error: Host or domain name not found. Name service error for name=9.182.233.71.relays.ordb.org type=A: Host not found, try again
Jun  4 07:11:40 rusty postfix/smtpd[11844]: NOQUEUE: reject: RCPT from unknown[84.228.224.17]: 554 Service unavailable; Client host [84.228.224.17] blocked using cbl.abuseat.org; Blocked - see http://cbl.abuseat.org/lookup.cgi?ip=84.228.224.17; from=<anjain@ketera.com> to=<186-event@slug.org.au> proto=ESMTP helo=<IGLD-84-228-224-17.inter.net.il>
Jun  4 07:11:40 rusty postfix/smtpd[11844]: lost connection after RCPT from unknown[84.228.224.17]
Jun  4 07:11:40 rusty postfix/smtpd[11844]: disconnect from unknown[84.228.224.17]
Jun  4 07:11:56 rusty postfix/smtpd[11345]: connect from dslb-084-056-245-171.pools.arcor-ip.net[84.56.245.171]
Jun  4 07:11:59 rusty postfix/smtpd[12079]: warning: 9.182.233.71.opm.blitzed.org: RBL lookup error: Host or domain name not found. Name service error for name=9.182.233.71.opm.blitzed.org type=A: Host not found, try again
Jun  4 07:11:59 rusty postfix/smtpd[12079]: NOQUEUE: reject: RCPT from c-71-233-182-9.hsd1.ma.comcast.net[71.233.182.9]: 450 <dl99kefd8ej9k8bc@slug.org.au>: Recipient address rejected: Greylisted for 300 seconds (see http://isg.ee.ethz.ch/tools/postgrey/help/slug.org.au.html); from=<xfaffiance@email.su> to=<dl99kefd8ej9k8bc@slug.org.au> proto=SMTP helo=<c-71-233-182-9.hsd1.ma.comcast.net>
Jun  4 07:11:59 rusty postfix/smtpd[12079]: lost connection after RCPT from c-71-233-182-9.hsd1.ma.comcast.net[71.233.182.9]
Jun  4 07:11:59 rusty postfix/smtpd[12079]: disconnect from c-71-233-182-9.hsd1.ma.comcast.net[71.233.182.9]
Jun  4 07:12:09 rusty postfix/smtpd[11345]: warning: 171.245.56.84.relays.ordb.org: RBL lookup error: Host or domain name not found. Name service error for name=171.245.56.84.relays.ordb.org type=A: Host not found, try again
Jun  4 07:12:24 rusty postfix/smtpd[12074]: connect from host-81-190-223-228.wroclaw.mm.pl[81.190.223.228]
Jun  4 07:12:26 rusty postfix/smtpd[11844]: connect from 59-117-7-23.dynamic.hinet.net[59.117.7.23]
Jun  4 07:12:29 rusty postfix/smtpd[11844]: NOQUEUE: reject: RCPT from 59-117-7-23.dynamic.hinet.net[59.117.7.23]: 554 Service unavailable; Client host [59.117.7.23] blocked using cbl.abuseat.org; Blocked - see http://cbl.abuseat.org/lookup.cgi?ip=59.117.7.23; from=<knkcycles.com@rentevents.com> to=<heracles@slug.org.au> proto=SMTP helo=<localhost>
Jun  4 07:12:29 rusty postfix/smtpd[11844]: lost connection after RCPT from 59-117-7-23.dynamic.hinet.net[59.117.7.23]
Jun  4 07:12:29 rusty postfix/smtpd[11844]: disconnect from 59-117-7-23.dynamic.hinet.net[59.117.7.23]
Jun  4 07:12:29 rusty postfix/smtpd[11345]: warning: 171.245.56.84.opm.blitzed.org: RBL lookup error: Host or domain name not found. Name service error for name=171.245.56.84.opm.blitzed.org type=A: Host not found, try again
Jun  4 07:12:29 rusty postfix/smtpd[11345]: NOQUEUE: reject: RCPT from dslb-084-056-245-171.pools.arcor-ip.net[84.56.245.171]: 450 <48-event@slug.org.au>: Recipient address rejected: Greylisted for 300 seconds (see http://isg.ee.ethz.ch/tools/postgrey/help/slug.org.au.html); from=<Sarina67@aol.com> to=<48-event@slug.org.au> proto=ESMTP helo=<dslb-084-056-245-171.pools.arcor-ip.net>
Jun  4 07:12:29 rusty postfix/smtpd[11345]: lost connection after RCPT from dslb-084-056-245-171.pools.arcor-ip.net[84.56.245.171]
Jun  4 07:12:29 rusty postfix/smtpd[11345]: disconnect from dslb-084-056-245-171.pools.arcor-ip.net[84.56.245.171]
Jun  4 07:12:32 rusty postfix/smtpd[12079]: connect from dslb-084-061-031-117.pools.arcor-ip.net[84.61.31.117]
Jun  4 07:12:38 rusty postfix/smtpd[12074]: warning: 228.223.190.81.relays.ordb.org: RBL lookup error: Host or domain name not found. Name service error for name=228.223.190.81.relays.ordb.org type=A: Host not found, try again
Jun  4 07:12:45 rusty postfix/smtpd[12079]: warning: 117.31.61.84.relays.ordb.org: RBL lookup error: Host or domain name not found. Name service error for name=117.31.61.84.relays.ordb.org type=A: Host not found, try again
Jun  4 07:12:58 rusty postfix/smtpd[12074]: warning: 228.223.190.81.opm.blitzed.org: RBL lookup error: Host or domain name not found. Name service error for name=228.223.190.81.opm.blitzed.org type=A: Host not found, try again
Jun  4 07:12:58 rusty postfix/smtpd[12074]: NOQUEUE: reject: RCPT from host-81-190-223-228.wroclaw.mm.pl[81.190.223.228]: 450 <codefest@slug.org.au>: Recipient address rejected: Greylisted for 300 seconds (see http://isg.ee.ethz.ch/tools/postgrey/help/slug.org.au.html); from=<Easier215@maxtek.com> to=<codefest@slug.org.au> proto=ESMTP helo=<host-81-190-223-228.wroclaw.mm.pl>
Jun  4 07:12:58 rusty postfix/smtpd[12074]: lost connection after RCPT from host-81-190-223-228.wroclaw.mm.pl[81.190.223.228]
Jun  4 07:12:58 rusty postfix/smtpd[12074]: disconnect from host-81-190-223-228.wroclaw.mm.pl[81.190.223.228]
Jun  4 07:13:05 rusty postfix/smtpd[12079]: warning: 117.31.61.84.opm.blitzed.org: RBL lookup error: Host or domain name not found. Name service error for name=117.31.61.84.opm.blitzed.org type=A: Host not found, try again
Jun  4 07:13:05 rusty postfix/smtpd[12079]: NOQUEUE: reject: RCPT from dslb-084-061-031-117.pools.arcor-ip.net[84.61.31.117]: 450 <downsizes@slug.org.au>: Recipient address rejected: Greylisted for 300 seconds (see http://isg.ee.ethz.ch/tools/postgrey/help/slug.org.au.html); from=<uqsborough@greenvalleyloan.com> to=<downsizes@slug.org.au> proto=SMTP helo=<dslb-084-061-031-117.pools.arcor-ip.net>
Jun  4 07:13:05 rusty postfix/smtpd[12079]: lost connection after RCPT from dslb-084-061-031-117.pools.arcor-ip.net[84.61.31.117]
Jun  4 07:13:05 rusty postfix/smtpd[12079]: disconnect from dslb-084-061-031-117.pools.arcor-ip.net[84.61.31.117]
Jun  4 07:13:13 rusty postfix/smtpd[11844]: connect from 89.0.118.19.dynamic.barak-online.net[89.0.118.19]
Jun  4 07:13:27 rusty postfix/smtpd[11844]: warning: 19.118.0.89.relays.ordb.org: RBL lookup error: Host or domain name not found. Name service error for name=19.118.0.89.relays.ordb.org type=A: Host not found, try again
Jun  4 07:13:28 rusty postfix/scache[12216]: statistics: start interval Jun  4 07:07:27
Jun  4 07:13:28 rusty postfix/scache[12216]: statistics: domain lookup hits=2 miss=4 success=33%
Jun  4 07:13:28 rusty postfix/scache[12216]: statistics: address lookup hits=0 miss=10 success=0%
Jun  4 07:13:28 rusty postfix/scache[12216]: statistics: max simultaneous domains=1 addresses=1 connection=2
Jun  4 07:13:47 rusty postfix/smtpd[11844]: warning: 19.118.0.89.opm.blitzed.org: RBL lookup error: Host or domain name not found. Name service error for name=19.118.0.89.opm.blitzed.org type=A: Host not found, try again
Jun  4 07:13:47 rusty postfix/smtpd[11844]: NOQUEUE: reject: RCPT from 89.0.118.19.dynamic.barak-online.net[89.0.118.19]: 450 <14-event@slug.org.au>: Recipient address rejected: Greylisted for 300 seconds (see http://isg.ee.ethz.ch/tools/postgrey/help/slug.org.au.html); from=<claire.armitt@flannel.uk.com> to=<14-event@slug.org.au> proto=ESMTP helo=<home-11e5862da4>
Jun  4 07:13:47 rusty postfix/smtpd[11844]: lost connection after RCPT from 89.0.118.19.dynamic.barak-online.net[89.0.118.19]
Jun  4 07:13:47 rusty postfix/smtpd[11844]: disconnect from 89.0.118.19.dynamic.barak-online.net[89.0.118.19]
Jun  4 07:14:08 rusty postfix/smtpd[11345]: connect from dsl51B7BDAF.pool.t-online.hu[81.183.189.175]
Jun  4 07:14:11 rusty postfix/smtpd[12074]: warning: 59.40.66.226: hostname 226.66.40.59.broad.sz.gd.dynamic.163data.com.cn verification failed: Name or service not known
Jun  4 07:14:11 rusty postfix/smtpd[12074]: connect from unknown[59.40.66.226]
Jun  4 07:14:14 rusty postfix/smtpd[12074]: NOQUEUE: reject: RCPT from unknown[59.40.66.226]: 554 Service unavailable; Client host [59.40.66.226] blocked using ix.dnsbl.manitu.net; Comment:   IP address blocked, see http://ix.dnsbl.manitu.net/lookup.php?ipaddress=59.40.66.226, latest spam received via relay.heise.de at 2007-06-02T14:17+0200; from=<fgnfmngm@163.com> to=<webmaster@slug.org.au> proto=ESMTP helo=<163.com>
Jun  4 07:14:14 rusty postfix/smtpd[12074]: disconnect from unknown[59.40.66.226]
Jun  4 07:14:17 rusty postfix/smtpd[12079]: connect from dsl51B7BDAF.pool.t-online.hu[81.183.189.175]
Jun  4 07:14:21 rusty postfix/smtpd[11345]: warning: 175.189.183.81.relays.ordb.org: RBL lookup error: Host or domain name not found. Name service error for name=175.189.183.81.relays.ordb.org type=A: Host not found, try again
Jun  4 07:14:29 rusty postfix/smtpd[12079]: warning: 175.189.183.81.relays.ordb.org: RBL lookup error: Host or domain name not found. Name service error for name=175.189.183.81.relays.ordb.org type=A: Host not found, try again
Jun  4 07:14:37 rusty postfix/smtpd[11844]: connect from que01.charter.net[209.225.8.189]
Jun  4 07:14:38 rusty postgrey[2159]: delayed 12061 seconds: client=que01.charter.net, from=teria21@charter.net, to=slug@slug.org.au 
Jun  4 07:14:42 rusty postfix/smtpd[11345]: warning: 175.189.183.81.opm.blitzed.org: RBL lookup error: Host or domain name not found. Name service error for name=175.189.183.81.opm.blitzed.org type=A: Host not found, try again
Jun  4 07:14:42 rusty postfix/smtpd[11345]: NOQUEUE: reject: RCPT from dsl51B7BDAF.pool.t-online.hu[81.183.189.175]: 450 <keepingslug@slug.org.au>: Recipient address rejected: Greylisted for 300 seconds (see http://isg.ee.ethz.ch/tools/postgrey/help/slug.org.au.html); from=<thqbrickbat@fjsm.net> to=<keepingslug@slug.org.au> proto=SMTP helo=<dsl51B7BDAF.pool.t-online.hu>
Jun  4 07:14:42 rusty postfix/smtpd[11345]: lost connection after RCPT from dsl51B7BDAF.pool.t-online.hu[81.183.189.175]
Jun  4 07:14:42 rusty postfix/smtpd[11345]: disconnect from dsl51B7BDAF.pool.t-online.hu[81.183.189.175]
Jun  4 07:14:49 rusty postfix/smtpd[12079]: warning: 175.189.183.81.opm.blitzed.org: RBL lookup error: Host or domain name not found. Name service error for name=175.189.183.81.opm.blitzed.org type=A: Host not found, try again
Jun  4 07:14:49 rusty postfix/smtpd[12079]: NOQUEUE: reject: RCPT from dsl51B7BDAF.pool.t-online.hu[81.183.189.175]: 450 <keepingsluga@slug.org.au>: Recipient address rejected: Greylisted for 300 seconds (see http://isg.ee.ethz.ch/tools/postgrey/help/slug.org.au.html); from=<yrgaltruism@f-m.fm> to=<keepingsluga@slug.org.au> proto=SMTP helo=<dsl51B7BDAF.pool.t-online.hu>
Jun  4 07:14:49 rusty postfix/smtpd[12079]: lost connection after RCPT from dsl51B7BDAF.pool.t-online.hu[81.183.189.175]
Jun  4 07:14:49 rusty postfix/smtpd[12079]: disconnect from dsl51B7BDAF.pool.t-online.hu[81.183.189.175]
Jun  4 07:14:50 rusty postfix/smtpd[11844]: warning: 189.8.225.209.relays.ordb.org: RBL lookup error: Host or domain name not found. Name service error for name=189.8.225.209.relays.ordb.org type=A: Host not found, try again
Jun  4 07:14:59 rusty postfix/smtpd[12074]: connect from ppp85-141-244-127.pppoe.mtu-net.ru[85.141.244.127]
Jun  4 07:15:10 rusty postfix/smtpd[11844]: warning: 189.8.225.209.opm.blitzed.org: RBL lookup error: Host or domain name not found. Name service error for name=189.8.225.209.opm.blitzed.org type=A: Host not found, try again
Jun  4 07:15:10 rusty postfix/smtpd[11844]: 19F79118145: client=que01.charter.net[209.225.8.189]
Jun  4 07:15:10 rusty postfix/cleanup[12472]: 19F79118145: message-id=<1970895228.1180892704582.JavaMail.root@fepweb12>
Jun  4 07:15:10 rusty postfix/local[12473]: 19F79118145: to=<slug@slug.org.au>, relay=local, delay=32, status=sent (delivered to command: /var/lib/mailman/mail/mailman post slug)
Jun  4 07:15:11 rusty postfix/smtpd[11844]: disconnect from que01.charter.net[209.225.8.189]
Jun  4 07:15:12 rusty spamd[19590]: spamd: connection from localhost.localdomain [127.0.0.1] at port 50178 
Jun  4 07:15:12 rusty postfix/smtpd[12074]: warning: 127.244.141.85.relays.ordb.org: RBL lookup error: Host or domain name not found. Name service error for name=127.244.141.85.relays.ordb.org type=A: Host not found, try again
Jun  4 07:15:13 rusty spamd[19590]: spamd: checking message <1970895228.1180892704582.JavaMail.root@fepweb12> for slug:1011 
Jun  4 07:15:14 rusty spamd[19590]: Can't locate Sys/Hostname/Long.pm in @INC (@INC contains: ../lib /usr/share/perl5 /etc/perl /usr/local/lib/perl/5.8.7 /usr/local/share/perl/5.8.7 /usr/lib/perl5 /usr/lib/perl/5.8 /usr/share/perl/5.8 /usr/local/lib/site_perl) at /usr/share/perl5/Mail/SPF/Query.pm line 336, <GEN330> line 53. 
Jun  4 07:15:14 rusty spamd[19590]: Can't locate Sys/Hostname/Long.pm in @INC (@INC contains: ../lib /usr/share/perl5 /etc/perl /usr/local/lib/perl/5.8.7 /usr/local/share/perl/5.8.7 /usr/lib/perl5 /usr/lib/perl/5.8 /usr/share/perl/5.8 /usr/local/lib/site_perl) at /usr/share/perl5/Mail/SPF/Query.pm line 336, <GEN330> line 53. 
Jun  4 07:15:15 rusty spamd[19590]: spamd: identified spam (11.3/5.0) for slug:1011 in 3.2 seconds, 2024 bytes. 
Jun  4 07:15:15 rusty spamd[19590]: spamd: result: Y 11 - ADVANCE_FEE_1,ADVANCE_FEE_2,BAYES_99,NASTY_1,SPF_PASS,SUBJ_HAS_SPACES,UNDISC_RECIPS scantime=3.2,size=2024,user=slug,uid=1011,required_score=5.0,rhost=localhost.localdomain,raddr=127.0.0.1,rport=50178,mid=<1970895228.1180892704582.JavaMail.root@fepweb12>,bayes=0.999999999999994,autolearn=no 
Jun  4 07:15:16 rusty spamd[1026]: prefork: child states: II 
Jun  4 07:15:17 rusty postfix/smtpd[11345]: connect from unknown[201.215.51.55]
Jun  4 07:15:30 rusty postfix/smtpd[11345]: warning: 55.51.215.201.relays.ordb.org: RBL lookup error: Host or domain name not found. Name service error for name=55.51.215.201.relays.ordb.org type=A: Host not found, try again
Jun  4 07:15:33 rusty postfix/smtpd[12074]: warning: 127.244.141.85.opm.blitzed.org: RBL lookup error: Host or domain name not found. Name service error for name=127.244.141.85.opm.blitzed.org type=A: Host not found, try again
Jun  4 07:15:33 rusty postfix/smtpd[12074]: NOQUEUE: reject: RCPT from ppp85-141-244-127.pppoe.mtu-net.ru[85.141.244.127]: 450 <brig@slug.org.au>: Recipient address rejected: Greylisted for 300 seconds (see http://isg.ee.ethz.ch/tools/postgrey/help/slug.org.au.html); from=<qpxxbja@mtu-net.ru> to=<brig@slug.org.au> proto=ESMTP helo=<ppp85-141-244-127.pppoe.mtu-net.ru>
Jun  4 07:15:33 rusty postfix/smtpd[12074]: lost connection after RCPT from ppp85-141-244-127.pppoe.mtu-net.ru[85.141.244.127]
Jun  4 07:15:33 rusty postfix/smtpd[12074]: disconnect from ppp85-141-244-127.pppoe.mtu-net.ru[85.141.244.127]
Jun  4 07:15:50 rusty postfix/smtpd[11345]: warning: 55.51.215.201.opm.blitzed.org: RBL lookup error: Host or domain name not found. Name service error for name=55.51.215.201.opm.blitzed.org type=A: Host not found, try again
Jun  4 07:15:50 rusty postfix/smtpd[11345]: NOQUEUE: reject: RCPT from unknown[201.215.51.55]: 450 <benno@slug.org.au>: Recipient address rejected: Greylisted for 300 seconds (see http://isg.ee.ethz.ch/tools/postgrey/help/slug.org.au.html); from=<pqlbmtfmgpm@dcs.net> to=<benno@slug.org.au> proto=ESMTP helo=<[201.215.51.55]>
Jun  4 07:15:50 rusty postfix/smtpd[11345]: lost connection after RCPT from unknown[201.215.51.55]
Jun  4 07:15:50 rusty postfix/smtpd[11345]: disconnect from unknown[201.215.51.55]
Jun  4 07:17:41 rusty postfix/smtpd[12548]: connect from chello089078153151.chello.pl[89.78.153.151]
Jun  4 07:17:44 rusty postfix/smtpd[12548]: NOQUEUE: reject: RCPT from chello089078153151.chello.pl[89.78.153.151]: 554 Service unavailable; Client host [89.78.153.151] blocked using ix.dnsbl.manitu.net; Comment:   IP address blocked, see http://ix.dnsbl.manitu.net/lookup.php?ipaddress=89.78.153.151, latest spam received via relay.heise.de at 2007-05-31T19:27+0200; from=<qntpuxmrjl@chello.pl> to=<mary@slug.org.au> proto=ESMTP helo=<chello089078153151.chello.pl>
Jun  4 07:17:44 rusty postfix/smtpd[12548]: lost connection after RCPT from chello089078153151.chello.pl[89.78.153.151]
Jun  4 07:17:44 rusty postfix/smtpd[12548]: disconnect from chello089078153151.chello.pl[89.78.153.151]
Jun  4 07:17:46 rusty postfix/smtpd[12548]: connect from unknown[80.235.78.66]
Jun  4 07:17:49 rusty postfix/smtpd[12548]: NOQUEUE: reject: RCPT from unknown[80.235.78.66]: 554 Service unavailable; Client host [80.235.78.66] blocked using ix.dnsbl.manitu.net; Comment:   IP address blocked, see http://ix.dnsbl.manitu.net/lookup.php?ipaddress=80.235.78.66, latest spam received via mx0.gmx.net at 2007-06-01T12:31+0200; from=<postmaster@skullsandflames.nl> to=<postmaster@slug.org.au> proto=SMTP helo=<ibm>
Jun  4 07:17:50 rusty postfix/smtpd[12548]: disconnect from unknown[80.235.78.66]
Jun  4 07:18:17 rusty postfix/smtpd[12548]: connect from omega.eth.net.pl[158.75.205.1]
Jun  4 07:18:33 rusty postfix/smtpd[12548]: warning: 1.205.75.158.relays.ordb.org: RBL lookup error: Host or domain name not found. Name service error for name=1.205.75.158.relays.ordb.org type=A: Host not found, try again
Jun  4 07:18:53 rusty postfix/smtpd[12548]: warning: 1.205.75.158.opm.blitzed.org: RBL lookup error: Host or domain name not found. Name service error for name=1.205.75.158.opm.blitzed.org type=A: Host not found, try again
Jun  4 07:18:53 rusty postfix/smtpd[12548]: NOQUEUE: reject: RCPT from omega.eth.net.pl[158.75.205.1]: 450 <web-suggest@slug.org.au>: Recipient address rejected: Greylisted for 300 seconds (see http://isg.ee.ethz.ch/tools/postgrey/help/slug.org.au.html); from=<gstback@netman.ru> to=<web-suggest@slug.org.au> proto=SMTP helo=<omega.eth.net.pl>
Jun  4 07:18:53 rusty postfix/smtpd[12548]: lost connection after RCPT from omega.eth.net.pl[158.75.205.1]
Jun  4 07:18:53 rusty postfix/smtpd[12548]: disconnect from omega.eth.net.pl[158.75.205.1]
Jun  4 07:19:01 rusty postfix/smtpd[12548]: connect from cpe-75-84-64-170.socal.res.rr.com[75.84.64.170]
Jun  4 07:19:04 rusty postfix/smtpd[12548]: NOQUEUE: reject: RCPT from cpe-75-84-64-170.socal.res.rr.com[75.84.64.170]: 554 Service unavailable; Client host [75.84.64.170] blocked using cbl.abuseat.org; Blocked - see http://cbl.abuseat.org/lookup.cgi?ip=75.84.64.170; from=<aaeeebp@aasayia.com> to=<vapidity@slug.org.au> proto=SMTP helo=<cpe-75-84-64-170.socal.res.rr.com>
Jun  4 07:19:04 rusty postfix/smtpd[12548]: lost connection after RCPT from cpe-75-84-64-170.socal.res.rr.com[75.84.64.170]
Jun  4 07:19:04 rusty postfix/smtpd[12548]: disconnect from cpe-75-84-64-170.socal.res.rr.com[75.84.64.170]
Jun  4 07:19:18 rusty postfix/smtpd[12548]: connect from pD9EB9BF4.dip0.t-ipconnect.de[217.235.155.244]
Jun  4 07:19:32 rusty postfix/smtpd[12603]: connect from bzq-179-108-33.static.bezeqint.net[212.179.108.33]
Jun  4 07:19:35 rusty postfix/smtpd[12603]: NOQUEUE: reject: RCPT from bzq-179-108-33.static.bezeqint.net[212.179.108.33]: 554 Service unavailable; Client host [212.179.108.33] blocked using ix.dnsbl.manitu.net; Comment:   IP address blocked, see http://ix.dnsbl.manitu.net/lookup.php?ipaddress=212.179.108.33, latest spam received via relay.heise.de at 2007-06-03T07:08+0200; from=<kunden@bahn.de> to=<130-event@slug.org.au> proto=ESMTP helo=<aviv-i2apj4ebd2>
Jun  4 07:19:35 rusty postfix/smtpd[12603]: lost connection after RCPT from bzq-179-108-33.static.bezeqint.net[212.179.108.33]
Jun  4 07:19:35 rusty postfix/smtpd[12603]: disconnect from bzq-179-108-33.static.bezeqint.net[212.179.108.33]
Jun  4 07:19:45 rusty postfix/smtpd[12603]: connect from c-71-232-223-55.hsd1.ma.comcast.net[71.232.223.55]
Jun  4 07:19:47 rusty postfix/smtpd[12603]: NOQUEUE: reject: RCPT from c-71-232-223-55.hsd1.ma.comcast.net[71.232.223.55]: 554 Service unavailable; Client host [71.232.223.55] blocked using cbl.abuseat.org; Blocked - see http://cbl.abuseat.org/lookup.cgi?ip=71.232.223.55; from=<Kelliehaikuabram@comcast.net> to=<itemization@slug.org.au> proto=ESMTP helo=<comcast.net>
Jun  4 07:19:47 rusty postfix/smtpd[12603]: disconnect from c-71-232-223-55.hsd1.ma.comcast.net[71.232.223.55]
Jun  4 07:19:48 rusty postfix/smtpd[12548]: warning: 244.155.235.217.relays.ordb.org: RBL lookup error: Host or domain name not found. Name service error for name=244.155.235.217.relays.ordb.org type=A: Host not found, try again
Jun  4 07:20:05 rusty postfix/smtpd[12603]: connect from 71-220-25-154.mpls.qwest.net[71.220.25.154]
Jun  4 07:20:08 rusty postfix/smtpd[12548]: warning: 244.155.235.217.opm.blitzed.org: RBL lookup error: Host or domain name not found. Name service error for name=244.155.235.217.opm.blitzed.org type=A: Host not found, try again
Jun  4 07:20:08 rusty postfix/smtpd[12548]: NOQUEUE: reject: RCPT from pD9EB9BF4.dip0.t-ipconnect.de[217.235.155.244]: 450 <121-event@slug.org.au>: Recipient address rejected: Greylisted for 300 seconds (see http://isg.ee.ethz.ch/tools/postgrey/help/slug.org.au.html); from=<bkoether@glaciersociety.org> to=<121-event@slug.org.au> proto=ESMTP helo=<pD9EB9BF4.dip0.t-ipconnect.de>
Jun  4 07:20:08 rusty postfix/smtpd[12548]: lost connection after RCPT from pD9EB9BF4.dip0.t-ipconnect.de[217.235.155.244]
Jun  4 07:20:08 rusty postfix/smtpd[12548]: disconnect from pD9EB9BF4.dip0.t-ipconnect.de[217.235.155.244]
Jun  4 07:20:11 rusty postfix/smtpd[12548]: warning: 84.18.124.6: hostname 6.124.18.84.in-addr.arpa verification failed: Name or service not known
Jun  4 07:20:11 rusty postfix/smtpd[12548]: connect from unknown[84.18.124.6]
Jun  4 07:20:14 rusty postfix/smtpd[12603]: NOQUEUE: reject: RCPT from 71-220-25-154.mpls.qwest.net[71.220.25.154]: 554 Service unavailable; Client host [71.220.25.154] blocked using ix.dnsbl.manitu.net; Comment:   IP address blocked, see http://ix.dnsbl.manitu.net/lookup.php?ipaddress=71.220.25.154, latest spam received via mail.ixlab.de at 2007-06-02T00:02+0200; from=<eccbeehive@mbbc.edu> to=<web-suggest@slug.org.au> proto=SMTP helo=<71-220-25-154.mpls.qwest.net>
Jun  4 07:20:15 rusty postfix/smtpd[12603]: lost connection after RCPT from 71-220-25-154.mpls.qwest.net[71.220.25.154]
Jun  4 07:20:15 rusty postfix/smtpd[12603]: disconnect from 71-220-25-154.mpls.qwest.net[71.220.25.154]
Jun  4 07:20:15 rusty postfix/smtpd[12548]: NOQUEUE: reject: RCPT from unknown[84.18.124.6]: 554 Service unavailable; Client host [84.18.124.6] blocked using ix.dnsbl.manitu.net; Comment:   IP address blocked, see http://ix.dnsbl.manitu.net/lookup.php?ipaddress=84.18.124.6, latest spam received via mx0.gmx.net at 2007-05-31T11:44+0200; from=<magarmament@mostlysunny.com> to=<f5b8f9c3@slug.org.au> proto=SMTP helo=<6.124.18.84.in-addr.arpa>
Jun  4 07:20:16 rusty postfix/smtpd[12548]: lost connection after RCPT from unknown[84.18.124.6]
Jun  4 07:20:16 rusty postfix/smtpd[12548]: disconnect from unknown[84.18.124.6]
Jun  4 07:21:42 rusty postfix/smtpd[12603]: connect from dynamic-acs-72-23-109-125.zoominternet.net[72.23.109.125]
Jun  4 07:21:55 rusty postfix/smtpd[12603]: warning: 125.109.23.72.relays.ordb.org: RBL lookup error: Host or domain name not found. Name service error for name=125.109.23.72.relays.ordb.org type=A: Host not found, try again
Jun  4 07:21:56 rusty postfix/smtpd[12621]: connect from 201-221-198-204.bk11-dsl.surnet.cl[201.221.198.204]
Jun  4 07:21:59 rusty postfix/smtpd[12621]: NOQUEUE: reject: RCPT from 201-221-198-204.bk11-dsl.surnet.cl[201.221.198.204]: 554 Service unavailable; Client host [201.221.198.204] blocked using list.dsbl.org; http://dsbl.org/listing?201.221.198.204; from=<zdeclamatory@fou.com> to=<f48e58df@slug.org.au> proto=SMTP helo=<fou.com>
Jun  4 07:21:59 rusty postfix/smtpd[12621]: lost connection after RCPT from 201-221-198-204.bk11-dsl.surnet.cl[201.221.198.204]
Jun  4 07:21:59 rusty postfix/smtpd[12621]: disconnect from 201-221-198-204.bk11-dsl.surnet.cl[201.221.198.204]
Jun  4 07:22:15 rusty postfix/smtpd[12603]: warning: 125.109.23.72.opm.blitzed.org: RBL lookup error: Host or domain name not found. Name service error for name=125.109.23.72.opm.blitzed.org type=A: Host not found, try again
Jun  4 07:22:15 rusty postfix/smtpd[12603]: NOQUEUE: reject: RCPT from dynamic-acs-72-23-109-125.zoominternet.net[72.23.109.125]: 450 <jdub@slug.org.au>: Recipient address rejected: Greylisted for 300 seconds (see http://isg.ee.ethz.ch/tools/postgrey/help/slug.org.au.html); from=<xyvzwksg@zoominternet.net> to=<jdub@slug.org.au> proto=ESMTP helo=<dynamic-acs-72-23-109-125.zoominternet.net>
Jun  4 07:22:15 rusty postfix/smtpd[12603]: lost connection after RCPT from dynamic-acs-72-23-109-125.zoominternet.net[72.23.109.125]
Jun  4 07:22:15 rusty postfix/smtpd[12603]: disconnect from dynamic-acs-72-23-109-125.zoominternet.net[72.23.109.125]
Jun  4 07:22:31 rusty postfix/smtpd[12621]: connect from 201-75-188-20-nd.cpe.vivax.com.br[201.75.188.20]
Jun  4 07:22:34 rusty postfix/smtpd[12621]: NOQUEUE: reject: RCPT from 201-75-188-20-nd.cpe.vivax.com.br[201.75.188.20]: 554 Service unavailable; Client host [201.75.188.20] blocked using ix.dnsbl.manitu.net; Comment:   IP address blocked, see http://ix.dnsbl.manitu.net/lookup.php?ipaddress=201.75.188.20, latest spam received via mail.ixlab.de at 2007-05-31T01:33+0200; from=<fdzd'art@campingdebult.com> to=<efd08be0@slug.org.au> proto=SMTP helo=<jefersongalvao.vivax.com.br>
Jun  4 07:22:34 rusty postfix/smtpd[12621]: lost connection after RCPT from 201-75-188-20-nd.cpe.vivax.com.br[201.75.188.20]
Jun  4 07:22:34 rusty postfix/smtpd[12621]: disconnect from 201-75-188-20-nd.cpe.vivax.com.br[201.75.188.20]
Jun  4 07:22:56 rusty postfix/smtp[12627]: 8D23C118212: to=<marauder@progsoc.uts.edu.au>, relay=incubus.progsoc.uts.edu.au[138.25.6.7], delay=295028, status=deferred (host incubus.progsoc.uts.edu.au[138.25.6.7] said: 451 Temporary local problem - please try later (in reply to RCPT TO command))
Jun  4 07:22:56 rusty postfix/smtp[12627]: 8D23C118212: to=<wildfire@progsoc.uts.edu.au>, relay=incubus.progsoc.uts.edu.au[138.25.6.7], delay=295028, status=deferred (host incubus.progsoc.uts.edu.au[138.25.6.7] said: 451 Temporary local problem - please try later (in reply to RCPT TO command))
Jun  4 07:22:56 rusty postfix/smtp[12636]: D6405118260: to=<wildfire@progsoc.uts.edu.au>, relay=incubus.progsoc.uts.edu.au[138.25.6.7], delay=267769, status=deferred (host incubus.progsoc.uts.edu.au[138.25.6.7] said: 451 Temporary local problem - please try later (in reply to RCPT TO command))
Jun  4 07:22:56 rusty postfix/smtp[12647]: 4C967118045: to=<marauder@progsoc.uts.edu.au>, relay=incubus.progsoc.uts.edu.au[138.25.6.7], delay=58341, status=deferred (host incubus.progsoc.uts.edu.au[138.25.6.7] said: 451 Temporary local problem - please try later (in reply to RCPT TO command))
Jun  4 07:22:56 rusty postfix/smtp[12643]: 2AAA61181BC: to=<nina@iit-training.com.au>, relay=mail.iit-training.com.au[203.13.75.253], delay=384330, status=deferred (host mail.iit-training.com.au[203.13.75.253] said: 450 <nina@iit-training.com.au>: Recipient address rejected: User unknown in local recipient table (in reply to RCPT TO command))
Jun  4 07:22:56 rusty postfix/smtp[12641]: 38CA8118223: to=<marauder@progsoc.uts.edu.au>, relay=incubus.progsoc.uts.edu.au[138.25.6.7], delay=207531, status=deferred (host incubus.progsoc.uts.edu.au[138.25.6.7] said: 451 Temporary local problem - please try later (in reply to RCPT TO command))
Jun  4 07:22:57 rusty postfix/smtp[12641]: 38CA8118223: to=<wildfire@progsoc.uts.edu.au>, relay=incubus.progsoc.uts.edu.au[138.25.6.7], delay=207532, status=deferred (host incubus.progsoc.uts.edu.au[138.25.6.7] said: 451 Temporary local problem - please try later (in reply to RCPT TO command))
Jun  4 07:22:57 rusty postfix/smtp[12650]: 6ED481180FF: to=<greebo@pipka.org>, relay=mail.pipka.org[70.85.31.216], delay=27761, status=deferred (host mail.pipka.org[70.85.31.216] said: 452 Insufficient system storage (in reply to MAIL FROM command))
Jun  4 07:22:57 rusty postfix/smtp[12649]: 6ED481180FF: to=<jdub@perkypants.org>, relay=mail.perkypants.org[70.85.31.216], delay=27761, status=deferred (host mail.perkypants.org[70.85.31.216] said: 452 Insufficient system storage (in reply to MAIL FROM command))
Jun  4 07:22:58 rusty postfix/smtp[12658]: A0E2D11819A: to=<netsnipe_ml@optusnet.com.au>, relay=mail.optusnet.com.au[211.29.132.250], delay=27762, status=deferred (host mail.optusnet.com.au[211.29.132.250] said: 452 4.2.2 <netsnipe_ml@optusnet.com.au>... Mailbox full (in reply to RCPT TO command))
Jun  4 07:22:58 rusty postfix/smtp[12658]: A0E2D11819A: to=<pintail@optusnet.com.au>, relay=mail.optusnet.com.au[211.29.132.250], delay=27762, status=deferred (host mail.optusnet.com.au[211.29.132.250] said: 452 4.2.2 <pintail@optusnet.com.au>... Mailbox full (in reply to RCPT TO command))
Jun  4 07:22:59 rusty postfix/smtp[12657]: connect to mic.icafe.com.au[60.242.158.40]: No route to host (port 25)
Jun  4 07:22:59 rusty postfix/smtp[12657]: A0E2D11819A: to=<donohueb@icafe.com.au>, relay=none, delay=27763, status=deferred (connect to mic.icafe.com.au[60.242.158.40]: No route to host)
Jun  4 07:23:10 rusty postfix/smtp[12648]: 6D41011821A: host tone.orchestra.cse.unsw.edu.au[129.94.242.59] said: 450 Sorry, that From address could not be verified (in reply to MAIL FROM command)
Jun  4 07:23:22 rusty postfix/smtpd[12603]: connect from c-24-128-181-243.hsd1.nh.comcast.net[24.128.181.243]
Jun  4 07:23:23 rusty postfix/smtp[12648]: 6D41011821A: to=<patm@cse.unsw.edu.au>, orig_to=<patrick@slug.org.au>, relay=note.orchestra.cse.unsw.edu.au[129.94.242.24], delay=291729, status=deferred (host note.orchestra.cse.unsw.edu.au[129.94.242.24] said: 450 Sorry, that From address could not be verified (in reply to MAIL FROM command))
Jun  4 07:23:24 rusty postfix/smtpd[12603]: NOQUEUE: reject: RCPT from c-24-128-181-243.hsd1.nh.comcast.net[24.128.181.243]: 554 Service unavailable; Client host [24.128.181.243] blocked using cbl.abuseat.org; Blocked - see http://cbl.abuseat.org/lookup.cgi?ip=24.128.181.243; from=<Mirandacentenarygermanium@comcast.net> to=<jdub@slug.org.au> proto=ESMTP helo=<comcast.net>
Jun  4 07:23:24 rusty postfix/smtpd[12603]: disconnect from c-24-128-181-243.hsd1.nh.comcast.net[24.128.181.243]
Jun  4 07:23:26 rusty postfix/smtp[12630]: connect to none.harvestroad.com.au[203.103.97.241]: Connection timed out (port 25)
Jun  4 07:23:26 rusty postfix/smtp[12634]: connect to none.harvestroad.com.au[203.103.97.241]: Connection timed out (port 25)
Jun  4 07:23:26 rusty postfix/smtp[12637]: connect to Mail.theoffice.net[69.56.175.208]: Connection timed out (port 25)
Jun  4 07:23:26 rusty postfix/smtp[12639]: connect to none.harvestroad.com.au[203.103.97.241]: Connection timed out (port 25)
Jun  4 07:23:26 rusty postfix/smtp[12645]: connect to none.harvestroad.com.au[203.103.97.241]: Connection timed out (port 25)
Jun  4 07:23:26 rusty postfix/smtp[12632]: connect to taz-devil.dyndns.org[60.241.248.171]: Connection timed out (port 25)
Jun  4 07:23:26 rusty postfix/smtp[12632]: EA08411815D: to=<mary@taz-devil.dyndns.org>, relay=none, delay=46533, status=deferred (connect to taz-devil.dyndns.org[60.241.248.171]: Connection timed out)
Jun  4 07:23:26 rusty postfix/smtp[12652]: connect to taz-devil.dyndns.org[60.241.248.171]: Connection timed out (port 25)
Jun  4 07:23:26 rusty postfix/smtp[12652]: 6ED481180FF: to=<mary@taz-devil.dyndns.org>, relay=none, delay=27790, status=deferred (connect to taz-devil.dyndns.org[60.241.248.171]: Connection timed out)
Jun  4 07:23:26 rusty postfix/smtp[12655]: connect to none.harvestroad.com.au[203.103.97.241]: Connection timed out (port 25)
Jun  4 07:23:26 rusty postfix/smtp[12628]: connect to dmhosting.g.ysm.yahoo.com[72.30.33.102]: Connection timed out (port 25)
Jun  4 07:23:26 rusty postfix/smtp[12653]: connect to dmhosting.g.ysm.yahoo.com[72.30.33.102]: Connection timed out (port 25)
Jun  4 07:23:26 rusty postfix/smtp[12627]: connect to dmhosting.g.ysm.yahoo.com[72.30.33.102]: Connection timed out (port 25)
Jun  4 07:23:26 rusty postfix/smtp[12631]: connect to park.funnel.revenuedirect.com.akadns.net[69.25.47.164]: Connection timed out (port 25)
Jun  4 07:23:26 rusty postfix/smtp[12635]: connect to park.funnel.revenuedirect.com.akadns.net[66.150.161.57]: Connection timed out (port 25)
Jun  4 07:23:26 rusty postfix/smtp[12640]: connect to park.funnel.revenuedirect.com.akadns.net[69.25.47.164]: Connection timed out (port 25)
Jun  4 07:23:26 rusty postfix/smtp[12646]: connect to park.funnel.revenuedirect.com.akadns.net[69.25.47.164]: Connection timed out (port 25)
Jun  4 07:23:26 rusty postfix/smtp[12656]: connect to park.funnel.revenuedirect.com.akadns.net[69.25.47.164]: Connection timed out (port 25)
Jun  4 07:23:26 rusty postfix/smtp[12653]: 18083118214: to=<aaaa@aaaaaa.com>, relay=none, delay=266878, status=deferred (connect to dmhosting.g.ysm.yahoo.com[72.30.33.102]: Connection timed out)
Jun  4 07:23:26 rusty postfix/smtp[12628]: CD33B1181D7: to=<aaaa@aaaaaa.com>, relay=none, delay=262262, status=deferred (connect to dmhosting.g.ysm.yahoo.com[72.30.33.102]: Connection timed out)
Jun  4 07:23:26 rusty postfix/smtp[12627]: F37A7118225: to=<aaaa@aaaaaa.com>, relay=none, delay=249396, status=deferred (connect to dmhosting.g.ysm.yahoo.com[72.30.33.102]: Connection timed out)
Jun  4 07:23:31 rusty postfix/smtp[12638]: BBC3A1181F0: to=<slug@eurekait.com>, relay=none, delay=399499, status=deferred (Host or domain name not found. Name service error for name=eurekait.com type=MX: Host not found, try again)
Jun  4 07:23:31 rusty postfix/smtp[12633]: E6F001181E2: to=<slug@eurekait.com>, relay=none, delay=231554, status=deferred (Host or domain name not found. Name service error for name=eurekait.com type=MX: Host not found, try again)
Jun  4 07:23:31 rusty postfix/smtp[12629]: C25341181BD: to=<slug@eurekait.com>, relay=none, delay=244354, status=deferred (Host or domain name not found. Name service error for name=eurekait.com type=MX: Host not found, try again)
Jun  4 07:23:31 rusty postfix/smtp[12644]: 03BE411815E: to=<slug@eurekait.com>, relay=none, delay=46537, status=deferred (Host or domain name not found. Name service error for name=eurekait.com type=MX: Host not found, try again)
Jun  4 07:23:31 rusty postfix/smtp[12654]: 1A3611181C0: to=<slug@eurekait.com>, relay=none, delay=332016, status=deferred (Host or domain name not found. Name service error for name=eurekait.com type=MX: Host not found, try again)
Jun  4 07:23:31 rusty postfix/smtp[12642]: 2AAA61181BC: to=<pauljobs@forrester.net.au>, relay=none, delay=384365, status=deferred (Host or domain name not found. Name service error for name=forrester.net.au type=MX: Host not found, try again)
Jun  4 07:23:35 rusty postfix/smtpd[12621]: connect from ip-89-102-42-254.karneval.cz[89.102.42.254]
Jun  4 07:23:38 rusty postfix/smtpd[12621]: NOQUEUE: reject: RCPT from ip-89-102-42-254.karneval.cz[89.102.42.254]: 554 Service unavailable; Client host [89.102.42.254] blocked using cbl.abuseat.org; Blocked - see http://cbl.abuseat.org/lookup.cgi?ip=89.102.42.254; from=<2fore1golf.net@wanttobefit.com> to=<linuxchix@slug.org.au> proto=SMTP helo=<localhost>
Jun  4 07:23:38 rusty postfix/smtpd[12621]: lost connection after RCPT from ip-89-102-42-254.karneval.cz[89.102.42.254]
Jun  4 07:23:38 rusty postfix/smtpd[12621]: disconnect from ip-89-102-42-254.karneval.cz[89.102.42.254]
Jun  4 07:23:39 rusty postfix/smtpd[12603]: connect from p5091C94A.dip.t-dialin.net[80.145.201.74]
Jun  4 07:23:52 rusty postfix/smtpd[12603]: warning: 74.201.145.80.relays.ordb.org: RBL lookup error: Host or domain name not found. Name service error for name=74.201.145.80.relays.ordb.org type=A: Host not found, try again
Jun  4 07:23:56 rusty postfix/smtp[12637]: connect to Mail.theoffice.net[69.56.175.209]: Connection timed out (port 25)
Jun  4 07:23:56 rusty postfix/smtp[12631]: connect to park.funnel.revenuedirect.com.akadns.net[66.150.161.57]: Connection timed out (port 25)
Jun  4 07:23:56 rusty postfix/smtp[12635]: connect to park.funnel.revenuedirect.com.akadns.net[69.25.47.164]: Connection timed out (port 25)
Jun  4 07:23:56 rusty postfix/smtp[12640]: connect to park.funnel.revenuedirect.com.akadns.net[66.150.161.57]: Connection timed out (port 25)
Jun  4 07:23:56 rusty postfix/smtp[12646]: connect to park.funnel.revenuedirect.com.akadns.net[66.150.161.57]: Connection timed out (port 25)
Jun  4 07:23:56 rusty postfix/smtp[12656]: connect to park.funnel.revenuedirect.com.akadns.net[66.150.161.57]: Connection timed out (port 25)
Jun  4 07:23:56 rusty postfix/smtp[12656]: 1A3611181C0: to=<brat@somethingorother.com>, relay=none, delay=332041, status=deferred (connect to park.funnel.revenuedirect.com.akadns.net[66.150.161.57]: Connection timed out)
Jun  4 07:23:56 rusty postfix/smtp[12646]: 03BE411815E: to=<brat@somethingorother.com>, relay=none, delay=46562, status=deferred (connect to park.funnel.revenuedirect.com.akadns.net[66.150.161.57]: Connection timed out)
Jun  4 07:23:56 rusty postfix/smtp[12640]: BBC3A1181F0: to=<brat@somethingorother.com>, relay=none, delay=399524, status=deferred (connect to park.funnel.revenuedirect.com.akadns.net[66.150.161.57]: Connection timed out)
Jun  4 07:23:56 rusty postfix/smtp[12635]: E6F001181E2: to=<brat@somethingorother.com>, relay=none, delay=231579, status=deferred (connect to park.funnel.revenuedirect.com.akadns.net[69.25.47.164]: Connection timed out)
Jun  4 07:23:56 rusty postfix/smtp[12631]: C25341181BD: to=<brat@somethingorother.com>, relay=none, delay=244379, status=deferred (connect to park.funnel.revenuedirect.com.akadns.net[66.150.161.57]: Connection timed out)
Jun  4 07:23:57 rusty postfix/smtpd[12621]: warning: 62.221.59.156: hostname 62-221-59-156.static.mp.farlep.net verification failed: Name or service not known
Jun  4 07:23:57 rusty postfix/smtpd[12621]: connect from unknown[62.221.59.156]
Jun  4 07:24:01 rusty postfix/smtpd[12621]: NOQUEUE: reject: RCPT from unknown[62.221.59.156]: 554 Service unavailable; Client host [62.221.59.156] blocked using cbl.abuseat.org; Blocked - see http://cbl.abuseat.org/lookup.cgi?ip=62.221.59.156; from=<uvdeed@mpm.edu.my> to=<web-suggest@slug.org.au> proto=SMTP helo=<mpm.edu.my>
Jun  4 07:24:02 rusty postfix/smtpd[12621]: lost connection after RCPT from unknown[62.221.59.156]
Jun  4 07:24:02 rusty postfix/smtpd[12621]: disconnect from unknown[62.221.59.156]
Jun  4 07:24:08 rusty postfix/smtpd[12621]: warning: 219.133.92.130: hostname 130.92.133.219.broad.sz.gd.dynamic.163data.com.cn verification failed: Name or service not known
Jun  4 07:24:08 rusty postfix/smtpd[12621]: connect from unknown[219.133.92.130]
Jun  4 07:24:12 rusty postfix/smtpd[12603]: warning: 74.201.145.80.opm.blitzed.org: RBL lookup error: Host or domain name not found. Name service error for name=74.201.145.80.opm.blitzed.org type=A: Host not found, try again
Jun  4 07:24:12 rusty postfix/smtpd[12603]: NOQUEUE: reject: RCPT from p5091C94A.dip.t-dialin.net[80.145.201.74]: 450 <60-event@slug.org.au>: Recipient address rejected: Greylisted for 300 seconds (see http://isg.ee.ethz.ch/tools/postgrey/help/slug.org.au.html); from=<coyltismipx@t-dialin.net> to=<60-event@slug.org.au> proto=ESMTP helo=<p5091c94a.dip.t-dialin.net>
Jun  4 07:24:12 rusty postfix/smtpd[12603]: lost connection after RCPT from p5091C94A.dip.t-dialin.net[80.145.201.74]
Jun  4 07:24:12 rusty postfix/smtpd[12603]: disconnect from p5091C94A.dip.t-dialin.net[80.145.201.74]
Jun  4 07:24:19 rusty postfix/smtpd[12603]: connect from nc-76-6-139-180.dhcp.embarqhsd.net[76.6.139.180]
Jun  4 07:24:21 rusty postfix/smtpd[12621]: warning: 130.92.133.219.relays.ordb.org: RBL lookup error: Host or domain name not found. Name service error for name=130.92.133.219.relays.ordb.org type=A: Host not found, try again
Jun  4 07:24:21 rusty postfix/smtpd[12603]: NOQUEUE: reject: RCPT from nc-76-6-139-180.dhcp.embarqhsd.net[76.6.139.180]: 550 <rxq@slug.org.au>: Sender address rejected: User unknown in local recipient table; from=<rxq@slug.org.au> to=<jobs@slug.org.au> proto=SMTP helo=<nc-76-6-139-180.dhcp.embarqhsd.net>
Jun  4 07:24:21 rusty postfix/smtpd[12603]: lost connection after RCPT from nc-76-6-139-180.dhcp.embarqhsd.net[76.6.139.180]
Jun  4 07:24:21 rusty postfix/smtpd[12603]: disconnect from nc-76-6-139-180.dhcp.embarqhsd.net[76.6.139.180]
Jun  4 07:24:26 rusty postfix/smtp[12637]: connect to Mail.theoffice.net[69.56.175.206]: Connection timed out (port 25)
Jun  4 07:24:41 rusty postfix/smtpd[12621]: warning: 130.92.133.219.opm.blitzed.org: RBL lookup error: Host or domain name not found. Name service error for name=130.92.133.219.opm.blitzed.org type=A: Host not found, try again
Jun  4 07:24:41 rusty postfix/smtpd[12621]: NOQUEUE: reject: RCPT from unknown[219.133.92.130]: 450 <admin@slug.org.au>: Recipient address rejected: Greylisted for 300 seconds (see http://isg.ee.ethz.ch/tools/postgrey/help/slug.org.au.html); from=<zhanyshan@hzi.com> to=<admin@slug.org.au> proto=ESMTP helo=<hzi.com>
Jun  4 07:24:41 rusty postfix/smtpd[12621]: disconnect from unknown[219.133.92.130]
Jun  4 07:24:48 rusty postfix/smtpd[12603]: connect from cpe-069-134-127-076.nc.res.rr.com[69.134.127.76]
Jun  4 07:24:51 rusty postfix/smtpd[12603]: NOQUEUE: reject: RCPT from cpe-069-134-127-076.nc.res.rr.com[69.134.127.76]: 554 Service unavailable; Client host [69.134.127.76] blocked using cbl.abuseat.org; Blocked - see http://cbl.abuseat.org/lookup.cgi?ip=69.134.127.76; from=<NkComfort@winzersekt.com> to=<coders@slug.org.au> proto=ESMTP helo=<cpe-069-134-127-076.nc.res.rr.com>
Jun  4 07:24:51 rusty postfix/smtpd[12603]: lost connection after RCPT from cpe-069-134-127-076.nc.res.rr.com[69.134.127.76]
Jun  4 07:24:51 rusty postfix/smtpd[12603]: disconnect from cpe-069-134-127-076.nc.res.rr.com[69.134.127.76]
Jun  4 07:24:56 rusty postfix/smtpd[12621]: connect from cpe-069-134-127-076.nc.res.rr.com[69.134.127.76]
Jun  4 07:24:56 rusty postfix/smtp[12637]: connect to Mail2.theoffice.net[69.56.175.206]: Connection timed out (port 25)
Jun  4 07:24:57 rusty postfix/smtpd[12621]: NOQUEUE: reject: RCPT from cpe-069-134-127-076.nc.res.rr.com[69.134.127.76]: 554 Service unavailable; Client host [69.134.127.76] blocked using cbl.abuseat.org; Blocked - see http://cbl.abuseat.org/lookup.cgi?ip=69.134.127.76; from=<committed587@winzersekt.com> to=<coders-owner@slug.org.au> proto=ESMTP helo=<cpe-069-134-127-076.nc.res.rr.com>
Jun  4 07:24:57 rusty postfix/smtpd[12621]: lost connection after RCPT from cpe-069-134-127-076.nc.res.rr.com[69.134.127.76]
Jun  4 07:24:57 rusty postfix/smtpd[12621]: disconnect from cpe-069-134-127-076.nc.res.rr.com[69.134.127.76]
Jun  4 07:25:25 rusty postfix/smtpd[12603]: connect from cpe-66-24-19-82.stny.res.rr.com[66.24.19.82]
Jun  4 07:25:26 rusty postfix/smtp[12637]: connect to Mail2.theoffice.net[69.56.175.209]: Connection timed out (port 25)
Jun  4 07:25:27 rusty postfix/smtpd[12603]: NOQUEUE: reject: RCPT from cpe-66-24-19-82.stny.res.rr.com[66.24.19.82]: 554 Service unavailable; Client host [66.24.19.82] blocked using ix.dnsbl.manitu.net; Comment:   IP address blocked, see http://ix.dnsbl.manitu.net/lookup.php?ipaddress=66.24.19.82, latest spam received via relay.heise.de at 2007-05-31T01:45+0200; from=<dat9.com@reefreef.com> to=<chris@slug.org.au> proto=SMTP helo=<localhost>
Jun  4 07:25:28 rusty postfix/smtpd[12603]: lost connection after RCPT from cpe-66-24-19-82.stny.res.rr.com[66.24.19.82]
Jun  4 07:25:28 rusty postfix/smtpd[12603]: disconnect from cpe-66-24-19-82.stny.res.rr.com[66.24.19.82]
Jun  4 07:25:36 rusty postfix/smtp[12630]: C25341181BD: to=<ajones@harvestroad.com>, relay=mail.harvestroad.com.au[203.103.97.27], delay=244479, status=deferred (host mail.harvestroad.com.au[203.103.97.27] said: 450 <slug-bounces@slug.org.au>: Sender address rejected: Domain not found (in reply to RCPT TO command))
Jun  4 07:25:36 rusty postfix/smtp[12634]: E6F001181E2: to=<ajones@harvestroad.com>, relay=mail.harvestroad.com.au[203.103.97.27], delay=231679, status=deferred (host mail.harvestroad.com.au[203.103.97.27] said: 450 <slug-bounces@slug.org.au>: Sender address rejected: Domain not found (in reply to RCPT TO command))
Jun  4 07:25:36 rusty postfix/smtp[12639]: BBC3A1181F0: to=<ajones@harvestroad.com>, relay=mail.harvestroad.com.au[203.103.97.27], delay=399624, status=deferred (host mail.harvestroad.com.au[203.103.97.27] said: 450 <slug-bounces@slug.org.au>: Sender address rejected: Domain not found (in reply to RCPT TO command))
Jun  4 07:25:37 rusty postfix/smtp[12645]: 03BE411815E: to=<ajones@harvestroad.com>, relay=mail.harvestroad.com.au[203.103.97.27], delay=46663, status=deferred (host mail.harvestroad.com.au[203.103.97.27] said: 450 <slug-bounces@slug.org.au>: Sender address rejected: Domain not found (in reply to RCPT TO command))
Jun  4 07:25:37 rusty postfix/smtp[12655]: 1A3611181C0: to=<ajones@harvestroad.com>, relay=mail.harvestroad.com.au[203.103.97.27], delay=332142, status=deferred (host mail.harvestroad.com.au[203.103.97.27] said: 450 <slug-bounces@slug.org.au>: Sender address rejected: Domain not found (in reply to RCPT TO command))
Jun  4 07:25:56 rusty postfix/smtp[12637]: connect to Mail2.theoffice.net[69.56.175.208]: Connection timed out (port 25)
Jun  4 07:26:06 rusty postfix/smtpd[12621]: warning: 121.34.189.242: hostname 242.189.34.121.broad.sz.gd.dynamic.163data.com.cn verification failed: Name or service not known
Jun  4 07:26:06 rusty postfix/smtpd[12621]: connect from unknown[121.34.189.242]
Jun  4 07:26:09 rusty postfix/smtpd[12603]: connect from unknown[201.76.248.155]
Jun  4 07:26:11 rusty postfix/smtpd[12603]: NOQUEUE: reject: RCPT from unknown[201.76.248.155]: 554 Service unavailable; Client host [201.76.248.155] blocked using cbl.abuseat.org; Blocked - see http://cbl.abuseat.org/lookup.cgi?ip=201.76.248.155; from=<yasbestos@dansbanners.com> to=<f48e58df@slug.org.au> proto=SMTP helo=<dansbanners.com>
Jun  4 07:26:12 rusty postfix/smtpd[12603]: lost connection after RCPT from unknown[201.76.248.155]
Jun  4 07:26:12 rusty postfix/smtpd[12603]: disconnect from unknown[201.76.248.155]
Jun  4 07:26:20 rusty postfix/smtpd[12621]: warning: 242.189.34.121.relays.ordb.org: RBL lookup error: Host or domain name not found. Name service error for name=242.189.34.121.relays.ordb.org type=A: Host not found, try again
Jun  4 07:26:22 rusty postfix/smtpd[12603]: connect from VDSL-151-118-170-126.DNVR.QWEST.NET[151.118.170.126]
Jun  4 07:26:26 rusty postfix/smtp[12637]: connect to Mail3.theoffice.net[69.56.175.208]: Connection timed out (port 25)
Jun  4 07:26:30 rusty postfix/smtpd[12603]: NOQUEUE: reject: RCPT from VDSL-151-118-170-126.DNVR.QWEST.NET[151.118.170.126]: 554 Service unavailable; Client host [151.118.170.126] blocked using cbl.abuseat.org; Blocked - see http://cbl.abuseat.org/lookup.cgi?ip=151.118.170.126; from=<youthlineuk.com@loshernandez.com> to=<activities-bounces@slug.org.au> proto=SMTP helo=<localhost>
Jun  4 07:26:30 rusty postfix/smtpd[12603]: lost connection after RCPT from VDSL-151-118-170-126.DNVR.QWEST.NET[151.118.170.126]
Jun  4 07:26:30 rusty postfix/smtpd[12603]: disconnect from VDSL-151-118-170-126.DNVR.QWEST.NET[151.118.170.126]
Jun  4 07:26:40 rusty postfix/smtpd[12621]: warning: 242.189.34.121.opm.blitzed.org: RBL lookup error: Host or domain name not found. Name service error for name=242.189.34.121.opm.blitzed.org type=A: Host not found, try again
Jun  4 07:26:40 rusty postfix/smtpd[12621]: NOQUEUE: reject: RCPT from unknown[121.34.189.242]: 450 <slug-request@slug.org.au>: Recipient address rejected: Greylisted for 300 seconds (see http://isg.ee.ethz.ch/tools/postgrey/help/slug.org.au.html); from=<shjzJp@163.com> to=<slug-request@slug.org.au> proto=ESMTP helo=<163.com>
Jun  4 07:26:40 rusty postfix/smtpd[12621]: disconnect from unknown[121.34.189.242]
Jun  4 07:26:56 rusty postfix/smtp[12637]: connect to Mail3.theoffice.net[69.56.175.206]: Connection timed out (port 25)
Jun  4 07:27:01 rusty postfix/smtpd[12603]: connect from unknown[200.223.130.138]
Jun  4 07:27:13 rusty postfix/smtpd[12621]: connect from N609P023.adsl.highway.telekom.at[62.47.20.23]
Jun  4 07:27:15 rusty postfix/smtpd[12621]: NOQUEUE: reject: RCPT from N609P023.adsl.highway.telekom.at[62.47.20.23]: 554 Service unavailable; Client host [62.47.20.23] blocked using dnsbl.njabl.org; 1046626502; from=<gregor@Princeton.edu> to=<209-event@slug.org.au> proto=ESMTP helo=<kirchmai-xkyuro>
Jun  4 07:27:15 rusty postfix/smtpd[12621]: lost connection after RCPT from N609P023.adsl.highway.telekom.at[62.47.20.23]
Jun  4 07:27:15 rusty postfix/smtpd[12621]: disconnect from N609P023.adsl.highway.telekom.at[62.47.20.23]
Jun  4 07:27:25 rusty postfix/smtpd[12603]: NOQUEUE: reject: RCPT from unknown[200.223.130.138]: 554 Service unavailable; Client host [200.223.130.138] blocked using cbl.abuseat.org; Blocked - see http://cbl.abuseat.org/lookup.cgi?ip=200.223.130.138; from=<thewickedspike.com@loveofbeer.com> to=<kencaldwell@slug.org.au> proto=SMTP helo=<localhost>
Jun  4 07:27:26 rusty postfix/smtp[12637]: connect to Mail3.theoffice.net[69.56.175.209]: Connection timed out (port 25)
Jun  4 07:27:26 rusty postfix/smtp[12637]: DFABC118170: to=<onramp@theoffice.net>, relay=none, delay=384601, status=deferred (connect to Mail3.theoffice.net[69.56.175.209]: Connection timed out)
Jun  4 07:27:30 rusty postfix/smtpd[12603]: lost connection after RCPT from unknown[200.223.130.138]
Jun  4 07:27:30 rusty postfix/smtpd[12603]: disconnect from unknown[200.223.130.138]
Jun  4 07:27:31 rusty postfix/smtpd[12621]: connect from unknown[190.4.46.68]
Jun  4 07:27:33 rusty postfix/smtpd[12621]: NOQUEUE: reject: RCPT from unknown[190.4.46.68]: 554 Service unavailable; Client host [190.4.46.68] blocked using ix.dnsbl.manitu.net; Comment:   IP address blocked, see http://ix.dnsbl.manitu.net/lookup.php?ipaddress=190.4.46.68, latest spam received via mx0.freenet.de at 2007-06-03T06:18+0200; from=<dco@egoldhyips.com> to=<abdomens@slug.org.au> proto=SMTP helo=<egoldhyips.com>
Jun  4 07:27:33 rusty postfix/smtpd[12621]: lost connection after RCPT from unknown[190.4.46.68]
Jun  4 07:27:33 rusty postfix/smtpd[12621]: disconnect from unknown[190.4.46.68]
Jun  4 07:27:49 rusty postfix/smtpd[12603]: warning: 121.34.189.242: hostname 242.189.34.121.broad.sz.gd.dynamic.163data.com.cn verification failed: Name or service not known
Jun  4 07:27:49 rusty postfix/smtpd[12603]: connect from unknown[121.34.189.242]
Jun  4 07:27:53 rusty postfix/smtpd[12621]: warning: 121.34.189.242: hostname 242.189.34.121.broad.sz.gd.dynamic.163data.com.cn verification failed: Name or service not known
Jun  4 07:27:53 rusty postfix/smtpd[12621]: connect from unknown[121.34.189.242]
Jun  4 07:27:54 rusty postfix/smtpd[12621]: NOQUEUE: reject: RCPT from unknown[121.34.189.242]: 450 <slug-admin@slug.org.au>: Recipient address rejected: Greylisted for 300 seconds (see http://isg.ee.ethz.ch/tools/postgrey/help/slug.org.au.html); from=<shjzJp@163.com> to=<slug-admin@slug.org.au> proto=ESMTP helo=<163.com>
Jun  4 07:27:55 rusty postfix/smtpd[12621]: disconnect from unknown[121.34.189.242]
Jun  4 07:28:01 rusty postfix/smtpd[12603]: warning: 242.189.34.121.relays.ordb.org: RBL lookup error: Host or domain name not found. Name service error for name=242.189.34.121.relays.ordb.org type=A: Host not found, try again
Jun  4 07:28:21 rusty postfix/smtpd[12603]: warning: 242.189.34.121.opm.blitzed.org: RBL lookup error: Host or domain name not found. Name service error for name=242.189.34.121.opm.blitzed.org type=A: Host not found, try again
Jun  4 07:28:21 rusty postfix/smtpd[12603]: NOQUEUE: reject: RCPT from unknown[121.34.189.242]: 450 <slug@slug.org.au>: Recipient address rejected: Greylisted for 300 seconds (see http://isg.ee.ethz.ch/tools/postgrey/help/slug.org.au.html); from=<shjzJp@163.com> to=<slug@slug.org.au> proto=ESMTP helo=<163.com>
Jun  4 07:28:22 rusty postfix/smtpd[12603]: disconnect from unknown[121.34.189.242]
Jun  4 07:28:44 rusty postfix/smtpd[12621]: connect from ip-90-186-107-129.web.vodafone.de[90.186.107.129]
Jun  4 07:28:46 rusty postfix/smtpd[12710]: connect from dbn108.neoplus.adsl.tpnet.pl[83.23.39.108]
Jun  4 07:28:47 rusty postfix/smtpd[12603]: connect from 192-142.186-72.tampabay.res.rr.com[72.186.142.192]
Jun  4 07:29:00 rusty postfix/smtpd[12603]: warning: 192.142.186.72.relays.ordb.org: RBL lookup error: Host or domain name not found. Name service error for name=192.142.186.72.relays.ordb.org type=A: Host not found, try again
Jun  4 07:29:02 rusty postfix/smtpd[12710]: warning: 108.39.23.83.relays.ordb.org: RBL lookup error: Host or domain name not found. Name service error for name=108.39.23.83.relays.ordb.org type=A: Host not found, try again
Jun  4 07:29:06 rusty postfix/smtpd[12621]: warning: 129.107.186.90.relays.ordb.org: RBL lookup error: Host or domain name not found. Name service error for name=129.107.186.90.relays.ordb.org type=A: Host not found, try again
Jun  4 07:29:20 rusty postfix/smtpd[12603]: warning: 192.142.186.72.opm.blitzed.org: RBL lookup error: Host or domain name not found. Name service error for name=192.142.186.72.opm.blitzed.org type=A: Host not found, try again
Jun  4 07:29:20 rusty postfix/smtpd[12603]: NOQUEUE: reject: RCPT from 192-142.186-72.tampabay.res.rr.com[72.186.142.192]: 450 <commitee@slug.org.au>: Recipient address rejected: Greylisted for 300 seconds (see http://isg.ee.ethz.ch/tools/postgrey/help/slug.org.au.html); from=<Georgiacomparing@russiantvguide.com> to=<commitee@slug.org.au> proto=ESMTP helo=<192-142.186-72.tampabay.res.rr.com>
Jun  4 07:29:20 rusty postfix/smtpd[12603]: lost connection after RCPT from 192-142.186-72.tampabay.res.rr.com[72.186.142.192]
Jun  4 07:29:20 rusty postfix/smtpd[12603]: disconnect from 192-142.186-72.tampabay.res.rr.com[72.186.142.192]
Jun  4 07:29:22 rusty postfix/smtpd[12710]: warning: 108.39.23.83.opm.blitzed.org: RBL lookup error: Host or domain name not found. Name service error for name=108.39.23.83.opm.blitzed.org type=A: Host not found, try again
Jun  4 07:29:22 rusty postfix/smtpd[12710]: NOQUEUE: reject: RCPT from dbn108.neoplus.adsl.tpnet.pl[83.23.39.108]: 450 <adam@slug.org.au>: Recipient address rejected: Greylisted for 300 seconds (see http://isg.ee.ethz.ch/tools/postgrey/help/slug.org.au.html); from=<uuadmixture@ghazalirm.ws> to=<adam@slug.org.au> proto=SMTP helo=<dbn108.neoplus.adsl.tpnet.pl>
Jun  4 07:29:22 rusty postfix/smtpd[12710]: lost connection after RCPT from dbn108.neoplus.adsl.tpnet.pl[83.23.39.108]
Jun  4 07:29:22 rusty postfix/smtpd[12710]: disconnect from dbn108.neoplus.adsl.tpnet.pl[83.23.39.108]
Jun  4 07:29:26 rusty postfix/smtpd[12621]: warning: 129.107.186.90.opm.blitzed.org: RBL lookup error: Host or domain name not found. Name service error for name=129.107.186.90.opm.blitzed.org type=A: Host not found, try again
Jun  4 07:29:26 rusty postfix/smtpd[12621]: NOQUEUE: reject: RCPT from ip-90-186-107-129.web.vodafone.de[90.186.107.129]: 450 <uxchix@slug.org.au>: Recipient address rejected: Greylisted for 300 seconds (see http://isg.ee.ethz.ch/tools/postgrey/help/slug.org.au.html); from=<dominiosite.com@ydyt.com> to=<uxchix@slug.org.au> proto=SMTP helo=<localhost>
Jun  4 07:29:32 rusty postfix/smtpd[12621]: lost connection after RCPT from ip-90-186-107-129.web.vodafone.de[90.186.107.129]
Jun  4 07:29:32 rusty postfix/smtpd[12621]: disconnect from ip-90-186-107-129.web.vodafone.de[90.186.107.129]
Jun  4 07:30:05 rusty postfix/smtpd[12603]: connect from unknown[88.103.252.35]
Jun  4 07:30:07 rusty postfix/smtpd[12603]: NOQUEUE: reject: RCPT from unknown[88.103.252.35]: 550 <hhow@slug.org.au>: Sender address rejected: User unknown in local recipient table; from=<hhow@slug.org.au> to=<pearls-admin@slug.org.au> proto=SMTP helo=<doma-oagif8o90r>
Jun  4 07:30:08 rusty postfix/smtpd[12603]: lost connection after RCPT from unknown[88.103.252.35]
Jun  4 07:30:08 rusty postfix/smtpd[12603]: disconnect from unknown[88.103.252.35]
Jun  4 07:30:36 rusty postfix/smtpd[12621]: connect from unknown[217.78.188.105]
Jun  4 07:30:37 rusty postfix/smtpd[12621]: NOQUEUE: reject: RCPT from unknown[217.78.188.105]: 554 <SatelliteRadio@xl1-sherman.com>: Sender address rejected: Domain not found; from=<SatelliteRadio@xl1-sherman.com> to=<34-event@slug.org.au> proto=ESMTP helo=<28fe02ab65c749e>
Jun  4 07:30:37 rusty postfix/smtpd[12621]: lost connection after RCPT from unknown[217.78.188.105]
Jun  4 07:30:37 rusty postfix/smtpd[12621]: disconnect from unknown[217.78.188.105]
Jun  4 07:30:38 rusty postfix/smtpd[12710]: connect from unknown[195.226.247.74]
Jun  4 07:30:43 rusty postfix/smtpd[12710]: NOQUEUE: reject: RCPT from unknown[195.226.247.74]: 554 Service unavailable; Client host [195.226.247.74] blocked using cbl.abuseat.org; Blocked - see http://cbl.abuseat.org/lookup.cgi?ip=195.226.247.74; from=<tradecorridor.com@lasermedi.com> to=<kencaldwell@slug.org.au> proto=SMTP helo=<localhost>
Jun  4 07:30:44 rusty postfix/smtpd[12710]: lost connection after RCPT from unknown[195.226.247.74]
Jun  4 07:30:44 rusty postfix/smtpd[12710]: disconnect from unknown[195.226.247.74]
Jun  4 07:33:04 rusty postfix/smtpd[12755]: connect from host-74-234.3dnet.co.yu[195.252.74.234]
Jun  4 07:33:17 rusty postfix/smtpd[12755]: warning: 234.74.252.195.relays.ordb.org: RBL lookup error: Host or domain name not found. Name service error for name=234.74.252.195.relays.ordb.org type=A: Host not found, try again
Jun  4 07:33:36 rusty postfix/smtpd[12760]: connect from CPE-65-31-244-68.new.res.rr.com[65.31.244.68]
Jun  4 07:33:37 rusty postfix/smtpd[12755]: warning: 234.74.252.195.opm.blitzed.org: RBL lookup error: Host or domain name not found. Name service error for name=234.74.252.195.opm.blitzed.org type=A: Host not found, try again
Jun  4 07:33:37 rusty postfix/smtpd[12755]: NOQUEUE: reject: RCPT from host-74-234.3dnet.co.yu[195.252.74.234]: 550 <ug@slug.org.au>: Recipient address rejected: User unknown in local recipient table; from=<ipsi2006@3dnet.co.yu> to=<ug@slug.org.au> proto=ESMTP helo=<mejl.3dnet.co.yu>
Jun  4 07:33:38 rusty postfix/smtpd[12760]: NOQUEUE: reject: RCPT from CPE-65-31-244-68.new.res.rr.com[65.31.244.68]: 554 Service unavailable; Client host [65.31.244.68] blocked using cbl.abuseat.org; Blocked - see http://cbl.abuseat.org/lookup.cgi?ip=65.31.244.68; from=<Oracommoditycurrant@rr.com> to=<pig@slug.org.au> proto=ESMTP helo=<rr.com>
Jun  4 07:33:38 rusty postfix/smtpd[12760]: disconnect from CPE-65-31-244-68.new.res.rr.com[65.31.244.68]
Jun  4 07:33:38 rusty postfix/smtpd[12755]: disconnect from host-74-234.3dnet.co.yu[195.252.74.234]
Jun  4 07:34:12 rusty postfix/smtpd[12760]: connect from dpc67143102027.direcpc.com[67.143.102.27]
Jun  4 07:34:32 rusty postfix/smtpd[12760]: warning: 27.102.143.67.relays.ordb.org: RBL lookup error: Host or domain name not found. Name service error for name=27.102.143.67.relays.ordb.org type=A: Host not found, try again
Jun  4 07:34:36 rusty postfix/smtpd[12755]: connect from host85-41-dynamic.8-87-r.retail.telecomitalia.it[87.8.41.85]
Jun  4 07:34:52 rusty postfix/smtpd[12760]: warning: 27.102.143.67.opm.blitzed.org: RBL lookup error: Host or domain name not found. Name service error for name=27.102.143.67.opm.blitzed.org type=A: Host not found, try again
Jun  4 07:34:52 rusty postfix/smtpd[12760]: NOQUEUE: reject: RCPT from dpc67143102027.direcpc.com[67.143.102.27]: 450 <chris@slug.org.au>: Recipient address rejected: Greylisted for 300 seconds (see http://isg.ee.ethz.ch/tools/postgrey/help/slug.org.au.html); from=<digiorgioz@direcpc.com> to=<chris@slug.org.au> proto=SMTP helo=<dpc67143102027.direcpc.com>
Jun  4 07:34:52 rusty postfix/smtpd[12760]: lost connection after RCPT from dpc67143102027.direcpc.com[67.143.102.27]
Jun  4 07:34:52 rusty postfix/smtpd[12760]: disconnect from dpc67143102027.direcpc.com[67.143.102.27]
Jun  4 07:34:53 rusty postfix/smtpd[12755]: warning: 85.41.8.87.relays.ordb.org: RBL lookup error: Host or domain name not found. Name service error for name=85.41.8.87.relays.ordb.org type=A: Host not found, try again
Jun  4 07:35:13 rusty postfix/smtpd[12755]: warning: 85.41.8.87.opm.blitzed.org: RBL lookup error: Host or domain name not found. Name service error for name=85.41.8.87.opm.blitzed.org type=A: Host not found, try again
Jun  4 07:35:13 rusty postfix/smtpd[12755]: NOQUEUE: reject: RCPT from host85-41-dynamic.8-87-r.retail.telecomitalia.it[87.8.41.85]: 450 <pearls-owner@slug.org.au>: Recipient address rejected: Greylisted for 300 seconds (see http://isg.ee.ethz.ch/tools/postgrey/help/slug.org.au.html); from=<vover.com@thedruidgrove.com> to=<pearls-owner@slug.org.au> proto=SMTP helo=<localhost>
Jun  4 07:35:14 rusty postfix/smtpd[12755]: lost connection after RCPT from host85-41-dynamic.8-87-r.retail.telecomitalia.it[87.8.41.85]
Jun  4 07:35:14 rusty postfix/smtpd[12755]: disconnect from host85-41-dynamic.8-87-r.retail.telecomitalia.it[87.8.41.85]
Jun  4 07:35:27 rusty postfix/smtpd[12760]: connect from an-out-0708.google.com[209.85.132.241]
Jun  4 07:35:42 rusty postfix/smtpd[12760]: warning: 241.132.85.209.relays.ordb.org: RBL lookup error: Host or domain name not found. Name service error for name=241.132.85.209.relays.ordb.org type=A: Host not found, try again
Jun  4 07:35:51 rusty postfix/smtpd[12755]: connect from a213-22-41-91.cpe.netcabo.pt[213.22.41.91]
Jun  4 07:35:53 rusty postfix/smtpd[12755]: NOQUEUE: reject: RCPT from a213-22-41-91.cpe.netcabo.pt[213.22.41.91]: 554 Service unavailable; Client host [213.22.41.91] blocked using dnsbl.njabl.org; 1112076005; from=<Greer155@cup.com> to=<craigepeter@slug.org.au> proto=ESMTP helo=<a213-22-41-91.cpe.netcabo.pt>
Jun  4 07:35:54 rusty postfix/smtpd[12755]: lost connection after RCPT from a213-22-41-91.cpe.netcabo.pt[213.22.41.91]
Jun  4 07:35:54 rusty postfix/smtpd[12755]: disconnect from a213-22-41-91.cpe.netcabo.pt[213.22.41.91]
Jun  4 07:35:55 rusty postfix/smtpd[12755]: connect from unknown[221.207.209.206]
Jun  4 07:36:00 rusty postfix/smtpd[12782]: warning: 58.62.39.12: hostname 12.39.62.58.broad.gz.gd.dynamic.163data.com.cn verification failed: Name or service not known
Jun  4 07:36:00 rusty postfix/smtpd[12782]: connect from unknown[58.62.39.12]
Jun  4 07:36:00 rusty postfix/smtpd[12781]: warning: 58.62.39.12: hostname 12.39.62.58.broad.gz.gd.dynamic.163data.com.cn verification failed: Name or service not known
Jun  4 07:36:00 rusty postfix/smtpd[12781]: connect from unknown[58.62.39.12]
Jun  4 07:36:00 rusty postfix/smtpd[12783]: warning: 58.62.39.12: hostname 12.39.62.58.broad.gz.gd.dynamic.163data.com.cn verification failed: Name or service not known
Jun  4 07:36:00 rusty postfix/smtpd[12783]: connect from unknown[58.62.39.12]
Jun  4 07:36:01 rusty postfix/smtpd[12755]: NOQUEUE: reject: RCPT from unknown[221.207.209.206]: 554 Service unavailable; Client host [221.207.209.206] blocked using cbl.abuseat.org; Blocked - see http://cbl.abuseat.org/lookup.cgi?ip=221.207.209.206; from=<denham49@fhtm.us> to=<chris@slug.org.au> proto=SMTP helo=<fhtm.us>
Jun  4 07:36:01 rusty postfix/smtpd[12782]: NOQUEUE: reject: RCPT from unknown[58.62.39.12]: 554 <312462@9B9FE5181EF0408.net>: Sender address rejected: Domain not found; from=<312462@9B9FE5181EF0408.net> to=<slug-admin@slug.org.au> proto=ESMTP helo=<9B9FE5181EF0408>
Jun  4 07:36:01 rusty postfix/smtpd[12781]: NOQUEUE: reject: RCPT from unknown[58.62.39.12]: 554 <938435@9B9FE5181EF0408.net>: Sender address rejected: Domain not found; from=<938435@9B9FE5181EF0408.net> to=<slug@slug.org.au> proto=ESMTP helo=<9B9FE5181EF0408>
Jun  4 07:36:01 rusty postfix/smtpd[12783]: NOQUEUE: reject: RCPT from unknown[58.62.39.12]: 554 <121675@9B9FE5181EF0408.net>: Sender address rejected: Domain not found; from=<121675@9B9FE5181EF0408.net> to=<slug-request@slug.org.au> proto=ESMTP helo=<9B9FE5181EF0408>
Jun  4 07:36:01 rusty postfix/smtpd[12755]: lost connection after RCPT from unknown[221.207.209.206]
Jun  4 07:36:01 rusty postfix/smtpd[12755]: disconnect from unknown[221.207.209.206]
Jun  4 07:36:01 rusty postfix/smtpd[12782]: disconnect from unknown[58.62.39.12]
Jun  4 07:36:01 rusty postfix/smtpd[12781]: disconnect from unknown[58.62.39.12]
Jun  4 07:36:01 rusty postfix/smtpd[12783]: disconnect from unknown[58.62.39.12]
Jun  4 07:36:02 rusty postfix/smtpd[12760]: warning: 241.132.85.209.opm.blitzed.org: RBL lookup error: Host or domain name not found. Name service error for name=241.132.85.209.opm.blitzed.org type=A: Host not found, try again
Jun  4 07:36:02 rusty postfix/smtpd[12760]: 316F7118145: client=an-out-0708.google.com[209.85.132.241]
Jun  4 07:36:02 rusty postfix/smtpd[12755]: warning: 58.62.39.12: hostname 12.39.62.58.broad.gz.gd.dynamic.163data.com.cn verification failed: Name or service not known
Jun  4 07:36:02 rusty postfix/smtpd[12755]: connect from unknown[58.62.39.12]
Jun  4 07:36:02 rusty postfix/smtpd[12782]: warning: 58.62.39.12: hostname 12.39.62.58.broad.gz.gd.dynamic.163data.com.cn verification failed: Name or service not known
Jun  4 07:36:02 rusty postfix/smtpd[12782]: connect from unknown[58.62.39.12]
Jun  4 07:36:02 rusty postfix/smtpd[12781]: warning: 58.62.39.12: hostname 12.39.62.58.broad.gz.gd.dynamic.163data.com.cn verification failed: Name or service not known
Jun  4 07:36:02 rusty postfix/smtpd[12781]: connect from unknown[58.62.39.12]
Jun  4 07:36:02 rusty postfix/cleanup[12784]: 316F7118145: message-id=<34a99ab40706031426g4ea46d97v5bcdd5edfeff89ea@mail.gmail.com>
Jun  4 07:36:02 rusty postfix/local[12785]: 316F7118145: to=<slug@slug.org.au>, relay=local, delay=35, status=sent (delivered to command: /var/lib/mailman/mail/mailman post slug)
Jun  4 07:36:03 rusty spamd[19590]: spamd: connection from localhost.localdomain [127.0.0.1] at port 50391 
Jun  4 07:36:03 rusty postfix/smtpd[12755]: NOQUEUE: reject: RCPT from unknown[58.62.39.12]: 554 <312462@9B9FE5181EF0408.net>: Sender address rejected: Domain not found; from=<312462@9B9FE5181EF0408.net> to=<slug-admin@slug.org.au> proto=ESMTP helo=<9B9FE5181EF0408>
Jun  4 07:36:03 rusty postfix/smtpd[12782]: NOQUEUE: reject: RCPT from unknown[58.62.39.12]: 554 <121675@9B9FE5181EF0408.net>: Sender address rejected: Domain not found; from=<121675@9B9FE5181EF0408.net> to=<slug-request@slug.org.au> proto=ESMTP helo=<9B9FE5181EF0408>
Jun  4 07:36:03 rusty postfix/smtpd[12781]: NOQUEUE: reject: RCPT from unknown[58.62.39.12]: 554 <938435@9B9FE5181EF0408.net>: Sender address rejected: Domain not found; from=<938435@9B9FE5181EF0408.net> to=<slug@slug.org.au> proto=ESMTP helo=<9B9FE5181EF0408>
Jun  4 07:36:03 rusty postfix/smtpd[12755]: disconnect from unknown[58.62.39.12]
Jun  4 07:36:03 rusty postfix/smtpd[12782]: disconnect from unknown[58.62.39.12]
Jun  4 07:36:03 rusty postfix/smtpd[12781]: disconnect from unknown[58.62.39.12]
Jun  4 07:36:04 rusty spamd[19590]: spamd: checking message <34a99ab40706031426g4ea46d97v5bcdd5edfeff89ea@mail.gmail.com> for slug:1011 
Jun  4 07:36:04 rusty spamd[19590]: Can't locate Sys/Hostname/Long.pm in @INC (@INC contains: ../lib /usr/share/perl5 /etc/perl /usr/local/lib/perl/5.8.7 /usr/local/share/perl/5.8.7 /usr/lib/perl5 /usr/lib/perl/5.8 /usr/share/perl/5.8 /usr/local/lib/site_perl) at /usr/share/perl5/Mail/SPF/Query.pm line 336, <GEN334> line 58. 
Jun  4 07:36:04 rusty spamd[19590]: Can't locate Sys/Hostname/Long.pm in @INC (@INC contains: ../lib /usr/share/perl5 /etc/perl /usr/local/lib/perl/5.8.7 /usr/local/share/perl/5.8.7 /usr/lib/perl5 /usr/lib/perl/5.8 /usr/share/perl/5.8 /usr/local/lib/site_perl) at /usr/share/perl5/Mail/SPF/Query.pm line 336, <GEN334> line 58. 
Jun  4 07:36:05 rusty spamd[19590]: spamd: clean message (-2.1/5.0) for slug:1011 in 1.9 seconds, 2816 bytes. 
Jun  4 07:36:05 rusty spamd[19590]: spamd: result: . -2 - AWL,BAYES_00,SPF_PASS scantime=1.9,size=2816,user=slug,uid=1011,required_score=5.0,rhost=localhost.localdomain,raddr=127.0.0.1,rport=50391,mid=<34a99ab40706031426g4ea46d97v5bcdd5edfeff89ea@mail.gmail.com>,bayes=5.55111512312578e-17,autolearn=ham 
Jun  4 07:36:05 rusty spamd[1026]: prefork: child states: II 
Jun  4 07:36:07 rusty postfix/smtpd[12783]: connect from localhost.localdomain[127.0.0.1]
Jun  4 07:36:07 rusty postfix/smtpd[12783]: 88186118145: client=localhost.localdomain[127.0.0.1]
Jun  4 07:36:07 rusty postfix/cleanup[12784]: 88186118145: message-id=<34a99ab40706031426g4ea46d97v5bcdd5edfeff89ea@mail.gmail.com>
Jun  4 07:36:07 rusty postfix/smtpd[12783]: 91EBA118174: client=localhost.localdomain[127.0.0.1]
Jun  4 07:36:07 rusty postfix/cleanup[12784]: 91EBA118174: message-id=<34a99ab40706031426g4ea46d97v5bcdd5edfeff89ea@mail.gmail.com>
Jun  4 07:36:07 rusty postfix/smtpd[12783]: A30C1118177: client=localhost.localdomain[127.0.0.1]
Jun  4 07:36:07 rusty postfix/cleanup[12784]: A30C1118177: message-id=<34a99ab40706031426g4ea46d97v5bcdd5edfeff89ea@mail.gmail.com>
Jun  4 07:36:07 rusty postfix/smtpd[12783]: D1D4511817A: client=localhost.localdomain[127.0.0.1]
Jun  4 07:36:08 rusty postfix/cleanup[12784]: D1D4511817A: message-id=<34a99ab40706031426g4ea46d97v5bcdd5edfeff89ea@mail.gmail.com>
Jun  4 07:36:08 rusty postfix/smtpd[12783]: disconnect from localhost.localdomain[127.0.0.1]
Jun  4 07:36:08 rusty postfix/cleanup[12784]: 226A211817B: message-id=<34a99ab40706031426g4ea46d97v5bcdd5edfeff89ea@mail.gmail.com>
Jun  4 07:36:08 rusty postfix/local[12785]: D1D4511817A: to=<grant@slug.org.au>, relay=local, delay=1, status=sent (forwarded as 226A211817B)
Jun  4 07:36:08 rusty postfix/cleanup[12784]: 2B97411817C: message-id=<34a99ab40706031426g4ea46d97v5bcdd5edfeff89ea@mail.gmail.com>
Jun  4 07:36:08 rusty postfix/local[12785]: D1D4511817A: to=<heracles@slug.org.au>, relay=local, delay=1, status=sent (forwarded as 2B97411817C)
Jun  4 07:36:08 rusty postfix/smtpd[12755]: connect from localhost.localdomain[127.0.0.1]
Jun  4 07:36:08 rusty postfix/smtpd[12755]: 3278C11817F: client=localhost.localdomain[127.0.0.1]
Jun  4 07:36:08 rusty postfix/cleanup[12784]: 3278C11817F: message-id=<20070603213608.3278C11817F@rusty.slug.org.au>
Jun  4 07:36:08 rusty postfix/smtpd[12755]: 3BED2118181: client=localhost.localdomain[127.0.0.1]
Jun  4 07:36:08 rusty postfix/cleanup[12784]: 3BED2118181: message-id=<20070603213608.3BED2118181@rusty.slug.org.au>
Jun  4 07:36:08 rusty postfix/smtpd[12755]: 51B6511818D: client=localhost.localdomain[127.0.0.1]
Jun  4 07:36:08 rusty postfix/cleanup[12784]: 51B6511818D: message-id=<20070603213608.51B6511818D@rusty.slug.org.au>
Jun  4 07:36:08 rusty postfix/smtpd[12755]: disconnect from localhost.localdomain[127.0.0.1]
Jun  4 07:36:08 rusty postfix/smtpd[12782]: connect from localhost.localdomain[127.0.0.1]
Jun  4 07:36:08 rusty postfix/smtpd[12782]: 7813B118191: client=localhost.localdomain[127.0.0.1]
Jun  4 07:36:08 rusty postfix/cleanup[12784]: 7813B118191: message-id=<20070603213608.7813B118191@rusty.slug.org.au>
Jun  4 07:36:08 rusty postfix/smtpd[12782]: disconnect from localhost.localdomain[127.0.0.1]
Jun  4 07:36:08 rusty postfix/smtp[12805]: 3278C11817F: to=<pacman@apic.net>, relay=mail.apic.net[203.22.101.2], delay=0, status=bounced (host mail.apic.net[203.22.101.2] said: 553 5.3.0 <pacman@apic.net>... User unknown (in reply to RCPT TO command))
Jun  4 07:36:08 rusty postfix/smtp[12793]: 91EBA118174: to=<wal@apic.net>, relay=mail.apic.net[203.22.101.2], delay=1, status=sent (250 2.0.0 l53LK8E6027891 Message accepted for delivery)
Jun  4 07:36:08 rusty postfix/smtp[12789]: 91EBA118174: to=<admin@abdcomputers.net>, relay=mail.abdcomputers.net[203.26.41.137], delay=1, status=sent (250 OK id=1Huxbo-0000Mx-SY)
Jun  4 07:36:08 rusty postfix/smtp[12803]: 91EBA118174: to=<jeff@courtade.net>, relay=none, delay=1, status=bounced (Host or domain name not found. Name service error for name=courtade.net type=A: Host not found)
Jun  4 07:36:08 rusty postfix/smtp[12826]: 91EBA118174: to=<skozombie@kruel.org>, relay=mail.funkhosting.com.au[122.201.64.6], delay=1, status=sent (250 ok 1180905767 qp 1250)
Jun  4 07:36:08 rusty postfix/smtp[12814]: 91EBA118174: to=<andrewo@foic.net>, relay=mail.au.vergenet.net[202.4.237.240], delay=1, status=sent (250 2.0.0 Ok: queued as 3277C24100)
Jun  4 07:36:09 rusty postfix/smtp[12790]: 91EBA118174: to=<jeff.allison@allygray.2y.net>, relay=allygray.2y.net[202.173.132.187], delay=2, status=sent (250 2.0.0 l53LRNat025438 Message accepted for delivery)
Jun  4 07:36:09 rusty postfix/smtp[12820]: 91EBA118174: to=<robert@inspirati.org>, relay=mail.inspirati.org[220.233.162.146], delay=2, status=sent (250 Ok: queued as 2ACC240A017)
Jun  4 07:36:09 rusty postfix/smtp[12812]: 91EBA118174: to=<tone@fatuous.org>, relay=relay.dragnet.com.au[203.26.199.19], delay=2, status=sent (250 B4663324f0001 Message accepted for delivery)
Jun  4 07:36:09 rusty postfix/smtp[12792]: 91EBA118174: to=<sime@anticd.org>, relay=mail.anticd.org[203.17.210.210], delay=2, status=sent (250 ok 1180906058 qp 24430)
Jun  4 07:36:09 rusty postfix/smtp[12803]: 91EBA118174: to=<kevin@oceania.net>, relay=mail.oceania.net[58.172.208.114], delay=2, status=sent (250 2.0.0 l53LawuL026376 Message accepted for delivery)
Jun  4 07:36:09 rusty postfix/smtp[12857]: 91EBA118174: to=<mkraus@wildtechnology.net>, relay=router.wildtechnology.net[210.0.66.109], delay=2, status=bounced (host router.wildtechnology.net[210.0.66.109] said: 550 5.1.1 User unknown (in reply to RCPT TO command))
Jun  4 07:36:09 rusty postfix/smtp[12819]: 91EBA118174: to=<johnf_slug@inodes.org>, relay=mail.inodes.org[202.125.41.97], delay=2, status=sent (250 OK id=1HuxWI-0006iZ-15)
Jun  4 07:36:09 rusty postfix/smtp[12850]: 91EBA118174: to=<luke@sydney.net>, relay=mail.sydney.net[203.22.101.2], delay=2, status=sent (250 2.0.0 l53LK95N027899 Message accepted for delivery)
Jun  4 07:36:09 rusty postfix/smtp[12835]: 91EBA118174: to=<nicku@nicku.org>, relay=mail.nicku.org[218.185.20.33], delay=2, status=sent (250 2.0.0 l53LR9RA029349 Message accepted for delivery)
Jun  4 07:36:09 rusty postfix/smtp[12824]: 91EBA118174: to=<johnc+slug@kirriwa.net>, relay=taipan.kirriwa.net[150.101.117.6], delay=2, status=sent (250 Ok: queued as 2B51830055)
Jun  4 07:36:09 rusty postfix/smtp[12856]: 91EBA118174: to=<conrad@vergenet.net>, relay=mail.au.vergenet.net[202.4.237.240], delay=2, status=sent (250 2.0.0 Ok: queued as 955C224103)
Jun  4 07:36:09 rusty postfix/smtp[12790]: 91EBA118174: to=<jaq@spacepants.org>, relay=av1.anchor.net.au[202.4.234.193], delay=2, status=sent (250 Ok: queued as 96691698079)
Jun  4 07:36:09 rusty postfix/smtp[12789]: 91EBA118174: to=<mike@nerdforce.net>, relay=mail.nerdforce.net[59.167.162.6], delay=2, status=sent (250 Ok: queued as 9CA49E0B43)
Jun  4 07:36:09 rusty postfix/smtp[12817]: 91EBA118174: to=<mcl@i8it.net>, relay=mx1.i8it.net[203.206.163.158], delay=2, status=sent (250 2.0.0 Ok: queued as 71319102)
Jun  4 07:36:09 rusty postfix/smtp[12795]: 91EBA118174: to=<jeffrey@borgs.net>, relay=tux.borgs.net[220.233.106.193], delay=2, status=sent (250 2.0.0 l53LRcd20271 Message accepted for delivery)
Jun  4 07:36:09 rusty postfix/smtp[12791]: 91EBA118174: to=<mary@animats.net>, relay=animats.net[220.233.86.185], delay=2, status=sent (250 OK id=1Huxbu-00084K-34)
Jun  4 07:36:09 rusty postfix/smtp[12791]: 91EBA118174: to=<tjd@animats.net>, relay=animats.net[220.233.86.185], delay=2, status=sent (250 OK id=1Huxbu-00084K-34)
Jun  4 07:36:09 rusty postfix/smtp[12852]: 91EBA118174: to=<slug@the-pfy.org>, relay=the-pfy.org[203.206.253.8], delay=2, status=sent (250 2.0.0 Ok: queued as A7234300320)
Jun  4 07:36:09 rusty postfix/smtp[12841]: 91EBA118174: to=<greebo@pipka.org>, relay=mail.pipka.org[70.85.31.216], delay=2, status=deferred (host mail.pipka.org[70.85.31.216] said: 452 Insufficient system storage (in reply to MAIL FROM command))
Jun  4 07:36:09 rusty postfix/smtp[12885]: A30C1118177: to=<rgh@mooter.com>, relay=mta1.mooter.com[220.233.135.106], delay=2, status=sent (250 Ok: queued as 13C4582B2E6)
Jun  4 07:36:10 rusty postfix/smtp[12862]: A30C1118177: to=<lissnerbarrels@bigpond.com>, relay=extmail.bigpond.com[144.140.90.13], delay=3, status=bounced (host extmail.bigpond.com[144.140.90.13] said: 550 Invalid recipient: <lissnerbarrels@bigpond.com> (in reply to RCPT TO command))
Jun  4 07:36:10 rusty postfix/smtp[12862]: A30C1118177: to=<pmal1@bigpond.com>, relay=extmail.bigpond.com[144.140.90.13], delay=3, status=bounced (host extmail.bigpond.com[144.140.90.13] said: 550 Invalid recipient: <pmal1@bigpond.com> (in reply to RCPT TO command))
Jun  4 07:36:10 rusty postfix/smtp[12862]: A30C1118177: to=<pmaloney1@bigpond.com>, relay=extmail.bigpond.com[144.140.90.13], delay=3, status=bounced (host extmail.bigpond.com[144.140.90.13] said: 550 Invalid recipient: <pmaloney1@bigpond.com> (in reply to RCPT TO command))
Jun  4 07:36:10 rusty postfix/smtp[12801]: 2B97411817C: to=<heracles@iprimus.com.au>, orig_to=<heracles@slug.org.au>, relay=mx.iprimus.com.au[202.138.53.11], delay=2, status=sent (250 ok:  Message 46780325 accepted)
Jun  4 07:36:10 rusty postfix/smtp[12800]: 226A211817B: to=<grant@elx.com.au>, orig_to=<grant@slug.org.au>, relay=tuxman.emusys.com.au[67.15.6.82], delay=2, status=sent (250 2.0.0 l53LGmb2021638 Message accepted for delivery)
Jun  4 07:36:10 rusty postfix/smtp[12850]: A30C1118177: to=<greg@baratel.com>, relay=mail.baratel.com[203.46.83.254], delay=3, status=sent (250 Ok: queued as 1548340219)
Jun  4 07:36:10 rusty postfix/smtp[12826]: 91EBA118174: to=<jdub@perkypants.org>, relay=mail.perkypants.org[70.85.31.216], delay=3, status=deferred (host mail.perkypants.org[70.85.31.216] said: 452 Insufficient system storage (in reply to MAIL FROM command))
Jun  4 07:36:10 rusty postfix/smtp[12856]: A30C1118177: to=<linux@gradys.no-ip.com>, relay=gradys.no-ip.com[220.233.7.55], delay=3, status=sent (250 Ok: queued as 36282C7B26)
Jun  4 07:36:10 rusty postfix/smtp[12846]: 91EBA118174: to=<paulwb@pwb.hopto.org>, relay=mail.pwb.hopto.org[220.240.55.115], delay=3, status=sent (250 OK id=1Huxbt-0005YL-00)
Jun  4 07:36:10 rusty postfix/smtp[12791]: A30C1118177: to=<slug@msalkeld.com>, relay=mail.msalkeld.com[202.6.140.57], delay=3, status=sent (250 2.0.0 l53Ltwhi079253 Message accepted for delivery)
Jun  4 07:36:10 rusty postfix/smtp[12795]: A30C1118177: to=<mle+slug@mega-nerd.com>, relay=mailin2.pacific.net.au[61.8.0.81], delay=3, status=sent (250 2.0.0 Ok: queued as BC7401848DF)
Jun  4 07:36:10 rusty postfix/smtp[12800]: A30C1118177: to=<erikd@startcorp.com>, relay=exch01.startcorp.com[203.110.148.154], delay=3, status=sent (250 2.6.0  <34a99ab40706031426g4ea46d97v5bcdd5edfeff89ea@mail.gmail.com> Queued mail for delivery)
Jun  4 07:36:10 rusty postfix/smtp[12794]: 91EBA118174: to=<alan@aussiegeek.net>, relay=bender.aussiegeek.net[208.75.84.4], delay=3, status=sent (250 2.0.0 Ok: queued as 2DD29128017)
Jun  4 07:36:10 rusty postfix/smtp[12838]: 91EBA118174: to=<phantom@phantom.kicks-ass.net>, relay=phantom.kicks-ass.net[203.33.165.206], delay=3, status=sent (250 2.0.0 l53Ldvlg009510 Message accepted for delivery)
Jun  4 07:36:10 rusty postfix/smtp[12862]: A30C1118177: to=<theo.reimer@bigpond.com>, relay=extmail.bigpond.com[144.140.90.13], delay=3, status=sent (250 Message received: 20070603212739.SOOJ833.imta09sl.mx.bigpond.com@rusty.slug.org.au)
Jun  4 07:36:10 rusty postfix/smtp[12862]: A30C1118177: to=<writeme@bigpond.com>, relay=extmail.bigpond.com[144.140.90.13], delay=3, status=sent (250 Message received: 20070603212739.SOOJ833.imta09sl.mx.bigpond.com@rusty.slug.org.au)
Jun  4 07:36:10 rusty postfix/smtp[12887]: A30C1118177: to=<brettf@netregistry.au.com>, relay=mail.netregistry.net[218.185.51.134], delay=3, status=sent (250 OK id=1Huxbv-0000W4-JP)
Jun  4 07:36:10 rusty postfix/smtp[12811]: 91EBA118174: to=<stevenk@debian.org>, relay=master.debian.org[70.103.162.29], delay=3, status=sent (250 OK id=1Huxbv-00079L-JH)
Jun  4 07:36:11 rusty postfix/smtp[12847]: 91EBA118174: to=<adam@semicircular.net>, relay=smtp.joyent.net[8.12.32.9], delay=4, status=sent (250 Ok: queued as CC43445CD)
Jun  4 07:36:11 rusty postfix/smtp[12830]: 91EBA118174: to=<michael@msdavies.net>, relay=mail.msdavies.net[203.194.197.243], delay=4, status=sent (250 ok 1180906060 qp 8625)
Jun  4 07:36:11 rusty postfix/smtp[12880]: A30C1118177: to=<slug@linuxaustralia.com>, relay=ASPMX.L.GOOGLE.com[209.85.147.27], delay=4, status=bounced (host ASPMX.L.GOOGLE.com[209.85.147.27] said: 550 5.1.1 No such user j29si4517735waf (in reply to RCPT TO command))
Jun  4 07:36:11 rusty postfix/smtp[12878]: A30C1118177: to=<lugroundup@k-sit.com>, relay=mail.k-sit.com[220.233.124.29], delay=4, status=sent (250 2.0.0 Ok: queued as 1960318B4020)
Jun  4 07:36:11 rusty postfix/smtp[12878]: A30C1118177: to=<purserj@k-sit.com>, relay=mail.k-sit.com[220.233.124.29], delay=4, status=sent (250 2.0.0 Ok: queued as 1960318B4020)
Jun  4 07:36:11 rusty postfix/smtp[12885]: A30C1118177: to=<paul@robinson4950.com>, relay=mscip01.mailscan.net.au[220.233.0.60], delay=4, status=sent (250 ok:  Message 40256418 accepted)
Jun  4 07:36:11 rusty postfix/smtp[12791]: A30C1118177: to=<david.perry@team.telstra.com>, relay=mailipao.vtcif.telstra.com.au[202.12.144.27], delay=4, status=sent (250 ok:  Message 74594165 accepted)
Jun  4 07:36:11 rusty postfix/smtp[12798]: 91EBA118174: to=<bb@cactii.net>, relay=us.cactii.net[66.160.141.151], delay=4, status=sent (250 2.0.0 l53LRcu3001133 Message accepted for delivery)
Jun  4 07:36:11 rusty postfix/smtp[12821]: 91EBA118174: to=<arya@internode.on.net>, relay=ipmailmx.internode.on.net[192.231.203.138], delay=4, status=sent (250 ok:  Message 98386949 accepted)
Jun  4 07:36:11 rusty postfix/smtp[12821]: 91EBA118174: to=<awli@internode.on.net>, relay=ipmailmx.internode.on.net[192.231.203.138], delay=4, status=sent (250 ok:  Message 98386949 accepted)
Jun  4 07:36:11 rusty postfix/smtp[12821]: 91EBA118174: to=<cmackenzie@internode.on.net>, relay=ipmailmx.internode.on.net[192.231.203.138], delay=4, status=sent (250 ok:  Message 98386949 accepted)
Jun  4 07:36:11 rusty postfix/smtp[12821]: 91EBA118174: to=<jeffgrima@internode.on.net>, relay=ipmailmx.internode.on.net[192.231.203.138], delay=4, status=sent (250 ok:  Message 98386949 accepted)
Jun  4 07:36:11 rusty postfix/smtp[12848]: 91EBA118174: to=<slow@slowhome.org>, relay=fltr-in2.mail.dreamhost.com[208.97.132.72], delay=4, status=sent (250 Ok: queued as 1BF1560837)
Jun  4 07:36:11 rusty postfix/smtp[12800]: A30C1118177: to=<ben.deluca@tenix.com>, relay=sprint.tenix.com[203.44.198.34], delay=4, status=sent (250 Queued! <34a99ab40706031426g4ea46d97v5bcdd5edfeff89ea@mail.gmail.com>)
Jun  4 07:36:11 rusty postfix/smtp[12823]: 91EBA118174: to=<archive@jab.org>, relay=jab.org.s5a1.psmtp.com[64.18.4.10], delay=4, status=sent (250 Thanks)
Jun  4 07:36:11 rusty postfix/smtp[12851]: 91EBA118174: to=<slug@taryneast.org>, relay=mx1.balanced.spacey.mail.dreamhost.com[208.97.132.75], delay=4, status=sent (250 Ok: queued as 2FEA6189035)
Jun  4 07:36:11 rusty postfix/smtp[12849]: 91EBA118174: to=<sonia@snowfrog.net>, relay=papaya.snowfrog.net[69.72.209.22], delay=4, status=sent (250 Ok: queued as EA1233D928B6)
Jun  4 07:36:11 rusty postfix/smtp[12802]: 91EBA118174: to=<andrew@careless.net>, relay=sarcasm.careless.net[202.173.184.193], delay=4, status=sent (250 2.0.0 Ok: queued as 63EF58980)
Jun  4 07:36:11 rusty postfix/smtp[12851]: D1D4511817A: to=<alexs@alphacomplex.info>, relay=mail.alphacomplex.info[202.46.140.234], delay=4, status=sent (250 2.0.0 Ok: queued as A9DF5430D18)
Jun  4 07:36:11 rusty postfix/smtp[12857]: A30C1118177: to=<lists@aua1.com>, relay=aua1.com[64.22.71.88], delay=4, status=sent (250 2.0.0 Ok: queued as 2C66415E5F)
Jun  4 07:36:11 rusty postfix/smtp[12851]: D1D4511817A: to=<carlo.sogono@anchor.com.au>, relay=av1.anchor.net.au[202.4.234.193], delay=4, status=sent (250 Ok: queued as BE1E6698079)
Jun  4 07:36:11 rusty postfix/smtp[12877]: A30C1118177: to=<andrew.cole@illallangi.com>, relay=mx0.illallangi.com[216.55.183.22], delay=4, status=sent (250 Ok: queued as A811978CAAE)
Jun  4 07:36:11 rusty postfix/smtp[12810]: 3278C11817F: to=<dude052003@netscape.net>, relay=mailin-01.mx.aol.com[64.12.137.249], delay=3, status=bounced (host mailin-01.mx.aol.com[64.12.137.249] said: 550 MAILBOX NOT FOUND (in reply to RCPT TO command))
Jun  4 07:36:11 rusty postfix/smtp[12870]: A30C1118177: to=<shincom1@empal.com>, relay=mx1.empal.com[61.97.70.6], delay=4, status=sent (250 2.0.0 Message accepted for delivery (l53LRdP009C4))
Jun  4 07:36:11 rusty postfix/smtpd[12781]: connect from cafemail.ibsystems.com[65.19.143.82]
Jun  4 07:36:11 rusty postfix/smtp[12808]: 3278C11817F: to=<peter@fragar.homeip.net>, relay=fragar.homeip.net[124.168.1.78], delay=3, status=sent (250 2.0.0 Ok: queued as 78004806B)
Jun  4 07:36:11 rusty postfix/smtp[12789]: A30C1118177: to=<james@jamesdsadler.com>, relay=eforwardct.name-services.com[216.163.188.58], delay=4, status=sent (250 2.0.0 Ok: queued as 409F1237854)
Jun  4 07:36:11 rusty postfix/smtp[12870]: D1D4511817A: to=<slug@ats.net.au>, relay=seanhome.test.insecure.busibox.urnet.com.au[124.189.36.177], delay=4, status=sent (250 OK id=1Huxbx-0001dT-00)
Jun  4 07:36:11 rusty postfix/smtp[12793]: 91EBA118174: to=<piers@informic.net>, relay=mx.informic.net[220.233.207.137], delay=4, status=sent (250 2.0.0 Ok: queued as 1FADA9EE958)
Jun  4 07:36:11 rusty postfix/smtp[12894]: A30C1118177: to=<adam@phase-n.com>, relay=mail.tusker.net[203.209.192.82], delay=4, status=sent (250 Ok: queued as 0028317E08)
Jun  4 07:36:11 rusty postfix/smtp[12804]: 91EBA118174: to=<cyph@cyph.yi.org>, relay=cyph.ath.cx[218.186.81.114], delay=4, status=sent (250 Ok: queued as 5CB102A3E)
Jun  4 07:36:11 rusty postfix/smtp[12871]: A30C1118177: to=<shylon_2005@fastermail.com>, relay=fastermail-com.mr.outblaze.com[64.62.181.92], delay=4, status=bounced (host fastermail-com.mr.outblaze.com[64.62.181.92] said: 550 <shylon_2005@fastermail.com>: inactive user (in reply to RCPT TO command))
Jun  4 07:36:11 rusty postfix/smtp[12802]: D1D4511817A: to=<danny@anatomy.usyd.edu.au>, relay=mail.medsci.usyd.edu.au[129.78.151.5], delay=4, status=sent (250 2.0.0 Ok: queued as 1F7C874C13B)
Jun  4 07:36:11 rusty postfix/smtp[12891]: A30C1118177: to=<francis@oztell.com>, relay=mx1.au.oztell.com[203.27.92.40], delay=4, status=sent (250 2.0.0 Ok: queued as D91F15016F)
Jun  4 07:36:11 rusty postfix/smtp[12818]: 91EBA118174: to=<slug@inbhe.org>, relay=inbhe.org[74.200.208.185], delay=4, status=sent (250 OK id=1Huxae-0005WO-7W)
Jun  4 07:36:11 rusty postfix/smtp[12822]: 91EBA118174: to=<slug@izvor.net>, relay=mail.izvor.net[195.8.222.33], delay=4, status=sent (250 ok 1180906061 qp 11812)
Jun  4 07:36:11 rusty postfix/smtp[12848]: D1D4511817A: to=<jeffrey.borkent@adelaide.edu.au>, relay=mx-02.adelaide.edu.au[192.43.228.206], delay=4, status=sent (250 ok:  Message 58388566 accepted)
Jun  4 07:36:12 rusty postfix/smtp[12870]: D1D4511817A: to=<mark.phillips@automatedtestsystems.com.au>, relay=filter.mail.com.au[203.17.36.9], delay=5, status=sent (250 Ok: queued as 40AD52B2AFA)
Jun  4 07:36:12 rusty postfix/smtp[12848]: D1D4511817A: to=<boris@brooknet.com.au>, relay=mailin2.pacific.net.au[61.8.0.81], delay=5, status=sent (250 2.0.0 Ok: queued as 484E5187F2B)
Jun  4 07:36:12 rusty postfix/smtp[12848]: connect to mx0.tip.net.au[203.10.76.5]: Connection refused (port 25)
Jun  4 07:36:12 rusty postfix/smtp[12790]: A30C1118177: to=<barry.schon@hbfuller.com>, relay=mx-nrs.iad.mail-abuse.org[168.61.60.74], delay=5, status=sent (250 2.0.0 Ok: queued as B4CB019367D)
Jun  4 07:36:12 rusty postfix/smtp[12888]: A30C1118177: to=<yontei@nifty.com>, relay=mx.nifty.com[202.248.238.10], delay=5, status=sent (250 2.0.0 l53LRe5a019930 Message accepted for delivery)
Jun  4 07:36:12 rusty postfix/smtp[12861]: A30C1118177: to=<dougstalker@au1.ibm.com>, relay=ausmtp02.au.ibm.com[202.81.18.187], delay=5, status=sent (250 2.0.0 l53LMV3H041056 Message accepted for delivery)
Jun  4 07:36:12 rusty postfix/smtp[12887]: A30C1118177: to=<david@wspirates.com>, relay=mail.dward.us[59.167.244.51], delay=5, status=sent (250 2.0.0 Ok: queued as 81F7C280D1)
Jun  4 07:36:12 rusty postfix/smtp[12845]: 91EBA118174: to=<andrew-slug@puzzling.org>, relay=home.puzzling.org[220.233.228.86], delay=5, status=sent (250 2.0.0 Ok: queued as 57D217880A1)
Jun  4 07:36:12 rusty postfix/smtp[12848]: D1D4511817A: to=<millerp@canb.auug.org.au>, relay=smtps.tip.net.au[203.10.76.44], delay=5, status=sent (250 2.0.0 Ok: queued as 7098336806F)
Jun  4 07:36:12 rusty postfix/smtp[12851]: D1D4511817A: to=<david.fisher@asic.gov.au>, relay=asic-in-157.sge.net[152.91.3.157], delay=5, status=sent (250 2.0.0 Ok: queued as 591BF739)
Jun  4 07:36:12 rusty postfix/smtp[12882]: A30C1118177: to=<thaytan@mad.scientist.com>, relay=ob-mail-com.mr.outblaze.com[208.36.123.68], delay=5, status=sent (250 Ok: queued as 3CCF08893)
Jun  4 07:36:12 rusty postfix/smtp[12791]: D1D4511817A: to=<ben.alex@acegi.com.au>, relay=lucky.acegi.com.au[203.34.9.12], delay=5, status=sent (250 OK id=1HuxwD-0004RS-Na)
Jun  4 07:36:12 rusty postfix/smtp[12832]: 91EBA118174: to=<rtmisc1999@netscape.net>, relay=mailin-04.mx.aol.com[64.12.138.88], delay=5, status=sent (250 OK)
Jun  4 07:36:12 rusty postfix/smtp[12879]: A30C1118177: to=<n@linearg.com>, relay=mx0.linearg.com[202.90.48.2], delay=5, status=sent (250 Ok: queued as C7FCA80178B6)
Jun  4 07:36:12 rusty postfix/smtp[12858]: 91EBA118174: to=<linux@wongy.org>, relay=root.wongy.org[64.6.252.89], delay=5, status=sent (250 OK id=1Huxbx-00059Y-QE)
Jun  4 07:36:12 rusty postfix/smtp[12888]: D1D4511817A: to=<bdonohue@cdm.com.au>, relay=mail.cdm.com.au[203.36.181.203], delay=5, status=sent (250 ok:  Message 1670435 accepted)
Jun  4 07:36:12 rusty postfix/smtp[12893]: A30C1118177: to=<dmar@paris.com>, relay=ob-mail-com.mr.outblaze.com[208.36.123.55], delay=5, status=sent (250 Ok: queued as CE6A5CF013)
Jun  4 07:36:12 rusty postfix/smtp[12889]: A30C1118177: to=<andrew@operationaldynamics.com>, relay=mailwash11.pair.com[66.39.2.11], delay=5, status=sent (250 Ok: queued as 16A51120365)
Jun  4 07:36:12 rusty postfix/smtp[12851]: connect to mail-kr.bigfoot.com[211.115.216.252]: Connection refused (port 25)
Jun  4 07:36:12 rusty postfix/smtp[12883]: A30C1118177: to=<rbyrnes@mailshack.com>, relay=mail.nerdshack.com[72.249.41.50], delay=5, status=sent (250 Message accepted.)
Jun  4 07:36:12 rusty postfix/smtp[12805]: 91EBA118174: to=<vini@fugspbr.org>, relay=fltr-in1.mail.dreamhost.com[208.97.132.73], delay=5, status=sent (250 Ok: queued as 39C4815B833)
Jun  4 07:36:12 rusty postfix/smtp[12884]: connect to smtp.messinthecorner.com[202.4.232.140]: No route to host (port 25)
Jun  4 07:36:12 rusty postfix/smtp[12794]: A30C1118177: to=<themuso@themuso.com>, relay=mx2.balanced.spunky.mail.dreamhost.com[208.97.132.48], delay=5, status=sent (250 Ok: queued as D3CCD407A5)
Jun  4 07:36:12 rusty postfix/smtp[12856]: A30C1118177: to=<marty@supine.com>, relay=mail.mamista.net[64.71.152.85], delay=5, status=sent (250 2.0.0 Ok: queued as A194B41430)
Jun  4 07:36:13 rusty postfix/smtp[12822]: D1D4511817A: to=<dean@bong.com.au>, relay=aramaki.bong.com.au[202.76.172.99], delay=5, status=sent (250 OK id=1Huxbz-0007HG-UU)
Jun  4 07:36:13 rusty postfix/smtp[12846]: A30C1118177: to=<andrew@swinndesign.com>, relay=mx2.balanced.spunky.mail.dreamhost.com[208.97.132.48], delay=5, status=sent (250 Ok: queued as 3DD9871C98)
Jun  4 07:36:13 rusty postfix/smtp[12877]: D1D4511817A: to=<simone.magri@atnf.csiro.au>, relay=ccs1.act.csiro.au[150.229.2.16], delay=5, status=sent (250 ok:  Message 161346630 accepted)
Jun  4 07:36:13 rusty postfix/smtp[12788]: 88186118145: to=<bwaldow@alum.mit.edu>, relay=ALUM-1.mit.edu[18.7.7.79], delay=6, status=sent (250 2.0.0 l53LRcM1004583 Message accepted for delivery)
Jun  4 07:36:13 rusty postfix/smtpd[12783]: connect from mailipbo.vtcif.telstra.com.au[202.12.144.29]
Jun  4 07:36:13 rusty postfix/smtp[12873]: A30C1118177: to=<sluggers-garchive-86299@googlegroups.com>, relay=gmr-smtp-in.l.google.com[209.85.147.14], delay=5, status=sent (250 2.0.0 OK 1180906061 k36si1743845waf)
Jun  4 07:36:13 rusty postfix/smtp[12876]: A30C1118177: to=<martin.visser@hp.com>, relay=smtp.hp.com[192.151.81.254], delay=6, status=sent (250 Ok: queued as 60A6A32EF3)
Jun  4 07:36:13 rusty postfix/smtp[12818]: D1D4511817A: to=<alucre@bigpond.net.au>, relay=extmail.bpbb.bigpond.com[144.140.80.14], delay=6, status=sent (250 Message received: 20070603212741.SFKD16835.imta10ps.mx.bigpond.com@rusty.slug.org.au)
Jun  4 07:36:13 rusty postfix/smtp[12818]: D1D4511817A: to=<gblacklo@bigpond.net.au>, relay=extmail.bpbb.bigpond.com[144.140.80.14], delay=6, status=sent (250 Message received: 20070603212741.SFKD16835.imta10ps.mx.bigpond.com@rusty.slug.org.au)
Jun  4 07:36:13 rusty postfix/smtp[12818]: D1D4511817A: to=<poflynn@bigpond.net.au>, relay=extmail.bpbb.bigpond.com[144.140.80.14], delay=6, status=sent (250 Message received: 20070603212741.SFKD16835.imta10ps.mx.bigpond.com@rusty.slug.org.au)
Jun  4 07:36:13 rusty postfix/smtp[12818]: D1D4511817A: to=<smedleys@bigpond.net.au>, relay=extmail.bpbb.bigpond.com[144.140.80.14], delay=6, status=sent (250 Message received: 20070603212741.SFKD16835.imta10ps.mx.bigpond.com@rusty.slug.org.au)
Jun  4 07:36:13 rusty postfix/smtp[12793]: D1D4511817A: to=<del@babel.com.au>, relay=proxy3.clinipath.com.au[203.29.116.4], delay=6, status=sent (250 2.0.0 l53LRfJK014201 Message accepted for delivery)
Jun  4 07:36:13 rusty postfix/smtp[12806]: 3278C11817F: to=<adam@bogacki.net>, relay=eforwardct.name-services.com[216.163.188.58], delay=5, status=sent (250 2.0.0 Ok: queued as AF43923787A)
Jun  4 07:36:13 rusty postfix/smtp[12831]: 91EBA118174: to=<anton@myrddin.org>, relay=myrddin.org[66.39.23.9], delay=6, status=sent (250 Ok: queued as 1940E20A44)
Jun  4 07:36:13 rusty postfix/smtp[12876]: D1D4511817A: to=<invader_zim@cia.com.au>, relay=filter.mail.com.au[203.17.36.9], delay=6, status=sent (250 Ok: queued as 919752B2AFA)
Jun  4 07:36:13 rusty postfix/smtp[12875]: A30C1118177: to=<kirria_m@hotmail.com>, relay=mx3.hotmail.com[65.54.244.72], delay=6, status=bounced (host mx3.hotmail.com[65.54.244.72] said: 550 Requested action not taken: mailbox unavailable (in reply to RCPT TO command))
Jun  4 07:36:13 rusty postfix/smtp[12891]: D1D4511817A: to=<bend@bedel.mine.nu>, relay=bedel.mine.nu[59.167.236.22], delay=6, status=sent (250 ok 1180906062 qp 30075)
Jun  4 07:36:13 rusty postfix/smtp[12884]: A30C1118177: to=<paul@messinthecorner.com>, relay=smtp2.anchor.net.au[202.4.236.107], delay=6, status=sent (250 2.0.0 l53LRgjD024416 Message accepted for delivery)
Jun  4 07:36:13 rusty postfix/smtp[12875]: A30C1118177: to=<martin_chan91@hotmail.com>, relay=mx3.hotmail.com[65.54.244.72], delay=6, status=bounced (host mx3.hotmail.com[65.54.244.72] said: 550 Requested action not taken: mailbox unavailable (in reply to RCPT TO command))
Jun  4 07:36:13 rusty postfix/smtp[12875]: A30C1118177: to=<skipevans2004@hotmail.com>, relay=mx3.hotmail.com[65.54.244.72], delay=6, status=bounced (host mx3.hotmail.com[65.54.244.72] said: 550 Requested action not taken: mailbox unavailable (in reply to RCPT TO command))
Jun  4 07:36:13 rusty postfix/smtp[12836]: 91EBA118174: to=<chito@openoffice.org>, relay=cylon1.sjc.collab.net[204.16.104.10], delay=6, status=sent (250 ok:  Message 73561802 accepted)
Jun  4 07:36:13 rusty postfix/smtp[12878]: D1D4511817A: to=<glen.turner+linuxsa@aarnet.edu.au>, relay=cluster9.us.messagelabs.com[216.82.242.99], delay=6, status=sent (250 ok 1180906062 qp 23574 server-7.tower-131.messagelabs.com!1180906061!16868367!1)
Jun  4 07:36:13 rusty postfix/smtp[12816]: 91EBA118174: to=<busam@gmx.net>, relay=mx0.gmx.net[213.165.64.100], delay=6, status=sent (250 2.6.0 Message accepted {mx010})
Jun  4 07:36:13 rusty postfix/smtp[12889]: 3BED2118181: to=<thai@mrvalid.au.com>, relay=mx3.netregistry.net[202.124.241.198], delay=5, status=sent (250 OK id=1Huxby-0004u2-1F)
Jun  4 07:36:13 rusty postfix/smtp[12853]: 91EBA118174: to=<jeremy@trilug.org>, relay=mail.trilug.org[64.244.27.136], delay=6, status=sent (250 2.0.0 Ok: queued as 958B6845FA)
Jun  4 07:36:13 rusty postfix/smtp[12825]: 91EBA118174: to=<micksa@knobbits.org>, relay=knobbits.org[203.26.40.93], delay=6, status=sent (250 Ok: queued as 56C805D62BC)
Jun  4 07:36:14 rusty postfix/smtp[12826]: A30C1118177: to=<jon@unicomsystems.com>, relay=unicomsystems.com[202.7.83.241], delay=7, status=sent (250 Ok: queued as 14729EF4FB0)
Jun  4 07:36:14 rusty postfix/smtp[12795]: A30C1118177: to=<yiz@telkitty.com>, relay=telkitty.com[75.126.133.224], delay=7, status=sent (250 OK id=1Huxby-00081I-N5)
Jun  4 07:36:14 rusty postfix/smtp[12891]: D1D4511817A: to=<mikem@cyber.com.au>, relay=caramel.cyber.com.au[203.7.155.7], delay=7, status=sent (250 Ok: queued as 32A9A1F4006)
Jun  4 07:36:14 rusty postfix/smtp[12826]: D1D4511817A: to=<ben.stanley@exemail.com.au>, relay=ipmx1.po.exetel.com.au[220.233.0.60], delay=7, status=sent (250 ok:  Message 40256426 accepted)
Jun  4 07:36:14 rusty postfix/smtp[12826]: D1D4511817A: to=<glen20@exemail.com.au>, relay=ipmx1.po.exetel.com.au[220.233.0.60], delay=7, status=sent (250 ok:  Message 40256426 accepted)
Jun  4 07:36:14 rusty postfix/smtp[12826]: D1D4511817A: to=<rjrd@exemail.com.au>, relay=ipmx1.po.exetel.com.au[220.233.0.60], delay=7, status=sent (250 ok:  Message 40256426 accepted)
Jun  4 07:36:14 rusty postfix/smtp[12882]: 3BED2118181: to=<JohnAGibbons@bigpond.com>, relay=extmail.bigpond.com[144.140.80.13], delay=6, status=sent (250 Message received: 20070603212742.TUDM14340.imta08ps.mx.bigpond.com@rusty.slug.org.au)
Jun  4 07:36:14 rusty postfix/smtp[12882]: 3BED2118181: to=<urban.renewal@bigpond.com>, relay=extmail.bigpond.com[144.140.80.13], delay=6, status=sent (250 Message received: 20070603212742.TUDM14340.imta08ps.mx.bigpond.com@rusty.slug.org.au)
Jun  4 07:36:14 rusty postfix/smtp[12828]: 91EBA118174: to=<slug@malignity.net>, relay=mx1.malignity.net[84.19.180.87], delay=7, status=sent (250 Ok: queued as 8E3C38E0136)
Jun  4 07:36:14 rusty postfix/smtp[12852]: A30C1118177: to=<subscriber@opensubscriber.com>, relay=BANDICOOT.DIEZMIL.com[206.222.29.51], delay=7, status=sent (250 2.0.0 l53LRfnn025489 Message accepted for delivery)
Jun  4 07:36:14 rusty postfix/smtp[12863]: A30C1118177: to=<jitsingh@blueboxsystems.com>, relay=mail.blueboxsystems.com[83.104.129.88], delay=7, status=sent (250 Ok: queued as CCE4D6B0D4C)
Jun  4 07:36:14 rusty postfix/smtp[12889]: D1D4511817A: to=<luke.vanderfluit@e3learning.com.au>, relay=mail.e3learning.com.au[202.6.138.236], delay=7, status=sent (250 Ok: queued as 54A6D7F464)
Jun  4 07:36:14 rusty postfix/smtp[12855]: 91EBA118174: to=<lists@varnes.net>, relay=aspmx.l.google.com[209.85.147.114], delay=7, status=sent (250 2.0.0 OK 1180906063 m30si7099322wag)
Jun  4 07:36:14 rusty postfix/smtp[12868]: A30C1118177: to=<lists.sridhar@dhanapalan.com>, relay=aspmx.l.google.com[209.85.147.27], delay=7, status=sent (250 2.0.0 OK 1180906063 j29si4517766waf)
Jun  4 07:36:14 rusty postfix/smtp[12857]: D1D4511817A: to=<russell.ashdown@ashdown.net.au>, relay=mail.accsoft.com.au[202.4.30.3], delay=7, status=sent (250 2.0.0 l53LRhpZ002898 Message accepted for delivery)
Jun  4 07:36:14 rusty postfix/smtp[12878]: D1D4511817A: to=<philip@derrin.id.au>, relay=a.mx.derrin.id.au[220.233.233.143], delay=7, status=sent (250 2.0.0 Ok: queued as 531911E96C)
Jun  4 07:36:14 rusty postfix/smtp[12795]: D1D4511817A: to=<tdenovan@expresspublications.com.au>, relay=relay1.fexious.com.au[202.171.172.47], delay=7, status=sent (250 2.0.0 l53LRi3f000709 Message accepted for delivery)
Jun  4 07:36:14 rusty postfix/smtp[12839]: 91EBA118174: to=<smb@phreaker.net>, relay=mx1.phreaker.net[38.113.3.67], delay=7, status=sent (250 Ok: queued as 4ED50875C09B)
Jun  4 07:36:14 rusty postfix/smtp[12842]: 91EBA118174: to=<phil@pkje.net>, relay=mailserver.pkje.net[213.171.216.30], delay=7, status=sent (250 Ok: queued as 0D22819E609)
Jun  4 07:36:14 rusty postfix/smtp[12889]: D1D4511817A: to=<james@gray.net.au>, relay=mail.gray.net.au[202.77.91.36], delay=7, status=sent (250 2.0.0 Ok: queued as BFA4A1F50B32)
Jun  4 07:36:14 rusty postfix/smtp[12860]: A30C1118177: to=<peter@appknow.com>, relay=appknow.com[64.22.87.103], delay=7, status=bounced (host appknow.com[64.22.87.103] said: 550-"The recipient cannot be verified.  Please check all recipients of this 550 message to verify they are valid." (in reply to RCPT TO command))
Jun  4 07:36:14 rusty postfix/smtp[12891]: D1D4511817A: to=<lking@fp.fairfax.com.au>, relay=mailgatensw1.fairfax.com.au[203.26.51.21], delay=7, status=sent (250 Ok: queued as AA56C49800B)
Jun  4 07:36:14 rusty postfix/smtp[12891]: D1D4511817A: to=<woodgrove@iform.net.au>, relay=mail.iform.net.au[203.31.99.33], delay=7, status=bounced (host mail.iform.net.au[203.31.99.33] said: 550 5.1.1 <woodgrove@iform.net.au> User unknown; rejecting (in reply to RCPT TO command))
Jun  4 07:36:14 rusty postfix/smtp[12798]: D1D4511817A: to=<john.nicholls@acslink.aone.net.au>, relay=filter.iinet.net.au[203.0.178.192], delay=7, status=sent (250 ok:  Message 127935061 accepted)
Jun  4 07:36:14 rusty postfix/smtp[12880]: D1D4511817A: to=<mjd@almatech.net.au>, relay=mail.almatech.net.au[209.135.157.86], delay=7, status=sent (250 OK id=1Huxbz-0000fr-B0)
Jun  4 07:36:14 rusty postfix/smtp[12824]: A30C1118177: to=<rtiwari@gl-asia.com>, relay=tokyomail.gl-asia.com[61.120.199.199], delay=7, status=sent (250 2.6.0  <34a99ab40706031426g4ea46d97v5bcdd5edfeff89ea@mail.gmail.com> Queued mail for delivery)
Jun  4 07:36:14 rusty postfix/smtp[12858]: 3BED2118181: to=<andrewmccallumau@hotmail.com>, relay=mx2.hotmail.com[65.54.244.168], delay=6, status=sent (250  <20070603213608.3BED2118181@rusty.slug.org.au> Queued mail for delivery)
Jun  4 07:36:14 rusty postfix/smtp[12858]: 3BED2118181: to=<infinitedawn@hotmail.com>, relay=mx2.hotmail.com[65.54.244.168], delay=6, status=sent (250  <20070603213608.3BED2118181@rusty.slug.org.au> Queued mail for delivery)
Jun  4 07:36:14 rusty postfix/smtp[12858]: 3BED2118181: to=<lordtweety@hotmail.com>, relay=mx2.hotmail.com[65.54.244.168], delay=6, status=sent (250  <20070603213608.3BED2118181@rusty.slug.org.au> Queued mail for delivery)
Jun  4 07:36:14 rusty postfix/smtp[12858]: 3BED2118181: to=<ngaire_oleary@hotmail.com>, relay=mx2.hotmail.com[65.54.244.168], delay=6, status=sent (250  <20070603213608.3BED2118181@rusty.slug.org.au> Queued mail for delivery)
Jun  4 07:36:14 rusty postfix/smtp[12858]: 3BED2118181: to=<pcda009@hotmail.com>, relay=mx2.hotmail.com[65.54.244.168], delay=6, status=sent (250  <20070603213608.3BED2118181@rusty.slug.org.au> Queued mail for delivery)
Jun  4 07:36:14 rusty postfix/smtp[12858]: 3BED2118181: to=<slee89@hotmail.com>, relay=mx2.hotmail.com[65.54.244.168], delay=6, status=sent (250  <20070603213608.3BED2118181@rusty.slug.org.au> Queued mail for delivery)
Jun  4 07:36:14 rusty postfix/smtp[12858]: 3BED2118181: to=<tekrampage@hotmail.com>, relay=mx2.hotmail.com[65.54.244.168], delay=6, status=sent (250  <20070603213608.3BED2118181@rusty.slug.org.au> Queued mail for delivery)
Jun  4 07:36:14 rusty postfix/smtp[12858]: 3BED2118181: to=<tentmakeroz@hotmail.com>, relay=mx2.hotmail.com[65.54.244.168], delay=6, status=sent (250  <20070603213608.3BED2118181@rusty.slug.org.au> Queued mail for delivery)
Jun  4 07:36:14 rusty postfix/smtp[12858]: 3BED2118181: to=<trixski@hotmail.com>, relay=mx2.hotmail.com[65.54.244.168], delay=6, status=sent (250  <20070603213608.3BED2118181@rusty.slug.org.au> Queued mail for delivery)
Jun  4 07:36:15 rusty postfix/smtp[12868]: D1D4511817A: to=<kapusin@gtf.net.au>, relay=mail.greentreefrog.net.au[202.3.36.10], delay=8, status=sent (250 2.0.0 Ok: queued as 3D702AD3C2A)
Jun  4 07:36:15 rusty postfix/smtp[12858]: D1D4511817A: to=<kapusin@isp.net.au>, relay=mail.atu.net.au[202.1.116.46], delay=8, status=bounced (host mail.atu.net.au[202.1.116.46] said: 550 5.1.1 <kapusin@isp.net.au>: Recipient address rejected: User unknown in local recipient table (in reply to RCPT TO command))
Jun  4 07:36:15 rusty postfix/smtp[12864]: A30C1118177: to=<ben@burbong.com>, relay=burbong.com[202.173.181.222], delay=8, status=sent (250 2.0.0 l53LRd7C001717 Message accepted for delivery)
Jun  4 07:36:15 rusty postfix/smtp[12795]: D1D4511817A: to=<lindsay@holmwood.id.au>, relay=mail.holmwood.id.au[202.177.221.61], delay=8, status=sent (250 Ok: queued as F20B15852C)
Jun  4 07:36:15 rusty postfix/smtp[12866]: A30C1118177: to=<preti@dareworld.com>, relay=mx3.netregistry.net[202.124.241.198], delay=8, status=sent (250 OK id=1Huxc0-0001YM-7s)
Jun  4 07:36:15 rusty postfix/smtp[12868]: D1D4511817A: to=<pwren@it.uts.edu.au>, relay=filter.it.uts.edu.au[138.25.8.31], delay=8, status=sent (250 Ok: queued as 52E39DF206)
Jun  4 07:36:15 rusty postfix/smtp[12868]: D1D4511817A: to=<wim@it.uts.edu.au>, relay=filter.it.uts.edu.au[138.25.8.31], delay=8, status=sent (250 Ok: queued as 52E39DF206)
Jun  4 07:36:15 rusty postfix/smtp[12811]: A30C1118177: to=<a87shah@yahoo.com>, relay=d.mx.mail.yahoo.com[216.39.53.2], delay=8, status=sent (250 ok dirdel 7/1)
Jun  4 07:36:15 rusty postfix/smtp[12811]: A30C1118177: to=<aks310@yahoo.com>, relay=d.mx.mail.yahoo.com[216.39.53.2], delay=8, status=sent (250 ok dirdel 7/1)
Jun  4 07:36:15 rusty postfix/smtp[12811]: A30C1118177: to=<aus041@yahoo.com>, relay=d.mx.mail.yahoo.com[216.39.53.2], delay=8, status=sent (250 ok dirdel 7/1)
Jun  4 07:36:15 rusty postfix/smtp[12811]: A30C1118177: to=<mr_phillipus@yahoo.com>, relay=d.mx.mail.yahoo.com[216.39.53.2], delay=8, status=sent (250 ok dirdel 7/1)
Jun  4 07:36:15 rusty postfix/smtp[12811]: A30C1118177: to=<msalaque@yahoo.com>, relay=d.mx.mail.yahoo.com[216.39.53.2], delay=8, status=sent (250 ok dirdel 7/1)
Jun  4 07:36:15 rusty postfix/smtp[12811]: A30C1118177: to=<omega_point_au@yahoo.com>, relay=d.mx.mail.yahoo.com[216.39.53.2], delay=8, status=sent (250 ok dirdel 7/1)
Jun  4 07:36:15 rusty postfix/smtp[12811]: A30C1118177: to=<pingudebian@yahoo.com>, relay=d.mx.mail.yahoo.com[216.39.53.2], delay=8, status=sent (250 ok dirdel 7/1)
Jun  4 07:36:15 rusty postfix/smtp[12811]: A30C1118177: to=<rxaviers@yahoo.com>, relay=d.mx.mail.yahoo.com[216.39.53.2], delay=8, status=sent (250 ok dirdel 7/1)
Jun  4 07:36:15 rusty postfix/smtp[12864]: D1D4511817A: to=<david@kenpro.com.au>, relay=fast.kenpro.com.au[203.23.36.9], delay=8, status=sent (250 Ok: queued as 76B953DA13A)
Jun  4 07:36:15 rusty postfix/smtp[12819]: A30C1118177: to=<reply@avargo.com>, relay=ALT2.ASPMX.L.GOOGLE.com[66.249.93.114], delay=8, status=sent (250 2.0.0 OK 1180906064 q57si994185uga)
Jun  4 07:36:15 rusty postfix/smtp[12896]: A30C1118177: to=<craig@rootdev.com>, relay=mail.gwork.org[85.234.142.16], delay=8, status=sent (250 2.0.0 Ok: queued as 21A664626)
Jun  4 07:36:15 rusty postfix/smtp[12881]: A30C1118177: to=<slug@lo-4.com>, relay=gribbit.naughtymonkeys.net[58.6.195.1], delay=8, status=sent (250 2.0.0 Ok: queued as 6BE576C44E)
Jun  4 07:36:15 rusty postfix/smtpd[12755]: connect from bay0-omc1-s6.bay0.hotmail.com[65.54.246.78]
Jun  4 07:36:15 rusty postfix/smtp[12891]: D1D4511817A: to=<toliman@ihug.com.au>, relay=as-av.iinet.net.au[203.0.178.180], delay=8, status=sent (250 ok:  Message 33950644 accepted)
Jun  4 07:36:15 rusty postfix/smtp[12891]: D1D4511817A: to=<trev26@ihug.com.au>, relay=as-av.iinet.net.au[203.0.178.180], delay=8, status=sent (250 ok:  Message 33950644 accepted)
Jun  4 07:36:15 rusty postfix/smtp[12839]: D1D4511817A: to=<csogono@huoncc.com.au>, relay=sswitch.firstwave.com.au[202.12.141.132], delay=8, status=sent (250 2.0.0 l53LRjaL023542 Message accepted for delivery)
Jun  4 07:36:15 rusty postfix/smtp[12823]: D1D4511817A: to=<blinddog@alpha.net.au>, relay=sswitch.firstwave.com.au[202.12.141.132], delay=8, status=sent (250 2.0.0 l53LRjRj000713 Message accepted for delivery)
Jun  4 07:36:15 rusty postfix/smtp[12858]: D1D4511817A: to=<slug@james.id.au>, relay=smtp1.anchor.net.au[202.4.236.108], delay=8, status=sent (250 2.0.0 l53LRi712712 Message accepted for delivery)
Jun  4 07:36:15 rusty postfix/smtp[12847]: A30C1118177: to=<slug@zhasper.com>, relay=smtp.zhasper.com[85.10.197.134], delay=8, status=sent (250 2.0.0 l53LRg83004211 Message accepted for delivery)
Jun  4 07:36:15 rusty postfix/smtp[12854]: 91EBA118174: to=<chestie@unconcerned.org>, relay=unconcerned.org[69.56.173.122], delay=8, status=sent (250 Ok: queued as 64F56C2F1)
Jun  4 07:36:15 rusty postfix/smtp[12871]: D1D4511817A: to=<rich@buggy.id.au>, relay=buggy.id.au[69.89.22.110], delay=8, status=sent (250 OK id=1Huxby-0003jm-Uo)
Jun  4 07:36:15 rusty postfix/smtp[12855]: D1D4511817A: to=<philg@grimshaw.net.au>, relay=smtp.ilisys.com.au[203.202.10.84], delay=8, status=sent (250 ok 1180906065 qp 15134)
Jun  4 07:36:15 rusty postfix/smtpd[12782]: connect from vanilla.cyber.com.au[203.7.155.28]
Jun  4 07:36:15 rusty postfix/smtp[12824]: D1D4511817A: to=<Shane.Henry@integral.com.au>, relay=maila.integral.com.au[203.39.205.158], delay=8, status=sent (250 Message received OK)
Jun  4 07:36:15 rusty postfix/smtp[12809]: 3278C11817F: to=<mark+linux.slug@marklambert.net>, relay=in1.smtp.messagingengine.com[66.111.4.75], delay=7, status=sent (250 2.0.0 Ok: queued as 6CE4A4351F)
Jun  4 07:36:15 rusty postfix/smtp[12840]: 7813B118191: to=<mathison@optushome.com.au>, relay=mail.optusnet.com.au[211.29.132.250], delay=7, status=sent (250 2.0.0 l53LRh1K024020 Message accepted for delivery)
Jun  4 07:36:16 rusty postfix/smtp[12861]: D1D4511817A: to=<abbotts@ceinternet.com.au>, relay=sswitch.firstwave.com.au[202.12.141.132], delay=9, status=sent (250 2.0.0 l53LRinv002350 Message accepted for delivery)
Jun  4 07:36:16 rusty postfix/smtp[12877]: 3BED2118181: to=<slug@wildpossum.com>, relay=m1.dnsix.com[63.251.171.166], delay=8, status=sent (250 OK id=1Huxc0-00075R-3h)
Jun  4 07:36:16 rusty postfix/smtp[12861]: warning: numeric domain name in resource data of MX record for nettechnology.com.au: 220.233.10.110
Jun  4 07:36:16 rusty postfix/smtp[12861]: warning: numeric domain name in resource data of MX record for nettechnology.com.au: 139.130.45.103
Jun  4 07:36:16 rusty postfix/smtp[12896]: D1D4511817A: to=<slug@luke.bpa.nu>, relay=mx.luke.bpa.nu[144.136.98.91], delay=9, status=sent (250 Ok: queued as 096295CD28)
Jun  4 07:36:16 rusty postfix/smtp[12809]: D1D4511817A: to=<james@netregistry.com.au>, relay=mail.netregistry.net[218.185.51.134], delay=9, status=bounced (host mail.netregistry.net[218.185.51.134] said: 550 Unknown user (in reply to RCPT TO command))
Jun  4 07:36:16 rusty postfix/smtp[12811]: D1D4511817A: to=<lists@linsec.com.au>, relay=mail.linsec.com.au[220.233.82.238], delay=9, status=sent (250 Ok: queued as B9BDBE4139)
Jun  4 07:36:16 rusty postfix/smtp[12835]: A30C1118177: to=<fil@draxsen.com>, relay=mail.draxsen.com[202.51.171.42], delay=9, status=sent (250 OK id=1Huxbz-0002Wc-9r)
Jun  4 07:36:16 rusty postfix/smtp[12857]: D1D4511817A: to=<peter@hardy.dropbear.id.au>, relay=mta1.hardy.dropbear.id.au[207.210.93.195], delay=9, status=sent (250 2.0.0 Ok: queued as D280F681E6)
Jun  4 07:36:16 rusty postfix/smtp[12839]: connect to mailhubx.bluenetgroup.com[216.127.82.144]: Connection refused (port 25)
Jun  4 07:36:16 rusty postfix/smtp[12888]: 3BED2118181: to=<richard.sullivan@macquarie.com>, relay=cluster9.us.messagelabs.com[216.82.245.147], delay=8, status=sent (250 ok 1180906065 qp 30190 server-8.tower-147.messagelabs.com!1180906062!19047678!1)
Jun  4 07:36:16 rusty postfix/smtp[12820]: 91EBA118174: to=<robertc@squid-cache.org>, relay=squid-cache.org[12.160.37.9], delay=9, status=sent (250 2.0.0 l53LRiJg073862 Message accepted for delivery)
Jun  4 07:36:16 rusty postfix/smtp[12861]: D1D4511817A: to=<slug@nettechnology.com.au>, relay=220.233.10.110[220.233.10.110], delay=9, status=sent (250 2.0.0 l53K5vwE025515 Message accepted for delivery)
Jun  4 07:36:16 rusty postfix/smtp[12827]: 91EBA118174: to=<gousg-slug@m.gmane.org>, relay=lo.gmane.org[80.91.229.12], delay=9, status=sent (250 OK id=1Huxc0-0007eV-4D)
Jun  4 07:36:16 rusty postfix/smtp[12819]: D1D4511817A: to=<anthony@linuxhelp.com.au>, relay=tuxman.emusys.com.au[67.15.6.82], delay=9, status=sent (250 2.0.0 l53LGtbS021646 Message accepted for delivery)
Jun  4 07:36:16 rusty postfix/smtp[12829]: 91EBA118174: to=<matt@matchan.net>, relay=mail.matchan.net[64.246.52.105], delay=9, status=sent (250 2.0.0 l53LRdg0031306 Message accepted for delivery)
Jun  4 07:36:16 rusty postfix/smtp[12806]: D1D4511817A: to=<alexs@cse.unsw.edu.au>, relay=tone.orchestra.cse.unsw.edu.au[129.94.242.59], delay=9, status=sent (250 Mail spooled locally)
Jun  4 07:36:16 rusty postfix/smtp[12806]: D1D4511817A: to=<dsw@cse.unsw.edu.au>, relay=tone.orchestra.cse.unsw.edu.au[129.94.242.59], delay=9, status=sent (250 Mail spooled locally)
Jun  4 07:36:16 rusty postfix/smtp[12806]: D1D4511817A: to=<gusl@cse.unsw.edu.au>, relay=tone.orchestra.cse.unsw.edu.au[129.94.242.59], delay=9, status=sent (250 Mail spooled locally)
Jun  4 07:36:16 rusty postfix/smtp[12806]: D1D4511817A: to=<ianw@cse.unsw.edu.au>, relay=tone.orchestra.cse.unsw.edu.au[129.94.242.59], delay=9, status=sent (250 Mail spooled locally)
Jun  4 07:36:16 rusty postfix/smtp[12806]: D1D4511817A: to=<matthewc@cse.unsw.edu.au>, relay=tone.orchestra.cse.unsw.edu.au[129.94.242.59], delay=9, status=sent (250 Mail spooled locally)
Jun  4 07:36:16 rusty postfix/smtp[12806]: D1D4511817A: to=<simonb@cse.unsw.edu.au>, relay=tone.orchestra.cse.unsw.edu.au[129.94.242.59], delay=9, status=sent (250 Mail spooled locally)
Jun  4 07:36:16 rusty postfix/smtp[12828]: D1D4511817A: to=<dave@geko.net.au>, relay=vscan.hotkey.net.au[202.138.0.29], delay=9, status=sent (250 2.0.0 Ok: queued as 428FD988142)
Jun  4 07:36:16 rusty postfix/smtp[12815]: 91EBA118174: to=<zen@freedbms.net>, relay=smtp.where.secureserver.net[64.202.166.12], delay=9, status=sent (250 ok 1180906065 qp 15816 by pre-smtp07-01.prod.mesa1.secureserver.net)
Jun  4 07:36:16 rusty postfix/smtp[12876]: D1D4511817A: to=<chris@ctd.id.au>, relay=ASPMX.L.GOOGLE.COM[209.85.147.27], delay=9, status=sent (250 2.0.0 OK 1180906066 k9si4503606wah)
Jun  4 07:36:16 rusty postfix/smtp[12853]: D1D4511817A: to=<chris.m.maillists@ebit.com.au>, relay=antispam01.ebit.com.au[203.206.181.230], delay=9, status=sent (250 2.0.0 l53LRhMh080127 Message accepted for delivery)
Jun  4 07:36:17 rusty postfix/smtp[12866]: D1D4511817A: to=<jeremy@labelletoys.com.au>, relay=smtp.ilisys.com.au[203.202.10.84], delay=9, status=sent (250 ok 1180906066 qp 15151)
Jun  4 07:36:17 rusty postfix/smtp[12851]: 3BED2118181: to=<durc@bigfoot.com>, relay=mail-kr.bigfoot.com[211.115.216.226], delay=9, status=sent (250 Message accepted for delivery)
Jun  4 07:36:17 rusty postfix/smtp[12866]: D1D4511817A: to=<marghanita@ramin.com.au>, relay=mail.ans.com.au[203.132.0.4], delay=10, status=sent (250 Ok: queued as B0FF6DE434)
Jun  4 07:36:17 rusty postfix/smtp[12818]: D1D4511817A: to=<luke@chipcity.com.au>, relay=mx.adam.com.au[203.6.132.87], delay=10, status=sent (250 ok 1180906066 qp 58564)
Jun  4 07:36:17 rusty postfix/smtpd[12907]: connect from mta231.mail.re4.yahoo.com[206.190.59.47]
Jun  4 07:36:17 rusty postfix/smtp[12870]: D1D4511817A: to=<adelle@bullet.net.au>, relay=po.sisgroup.com.au[202.155.174.115], delay=10, status=sent (250 2.0.0 Ok: queued as 494411803F28C)
Jun  4 07:36:17 rusty postfix/smtp[12815]: D1D4511817A: to=<rick@praxis.com.au>, relay=mx1.d2.net.au[202.147.78.66], delay=10, status=sent (250 OK id=1Huxc3-0007xj-00)
Jun  4 07:36:17 rusty postfix/smtp[12836]: D1D4511817A: to=<lists@davidoff.com.au>, relay=mail.davidoff.com.au[203.88.121.1], delay=10, status=sent (250 ok 1180906066 qp 22311)
Jun  4 07:36:17 rusty postfix/smtpd[12909]: connect from s006.sjc.collab.net[204.16.104.2]
Jun  4 07:36:17 rusty postfix/smtp[12847]: D1D4511817A: to=<mseaton@melcoe.mq.edu.au>, relay=sunb.ocs.mq.edu.au[137.111.1.11], delay=10, status=sent (250 2.0.0 l53LRjO12939 Message accepted for delivery)
Jun  4 07:36:17 rusty postfix/smtp[12801]: A30C1118177: to=<99oyvho8j0zcpgp001@sneakemail.com>, relay=mail.sneakemail.com[38.113.6.61], delay=10, status=sent (250 got it.)
Jun  4 07:36:17 rusty postfix/smtp[12853]: D1D4511817A: to=<s.jahangir@qut.edu.au>, relay=mx1.qut.edu.au[131.181.254.7], delay=10, status=sent (250 FZH21816 Message accepted for delivery)
Jun  4 07:36:17 rusty postfix/smtp[12809]: D1D4511817A: to=<norwest@northnet.com.au>, relay=mail06-mx.chariot.net.au[203.87.93.99], delay=10, status=sent (250 2.0.0 Ok: queued as 7B3CF109624)
Jun  4 07:36:17 rusty postfix/smtp[12893]: 3BED2118181: to=<unspecifiedid@madzag.com>, relay=saturn.unknowndns.net[221.133.206.26], delay=9, status=sent (250 OK id=1Huxbz-0000ws-U9)
Jun  4 07:36:17 rusty postfix/smtp[12829]: D1D4511817A: to=<jarich@perltraining.com.au>, relay=teddybear.perltraining.com.au[210.23.138.169], delay=10, status=sent (250 Ok: queued as 7B4C8A8D1A)
Jun  4 07:36:17 rusty postfix/smtp[12883]: 3BED2118181: to=<webmaster@orientbeach.com>, relay=vmail3.dls.net[209.242.20.76], delay=9, status=sent (250 ok 1180906956 qp 16676)
Jun  4 07:36:17 rusty postfix/smtp[12890]: A30C1118177: to=<ctm@ozmitchell.com>, relay=www.ozmitchell.com[203.158.62.26], delay=10, status=sent (250 Queued! 1180906066 qp 21800 <34a99ab40706031426g4ea46d97v5bcdd5edfeff89ea@mail.gmail.com>)
Jun  4 07:36:17 rusty postfix/smtp[12848]: 3BED2118181: to=<becsta@becsta.com>, relay=mailwash21.pair.com[66.39.2.21], delay=9, status=sent (250 Ok: queued as E40094C2B6)
Jun  4 07:36:17 rusty postfix/smtp[12841]: A30C1118177: to=<brian@sharoncolon.com>, relay=mx.sharoncolon.com[65.254.254.50], delay=10, status=sent (250 OK id=1Huxc1-0006tp-PY)
Jun  4 07:36:17 rusty postfix/smtp[12842]: connect to mic.icafe.com.au[60.242.158.40]: No route to host (port 25)
Jun  4 07:36:17 rusty postfix/smtp[12838]: A30C1118177: to=<dale.buck@ubs.com>, relay=ubs.com.s201a1.psmtp.com[207.126.154.10], delay=10, status=sent (250 Thanks)
Jun  4 07:36:17 rusty postfix/smtp[12896]: D1D4511817A: to=<andrew@netwaynetworks.com.au>, relay=mail2.netwaynetworks.com.au[202.7.88.77], delay=10, status=sent (250 2.0.0 l53LRjOc020244 Message accepted for delivery)
Jun  4 07:36:17 rusty postfix/smtp[12896]: D1D4511817A: to=<marty@netwaynetworks.com.au>, relay=mail2.netwaynetworks.com.au[202.7.88.77], delay=10, status=sent (250 2.0.0 l53LRjOc020244 Message accepted for delivery)
Jun  4 07:36:17 rusty postfix/smtp[12896]: D1D4511817A: to=<steve@netwaynetworks.com.au>, relay=mail2.netwaynetworks.com.au[202.7.88.77], delay=10, status=sent (250 2.0.0 l53LRjOc020244 Message accepted for delivery)
Jun  4 07:36:17 rusty postfix/smtp[12881]: D1D4511817A: to=<steveg@magtech.com.au>, relay=cluster4.us.messagelabs.com[216.82.253.243], delay=10, status=sent (250 ok 1180906066 qp 781 server-12.tower-171.messagelabs.com!1180906065!3646030!1)
Jun  4 07:36:17 rusty postfix/smtp[12832]: 3BED2118181: to=<asib3edges@freeuk.com>, relay=mailspool.freeuk.net[212.126.144.71], delay=9, status=bounced (host mailspool.freeuk.net[212.126.144.71] said: 550-asib3edges@freeuk.com is not an active address at this host (Account 550 disabled due to inactivity) (in reply to RCPT TO command))
Jun  4 07:36:17 rusty postfix/smtp[12880]: D1D4511817A: to=<matt@infostream.com.au>, relay=router3.off.bel.au.market-source.com[220.233.111.227], delay=10, status=bounced (host router3.off.bel.au.market-source.com[220.233.111.227] said: 550 <matt@infostream.com.au>: User unknown in local recipient table (in reply to RCPT TO command))
Jun  4 07:36:17 rusty postfix/smtp[12871]: D1D4511817A: to=<nada@nada.com.au>, relay=saturn.he.net[216.218.170.2], delay=10, status=sent (250 Email accepted)
Jun  4 07:36:17 rusty postfix/smtpd[12913]: connect from unknown[203.58.108.204]
Jun  4 07:36:17 rusty postfix/smtp[12893]: D1D4511817A: to=<mikel@speleonics.com.au>, relay=av1.anchor.net.au[202.4.234.193], delay=10, status=sent (250 Ok: queued as 11F27698079)
Jun  4 07:36:17 rusty postfix/smtpd[12914]: connect from 203-206-181-230.perm.iinet.net.au[203.206.181.230]
Jun  4 07:36:17 rusty postfix/smtp[12793]: D1D4511817A: to=<chris@contemporary.net.au>, relay=contemporary.net.au[74.52.113.66], delay=10, status=sent (250 OK id=1HuxnB-0008S4-GR)
Jun  4 07:36:18 rusty postfix/smtp[12882]: D1D4511817A: to=<gdt@gdt.id.au>, relay=aix.gdt.id.au[150.101.246.227], delay=11, status=sent (250 2.0.0 l53LTMnM019367 Message accepted for delivery)
Jun  4 07:36:18 rusty postfix/smtp[12842]: D1D4511817A: to=<donohueb@icafe.com.au>, relay=none, delay=11, status=deferred (connect to mic.icafe.com.au[60.242.158.40]: No route to host)
Jun  4 07:36:18 rusty postfix/smtp[12823]: D1D4511817A: to=<john@mcquillen.bur.st>, relay=mail1.bur.st[203.82.212.241], delay=11, status=sent (250 Ok: queued as 19DF4B1D7)
Jun  4 07:36:18 rusty postfix/smtp[12820]: D1D4511817A: to=<ch.allen@ozemail.com.au>, relay=as-av.iinet.net.au[203.0.178.180], delay=11, status=sent (250 ok:  Message 33950657 accepted)
Jun  4 07:36:18 rusty postfix/smtp[12820]: D1D4511817A: to=<kenwilso@ozemail.com.au>, relay=as-av.iinet.net.au[203.0.178.180], delay=11, status=sent (250 ok:  Message 33950657 accepted)
Jun  4 07:36:18 rusty postfix/smtp[12820]: D1D4511817A: to=<parisp@ozemail.com.au>, relay=as-av.iinet.net.au[203.0.178.180], delay=11, status=sent (250 ok:  Message 33950657 accepted)
Jun  4 07:36:18 rusty postfix/smtp[12820]: D1D4511817A: to=<sdmoor@ozemail.com.au>, relay=as-av.iinet.net.au[203.0.178.180], delay=11, status=sent (250 ok:  Message 33950657 accepted)
Jun  4 07:36:18 rusty postfix/smtp[12891]: D1D4511817A: to=<mike@manacle.com.au>, relay=mail.manacle.com.au[203.30.164.229], delay=11, status=sent (250 Ok: queued as E505735DEC)
Jun  4 07:36:18 rusty postfix/smtp[12827]: D1D4511817A: to=<greebo@pacific.net.au>, relay=mailin2.pacific.net.au[61.8.0.81], delay=11, status=bounced (host mailin2.pacific.net.au[61.8.0.81] said: 550 5.1.1 <greebo@pacific.net.au>: Recipient address rejected: User unknown in virtual mailbox table (in reply to RCPT TO command))
Jun  4 07:36:18 rusty postfix/smtp[12861]: D1D4511817A: to=<gqs@pabxas.com.au>, relay=pabxas.com.au[60.242.51.29], delay=11, status=sent (250 Ok: queued as 56A901014743)
Jun  4 07:36:18 rusty postfix/smtp[12868]: D1D4511817A: to=<lannet@lannet.com.au>, relay=mx.lannet.com.au[121.223.205.167], delay=11, status=sent (250 2.0.0 Ok: queued as 3C960510014)
Jun  4 07:36:18 rusty postfix/smtp[12827]: D1D4511817A: to=<stephenblack@pacific.net.au>, relay=mailin2.pacific.net.au[61.8.0.81], delay=11, status=bounced (host mailin2.pacific.net.au[61.8.0.81] said: 550 5.1.1 <stephenblack@pacific.net.au>: Recipient address rejected: User unknown in virtual mailbox table (in reply to RCPT TO command))
Jun  4 07:36:18 rusty postfix/smtp[12827]: D1D4511817A: to=<greendog@pacific.net.au>, relay=mailin2.pacific.net.au[61.8.0.81], delay=11, status=sent (250 2.0.0 Ok: queued as 36121187F5F)
Jun  4 07:36:18 rusty postfix/smtp[12827]: D1D4511817A: to=<stuartc@pacific.net.au>, relay=mailin2.pacific.net.au[61.8.0.81], delay=11, status=sent (250 2.0.0 Ok: queued as 36121187F5F)
Jun  4 07:36:18 rusty postfix/smtp[12827]: D1D4511817A: to=<tom_massey@pacific.net.au>, relay=mailin2.pacific.net.au[61.8.0.81], delay=11, status=sent (250 2.0.0 Ok: queued as 36121187F5F)
Jun  4 07:36:18 rusty postfix/smtp[12883]: D1D4511817A: to=<dave@solutionsfirst.com.au>, relay=mx.solutionsfirst.com.au[220.233.199.76], delay=11, status=sent (250 Ok: queued as CE90DFD40FD)
Jun  4 07:36:18 rusty postfix/smtp[12883]: D1D4511817A: to=<nick@solutionsfirst.com.au>, relay=mx.solutionsfirst.com.au[220.233.199.76], delay=11, status=sent (250 Ok: queued as CE90DFD40FD)
Jun  4 07:36:18 rusty postfix/smtp[12883]: D1D4511817A: to=<woody+slug@solutionsfirst.com.au>, relay=mx.solutionsfirst.com.au[220.233.199.76], delay=11, status=sent (250 Ok: queued as CE90DFD40FD)
Jun  4 07:36:18 rusty postfix/smtp[12798]: D1D4511817A: to=<geraldcc@iinet.net.au>, relay=as-av.iinet.net.au[203.0.178.180], delay=11, status=bounced (host as-av.iinet.net.au[203.0.178.180] said: 501 #5.1.1 bad address geraldcc@iinet.net.au (in reply to RCPT TO command))
Jun  4 07:36:18 rusty postfix/smtp[12841]: D1D4511817A: to=<bernie@sterland.com.au>, relay=mail.sterland.com.au[202.76.177.13], delay=11, status=sent (250 2.6.0  <34a99ab40706031426g4ea46d97v5bcdd5edfeff89ea@mail.gmail.com> Queued mail for delivery)
Jun  4 07:36:18 rusty postfix/smtp[12818]: D1D4511817A: to=<coaic@rhodeslee.net.au>, relay=mx3.netregistry.net[202.124.241.198], delay=11, status=sent (250 OK id=1Huxc3-0006by-7n)
Jun  4 07:36:18 rusty postfix/smtpd[12912]: connect from smtp23-01.prod.mesa1.secureserver.net[64.202.189.60]
Jun  4 07:36:18 rusty postfix/smtp[12873]: D1D4511817A: to=<david@colossus.apana.org.au>, relay=colossus.apana.org.au[203.14.153.106], delay=11, status=sent (250 OK id=1Huxby-00028e-QY)
Jun  4 07:36:18 rusty postfix/smtp[12845]: 3BED2118181: to=<vandy@aperfectpc.com>, relay=aperfectpc.com[67.19.156.130], delay=10, status=sent (250 OK id=1Huxc3-0002bm-7N)
Jun  4 07:36:18 rusty postfix/smtp[12829]: D1D4511817A: to=<dcrowdy@southernphone.com.au>, relay=mx10a.ispone.net.au[124.254.72.88], delay=11, status=sent (250 2.0.0 Ok: queued as 9AFC06900BE)
Jun  4 07:36:18 rusty postfix/smtp[12790]: D1D4511817A: to=<sonia@cat.org.au>, relay=mail.cat.org.au[64.34.176.147], delay=11, status=bounced (host mail.cat.org.au[64.34.176.147] said: 550 sorry, no mailbox here by that name. (#5.7.17) (in reply to RCPT TO command))
Jun  4 07:36:18 rusty postfix/smtp[12841]: D1D4511817A: to=<mike.lake@uts.edu.au>, relay=mailfilter.itd.uts.edu.au[138.25.22.74], delay=11, status=sent (250 Ok: queued as BA6CC2BAA35)
Jun  4 07:36:18 rusty postfix/smtp[12841]: D1D4511817A: to=<t.bayfield@uts.edu.au>, relay=mailfilter.itd.uts.edu.au[138.25.22.74], delay=11, status=sent (250 Ok: queued as BA6CC2BAA35)
Jun  4 07:36:18 rusty postfix/smtp[12880]: D1D4511817A: to=<mzee@tandv.ws>, relay=tandv.ws[202.90.54.132], delay=11, status=sent (250 Ok: queued as B30E32CA9A8)
Jun  4 07:36:18 rusty postfix/smtp[12890]: D1D4511817A: to=<bm-l@spin.net.au>, relay=mail.comcen.com.au[203.23.236.69], delay=11, status=sent (250 2.0.0 l53LRkaw003794 Message accepted for delivery)
Jun  4 07:36:18 rusty postfix/smtp[12847]: D1D4511817A: to=<rgh@roughage.com.au>, relay=mta1.roughage.com.au[202.177.221.48], delay=11, status=sent (250 Ok: queued as 9C7E83C170)
Jun  4 07:36:18 rusty postfix/smtp[12798]: D1D4511817A: to=<farkit@iinet.net.au>, relay=as-av.iinet.net.au[203.0.178.180], delay=11, status=sent (250 ok:  Message 131941907 accepted)
Jun  4 07:36:18 rusty postfix/smtp[12798]: D1D4511817A: to=<newwell@iinet.net.au>, relay=as-av.iinet.net.au[203.0.178.180], delay=11, status=sent (250 ok:  Message 131941907 accepted)
Jun  4 07:36:18 rusty postfix/smtp[12798]: D1D4511817A: to=<outsidefactor@iinet.net.au>, relay=as-av.iinet.net.au[203.0.178.180], delay=11, status=sent (250 ok:  Message 131941907 accepted)
Jun  4 07:36:18 rusty postfix/smtp[12798]: D1D4511817A: to=<tenzero@iinet.net.au>, relay=as-av.iinet.net.au[203.0.178.180], delay=11, status=sent (250 ok:  Message 131941907 accepted)
Jun  4 07:36:18 rusty postfix/smtp[12889]: D1D4511817A: to=<mitchell_bingemann@idg.com.au>, relay=idg.com.au.mail5.psmtp.com[64.18.5.10], delay=11, status=sent (250 Thanks)
Jun  4 07:36:18 rusty postfix/smtp[12896]: D1D4511817A: to=<trevor@symbionts.com.au>, relay=mail.symbionts.com.au[202.189.72.26], delay=11, status=sent (250 2.0.0 l53LRlgg018646 Message accepted for delivery)
Jun  4 07:36:18 rusty postfix/smtp[12811]: D1D4511817A: to=<markp@nucmed.crg.cs.nsw.gov.au>, relay=cluster2.us.messagelabs.com[216.82.249.243], delay=11, status=sent (250 ok 1180906068 qp 1254 server-14.tower-73.messagelabs.com!1180906066!18413350!1)
Jun  4 07:36:18 rusty postfix/smtp[12892]: A30C1118177: to=<scottf@pacom.com>, relay=filter1.pacom-1.mailguard.com.au[69.16.202.203], delay=11, status=sent (250 2.0.0 Ok: queued as BF4A91EC3D2)
Jun  4 07:36:19 rusty postfix/smtp[12832]: D1D4511817A: to=<mattcs@tig.com.au>, relay=mail.ihug.com.au[203.0.178.172], delay=12, status=sent (250 ok:  Message 1142556766 accepted)
Jun  4 07:36:19 rusty postfix/smtp[12871]: D1D4511817A: to=<lists@tcgtech.com.au>, relay=ASPMX.L.GOOGLE.COM[209.85.147.27], delay=12, status=bounced (host ASPMX.L.GOOGLE.COM[209.85.147.27] said: 550 5.1.1 No such user n37si4556779wag (in reply to RCPT TO command))
Jun  4 07:36:19 rusty postfix/smtp[12823]: D1D4511817A: to=<slug@troy.net.au>, relay=mx2.balanced.spunky.mail.dreamhost.com[208.97.132.48], delay=12, status=sent (250 Ok: queued as 3B4704127F)
Jun  4 07:36:19 rusty postfix/smtp[12823]: D1D4511817A: to=<imroy@zipworld.com.au>, relay=mailin2.pacific.net.au[61.8.0.81], delay=12, status=sent (250 2.0.0 Ok: queued as 6C8CC187F5F)
Jun  4 07:36:19 rusty postfix/smtp[12855]: D1D4511817A: to=<a.webb@napier.ac.uk>, relay=mm1.napier.ac.uk[146.176.223.3], delay=12, status=sent (250 B466332530000 Message accepted for delivery)
Jun  4 07:36:19 rusty postfix/smtp[12890]: D1D4511817A: to=<pfy_slug@wforce.com.au>, relay=mail.wforce.com.au[202.138.223.198], delay=12, status=sent (250 2.0.0 l53LRm4b025031 Message accepted for delivery)
Jun  4 07:36:19 rusty postfix/smtp[12890]: D1D4511817A: to=<slug@wforce.com.au>, relay=mail.wforce.com.au[202.138.223.198], delay=12, status=sent (250 2.0.0 l53LRm4b025031 Message accepted for delivery)
Jun  4 07:36:19 rusty postfix/smtp[12801]: D1D4511817A: to=<rocci@rocknetworks.net.au>, relay=lyrebird.rocknetworks.net.au[150.101.112.28], delay=12, status=sent (250 OK id=1Huxd6-0007ji-CT)
Jun  4 07:36:19 rusty postfix/smtp[12851]: D1D4511817A: to=<lists@sbt.net.au>, relay=koala.sbt.net.au[203.42.34.54], delay=12, status=sent (250 Ok: queued as 5C7F7238113)
Jun  4 07:36:19 rusty postfix/smtp[12789]: D1D4511817A: to=<alan@austlii.edu.au>, relay=bondi.austlii.edu.au[138.25.65.7], delay=12, status=sent (250 2.0.0 l53LRfRc017331 Message accepted for delivery)
Jun  4 07:36:19 rusty postfix/smtp[12894]: D1D4511817A: to=<slug@bandcamp.tv>, relay=mta1.bandcamp.tv[202.177.212.216], delay=12, status=sent (250 2.0.0 l53LRfwA020630 Message accepted for delivery)
Jun  4 07:36:19 rusty postfix/smtp[12847]: D1D4511817A: to=<sluglist@woa.com.au>, relay=eagle.woa.com.au[220.233.13.149], delay=12, status=sent (250 Whew! Done! Was it as good for you as it was for me?)
Jun  4 07:36:19 rusty postfix/smtp[12847]: connect to mx0.tip.net.au[203.10.76.5]: Connection refused (port 25)
Jun  4 07:36:19 rusty postfix/smtp[12895]: A30C1118177: to=<slug@richardhoore.com>, relay=mail.hgriggs.com[68.225.80.50], delay=12, status=sent (250 2.0.0 l53LRfwe013170 Message accepted for delivery)
Jun  4 07:36:19 rusty postfix/smtp[12847]: 51B6511818D: to=<peter.wishart@canb.auug.org.au>, relay=smtps.tip.net.au[203.10.76.44], delay=11, status=sent (250 2.0.0 Ok: queued as D0BBB36806F)
Jun  4 07:36:19 rusty postfix/smtp[12802]: D1D4511817A: to=<kevins@bbsat.com.au>, relay=filter.bbnet.com.au[202.65.65.13], delay=12, status=sent (250 ok:  Message 1097361 accepted)
Jun  4 07:36:19 rusty postfix/smtp[12832]: D1D4511817A: to=<cat@zip.com.au>, relay=mailin1.pacific.net.au[61.8.0.80], delay=12, status=sent (250 2.0.0 Ok: queued as F0155163E41)
Jun  4 07:36:19 rusty postfix/smtp[12832]: D1D4511817A: to=<gschafer@zip.com.au>, relay=mailin1.pacific.net.au[61.8.0.80], delay=12, status=sent (250 2.0.0 Ok: queued as F0155163E41)
Jun  4 07:36:19 rusty postfix/smtp[12832]: D1D4511817A: to=<hector@zip.com.au>, relay=mailin1.pacific.net.au[61.8.0.80], delay=12, status=sent (250 2.0.0 Ok: queued as F0155163E41)
Jun  4 07:36:19 rusty postfix/smtp[12832]: D1D4511817A: to=<henryc@zip.com.au>, relay=mailin1.pacific.net.au[61.8.0.80], delay=12, status=sent (250 2.0.0 Ok: queued as F0155163E41)
Jun  4 07:36:19 rusty postfix/smtp[12832]: D1D4511817A: to=<mlh@zip.com.au>, relay=mailin1.pacific.net.au[61.8.0.80], delay=12, status=sent (250 2.0.0 Ok: queued as F0155163E41)
Jun  4 07:36:19 rusty postfix/smtpd[12915]: connect from mailout2-7.pacific.net.au[61.8.2.230]
Jun  4 07:36:19 rusty postfix/smtp[12801]: 51B6511818D: to=<dhaber@bigpond.net.au>, relay=extmail.bpbb.bigpond.com[144.140.90.14], delay=11, status=bounced (host extmail.bpbb.bigpond.com[144.140.90.14] said: 550 Invalid recipient: <dhaber@bigpond.net.au> (in reply to RCPT TO command))
Jun  4 07:36:19 rusty postfix/smtp[12880]: D1D4511817A: to=<josh.shone@westnet.com.au>, relay=mulgara.westnet.com.au[203.10.1.146], delay=12, status=sent (250 Ok: queued as B83CA39890B)
Jun  4 07:36:19 rusty postfix/smtp[12880]: D1D4511817A: to=<kenthomas@westnet.com.au>, relay=mulgara.westnet.com.au[203.10.1.146], delay=12, status=sent (250 Ok: queued as B83CA39890B)
Jun  4 07:36:19 rusty postfix/smtp[12789]: connect to mailhubx.bluenetgroup.com[216.127.82.144]: Connection refused (port 25)
Jun  4 07:36:19 rusty postfix/smtp[12862]: A30C1118177: to=<k.armstrong@whitepropertygroup.com>, relay=mail.whitepropertygroup.com.au[203.185.231.18], delay=12, status=sent (250 2.0.0 l53LRmMO024881 Message accepted for delivery)
Jun  4 07:36:20 rusty postfix/smtpd[12916]: connect from webmail.icp-qv1-irony3.iinet.net.au[203.59.1.108]
Jun  4 07:36:20 rusty postfix/smtp[12871]: 51B6511818D: to=<anna@annacs.com.au>, relay=annacs.com.au[202.60.69.195], delay=12, status=sent (250 OK id=1Huxaj-0002wI-Ig)
Jun  4 07:36:20 rusty postfix/smtp[12853]: D1D4511817A: to=<andyslug@secret.com.au>, relay=mail.secret.com.au[203.53.28.55], delay=13, status=sent (250 2.0.0 l53LRlN7019155 Message accepted for delivery)
Jun  4 07:36:20 rusty postfix/smtp[12876]: D1D4511817A: to=<kev@pulo.com.au>, relay=mail63.csoft.net[205.205.214.4], delay=13, status=sent (250 2.0.0 Ok: queued as B52A5F1D5)
Jun  4 07:36:20 rusty postfix/smtp[12840]: D1D4511817A: to=<cby@netspace.net.au>, relay=mail-in.netspace.net.au[210.15.254.248], delay=13, status=sent (250 Ok: queued as AC1B51A3F1E)
Jun  4 07:36:20 rusty postfix/smtp[12840]: D1D4511817A: to=<dthannah@netspace.net.au>, relay=mail-in.netspace.net.au[210.15.254.248], delay=13, status=sent (250 Ok: queued as AC1B51A3F1E)
Jun  4 07:36:20 rusty postfix/smtp[12840]: D1D4511817A: to=<waynus@netspace.net.au>, relay=mail-in.netspace.net.au[210.15.254.248], delay=13, status=sent (250 Ok: queued as AC1B51A3F1E)
Jun  4 07:36:20 rusty postfix/smtp[12873]: D1D4511817A: to=<ian@voicetronix.com.au>, relay=mail.voicetronix.com.au[203.122.251.59], delay=13, status=sent (250 2.0.0 l53LReJF007373 Message accepted for delivery)
Jun  4 07:36:20 rusty postfix/smtp[12870]: D1D4511817A: to=<scott-slug@sbs.id.au>, relay=mail.sbs.id.au[64.22.103.107], delay=13, status=sent (250 2.0.0 Ok: queued as C227C418CD)
Jun  4 07:36:20 rusty postfix/smtp[12870]: 51B6511818D: to=<info@fourstarcomputing.com.au>, relay=none, delay=12, status=bounced (Host or domain name not found. Name service error for name=fourstarcomputing.com.au type=A: Host found but no data record of requested type)
Jun  4 07:36:20 rusty postfix/smtp[12855]: 51B6511818D: to=<andre@allsaints.com.au>, relay=mail.allsaints.com.au[202.1.119.235], delay=12, status=sent (250 2.6.0  <20070603213608.51B6511818D@rusty.slug.org.au> Queued mail for delivery)
Jun  4 07:36:20 rusty postfix/smtp[12887]: 3BED2118181: to=<rossm-slug@ahkrabu.com>, relay=ahkrabu.com[64.22.89.210], delay=12, status=sent (250 OK id=1Huxc4-00025y-Lr)
Jun  4 07:36:20 rusty postfix/smtp[12881]: D1D4511817A: to=<rgh@talent.com.au>, relay=mailin1.pacific.net.au[61.8.0.80], delay=13, status=sent (250 2.0.0 Ok: queued as 42D1E163EEA)
Jun  4 07:36:20 rusty postfix/smtp[12823]: 51B6511818D: to=<bdonoghoe@acslink.net.au>, relay=mx3.netregistry.net[202.124.241.198], delay=12, status=sent (250 OK id=1Huxc4-0006cA-Gi)
Jun  4 07:36:20 rusty postfix/smtp[12842]: D1D4511817A: to=<rodtunk@tpg.com.au>, relay=mx1.tpgi.com.au[203.12.160.122], delay=13, status=bounced (host mx1.tpgi.com.au[203.12.160.122] said: 550 5.1.1 <rodtunk@tpg.com.au>... User unknown (in reply to RCPT TO command))
Jun  4 07:36:20 rusty postfix/smtp[12823]: 51B6511818D: to=<sonnyboy@iggy.triode.net.au>, relay=none, delay=12, status=bounced (Host or domain name not found. Name service error for name=iggy.triode.net.au type=A: Host not found)
Jun  4 07:36:20 rusty postfix/smtp[12831]: D1D4511817A: to=<airlied@csn.ul.ie>, relay=mail.skynet.ie[193.1.99.88], delay=13, status=sent (250 2.0.0 Ok: queued as AFFDBC009A)
Jun  4 07:36:20 rusty postfix/smtp[12842]: D1D4511817A: to=<4pascal@tpg.com.au>, relay=mx1.tpgi.com.au[203.12.160.122], delay=13, status=sent (250 2.0.0 l53LRlwt005908 Message accepted for delivery)
Jun  4 07:36:20 rusty postfix/smtp[12842]: D1D4511817A: to=<haw.loeung@tpg.com.au>, relay=mx1.tpgi.com.au[203.12.160.122], delay=13, status=sent (250 2.0.0 l53LRlwt005908 Message accepted for delivery)
Jun  4 07:36:20 rusty postfix/smtp[12842]: D1D4511817A: to=<linuser@tpg.com.au>, relay=mx1.tpgi.com.au[203.12.160.122], delay=13, status=sent (250 2.0.0 l53LRlwt005908 Message accepted for delivery)
Jun  4 07:36:20 rusty postfix/smtp[12891]: D1D4511817A: to=<ryan@uanywhere.com.au>, relay=mx1.uanywhere.com.au[216.130.255.50], delay=13, status=sent (250 Ok: queued as 17B593EA4C)
Jun  4 07:36:20 rusty postfix/smtp[12854]: D1D4511817A: to=<ashley@mobileitdept.com.au>, relay=mail.mobileitdept.com.au[209.97.207.174], delay=13, status=sent (250 OK id=1Huxdv-0004hw-Bo)
Jun  4 07:36:20 rusty postfix/smtp[12854]: 51B6511818D: to=<stot9603@iprimus.com.au>, relay=mx.iprimus.com.au[202.138.53.11], delay=12, status=sent (250 ok:  Message 46780408 accepted)
Jun  4 07:36:20 rusty postfix/smtp[12854]: 51B6511818D: to=<paulk@it.uts.edu.au>, relay=filter.it.uts.edu.au[138.25.8.31], delay=12, status=sent (250 Ok: queued as A5013DF211)
Jun  4 07:36:20 rusty postfix/smtp[12801]: 51B6511818D: to=<moc@bigpond.net.au>, relay=extmail.bpbb.bigpond.com[144.140.90.14], delay=12, status=sent (250 Message received: 20070603212749.UPLJ10100.imta06sl.mx.bigpond.com@rusty.slug.org.au)
Jun  4 07:36:20 rusty postfix/smtp[12801]: 51B6511818D: to=<wbuender@bigpond.net.au>, relay=extmail.bpbb.bigpond.com[144.140.90.14], delay=12, status=sent (250 Message received: 20070603212749.UPLJ10100.imta06sl.mx.bigpond.com@rusty.slug.org.au)
Jun  4 07:36:20 rusty postfix/smtp[12816]: D1D4511817A: to=<paul@dwerryhouse.com.au>, relay=a.mx.dwerryhouse.com.au[212.69.37.49], delay=13, status=sent (250 Ok: queued as C1532398E1)
Jun  4 07:36:20 rusty postfix/smtp[12881]: 51B6511818D: to=<cbcs@hotkey.net.au>, relay=vscan.hotkey.net.au[202.138.0.44], delay=12, status=sent (250 2.0.0 Ok: queued as BCD101C9004D)
Jun  4 07:36:20 rusty postfix/smtp[12820]: D1D4511817A: to=<norm@turing.une.edu.au>, relay=mailhub2.une.edu.au[129.180.1.222], delay=13, status=sent (250 Ok: queued as 0B97E4148)
Jun  4 07:36:20 rusty postfix/smtp[12820]: D1D4511817A: to=<wbennett@turing.une.edu.au>, relay=mailhub2.une.edu.au[129.180.1.222], delay=13, status=sent (250 Ok: queued as 0B97E4148)
Jun  4 07:36:20 rusty postfix/smtp[12798]: D1D4511817A: to=<xfire@xware.cx>, relay=ayaka.xware.cx[64.62.231.103], delay=13, status=sent (250 Ok: queued as 9C51699AE1)
Jun  4 07:36:20 rusty postfix/smtp[12848]: D1D4511817A: to=<kevsaenz@spinaweb.com.au>, relay=spinaweb.com.au[69.36.162.245], delay=13, status=sent (250 2.0.0 l53LRmFJ018391 Message accepted for delivery)
Jun  4 07:36:20 rusty postfix/smtp[12871]: 51B6511818D: to=<john.lewis@dva.gov.au>, relay=dva-in-133.sge.net[152.91.3.133], delay=12, status=sent (250 2.0.0 Ok: queued as 013044BF)
Jun  4 07:36:20 rusty postfix/smtp[12881]: connect to mailhubx.bluenetgroup.com[216.127.82.144]: Connection refused (port 25)
Jun  4 07:36:20 rusty postfix/smtp[12832]: 51B6511818D: to=<ashley.maher@didymodesigns.com.au>, relay=mail.didymodesigns.com.au[202.131.90.162], delay=12, status=sent (250 2.0.0 Ok: queued as 3275B3C4A2B)
Jun  4 07:36:21 rusty postfix/smtp[12823]: 51B6511818D: to=<brendanp@ihug.com.au>, relay=as-av.iinet.net.au[203.0.178.180], delay=13, status=sent (250 ok:  Message 31706024 accepted)
Jun  4 07:36:21 rusty postfix/smtp[12892]: D1D4511817A: to=<grove@zeta.org.au>, relay=mailin1.pacific.net.au[61.8.0.80], delay=14, status=sent (250 2.0.0 Ok: queued as 48702163EEA)
Jun  4 07:36:21 rusty postfix/smtp[12890]: 51B6511818D: to=<dstirrup@apptech.com.au>, relay=bethel.apptech.com.au[203.31.244.1], delay=13, status=sent (250 2.6.0  <20070603213608.51B6511818D@rusty.slug.org.au> Queued mail for delivery)
Jun  4 07:36:21 rusty postfix/smtp[12809]: D1D4511817A: to=<bolsen@servcorp.com.au>, relay=mail.servcorp.com.au[203.215.156.132], delay=14, status=sent (250 2.0.0 Message received OK)
Jun  4 07:36:21 rusty postfix/smtp[12845]: D1D4511817A: to=<scott@wallers.com.au>, relay=wallers.com.au[74.53.102.242], delay=14, status=sent (250 OK id=1Huxc3-0007Ly-W6)
Jun  4 07:36:21 rusty postfix/smtp[12883]: D1D4511817A: to=<johngibbons@unwired.com.au>, relay=mail.bluetie.com[206.65.164.155], delay=14, status=bounced (host mail.bluetie.com[206.65.164.155] said: 550 5.1.1 <johngibbons@unwired.com.au>: Recipient address rejected: User unknown in virtual alias table (in reply to RCPT TO command))
Jun  4 07:36:21 rusty postfix/smtp[12869]: A30C1118177: to=<daveg@dorja.com>, relay=mail.dorja.com[202.4.237.140], delay=14, status=sent (250 ok 1180906070 qp 26198)
Jun  4 07:36:21 rusty postfix/smtp[12842]: 51B6511818D: to=<heenan@inspired.net.au>, relay=mail.cbit.net.au[202.55.154.7], delay=13, status=bounced (host mail.cbit.net.au[202.55.154.7] said: 550 5.1.1 <heenan@inspired.net.au>: Recipient address rejected: User unknown in virtual mailbox table (in reply to RCPT TO command))
Jun  4 07:36:21 rusty postfix/smtp[12890]: 51B6511818D: to=<neast@pacific.net.au>, relay=mailin2.pacific.net.au[61.8.0.81], delay=13, status=sent (250 2.0.0 Ok: queued as 55E2B187F5F)
Jun  4 07:36:21 rusty postfix/smtp[12890]: 51B6511818D: to=<tomdeckert@pacific.net.au>, relay=mailin2.pacific.net.au[61.8.0.81], delay=13, status=sent (250 2.0.0 Ok: queued as 55E2B187F5F)
Jun  4 07:36:21 rusty postfix/smtp[12841]: D1D4511817A: to=<michael@webwizard.com.au>, relay=pop3.webwizard.com.au[68.178.166.226], delay=14, status=sent (250 ok 1180906070 qp 14230)
Jun  4 07:36:21 rusty postfix/smtp[12840]: 51B6511818D: to=<rossmitchell@exemail.com.au>, relay=ipmx1.po.exetel.com.au[220.233.0.60], delay=13, status=sent (250 ok:  Message 40256445 accepted)
Jun  4 07:36:21 rusty postfix/smtp[12840]: 51B6511818D: to=<xun@exemail.com.au>, relay=ipmx1.po.exetel.com.au[220.233.0.60], delay=13, status=sent (250 ok:  Message 40256445 accepted)
Jun  4 07:36:21 rusty postfix/smtp[12817]: A30C1118177: to=<shane.henry@logicacmg.com>, relay=cust1683-1.in.mailcontrol.com[86.111.223.190], delay=14, status=sent (250 2.0.0 l53LReBD013558 Message accepted for delivery)
Jun  4 07:36:21 rusty postfix/smtp[12822]: 3BED2118181: to=<kirti@unswalumni.com>, relay=smtp.unsw.EDU.AU[149.171.193.32], delay=13, status=sent (250 2.0.0 l53LRg7k025283 Message accepted for delivery)
Jun  4 07:36:22 rusty postfix/smtp[12816]: 51B6511818D: to=<crichard@maccs.mq.edu.au>, relay=sunb.ocs.mq.edu.au[137.111.1.11], delay=14, status=sent (250 2.0.0 l53LRnO12977 Message accepted for delivery)
Jun  4 07:36:22 rusty postfix/smtp[12831]: 51B6511818D: to=<jan.newmarch@infotech.monash.edu.au>, relay=mx2.its.monash.edu.au[130.194.11.147], delay=14, status=sent (250 2.0.0 Ok: queued as E3D264FB08)
Jun  4 07:36:22 rusty postfix/smtp[12795]: D1D4511817A: to=<joe@khamis.com.au>, relay=mail.klattu.com.au[202.7.93.11], delay=15, status=sent (250 2.0.0 Ok: queued as 5F369F336)
Jun  4 07:36:22 rusty postfix/smtp[12809]: 51B6511818D: to=<maxw@people.net.au>, relay=mailgate-02.peopletelecom.com.au[218.214.224.100], delay=14, status=sent (250 Ok: queued as 2709E3EE845)
Jun  4 07:36:22 rusty postfix/smtp[12809]: 51B6511818D: to=<stephenblack@people.net.au>, relay=mailgate-02.peopletelecom.com.au[218.214.224.100], delay=14, status=sent (250 Ok: queued as 2709E3EE845)
Jun  4 07:36:22 rusty postfix/smtp[12845]: 51B6511818D: to=<brad.dolph@peoplemetrics.com.au>, relay=mx3.netregistry.net[202.124.241.198], delay=14, status=sent (250 OK id=1Huxc6-0006cn-H5)
Jun  4 07:36:22 rusty postfix/smtp[12788]: 3BED2118181: to=<abcde123@yahoo.com>, relay=d.mx.mail.yahoo.com[216.39.53.2], delay=14, status=sent (250 ok dirdel 4/1)
Jun  4 07:36:22 rusty postfix/smtp[12788]: 3BED2118181: to=<chauhan_harpalsinh1984@yahoo.com>, relay=d.mx.mail.yahoo.com[216.39.53.2], delay=14, status=sent (250 ok dirdel 4/1)
Jun  4 07:36:22 rusty postfix/smtp[12788]: 3BED2118181: to=<ibby66044@yahoo.com>, relay=d.mx.mail.yahoo.com[216.39.53.2], delay=14, status=sent (250 ok dirdel 4/1)
Jun  4 07:36:22 rusty postfix/smtp[12788]: 3BED2118181: to=<jonnymaster5700@yahoo.com>, relay=d.mx.mail.yahoo.com[216.39.53.2], delay=14, status=sent (250 ok dirdel 4/1)
Jun  4 07:36:22 rusty postfix/smtp[12788]: 3BED2118181: to=<loke_ts@yahoo.com>, relay=d.mx.mail.yahoo.com[216.39.53.2], delay=14, status=sent (250 ok dirdel 4/1)
Jun  4 07:36:22 rusty postfix/smtp[12888]: D1D4511817A: to=<netsnipe_ml@optusnet.com.au>, relay=mail.optusnet.com.au[211.29.132.250], delay=15, status=deferred (host mail.optusnet.com.au[211.29.132.250] said: 452 4.2.2 <netsnipe_ml@optusnet.com.au>... Mailbox full (in reply to RCPT TO command))
Jun  4 07:36:22 rusty postfix/smtp[12888]: D1D4511817A: to=<pintail@optusnet.com.au>, relay=mail.optusnet.com.au[211.29.132.250], delay=15, status=deferred (host mail.optusnet.com.au[211.29.132.250] said: 452 4.2.2 <pintail@optusnet.com.au>... Mailbox full (in reply to RCPT TO command))
Jun  4 07:36:22 rusty postfix/smtp[12888]: D1D4511817A: to=<utilitymuffin@optusnet.com.au>, relay=mail.optusnet.com.au[211.29.132.250], delay=15, status=bounced (host mail.optusnet.com.au[211.29.132.250] said: 553 5.3.0 <utilitymuffin@optusnet.com.au>... No such user (in reply to RCPT TO command))
Jun  4 07:36:22 rusty postfix/smtp[12792]: 91EBA118174: to=<slug@toomuchwork.net>, relay=mx.toomuchwork.net[67.18.170.195], delay=15, status=sent (250 OK id=1Huxc7-0001GP-00)
Jun  4 07:36:22 rusty postfix/smtp[12862]: 51B6511818D: to=<rupertu@dtasia.com.au>, relay=mx1.tpgi.com.au[203.12.160.122], delay=14, status=sent (250 2.0.0 l53LRnkA006029 Message accepted for delivery)
Jun  4 07:36:22 rusty postfix/smtp[12873]: 51B6511818D: to=<dev@fareast.com.au>, relay=donner.fareast.com.au[208.109.30.20], delay=14, status=sent (250 ok 1180906071 qp 31760)
Jun  4 07:36:22 rusty postfix/smtp[12857]: D1D4511817A: to=<azzaroth@optushome.com.au>, relay=mail.optusnet.com.au[211.29.132.250], delay=15, status=sent (250 2.0.0 l53LRkhN028550 Message accepted for delivery)
Jun  4 07:36:22 rusty postfix/smtp[12857]: D1D4511817A: to=<benmmurphy@optushome.com.au>, relay=mail.optusnet.com.au[211.29.132.250], delay=15, status=sent (250 2.0.0 l53LRkhN028550 Message accepted for delivery)
Jun  4 07:36:22 rusty postfix/smtp[12857]: D1D4511817A: to=<carll@optushome.com.au>, relay=mail.optusnet.com.au[211.29.132.250], delay=15, status=sent (250 2.0.0 l53LRkhN028550 Message accepted for delivery)
Jun  4 07:36:22 rusty postfix/smtp[12857]: D1D4511817A: to=<foskey@optushome.com.au>, relay=mail.optusnet.com.au[211.29.132.250], delay=15, status=sent (250 2.0.0 l53LRkhN028550 Message accepted for delivery)
Jun  4 07:36:22 rusty postfix/smtp[12857]: D1D4511817A: to=<iansu@optushome.com.au>, relay=mail.optusnet.com.au[211.29.132.250], delay=15, status=sent (250 2.0.0 l53LRkhN028550 Message accepted for delivery)
Jun  4 07:36:22 rusty postfix/smtp[12857]: D1D4511817A: to=<l-lists@optushome.com.au>, relay=mail.optusnet.com.au[211.29.132.250], delay=15, status=sent (250 2.0.0 l53LRkhN028550 Message accepted for delivery)
Jun  4 07:36:22 rusty postfix/smtp[12857]: D1D4511817A: to=<lukekendall@optushome.com.au>, relay=mail.optusnet.com.au[211.29.132.250], delay=15, status=sent (250 2.0.0 l53LRkhN028550 Message accepted for delivery)
Jun  4 07:36:22 rusty postfix/smtp[12857]: D1D4511817A: to=<rwilliams@optushome.com.au>, relay=mail.optusnet.com.au[211.29.132.250], delay=15, status=sent (250 2.0.0 l53LRkhN028550 Message accepted for delivery)
Jun  4 07:36:22 rusty postfix/smtp[12888]: D1D4511817A: to=<dark_paw@optusnet.com.au>, relay=mail.optusnet.com.au[211.29.132.250], delay=15, status=sent (250 2.0.0 l53LRjfm029536 Message accepted for delivery)
Jun  4 07:36:22 rusty postfix/smtp[12888]: D1D4511817A: to=<dtvone@optusnet.com.au>, relay=mail.optusnet.com.au[211.29.132.250], delay=15, status=sent (250 2.0.0 l53LRjfm029536 Message accepted for delivery)
Jun  4 07:36:22 rusty postfix/smtp[12888]: D1D4511817A: to=<kencaldwell@optusnet.com.au>, relay=mail.optusnet.com.au[211.29.132.250], delay=15, status=sent (250 2.0.0 l53LRjfm029536 Message accepted for delivery)
Jun  4 07:36:22 rusty postfix/smtp[12888]: D1D4511817A: to=<kholloway@optusnet.com.au>, relay=mail.optusnet.com.au[211.29.132.250], delay=15, status=sent (250 2.0.0 l53LRjfm029536 Message accepted for delivery)
Jun  4 07:36:22 rusty postfix/smtp[12888]: D1D4511817A: to=<mxcarr@optusnet.com.au>, relay=mail.optusnet.com.au[211.29.132.250], delay=15, status=sent (250 2.0.0 l53LRjfm029536 Message accepted for delivery)
Jun  4 07:36:22 rusty postfix/smtp[12888]: D1D4511817A: to=<nathan.c@optusnet.com.au>, relay=mail.optusnet.com.au[211.29.132.250], delay=15, status=sent (250 2.0.0 l53LRjfm029536 Message accepted for delivery)
Jun  4 07:36:22 rusty postfix/smtp[12888]: D1D4511817A: to=<pjeffery@optusnet.com.au>, relay=mail.optusnet.com.au[211.29.132.250], delay=15, status=sent (250 2.0.0 l53LRjfm029536 Message accepted for delivery)
Jun  4 07:36:22 rusty postfix/smtp[12866]: D1D4511817A: to=<shane@reactivate.cx>, relay=ASPMX.L.GOOGLE.COM[209.85.147.27], delay=15, status=sent (250 2.0.0 OK 1180906071 m10si4500566waf)
Jun  4 07:36:22 rusty postfix/smtpd[12918]: connect from note.orchestra.cse.unsw.EDU.AU[129.94.242.24]
Jun  4 07:36:22 rusty postfix/smtp[12866]: 51B6511818D: to=<zmz@zeta.org.au>, relay=mailin2.pacific.net.au[61.8.0.81], delay=14, status=sent (250 2.0.0 Ok: queued as D4EBE187F61)
Jun  4 07:36:22 rusty postfix/smtp[12895]: 51B6511818D: to=<lemans4@clearmail.com.au>, relay=ext-mail00.suremessage.com.au[202.0.155.121], delay=14, status=sent (250 Ok: queued as A4ACB30E4C)
Jun  4 07:36:22 rusty postfix/smtp[12895]: 51B6511818D: to=<partec@zip.com.au>, relay=mailin1.pacific.net.au[61.8.0.80], delay=14, status=sent (250 2.0.0 Ok: queued as 03AAD163EEA)
Jun  4 07:36:22 rusty postfix/smtp[12816]: 51B6511818D: to=<stephen.king@tafensw.edu.au>, relay=hplmx2.det.nsw.edu.au[153.107.105.11], delay=14, status=sent (250 2.0.0 l53LRp8k024905 Message accepted for delivery)
Jun  4 07:36:22 rusty postfix/smtp[12841]: 51B6511818D: to=<jcn@smartchat.net.au>, relay=dialupmx.connect.com.au[210.8.231.6], delay=14, status=sent (250 2.0.0 Ok: queued as 9FB2BF581)
Jun  4 07:36:22 rusty postfix/smtp[12835]: D1D4511817A: to=<gavin@openfusion.com.au>, relay=a.mx.mailhost.com.au[216.129.104.202], delay=15, status=sent (250 Queued! <34a99ab40706031426g4ea46d97v5bcdd5edfeff89ea@mail.gmail.com>)
Jun  4 07:36:23 rusty postfix/smtp[12845]: 51B6511818D: to=<bsinclai@turing.une.edu.au>, relay=mailhub2.une.edu.au[129.180.1.222], delay=15, status=sent (250 Ok: queued as 3D4AA414B)
Jun  4 07:36:23 rusty postfix/smtp[12858]: D1D4511817A: to=<craige@mcwhirter.com.au>, relay=mta1.mcwhirter.com.au[202.177.212.216], delay=16, status=sent (250 2.0.0 l53LRiWb020636 Message accepted for delivery)
Jun  4 07:36:23 rusty postfix/smtp[12871]: 51B6511818D: to=<abinns@optushome.com.au>, relay=mail.optusnet.com.au[211.29.132.250], delay=15, status=sent (250 2.0.0 l53LRoP4027807 Message accepted for delivery)
Jun  4 07:36:23 rusty postfix/smtpd[12919]: warning: 203.37.53.226: hostname cannet.com.au verification failed: Name or service not known
Jun  4 07:36:23 rusty postfix/smtpd[12919]: connect from unknown[203.37.53.226]
Jun  4 07:36:23 rusty postfix/smtp[12802]: 51B6511818D: to=<lmth@deakin.edu.au>, relay=m-hc1-its-mxgw-00-ge-1-1-1.its.deakin.edu.au[139.132.1.23], delay=15, status=sent (250 ok:  Message 33341990 accepted)
Jun  4 07:36:23 rusty postfix/smtp[12827]: D1D4511817A: to=<matth@unsw.edu.au>, relay=smtp.unsw.edu.au[149.171.193.32], delay=16, status=bounced (host smtp.unsw.edu.au[149.171.193.32] said: 553 5.3.0 <matth@unsw.edu.au>... No such user matth@unsw.edu.au here (in reply to RCPT TO command))
Jun  4 07:36:23 rusty postfix/smtpd[12781]: warning: 82.143.19.65.relays.ordb.org: RBL lookup error: Host or domain name not found. Name service error for name=82.143.19.65.relays.ordb.org type=A: Host not found, try again
Jun  4 07:36:23 rusty postfix/smtp[12862]: 51B6511818D: to=<deserted@westnet.com.au>, relay=mulgara.westnet.com.au[203.10.1.146], delay=15, status=sent (250 Ok: queued as 4DA59168F9A)
Jun  4 07:36:23 rusty postfix/smtp[12862]: 51B6511818D: to=<neast@westnet.com.au>, relay=mulgara.westnet.com.au[203.10.1.146], delay=15, status=sent (250 Ok: queued as 4DA59168F9A)
Jun  4 07:36:23 rusty postfix/smtp[12842]: 51B6511818D: to=<pfl@research.canon.com.au>, relay=a.ns.cisra.com.au[203.12.173.51], delay=15, status=sent (250 Ok: queued as C5C33222424)
Jun  4 07:36:23 rusty postfix/smtp[12817]: 51B6511818D: to=<ben.kellas@swiftdsl.com.au>, relay=mailgate-01.peopletelecom.com.au[202.154.92.100], delay=15, status=sent (250 Ok: queued as 2ED6312871D)
Jun  4 07:36:23 rusty postfix/smtp[12817]: 51B6511818D: to=<billb@swiftdsl.com.au>, relay=mailgate-01.peopletelecom.com.au[202.154.92.100], delay=15, status=sent (250 Ok: queued as 2ED6312871D)
Jun  4 07:36:23 rusty postfix/smtp[12817]: 51B6511818D: to=<nwalshaw@swiftdsl.com.au>, relay=mailgate-01.peopletelecom.com.au[202.154.92.100], delay=15, status=sent (250 Ok: queued as 2ED6312871D)
Jun  4 07:36:23 rusty postfix/smtp[12880]: 51B6511818D: to=<andrewlists@dodo.com.au>, relay=postoffice.mail-hub.dodo.com.au[202.136.32.39], delay=15, status=bounced (host postoffice.mail-hub.dodo.com.au[202.136.32.39] said: 550 Unknown user (in reply to RCPT TO command))
Jun  4 07:36:23 rusty postfix/smtp[12839]: D1D4511817A: to=<andrewo@maxwell.com.au>, relay=pmx01.bluenetgroup.com[209.139.209.86], delay=16, status=sent (250 2.0.0 l53LRbor025316 Message accepted for delivery)
Jun  4 07:36:23 rusty postfix/smtp[12856]: 3BED2118181: to=<marty@redhat.com>, relay=mx2.redhat.com[66.187.237.31], delay=15, status=sent (250 2.0.0 l53LRh5e023435 Message accepted for delivery)
Jun  4 07:36:23 rusty postfix/smtp[12829]: D1D4511817A: to=<my_ug@webace.com.au>, relay=srv2.webace.com.au[203.59.222.34], delay=16, status=bounced (host srv2.webace.com.au[203.59.222.34] said: 550 5.1.1 <my_ug@webace.com.au>... User unknown (in reply to RCPT TO command))
Jun  4 07:36:23 rusty postfix/smtp[12890]: 51B6511818D: to=<steve@simcraft.com.au>, relay=simcraft.com.au[203.220.32.124], delay=15, status=sent (250 2.0.0 l53LRqhN004476 Message accepted for delivery)
Jun  4 07:36:23 rusty postfix/smtpd[12920]: connect from svc1.zomo.co.uk[88.208.192.39]
Jun  4 07:36:24 rusty postfix/smtp[12868]: D1D4511817A: to=<dipaz@unicauca.edu.co>, relay=afrodita.unicauca.edu.co[190.5.195.130], delay=17, status=sent (250 Ok: queued as A9F941CDC80)
Jun  4 07:36:24 rusty postfix/smtp[12846]: D1D4511817A: to=<peter@chubb.wattle.id.au>, relay=mx.chubb.wattle.id.au[66.29.2.6], delay=17, status=sent (250 OK id=1Huxc7-0007s7-OG)
Jun  4 07:36:24 rusty postfix/smtp[12849]: D1D4511817A: to=<mdesantis@amcon.com.au>, relay=mx0.asggroup.com.au[203.25.254.48], delay=17, status=sent (250 Ok: queued as E6BC6E98AF)
Jun  4 07:36:24 rusty postfix/smtp[12882]: D1D4511817A: to=<lyle@torchpublishing.com.au>, relay=mail.torchpublishing.com.au[202.44.164.36], delay=17, status=sent (250 Ok: queued as 9EA65FF81A0)
Jun  4 07:36:24 rusty postfix/smtpd[12917]: connect from mailout1-1.pacific.net.au[61.8.2.208]
Jun  4 07:36:24 rusty postfix/smtp[12861]: D1D4511817A: to=<uzs886@uni-bonn.de>, relay=x30.rhrz.uni-bonn.de[131.220.14.124], delay=17, status=sent (250 ok:  Message 122823822 accepted)
Jun  4 07:36:24 rusty postfix/smtp[12891]: 51B6511818D: to=<terry.nelson@intech.com.au>, relay=demail03.skandia.de[195.190.150.179], delay=16, status=sent (250 OK)
Jun  4 07:36:24 rusty postfix/smtp[12809]: 51B6511818D: to=<2juls@tpg.com.au>, relay=mx1.tpgi.com.au[203.12.160.122], delay=16, status=sent (250 2.0.0 l53LRpCG006243 Message accepted for delivery)
Jun  4 07:36:24 rusty postfix/smtp[12809]: 51B6511818D: to=<rojee@tpg.com.au>, relay=mx1.tpgi.com.au[203.12.160.122], delay=16, status=sent (250 2.0.0 l53LRpCG006243 Message accepted for delivery)
Jun  4 07:36:24 rusty postfix/smtp[12863]: D1D4511817A: to=<joseph@goncalves.id.au>, relay=goncalves.id.au[66.98.160.200], delay=17, status=sent (250 OK id=1Huxc7-00073L-Hz)
Jun  4 07:36:24 rusty postfix/smtpd[12924]: connect from asgmail.asggroup.com.au[203.25.254.55]
Jun  4 07:36:24 rusty postfix/smtp[12852]: D1D4511817A: to=<schahzad@gol.net.pk>, relay=smtp.gol.net.pk[202.165.244.10], delay=17, status=sent (250 ok 1180906071 qp 29465)
Jun  4 07:36:24 rusty postfix/smtp[12884]: D1D4511817A: to=<hoju@dart.net.au>, relay=vscan.hotkey.net.au[202.138.0.29], delay=17, status=bounced (host vscan.hotkey.net.au[202.138.0.29] said: 550 5.1.1 <hoju@dart.net.au>: Recipient address rejected: User unknown in relay recipient table (in reply to RCPT TO command))
Jun  4 07:36:24 rusty postfix/smtpd[12921]: connect from mer-w2003-7.napier-mail.napier.ac.uk[146.176.223.2]
Jun  4 07:36:24 rusty postfix/smtp[12791]: 3BED2118181: to=<matt.murphy@cyclades.com>, relay=mail.cyclades.com[64.186.161.6], delay=16, status=sent (250 Ok: queued as 0C2E833DC1)
Jun  4 07:36:24 rusty postfix/smtp[12820]: 51B6511818D: to=<paulb@midcoast.com.au>, relay=mx1.midcoast.com.au[203.12.28.17], delay=16, status=sent (250 2.0.0 l53LTePI024110 Message accepted for delivery)
Jun  4 07:36:24 rusty postfix/smtp[12838]: D1D4511817A: to=<beren.sanders@student.unsw.edu.au>, relay=smtp.unsw.edu.au[149.171.193.32], delay=17, status=sent (250 2.0.0 l53LRnEE006323 Message accepted for delivery)
Jun  4 07:36:25 rusty postfix/smtp[12889]: D1D4511817A: to=<amanita2muscaria@yahoo.com.au>, relay=c.mx.mail.yahoo.com[68.142.237.182], delay=18, status=sent (250 ok dirdel 6/1)
Jun  4 07:36:25 rusty postfix/smtp[12889]: D1D4511817A: to=<billy_govan@yahoo.com.au>, relay=c.mx.mail.yahoo.com[68.142.237.182], delay=18, status=sent (250 ok dirdel 6/1)
Jun  4 07:36:25 rusty postfix/smtp[12889]: D1D4511817A: to=<linleycaetan@yahoo.com.au>, relay=c.mx.mail.yahoo.com[68.142.237.182], delay=18, status=sent (250 ok dirdel 6/1)
Jun  4 07:36:25 rusty postfix/smtp[12889]: D1D4511817A: to=<salin1972@yahoo.com.au>, relay=c.mx.mail.yahoo.com[68.142.237.182], delay=18, status=sent (250 ok dirdel 6/1)
Jun  4 07:36:25 rusty postfix/smtp[12889]: D1D4511817A: to=<tuxman2000@yahoo.com.au>, relay=c.mx.mail.yahoo.com[68.142.237.182], delay=18, status=sent (250 ok dirdel 6/1)
Jun  4 07:36:25 rusty postfix/smtp[12889]: D1D4511817A: to=<tuxta2@yahoo.com.au>, relay=c.mx.mail.yahoo.com[68.142.237.182], delay=18, status=sent (250 ok dirdel 6/1)
Jun  4 07:36:25 rusty postfix/smtp[12889]: D1D4511817A: to=<wiredbycaffeine@yahoo.com.au>, relay=c.mx.mail.yahoo.com[68.142.237.182], delay=18, status=sent (250 ok dirdel 6/1)
Jun  4 07:36:25 rusty postfix/smtp[12828]: D1D4511817A: to=<mwaldron@pnc.com.au>, relay=mail.pnc.com.au[203.62.135.28], delay=18, status=sent (250 Ok: queued as 6636B2D8433)
Jun  4 07:36:25 rusty postfix/smtp[12828]: D1D4511817A: to=<sean@pnc.com.au>, relay=mail.pnc.com.au[203.62.135.28], delay=18, status=sent (250 Ok: queued as 6636B2D8433)
Jun  4 07:36:25 rusty postfix/smtpd[12923]: connect from mta234.mail.re4.yahoo.com[206.190.59.50]
Jun  4 07:36:25 rusty postfix/smtp[12840]: 51B6511818D: to=<lists@softsync.com.au>, relay=softsync.com.au[60.241.99.142], delay=17, status=sent (250 Ok: queued as 4EA3A60C1D8)
Jun  4 07:36:25 rusty postfix/smtp[12790]: D1D4511817A: to=<dhoward@zahav.net.il>, relay=mx.inter.net.il[192.114.186.59], delay=18, status=sent (250 OMA74466 Message accepted for delivery)
Jun  4 07:36:25 rusty postfix/smtp[12892]: 51B6511818D: to=<lesliek@ozemail.com.au>, relay=as-av.iinet.net.au[203.0.178.180], delay=17, status=sent (250 ok:  Message 31474786 accepted)
Jun  4 07:36:25 rusty postfix/smtp[12892]: 51B6511818D: to=<tapal@ozemail.com.au>, relay=as-av.iinet.net.au[203.0.178.180], delay=17, status=sent (250 ok:  Message 31474786 accepted)
Jun  4 07:36:25 rusty postfix/smtp[12795]: 51B6511818D: to=<jam@tigger.ws>, relay=mail.tigger.ws[202.71.175.58], delay=17, status=sent (250 2.0.0 Ok: queued as 05B1B134BAB)
Jun  4 07:36:25 rusty postfix/smtpd[12925]: connect from customer-mail01.day3.com.au[202.0.155.93]
Jun  4 07:36:25 rusty postfix/smtp[12847]: 51B6511818D: to=<alberto@combat.com.br>, relay=smtp-gw.combat.com.br[200.234.203.6], delay=17, status=sent (250 ok 1180906079 qp 6963)
Jun  4 07:36:25 rusty postfix/smtp[12864]: D1D4511817A: to=<jimlinnell_lug@linux.jimthechimp.co.uk>, relay=linux.jimthechimp.co.uk[85.13.252.6], delay=18, status=sent (250 OK id=1HuxXG-0004Sr-GT)
Jun  4 07:36:25 rusty postfix/smtp[12823]: 51B6511818D: to=<david.peterson@orbitec.com.au>, relay=sigint.orbitec.com.au[64.79.218.77], delay=17, status=sent (250 Ok: queued as CE8DACD5C001)
Jun  4 07:36:25 rusty postfix/smtp[12848]: 51B6511818D: to=<william.chivers@newcastle.edu.au>, relay=synergy.newcastle.edu.au[134.148.4.10], delay=17, status=sent (250 2.5.0 Ok.)
Jun  4 07:36:26 rusty postfix/smtp[12803]: 91EBA118174: to=<jordan@transitory.net>, relay=mail.transitory.net[69.93.60.82], delay=19, status=sent (250 2.0.0 466331b5-0000134c Message accepted for delivery)
Jun  4 07:36:26 rusty postfix/smtp[12801]: 51B6511818D: to=<wjgibb@loxinfo.co.th>, relay=post.loxinfo.co.th[203.146.237.154], delay=18, status=sent (250 2.0.0 Ok: queued as 8F87E8A691)
Jun  4 07:36:26 rusty postfix/smtpd[12927]: connect from mta232.mail.re3.yahoo.com[68.142.237.159]
Jun  4 07:36:26 rusty postfix/smtp[12850]: A30C1118177: to=<mikal@stillhq.com>, relay=mail.stillhq.com[210.18.204.2], delay=19, status=sent (250 2.0.0 l53LRlXO004823 Message accepted for delivery)
Jun  4 07:36:26 rusty postfix/smtpd[12928]: connect from mail.al.com.au[203.94.172.53]
Jun  4 07:36:26 rusty postfix/smtp[12896]: D1D4511817A: to=<goofy@yasd.cc>, relay=mail.yasd.cc[88.198.64.244], delay=19, status=sent (250 OK id=1HuxcA-00023N-HX)
Jun  4 07:36:26 rusty postfix/smtp[12805]: 3BED2118181: to=<phil@pipngil.com>, relay=mail.pipngil.com[202.125.41.8], delay=18, status=sent (250 ok 1180906075 qp 12208)
Jun  4 07:36:26 rusty postfix/smtp[12866]: 51B6511818D: to=<well@zinwell.com.tw>, relay=spam.zinwell.com.tw[220.228.40.36], delay=18, status=sent (250 +OK message queued for delivery.)
Jun  4 07:36:26 rusty postfix/smtp[12851]: 51B6511818D: to=<r.layden@bilk.ac.uk>, relay=sophmail.bilk.ac.uk[195.195.20.154], delay=18, status=sent (250 Ok: queued as 59C8B121B588)
Jun  4 07:36:27 rusty postfix/smtp[12883]: 51B6511818D: to=<rdaniel@simsmetal.com.au>, relay=cluster5.us.messagelabs.com[216.82.241.211], delay=19, status=sent (250 ok 1180906076 qp 28894 server-15.tower-122.messagelabs.com!1180906072!31634613!1)
Jun  4 07:36:27 rusty postfix/smtp[12815]: D1D4511817A: to=<alex@samad.com.au>, relay=sydrt01.samad.com.au[60.241.248.86], delay=20, status=sent (250 OK id=1Huxc6-0001XE-1E)
Jun  4 07:36:27 rusty postfix/smtp[12877]: D1D4511817A: to=<pjh@northern-ridge.com.au>, relay=mail.idl.com.au[203.33.254.150], delay=20, status=sent (250 Ok: queued as 9784051C1FC)
Jun  4 07:36:27 rusty postfix/smtpd[12930]: connect from mail2.avocent.com[198.177.232.249]
Jun  4 07:36:27 rusty postfix/smtp[12853]: 51B6511818D: to=<patrick@elliott-brennan.id.au>, relay=mail.dnsvr.com[69.10.136.61], delay=19, status=sent (250 2.0.0 Ok: queued as 4ECD11E0C9C)
Jun  4 07:36:27 rusty postfix/smtp[12789]: 51B6511818D: to=<craigw@blue.net.au>, relay=pmx01.bluenetgroup.com[209.139.209.86], delay=19, status=sent (250 2.0.0 l53LReI4025321 Message accepted for delivery)
Jun  4 07:36:27 rusty postfix/smtp[12888]: 51B6511818D: to=<beege6@yahoo.com.au>, relay=f.mx.mail.yahoo.com[209.191.88.247], delay=19, status=sent (250 ok dirdel 7/1)
Jun  4 07:36:27 rusty postfix/smtp[12888]: 51B6511818D: to=<desinq@yahoo.com.au>, relay=f.mx.mail.yahoo.com[209.191.88.247], delay=19, status=sent (250 ok dirdel 7/1)
Jun  4 07:36:27 rusty postfix/smtp[12888]: 51B6511818D: to=<drowningduck2001@yahoo.com.au>, relay=f.mx.mail.yahoo.com[209.191.88.247], delay=19, status=sent (250 ok dirdel 7/1)
Jun  4 07:36:27 rusty postfix/smtp[12888]: 51B6511818D: to=<magnemite_1999@yahoo.com.au>, relay=f.mx.mail.yahoo.com[209.191.88.247], delay=19, status=sent (250 ok dirdel 7/1)
Jun  4 07:36:27 rusty postfix/smtp[12888]: 51B6511818D: to=<mr_skon@yahoo.com.au>, relay=f.mx.mail.yahoo.com[209.191.88.247], delay=19, status=sent (250 ok dirdel 7/1)
Jun  4 07:36:27 rusty postfix/smtp[12888]: 51B6511818D: to=<peterhodder@yahoo.com.au>, relay=f.mx.mail.yahoo.com[209.191.88.247], delay=19, status=sent (250 ok dirdel 7/1)
Jun  4 07:36:27 rusty postfix/smtp[12888]: 51B6511818D: to=<po_box_304@yahoo.com.au>, relay=f.mx.mail.yahoo.com[209.191.88.247], delay=19, status=sent (250 ok dirdel 7/1)
Jun  4 07:36:27 rusty postfix/smtp[12888]: 51B6511818D: to=<zathraszero@yahoo.com.au>, relay=f.mx.mail.yahoo.com[209.191.88.247], delay=19, status=sent (250 ok dirdel 7/1)
Jun  4 07:36:27 rusty postfix/smtp[12857]: 51B6511818D: to=<atua101@yahoo.co.uk>, relay=mx1.mail.ukl.yahoo.com[195.50.106.7], delay=19, status=sent (250 ok dirdel 1/1)
Jun  4 07:36:27 rusty postfix/smtp[12857]: 51B6511818D: to=<glennm75@yahoo.co.uk>, relay=mx1.mail.ukl.yahoo.com[195.50.106.7], delay=19, status=sent (250 ok dirdel 1/1)
Jun  4 07:36:27 rusty postfix/smtp[12798]: 51B6511818D: to=<roger-linux@mindsocket.com.au>, relay=baron.tull.net[67.19.189.20], delay=19, status=sent (250 Queued! <20070603213608.51B6511818D@rusty.slug.org.au>)
Jun  4 07:36:28 rusty postfix/smtp[12832]: 51B6511818D: to=<ms59@optusnet.com.au>, relay=mail.optusnet.com.au[211.29.132.250], delay=20, status=sent (250 2.0.0 l53LRt53024226 Message accepted for delivery)
Jun  4 07:36:28 rusty postfix/smtp[12832]: 51B6511818D: to=<shoston@optusnet.com.au>, relay=mail.optusnet.com.au[211.29.132.250], delay=20, status=sent (250 2.0.0 l53LRt53024226 Message accepted for delivery)
Jun  4 07:36:28 rusty postfix/smtp[12832]: 51B6511818D: to=<skontek@optusnet.com.au>, relay=mail.optusnet.com.au[211.29.132.250], delay=20, status=sent (250 2.0.0 l53LRt53024226 Message accepted for delivery)
Jun  4 07:36:28 rusty postfix/smtp[12832]: 51B6511818D: to=<steve.lam@optusnet.com.au>, relay=mail.optusnet.com.au[211.29.132.250], delay=20, status=sent (250 2.0.0 l53LRt53024226 Message accepted for delivery)
Jun  4 07:36:28 rusty postfix/smtp[12788]: 51B6511818D: to=<grossemauer@web.de>, relay=mx-ha01.web.de[217.72.192.149], delay=20, status=sent (250 OK id=1Huxc9-0007Y2-00)
Jun  4 07:36:28 rusty postfix/smtpd[12931]: connect from pmx01.bluenetgroup.com[209.139.209.86]
Jun  4 07:36:29 rusty postfix/smtp[12794]: 3BED2118181: to=<henman@pobox.com>, relay=mx-all.pobox.com[208.210.124.76], delay=21, status=sent (250 Ok: queued as A30EC1F9D2)
Jun  4 07:36:29 rusty postfix/smtp[12822]: 51B6511818D: to=<neast@tac.com.au>, relay=link.tac.com.au[72.18.195.90], delay=21, status=bounced (host link.tac.com.au[72.18.195.90] said: 550 5.1.1 sorry, no mailbox here by that name (chkuser) (in reply to RCPT TO command))
Jun  4 07:36:29 rusty postfix/smtp[12811]: D1D4511817A: to=<dguest@zeeclor.mine.nu>, relay=zeeclor.mine.nu[59.167.17.236], delay=22, status=sent (250 Queued! 1180906078 qp 13661 <34a99ab40706031426g4ea46d97v5bcdd5edfeff89ea@mail.gmail.com>)
Jun  4 07:36:29 rusty postfix/smtpd[12782]: warning: 28.155.7.203.relays.ordb.org: RBL lookup error: Host or domain name not found. Name service error for name=28.155.7.203.relays.ordb.org type=A: Host not found, try again
Jun  4 07:36:29 rusty postfix/smtpd[12755]: warning: 78.246.54.65.relays.ordb.org: RBL lookup error: Host or domain name not found. Name service error for name=78.246.54.65.relays.ordb.org type=A: Host not found, try again
Jun  4 07:36:29 rusty postfix/smtpd[12932]: connect from mta129.mail.ukl.yahoo.com[217.12.11.78]
Jun  4 07:36:29 rusty postfix/smtpd[12909]: warning: 2.104.16.204.relays.ordb.org: RBL lookup error: Host or domain name not found. Name service error for name=2.104.16.204.relays.ordb.org type=A: Host not found, try again
Jun  4 07:36:29 rusty postfix/smtpd[12914]: warning: 230.181.206.203.relays.ordb.org: RBL lookup error: Host or domain name not found. Name service error for name=230.181.206.203.relays.ordb.org type=A: Host not found, try again
Jun  4 07:36:29 rusty postfix/smtp[12881]: 51B6511818D: to=<paulf@maxwell.com.au>, relay=pmx01.bluenetgroup.com[209.139.209.86], delay=21, status=sent (250 2.0.0 l53LRfdd025323 Message accepted for delivery)
Jun  4 07:36:29 rusty postfix/smtp[12831]: 51B6511818D: to=<kranko@teleline.es>, relay=mx.terra.es[213.4.149.11], delay=21, status=bounced (host mx.terra.es[213.4.149.11] said: 550 RCPT TO:<kranko@teleline.es> User unknown (in reply to RCPT TO command))
Jun  4 07:36:29 rusty postfix/smtpd[12933]: connect from mail2.virtual.net.au[203.29.17.22]
Jun  4 07:36:29 rusty postfix/smtpd[12783]: warning: 29.144.12.202.relays.ordb.org: RBL lookup error: Host or domain name not found. Name service error for name=29.144.12.202.relays.ordb.org type=A: Host not found, try again
Jun  4 07:36:30 rusty postfix/smtpd[12912]: warning: 60.189.202.64.relays.ordb.org: RBL lookup error: Host or domain name not found. Name service error for name=60.189.202.64.relays.ordb.org type=A: Host not found, try again
Jun  4 07:36:31 rusty postfix/smtpd[12915]: warning: 230.2.8.61.relays.ordb.org: RBL lookup error: Host or domain name not found. Name service error for name=230.2.8.61.relays.ordb.org type=A: Host not found, try again
Jun  4 07:36:31 rusty postfix/smtpd[12916]: warning: 108.1.59.203.relays.ordb.org: RBL lookup error: Host or domain name not found. Name service error for name=108.1.59.203.relays.ordb.org type=A: Host not found, try again
Jun  4 07:36:31 rusty postfix/smtpd[12913]: warning: 204.108.58.203.relays.ordb.org: RBL lookup error: Host or domain name not found. Name service error for name=204.108.58.203.relays.ordb.org type=A: Host not found, try again
Jun  4 07:36:31 rusty postfix/smtpd[12934]: connect from uscitsn16-o.hbfuller.com[198.57.13.116]
Jun  4 07:36:31 rusty postfix/smtpd[12907]: warning: 47.59.190.206.relays.ordb.org: RBL lookup error: Host or domain name not found. Name service error for name=47.59.190.206.relays.ordb.org type=A: Host not found, try again
Jun  4 07:36:31 rusty postfix/smtp[12879]: 3BED2118181: to=<atsaloli.tech@gmail.com>, relay=gmail-smtp-in.l.google.com[209.85.147.27], delay=23, status=sent (250 2.0.0 OK 1180906080 m5si4505216wag)
Jun  4 07:36:31 rusty postfix/smtp[12879]: 3BED2118181: to=<ccathcart@gmail.com>, relay=gmail-smtp-in.l.google.com[209.85.147.27], delay=23, status=sent (250 2.0.0 OK 1180906080 m5si4505216wag)
Jun  4 07:36:31 rusty postfix/smtp[12879]: 3BED2118181: to=<dgbarlow@gmail.com>, relay=gmail-smtp-in.l.google.com[209.85.147.27], delay=23, status=sent (250 2.0.0 OK 1180906080 m5si4505216wag)
Jun  4 07:36:31 rusty postfix/smtp[12879]: 3BED2118181: to=<geoffrey.cowling@gmail.com>, relay=gmail-smtp-in.l.google.com[209.85.147.27], delay=23, status=sent (250 2.0.0 OK 1180906080 m5si4505216wag)
Jun  4 07:36:31 rusty postfix/smtp[12879]: 3BED2118181: to=<ncmaina2000@gmail.com>, relay=gmail-smtp-in.l.google.com[209.85.147.27], delay=23, status=sent (250 2.0.0 OK 1180906080 m5si4505216wag)
Jun  4 07:36:31 rusty postfix/smtp[12879]: 3BED2118181: to=<nslinga@gmail.com>, relay=gmail-smtp-in.l.google.com[209.85.147.27], delay=23, status=sent (250 2.0.0 OK 1180906080 m5si4505216wag)
Jun  4 07:36:31 rusty postfix/smtp[12879]: 3BED2118181: to=<rohinda@gmail.com>, relay=gmail-smtp-in.l.google.com[209.85.147.27], delay=23, status=sent (250 2.0.0 OK 1180906080 m5si4505216wag)
Jun  4 07:36:31 rusty postfix/smtp[12879]: 3BED2118181: to=<rpmdac@gmail.com>, relay=gmail-smtp-in.l.google.com[209.85.147.27], delay=23, status=sent (250 2.0.0 OK 1180906080 m5si4505216wag)
Jun  4 07:36:31 rusty postfix/smtp[12879]: 3BED2118181: to=<scronkey@gmail.com>, relay=gmail-smtp-in.l.google.com[209.85.147.27], delay=23, status=sent (250 2.0.0 OK 1180906080 m5si4505216wag)
Jun  4 07:36:31 rusty postfix/smtp[12879]: 3BED2118181: to=<sean.js.wong@gmail.com>, relay=gmail-smtp-in.l.google.com[209.85.147.27], delay=23, status=sent (250 2.0.0 OK 1180906080 m5si4505216wag)
Jun  4 07:36:31 rusty postfix/smtp[12879]: 3BED2118181: to=<sebastian.spiess@gmail.com>, relay=gmail-smtp-in.l.google.com[209.85.147.27], delay=23, status=sent (250 2.0.0 OK 1180906080 m5si4505216wag)
Jun  4 07:36:31 rusty postfix/smtp[12879]: 3BED2118181: to=<sej061linux@gmail.com>, relay=gmail-smtp-in.l.google.com[209.85.147.27], delay=23, status=sent (250 2.0.0 OK 1180906080 m5si4505216wag)
Jun  4 07:36:31 rusty postfix/smtp[12879]: 3BED2118181: to=<shaundaws@gmail.com>, relay=gmail-smtp-in.l.google.com[209.85.147.27], delay=23, status=sent (250 2.0.0 OK 1180906080 m5si4505216wag)
Jun  4 07:36:31 rusty postfix/smtp[12879]: 3BED2118181: to=<stuart.davis@gmail.com>, relay=gmail-smtp-in.l.google.com[209.85.147.27], delay=23, status=sent (250 2.0.0 OK 1180906080 m5si4505216wag)
Jun  4 07:36:31 rusty postfix/smtp[12879]: 3BED2118181: to=<syncman0x@gmail.com>, relay=gmail-smtp-in.l.google.com[209.85.147.27], delay=23, status=sent (250 2.0.0 OK 1180906080 m5si4505216wag)
Jun  4 07:36:31 rusty postfix/smtp[12879]: 3BED2118181: to=<theninjamark@gmail.com>, relay=gmail-smtp-in.l.google.com[209.85.147.27], delay=23, status=sent (250 2.0.0 OK 1180906080 m5si4505216wag)
Jun  4 07:36:31 rusty postfix/smtp[12879]: 3BED2118181: to=<trent.murray@gmail.com>, relay=gmail-smtp-in.l.google.com[209.85.147.27], delay=23, status=sent (250 2.0.0 OK 1180906080 m5si4505216wag)
Jun  4 07:36:31 rusty postfix/smtp[12879]: 3BED2118181: to=<yux777@gmail.com>, relay=gmail-smtp-in.l.google.com[209.85.147.27], delay=23, status=sent (250 2.0.0 OK 1180906080 m5si4505216wag)
Jun  4 07:36:31 rusty postfix/smtp[12873]: 51B6511818D: to=<mic@wlug.de>, relay=mail5.altimate.de[212.112.236.130], delay=23, status=sent (250 ok 1180906076 qp 30981)
Jun  4 07:36:31 rusty postfix/cleanup[12784]: BE70E11819D: message-id=<20070603213631.BE70E11819D@rusty.slug.org.au>
Jun  4 07:36:32 rusty postfix/smtpd[12936]: connect from blue.hermes.net.au[203.220.17.74]
Jun  4 07:36:32 rusty postfix/local[12799]: BE70E11819D: to=<slug-bounces@slug.org.au>, relay=local, delay=1, status=sent (delivered to command: /var/lib/mailman/mail/mailman bounces slug)
Jun  4 07:36:32 rusty postfix/smtpd[12760]: disconnect from an-out-0708.google.com[209.85.132.241]
Jun  4 07:36:33 rusty postfix/smtp[12887]: 51B6511818D: to=<hcceng@holroyd.nsw.gov.au>, relay=cluster9.us.messagelabs.com[216.82.242.99], delay=25, status=sent (250 ok 1180906082 qp 8524 server-2.tower-131.messagelabs.com!1180906072!20917202!1)
Jun  4 07:36:33 rusty postfix/smtpd[12918]: warning: 24.242.94.129.relays.ordb.org: RBL lookup error: Host or domain name not found. Name service error for name=24.242.94.129.relays.ordb.org type=A: Host not found, try again
Jun  4 07:36:34 rusty postfix/smtpd[12919]: warning: 226.53.37.203.relays.ordb.org: RBL lookup error: Host or domain name not found. Name service error for name=226.53.37.203.relays.ordb.org type=A: Host not found, try again
Jun  4 07:36:34 rusty postfix/smtp[12825]: connect to ecemail.newcastle.edu.au[134.148.110.66]: No route to host (port 25)
Jun  4 07:36:35 rusty postfix/smtp[12825]: D1D4511817A: to=<erichs@ecemail.newcastle.edu.au>, relay=synergy.newcastle.edu.au[134.148.4.10], delay=28, status=sent (250 2.5.0 Ok.)
Jun  4 07:36:35 rusty postfix/smtp[12875]: A30C1118177: to=<kazik2002@hotmail.com>, relay=mx3.hotmail.com[65.54.244.72], delay=28, status=sent (250  <34a99ab40706031426g4ea46d97v5bcdd5edfeff89ea@mail.gmail.com> Queued mail for delivery)
Jun  4 07:36:35 rusty postfix/smtp[12875]: A30C1118177: to=<r_saul@hotmail.com>, relay=mx3.hotmail.com[65.54.244.72], delay=28, status=sent (250  <34a99ab40706031426g4ea46d97v5bcdd5edfeff89ea@mail.gmail.com> Queued mail for delivery)
Jun  4 07:36:35 rusty postfix/smtp[12875]: A30C1118177: to=<rceng@hotmail.com>, relay=mx3.hotmail.com[65.54.244.72], delay=28, status=sent (250  <34a99ab40706031426g4ea46d97v5bcdd5edfeff89ea@mail.gmail.com> Queued mail for delivery)
Jun  4 07:36:35 rusty postfix/smtpd[12917]: warning: 208.2.8.61.relays.ordb.org: RBL lookup error: Host or domain name not found. Name service error for name=208.2.8.61.relays.ordb.org type=A: Host not found, try again
Jun  4 07:36:36 rusty postfix/smtpd[12920]: warning: 39.192.208.88.relays.ordb.org: RBL lookup error: Host or domain name not found. Name service error for name=39.192.208.88.relays.ordb.org type=A: Host not found, try again
Jun  4 07:36:36 rusty postfix/smtpd[12924]: warning: 55.254.25.203.relays.ordb.org: RBL lookup error: Host or domain name not found. Name service error for name=55.254.25.203.relays.ordb.org type=A: Host not found, try again
Jun  4 07:36:37 rusty postfix/smtpd[12925]: warning: 93.155.0.202.relays.ordb.org: RBL lookup error: Host or domain name not found. Name service error for name=93.155.0.202.relays.ordb.org type=A: Host not found, try again
Jun  4 07:36:37 rusty postfix/smtpd[12923]: warning: 50.59.190.206.relays.ordb.org: RBL lookup error: Host or domain name not found. Name service error for name=50.59.190.206.relays.ordb.org type=A: Host not found, try again
Jun  4 07:36:37 rusty postfix/smtpd[12760]: connect from unknown[190.65.10.110]
Jun  4 07:36:37 rusty postfix/smtp[12806]: D1D4511817A: to=<jon@phuq.co.uk>, relay=mail.lemonia.org[88.208.192.38], delay=30, status=sent (250 OK id=1HuxcJ-0004qj-Vl)
Jun  4 07:36:37 rusty postfix/smtpd[12937]: connect from mailgatensw.fairfax.com.au[203.26.51.22]
Jun  4 07:36:38 rusty postfix/smtpd[12928]: warning: 53.172.94.203.relays.ordb.org: RBL lookup error: Host or domain name not found. Name service error for name=53.172.94.203.relays.ordb.org type=A: Host not found, try again
Jun  4 07:36:38 rusty postfix/smtp[12830]: A30C1118177: to=<kissssy@gmail.com>, relay=gmail-smtp-in.l.google.com[209.85.147.114], delay=31, status=sent (250 2.0.0 OK 1180906087 l38si7080901waf)
Jun  4 07:36:38 rusty postfix/smtp[12830]: A30C1118177: to=<kruxor@gmail.com>, relay=gmail-smtp-in.l.google.com[209.85.147.114], delay=31, status=sent (250 2.0.0 OK 1180906087 l38si7080901waf)
Jun  4 07:36:38 rusty postfix/smtp[12830]: A30C1118177: to=<ksaenz@gmail.com>, relay=gmail-smtp-in.l.google.com[209.85.147.114], delay=31, status=sent (250 2.0.0 OK 1180906087 l38si7080901waf)
Jun  4 07:36:38 rusty postfix/smtp[12830]: A30C1118177: to=<kzielinski@gmail.com>, relay=gmail-smtp-in.l.google.com[209.85.147.114], delay=31, status=sent (250 2.0.0 OK 1180906087 l38si7080901waf)
Jun  4 07:36:38 rusty postfix/smtp[12830]: A30C1118177: to=<libjim@gmail.com>, relay=gmail-smtp-in.l.google.com[209.85.147.114], delay=31, status=sent (250 2.0.0 OK 1180906087 l38si7080901waf)
Jun  4 07:36:38 rusty postfix/smtp[12830]: A30C1118177: to=<list.secure@gmail.com>, relay=gmail-smtp-in.l.google.com[209.85.147.114], delay=31, status=sent (250 2.0.0 OK 1180906087 l38si7080901waf)
Jun  4 07:36:38 rusty postfix/smtp[12830]: A30C1118177: to=<magaltavor@gmail.com>, relay=gmail-smtp-in.l.google.com[209.85.147.114], delay=31, status=sent (250 2.0.0 OK 1180906087 l38si7080901waf)
Jun  4 07:36:38 rusty postfix/smtp[12830]: A30C1118177: to=<martinvisser99@gmail.com>, relay=gmail-smtp-in.l.google.com[209.85.147.114], delay=31, status=sent (250 2.0.0 OK 1180906087 l38si7080901waf)
Jun  4 07:36:38 rusty postfix/smtp[12830]: A30C1118177: to=<matt.hope@gmail.com>, relay=gmail-smtp-in.l.google.com[209.85.147.114], delay=31, status=sent (250 2.0.0 OK 1180906087 l38si7080901waf)
Jun  4 07:36:38 rusty postfix/smtp[12830]: A30C1118177: to=<mhasnain@gmail.com>, relay=gmail-smtp-in.l.google.com[209.85.147.114], delay=31, status=sent (250 2.0.0 OK 1180906087 l38si7080901waf)
Jun  4 07:36:38 rusty postfix/smtp[12830]: A30C1118177: to=<michael.r.dawson@gmail.com>, relay=gmail-smtp-in.l.google.com[209.85.147.114], delay=31, status=sent (250 2.0.0 OK 1180906087 l38si7080901waf)
Jun  4 07:36:38 rusty postfix/smtp[12830]: A30C1118177: to=<mike.perrow@gmail.com>, relay=gmail-smtp-in.l.google.com[209.85.147.114], delay=31, status=sent (250 2.0.0 OK 1180906087 l38si7080901waf)
Jun  4 07:36:38 rusty postfix/smtp[12830]: A30C1118177: to=<myles.byrne@gmail.com>, relay=gmail-smtp-in.l.google.com[209.85.147.114], delay=31, status=sent (250 2.0.0 OK 1180906087 l38si7080901waf)
Jun  4 07:36:38 rusty postfix/smtp[12830]: A30C1118177: to=<naniid@gmail.com>, relay=gmail-smtp-in.l.google.com[209.85.147.114], delay=31, status=sent (250 2.0.0 OK 1180906087 l38si7080901waf)
Jun  4 07:36:38 rusty postfix/smtp[12830]: A30C1118177: to=<nlawren@gmail.com>, relay=gmail-smtp-in.l.google.com[209.85.147.114], delay=31, status=sent (250 2.0.0 OK 1180906087 l38si7080901waf)
Jun  4 07:36:38 rusty postfix/smtp[12830]: A30C1118177: to=<nornagon@gmail.com>, relay=gmail-smtp-in.l.google.com[209.85.147.114], delay=31, status=sent (250 2.0.0 OK 1180906087 l38si7080901waf)
Jun  4 07:36:38 rusty postfix/smtp[12830]: A30C1118177: to=<orings@gmail.com>, relay=gmail-smtp-in.l.google.com[209.85.147.114], delay=31, status=sent (250 2.0.0 OK 1180906087 l38si7080901waf)
Jun  4 07:36:38 rusty postfix/smtp[12830]: A30C1118177: to=<peter.jeffery@gmail.com>, relay=gmail-smtp-in.l.google.com[209.85.147.114], delay=31, status=sent (250 2.0.0 OK 1180906087 l38si7080901waf)
Jun  4 07:36:38 rusty postfix/smtp[12830]: A30C1118177: to=<pravi.a@gmail.com>, relay=gmail-smtp-in.l.google.com[209.85.147.114], delay=31, status=sent (250 2.0.0 OK 1180906087 l38si7080901waf)
Jun  4 07:36:38 rusty postfix/smtp[12830]: A30C1118177: to=<rafaellahm@gmail.com>, relay=gmail-smtp-in.l.google.com[209.85.147.114], delay=31, status=sent (250 2.0.0 OK 1180906087 l38si7080901waf)
Jun  4 07:36:38 rusty postfix/smtp[12830]: A30C1118177: to=<redwire@gmail.com>, relay=gmail-smtp-in.l.google.com[209.85.147.114], delay=31, status=sent (250 2.0.0 OK 1180906087 l38si7080901waf)
Jun  4 07:36:38 rusty postfix/smtp[12830]: A30C1118177: to=<richard.ibbotson@gmail.com>, relay=gmail-smtp-in.l.google.com[209.85.147.114], delay=31, status=sent (250 2.0.0 OK 1180906087 l38si7080901waf)
Jun  4 07:36:38 rusty postfix/smtp[12830]: A30C1118177: to=<robert.jennings@gmail.com>, relay=gmail-smtp-in.l.google.com[209.85.147.114], delay=31, status=sent (250 2.0.0 OK 1180906087 l38si7080901waf)
Jun  4 07:36:38 rusty postfix/smtp[12830]: A30C1118177: to=<roberto.arias@gmail.com>, relay=gmail-smtp-in.l.google.com[209.85.147.114], delay=31, status=sent (250 2.0.0 OK 1180906087 l38si7080901waf)
Jun  4 07:36:38 rusty postfix/smtp[12830]: A30C1118177: to=<rowdyrabbit@gmail.com>, relay=gmail-smtp-in.l.google.com[209.85.147.114], delay=31, status=sent (250 2.0.0 OK 1180906087 l38si7080901waf)
Jun  4 07:36:38 rusty postfix/smtp[12830]: A30C1118177: to=<sara.slug@gmail.com>, relay=gmail-smtp-in.l.google.com[209.85.147.114], delay=31, status=sent (250 2.0.0 OK 1180906087 l38si7080901waf)
Jun  4 07:36:38 rusty postfix/smtp[12830]: A30C1118177: to=<scottag67@gmail.com>, relay=gmail-smtp-in.l.google.com[209.85.147.114], delay=31, status=sent (250 2.0.0 OK 1180906087 l38si7080901waf)
Jun  4 07:36:38 rusty postfix/smtp[12830]: A30C1118177: to=<shadroth@gmail.com>, relay=gmail-smtp-in.l.google.com[209.85.147.114], delay=31, status=sent (250 2.0.0 OK 1180906087 l38si7080901waf)
Jun  4 07:36:38 rusty postfix/smtp[12830]: A30C1118177: to=<shane.stephens@gmail.com>, relay=gmail-smtp-in.l.google.com[209.85.147.114], delay=31, status=sent (250 2.0.0 OK 1180906087 l38si7080901waf)
Jun  4 07:36:38 rusty postfix/smtp[12830]: A30C1118177: to=<sharkid@gmail.com>, relay=gmail-smtp-in.l.google.com[209.85.147.114], delay=31, status=sent (250 2.0.0 OK 1180906087 l38si7080901waf)
Jun  4 07:36:38 rusty postfix/smtp[12830]: A30C1118177: to=<shehjartikoo@gmail.com>, relay=gmail-smtp-in.l.google.com[209.85.147.114], delay=31, status=sent (250 2.0.0 OK 1180906087 l38si7080901waf)
Jun  4 07:36:38 rusty postfix/smtp[12830]: A30C1118177: to=<stephen.a.lindsay@gmail.com>, relay=gmail-smtp-in.l.google.com[209.85.147.114], delay=31, status=sent (250 2.0.0 OK 1180906087 l38si7080901waf)
Jun  4 07:36:38 rusty postfix/smtp[12830]: A30C1118177: to=<steven.oreilly@gmail.com>, relay=gmail-smtp-in.l.google.com[209.85.147.114], delay=31, status=sent (250 2.0.0 OK 1180906087 l38si7080901waf)
Jun  4 07:36:38 rusty postfix/smtp[12830]: A30C1118177: to=<stuartguthrie@gmail.com>, relay=gmail-smtp-in.l.google.com[209.85.147.114], delay=31, status=sent (250 2.0.0 OK 1180906087 l38si7080901waf)
Jun  4 07:36:38 rusty postfix/smtp[12830]: A30C1118177: to=<svithlani.lists@gmail.com>, relay=gmail-smtp-in.l.google.com[209.85.147.114], delay=31, status=sent (250 2.0.0 OK 1180906087 l38si7080901waf)
Jun  4 07:36:38 rusty postfix/smtp[12830]: A30C1118177: to=<syazli7@gmail.com>, relay=gmail-smtp-in.l.google.com[209.85.147.114], delay=31, status=sent (250 2.0.0 OK 1180906087 l38si7080901waf)
Jun  4 07:36:38 rusty postfix/smtp[12830]: A30C1118177: to=<tim.leslie@gmail.com>, relay=gmail-smtp-in.l.google.com[209.85.147.114], delay=31, status=sent (250 2.0.0 OK 1180906087 l38si7080901waf)
Jun  4 07:36:38 rusty postfix/smtp[12830]: A30C1118177: to=<tuppaa@gmail.com>, relay=gmail-smtp-in.l.google.com[209.85.147.114], delay=31, status=sent (250 2.0.0 OK 1180906087 l38si7080901waf)
Jun  4 07:36:38 rusty postfix/smtp[12830]: A30C1118177: to=<vegancaffeineaddict@gmail.com>, relay=gmail-smtp-in.l.google.com[209.85.147.114], delay=31, status=sent (250 2.0.0 OK 1180906087 l38si7080901waf)
Jun  4 07:36:38 rusty postfix/smtp[12830]: A30C1118177: to=<veroicon@gmail.com>, relay=gmail-smtp-in.l.google.com[209.85.147.114], delay=31, status=sent (250 2.0.0 OK 1180906087 l38si7080901waf)
Jun  4 07:36:38 rusty postfix/smtp[12830]: A30C1118177: to=<viveka.weiley@gmail.com>, relay=gmail-smtp-in.l.google.com[209.85.147.114], delay=31, status=sent (250 2.0.0 OK 1180906087 l38si7080901waf)
Jun  4 07:36:38 rusty postfix/smtp[12830]: A30C1118177: to=<wafonso@gmail.com>, relay=gmail-smtp-in.l.google.com[209.85.147.114], delay=31, status=sent (250 2.0.0 OK 1180906087 l38si7080901waf)
Jun  4 07:36:38 rusty postfix/smtp[12830]: A30C1118177: to=<waikurosu@gmail.com>, relay=gmail-smtp-in.l.google.com[209.85.147.114], delay=31, status=sent (250 2.0.0 OK 1180906087 l38si7080901waf)
Jun  4 07:36:38 rusty postfix/smtp[12830]: A30C1118177: to=<xanthophile@gmail.com>, relay=gmail-smtp-in.l.google.com[209.85.147.114], delay=31, status=sent (250 2.0.0 OK 1180906087 l38si7080901waf)
Jun  4 07:36:38 rusty postfix/smtp[12830]: A30C1118177: to=<zhasper@gmail.com>, relay=gmail-smtp-in.l.google.com[209.85.147.114], delay=31, status=sent (250 2.0.0 OK 1180906087 l38si7080901waf)
Jun  4 07:36:38 rusty postfix/smtpd[12927]: warning: 159.237.142.68.relays.ordb.org: RBL lookup error: Host or domain name not found. Name service error for name=159.237.142.68.relays.ordb.org type=A: Host not found, try again
Jun  4 07:36:38 rusty postfix/smtp[12854]: 51B6511818D: to=<larry@itdefence.com.au>, relay=mail3.zoneedit.com[207.114.87.238], delay=30, status=sent (250 2.0.0 Ok: queued as 5C4638F9620)
Jun  4 07:36:39 rusty postfix/smtpd[12921]: warning: 2.223.176.146.relays.ordb.org: RBL lookup error: Host or domain name not found. Name service error for name=2.223.176.146.relays.ordb.org type=A: Host not found, try again
Jun  4 07:36:39 rusty postfix/smtp[12814]: connect to dummy0.junkemailfilter.com[69.50.231.3]: Connection timed out (port 25)
Jun  4 07:36:39 rusty postfix/smtp[12826]: D1D4511817A: to=<jeffreyb@futureschool.com.au>, relay=isvr.futureschool.com.au[202.172.122.196], delay=32, status=sent (250 Ok: queued as 46B9A34)
Jun  4 07:36:39 rusty postfix/smtp[12812]: connect to taz-devil.dyndns.org[60.241.248.171]: Connection timed out (port 25)
Jun  4 07:36:39 rusty postfix/smtp[12812]: 91EBA118174: to=<mary@taz-devil.dyndns.org>, relay=none, delay=32, status=deferred (connect to taz-devil.dyndns.org[60.241.248.171]: Connection timed out)
Jun  4 07:36:39 rusty postfix/smtp[12874]: connect to none.harvestroad.com.au[203.103.97.241]: Connection timed out (port 25)
Jun  4 07:36:40 rusty postfix/smtp[12867]: connect to mail.dcnut.com[220.245.26.156]: Connection timed out (port 25)
Jun  4 07:36:41 rusty postfix/smtpd[12931]: warning: 86.209.139.209.relays.ordb.org: RBL lookup error: Host or domain name not found. Name service error for name=86.209.139.209.relays.ordb.org type=A: Host not found, try again
Jun  4 07:36:41 rusty postfix/smtp[12885]: connect to smtp.tel-pacific.com[203.88.255.24]: Connection timed out (port 25)
Jun  4 07:36:41 rusty postfix/smtp[12872]: A30C1118177: to=<13z73rch3un9@gmail.com>, relay=gmail-smtp-in.l.google.com[209.85.147.114], delay=34, status=sent (250 2.0.0 OK 1180906090 n33si1719324wag)
Jun  4 07:36:41 rusty postfix/smtp[12872]: A30C1118177: to=<adamwoja@gmail.com>, relay=gmail-smtp-in.l.google.com[209.85.147.114], delay=34, status=sent (250 2.0.0 OK 1180906090 n33si1719324wag)
Jun  4 07:36:41 rusty postfix/smtp[12872]: A30C1118177: to=<ajsavige@gmail.com>, relay=gmail-smtp-in.l.google.com[209.85.147.114], delay=34, status=sent (250 2.0.0 OK 1180906090 n33si1719324wag)
Jun  4 07:36:41 rusty postfix/smtp[12872]: A30C1118177: to=<akassis@gmail.com>, relay=gmail-smtp-in.l.google.com[209.85.147.114], delay=34, status=sent (250 2.0.0 OK 1180906090 n33si1719324wag)
Jun  4 07:36:41 rusty postfix/smtp[12872]: A30C1118177: to=<alastairsteel@gmail.com>, relay=gmail-smtp-in.l.google.com[209.85.147.114], delay=34, status=sent (250 2.0.0 OK 1180906090 n33si1719324wag)
Jun  4 07:36:41 rusty postfix/smtp[12872]: A30C1118177: to=<amano.ginji@gmail.com>, relay=gmail-smtp-in.l.google.com[209.85.147.114], delay=34, status=sent (250 2.0.0 OK 1180906090 n33si1719324wag)
Jun  4 07:36:41 rusty postfix/smtp[12872]: A30C1118177: to=<amos.shapira@gmail.com>, relay=gmail-smtp-in.l.google.com[209.85.147.114], delay=34, status=sent (250 2.0.0 OK 1180906090 n33si1719324wag)
Jun  4 07:36:41 rusty postfix/smtp[12872]: A30C1118177: to=<anna.buttfield+slug@gmail.com>, relay=gmail-smtp-in.l.google.com[209.85.147.114], delay=34, status=sent (250 2.0.0 OK 1180906090 n33si1719324wag)
Jun  4 07:36:41 rusty postfix/smtp[12872]: A30C1118177: to=<annielaney@gmail.com>, relay=gmail-smtp-in.l.google.com[209.85.147.114], delay=34, status=sent (250 2.0.0 OK 1180906090 n33si1719324wag)
Jun  4 07:36:41 rusty postfix/smtp[12872]: A30C1118177: to=<anthcourtney@gmail.com>, relay=gmail-smtp-in.l.google.com[209.85.147.114], delay=34, status=sent (250 2.0.0 OK 1180906090 n33si1719324wag)
Jun  4 07:36:41 rusty postfix/smtp[12872]: A30C1118177: to=<askshakthimaan@gmail.com>, relay=gmail-smtp-in.l.google.com[209.85.147.114], delay=34, status=sent (250 2.0.0 OK 1180906090 n33si1719324wag)
Jun  4 07:36:41 rusty postfix/smtp[12872]: A30C1118177: to=<augusts@gmail.com>, relay=gmail-smtp-in.l.google.com[209.85.147.114], delay=34, status=sent (250 2.0.0 OK 1180906090 n33si1719324wag)
Jun  4 07:36:41 rusty postfix/smtp[12872]: A30C1118177: to=<beancounterz@gmail.com>, relay=gmail-smtp-in.l.google.com[209.85.147.114], delay=34, status=sent (250 2.0.0 OK 1180906090 n33si1719324wag)
Jun  4 07:36:41 rusty postfix/smtp[12872]: A30C1118177: to=<bradley.u@gmail.com>, relay=gmail-smtp-in.l.google.com[209.85.147.114], delay=34, status=sent (250 2.0.0 OK 1180906090 n33si1719324wag)
Jun  4 07:36:41 rusty postfix/smtp[12872]: A30C1118177: to=<briansydney@gmail.com>, relay=gmail-smtp-in.l.google.com[209.85.147.114], delay=34, status=sent (250 2.0.0 OK 1180906090 n33si1719324wag)
Jun  4 07:36:41 rusty postfix/smtp[12872]: A30C1118177: to=<bruce.woodward@gmail.com>, relay=gmail-smtp-in.l.google.com[209.85.147.114], delay=34, status=sent (250 2.0.0 OK 1180906090 n33si1719324wag)
Jun  4 07:36:41 rusty postfix/smtp[12872]: A30C1118177: to=<bwbadger@gmail.com>, relay=gmail-smtp-in.l.google.com[209.85.147.114], delay=34, status=sent (250 2.0.0 OK 1180906090 n33si1719324wag)
Jun  4 07:36:41 rusty postfix/smtp[12872]: A30C1118177: to=<cbarnes.afig@gmail.com>, relay=gmail-smtp-in.l.google.com[209.85.147.114], delay=34, status=sent (250 2.0.0 OK 1180906090 n33si1719324wag)
Jun  4 07:36:41 rusty postfix/smtp[12872]: A30C1118177: to=<cjsvance@gmail.com>, relay=gmail-smtp-in.l.google.com[209.85.147.114], delay=34, status=sent (250 2.0.0 OK 1180906090 n33si1719324wag)
Jun  4 07:36:41 rusty postfix/smtp[12872]: A30C1118177: to=<commmie.coder@gmail.com>, relay=gmail-smtp-in.l.google.com[209.85.147.114], delay=34, status=sent (250 2.0.0 OK 1180906090 n33si1719324wag)
Jun  4 07:36:41 rusty postfix/smtp[12872]: A30C1118177: to=<coolboarderguy@gmail.com>, relay=gmail-smtp-in.l.google.com[209.85.147.114], delay=34, status=sent (250 2.0.0 OK 1180906090 n33si1719324wag)
Jun  4 07:36:41 rusty postfix/smtp[12872]: A30C1118177: to=<dafaint@gmail.com>, relay=gmail-smtp-in.l.google.com[209.85.147.114], delay=34, status=sent (250 2.0.0 OK 1180906090 n33si1719324wag)
Jun  4 07:36:41 rusty postfix/smtp[12872]: A30C1118177: to=<dagibbs@gmail.com>, relay=gmail-smtp-in.l.google.com[209.85.147.114], delay=34, status=sent (250 2.0.0 OK 1180906090 n33si1719324wag)
Jun  4 07:36:41 rusty postfix/smtp[12872]: A30C1118177: to=<dantreacy@gmail.com>, relay=gmail-smtp-in.l.google.com[209.85.147.114], delay=34, status=sent (250 2.0.0 OK 1180906090 n33si1719324wag)
Jun  4 07:36:41 rusty postfix/smtp[12872]: A30C1118177: to=<david.helstroom@gmail.com>, relay=gmail-smtp-in.l.google.com[209.85.147.114], delay=34, status=sent (250 2.0.0 OK 1180906090 n33si1719324wag)
Jun  4 07:36:41 rusty postfix/smtp[12872]: A30C1118177: to=<davidrox@gmail.com>, relay=gmail-smtp-in.l.google.com[209.85.147.114], delay=34, status=sent (250 2.0.0 OK 1180906090 n33si1719324wag)
Jun  4 07:36:41 rusty postfix/smtp[12872]: A30C1118177: to=<diasls@gmail.com>, relay=gmail-smtp-in.l.google.com[209.85.147.114], delay=34, status=sent (250 2.0.0 OK 1180906090 n33si1719324wag)
Jun  4 07:36:41 rusty postfix/smtp[12872]: A30C1118177: to=<dimitri.koussa@gmail.com>, relay=gmail-smtp-in.l.google.com[209.85.147.114], delay=34, status=sent (250 2.0.0 OK 1180906090 n33si1719324wag)
Jun  4 07:36:41 rusty postfix/smtp[12872]: A30C1118177: to=<djmason@gmail.com>, relay=gmail-smtp-in.l.google.com[209.85.147.114], delay=34, status=sent (250 2.0.0 OK 1180906090 n33si1719324wag)
Jun  4 07:36:41 rusty postfix/smtp[12872]: A30C1118177: to=<ekatague@gmail.com>, relay=gmail-smtp-in.l.google.com[209.85.147.114], delay=34, status=sent (250 2.0.0 OK 1180906090 n33si1719324wag)
Jun  4 07:36:41 rusty postfix/smtp[12872]: A30C1118177: to=<electronics45@gmail.com>, relay=gmail-smtp-in.l.google.com[209.85.147.114], delay=34, status=sent (250 2.0.0 OK 1180906090 n33si1719324wag)
Jun  4 07:36:41 rusty postfix/smtp[12872]: A30C1118177: to=<ershad0@gmail.com>, relay=gmail-smtp-in.l.google.com[209.85.147.114], delay=34, status=sent (250 2.0.0 OK 1180906090 n33si1719324wag)
Jun  4 07:36:41 rusty postfix/smtp[12872]: A30C1118177: to=<gergnz@gmail.com>, relay=gmail-smtp-in.l.google.com[209.85.147.114], delay=34, status=sent (250 2.0.0 OK 1180906090 n33si1719324wag)
Jun  4 07:36:41 rusty postfix/smtp[12872]: A30C1118177: to=<gif612@gmail.com>, relay=gmail-smtp-in.l.google.com[209.85.147.114], delay=34, status=sent (250 2.0.0 OK 1180906090 n33si1719324wag)
Jun  4 07:36:41 rusty postfix/smtp[12872]: A30C1118177: to=<goonker@gmail.com>, relay=gmail-smtp-in.l.google.com[209.85.147.114], delay=34, status=sent (250 2.0.0 OK 1180906090 n33si1719324wag)
Jun  4 07:36:41 rusty postfix/smtp[12872]: A30C1118177: to=<gservat@gmail.com>, relay=gmail-smtp-in.l.google.com[209.85.147.114], delay=34, status=sent (250 2.0.0 OK 1180906090 n33si1719324wag)
Jun  4 07:36:41 rusty postfix/smtp[12872]: A30C1118177: to=<hal.ashburner@gmail.com>, relay=gmail-smtp-in.l.google.com[209.85.147.114], delay=34, status=sent (250 2.0.0 OK 1180906090 n33si1719324wag)
Jun  4 07:36:41 rusty postfix/smtp[12872]: A30C1118177: to=<james.w.dumay@gmail.com>, relay=gmail-smtp-in.l.google.com[209.85.147.114], delay=34, status=sent (250 2.0.0 OK 1180906090 n33si1719324wag)
Jun  4 07:36:41 rusty postfix/smtp[12872]: A30C1118177: to=<jdamorin@gmail.com>, relay=gmail-smtp-in.l.google.com[209.85.147.114], delay=34, status=sent (250 2.0.0 OK 1180906090 n33si1719324wag)
Jun  4 07:36:41 rusty postfix/smtp[12872]: A30C1118177: to=<jeffborg@gmail.com>, relay=gmail-smtp-in.l.google.com[209.85.147.114], delay=34, status=sent (250 2.0.0 OK 1180906090 n33si1719324wag)
Jun  4 07:36:41 rusty postfix/smtp[12872]: A30C1118177: to=<jeremy.visser@gmail.com>, relay=gmail-smtp-in.l.google.com[209.85.147.114], delay=34, status=sent (250 2.0.0 OK 1180906090 n33si1719324wag)
Jun  4 07:36:41 rusty postfix/smtp[12872]: A30C1118177: to=<jimbob.coffey@gmail.com>, relay=gmail-smtp-in.l.google.com[209.85.147.114], delay=34, status=sent (250 2.0.0 OK 1180906090 n33si1719324wag)
Jun  4 07:36:41 rusty postfix/smtp[12872]: A30C1118177: to=<jmaclulich@gmail.com>, relay=gmail-smtp-in.l.google.com[209.85.147.114], delay=34, status=sent (250 2.0.0 OK 1180906090 n33si1719324wag)
Jun  4 07:36:41 rusty postfix/smtp[12872]: A30C1118177: to=<jmalonzo@gmail.com>, relay=gmail-smtp-in.l.google.com[209.85.147.114], delay=34, status=sent (250 2.0.0 OK 1180906090 n33si1719324wag)
Jun  4 07:36:41 rusty postfix/smtp[12872]: A30C1118177: to=<johnhedge@gmail.com>, relay=gmail-smtp-in.l.google.com[209.85.147.114], delay=34, status=sent (250 2.0.0 OK 1180906090 n33si1719324wag)
Jun  4 07:36:41 rusty postfix/smtp[12872]: A30C1118177: to=<jonoaustin@gmail.com>, relay=gmail-smtp-in.l.google.com[209.85.147.114], delay=34, status=sent (250 2.0.0 OK 1180906090 n33si1719324wag)
Jun  4 07:36:41 rusty postfix/smtp[12872]: A30C1118177: to=<jpg667@gmail.com>, relay=gmail-smtp-in.l.google.com[209.85.147.114], delay=34, status=sent (250 2.0.0 OK 1180906090 n33si1719324wag)
Jun  4 07:36:41 rusty postfix/smtp[12872]: A30C1118177: to=<justin.randell@gmail.com>, relay=gmail-smtp-in.l.google.com[209.85.147.114], delay=34, status=sent (250 2.0.0 OK 1180906090 n33si1719324wag)
Jun  4 07:36:41 rusty postfix/smtp[12872]: A30C1118177: to=<keithrbau@gmail.com>, relay=gmail-smtp-in.l.google.com[209.85.147.114], delay=34, status=sent (250 2.0.0 OK 1180906090 n33si1719324wag)
Jun  4 07:36:41 rusty postfix/smtp[12872]: A30C1118177: to=<kev.fitzgerald@gmail.com>, relay=gmail-smtp-in.l.google.com[209.85.147.114], delay=34, status=sent (250 2.0.0 OK 1180906090 n33si1719324wag)
Jun  4 07:36:41 rusty postfix/smtp[12885]: D1D4511817A: to=<hespe@acay.com.au>, relay=smtp.tel-pacific.com[203.88.255.22], delay=34, status=sent (250 OK id=1HuxcQ-0002xb-U5)
Jun  4 07:36:41 rusty postfix/smtp[12885]: D1D4511817A: to=<nicko@acay.com.au>, relay=smtp.tel-pacific.com[203.88.255.22], delay=34, status=sent (250 OK id=1HuxcQ-0002xb-U5)
Jun  4 07:36:41 rusty postfix/smtp[12885]: D1D4511817A: to=<oscarp@acay.com.au>, relay=smtp.tel-pacific.com[203.88.255.22], delay=34, status=sent (250 OK id=1HuxcQ-0002xb-U5)
Jun  4 07:36:42 rusty postfix/smtpd[12932]: warning: 78.11.12.217.relays.ordb.org: RBL lookup error: Host or domain name not found. Name service error for name=78.11.12.217.relays.ordb.org type=A: Host not found, try again
Jun  4 07:36:42 rusty postfix/smtpd[12760]: NOQUEUE: reject: RCPT from unknown[190.65.10.110]: 554 Service unavailable; Client host [190.65.10.110] blocked using cbl.abuseat.org; Blocked - see http://cbl.abuseat.org/lookup.cgi?ip=190.65.10.110; from=<iihemphill@cliffhanger.com> to=<bbb7e6c3@slug.org.au> proto=SMTP helo=<jjhuny>
Jun  4 07:36:42 rusty postfix/smtp[12814]: 91EBA118174: to=<simon@rumble.net>, relay=mx.junkemailfilter.com[69.50.231.5], delay=35, status=sent (250 OK id=1HuxcR-0000vS-4H)
Jun  4 07:36:42 rusty postfix/smtp[12865]: A30C1118177: to=<mark44@dacafe.com>, relay=cafemail.ibsystems.com[65.19.143.82], delay=35, status=sent (250 OK id=1HuxcR-0002JZ-BK)
Jun  4 07:36:42 rusty postfix/smtpd[12760]: lost connection after RCPT from unknown[190.65.10.110]
Jun  4 07:36:42 rusty postfix/smtpd[12760]: disconnect from unknown[190.65.10.110]
Jun  4 07:36:43 rusty postfix/smtpd[12933]: warning: 22.17.29.203.relays.ordb.org: RBL lookup error: Host or domain name not found. Name service error for name=22.17.29.203.relays.ordb.org type=A: Host not found, try again
Jun  4 07:36:43 rusty postfix/smtp[12894]: 51B6511818D: to=<irma@calyx.net.au>, relay=mail.calyx.net.au[209.172.57.23], delay=35, status=sent (250 2.0.0 Ok: queued as E7A0B2C4719)
Jun  4 07:36:43 rusty postfix/smtpd[12760]: connect from cluster-e.mailcontrol.com[217.79.216.190]
Jun  4 07:36:43 rusty postfix/smtpd[12781]: warning: 82.143.19.65.opm.blitzed.org: RBL lookup error: Host or domain name not found. Name service error for name=82.143.19.65.opm.blitzed.org type=A: Host not found, try again
Jun  4 07:36:43 rusty postfix/smtpd[12781]: NOQUEUE: reject: RCPT from cafemail.ibsystems.com[65.19.143.82]: 450 <c3po.ibsystems.com-1180906060-testing@slug.org.au>: Recipient address rejected: Greylisted for 300 seconds (see http://isg.ee.ethz.ch/tools/postgrey/help/slug.org.au.html); from=<> to=<c3po.ibsystems.com-1180906060-testing@slug.org.au> proto=SMTP helo=<c3po.ibsystems.com>
Jun  4 07:36:43 rusty postfix/smtpd[12781]: disconnect from cafemail.ibsystems.com[65.19.143.82]
Jun  4 07:36:43 rusty postfix/smtpd[12936]: warning: 74.17.220.203.relays.ordb.org: RBL lookup error: Host or domain name not found. Name service error for name=74.17.220.203.relays.ordb.org type=A: Host not found, try again
Jun  4 07:36:43 rusty postfix/smtp[12869]: 51B6511818D: to=<rennie@physics.usyd.edu.au>, relay=mailhost.physics.usyd.edu.au[129.78.129.1], delay=35, status=sent (250 2.0.0 l53LRt50011673 Message accepted for delivery)
Jun  4 07:36:43 rusty postfix/smtp[12810]: D1D4511817A: to=<jobst@barrett.com.au>, relay=mail.barrett.com.au[150.101.215.42], delay=36, status=sent (250 2.0.0 l53LRhYI019537 Message accepted for delivery)
Jun  4 07:36:43 rusty postfix/smtp[12808]: connect to net.auslin.com.au[218.214.196.19]: Connection timed out (port 25)
Jun  4 07:36:44 rusty postfix/smtp[12808]: D1D4511817A: to=<mehmety@auslin.com.au>, relay=www1.auslin.com.au[218.214.196.18], delay=37, status=sent (250 Ok: queued as 3676977C0A2)
Jun  4 07:36:44 rusty postfix/smtpd[12934]: warning: 116.13.57.198.relays.ordb.org: RBL lookup error: Host or domain name not found. Name service error for name=116.13.57.198.relays.ordb.org type=A: Host not found, try again
Jun  4 07:36:44 rusty postfix/smtp[12878]: connect to mail.heimann.com.au[202.138.55.165]: Connection timed out (port 25)
Jun  4 07:36:45 rusty postfix/smtp[12878]: D1D4511817A: to=<steven@heimann.com.au>, relay=mail2.heimann.com.au[210.50.193.22], delay=38, status=sent (250 Ok: queued as 7AF7E7F7367)
Jun  4 07:36:45 rusty postfix/smtp[12807]: 3278C11817F: to=<slug@c.donm.net>, relay=c.donm.net[67.18.176.227], delay=37, status=sent (250 Ok: queued as E85B110902)
Jun  4 07:36:45 rusty postfix/cleanup[12784]: 8578A11817B: message-id=<20070603213645.8578A11817B@rusty.slug.org.au>
Jun  4 07:36:45 rusty postfix/local[12785]: 8578A11817B: to=<slug-bounces@slug.org.au>, relay=local, delay=0, status=sent (delivered to command: /var/lib/mailman/mail/mailman bounces slug)
Jun  4 07:36:47 rusty postfix/smtp[12886]: A30C1118177: to=<slug@morganstorey.com>, relay=mail.morganstorey.com[124.243.176.198], delay=40, status=sent (250 Queued (0.047 seconds))
Jun  4 07:36:47 rusty postfix/smtp[12824]: D1D4511817A: to=<dilku@netline.net.au>, relay=whale.netline.net.au[203.28.52.8], delay=40, status=sent (250 Ok: queued as C281A4F106)
Jun  4 07:36:47 rusty postfix/smtp[12819]: D1D4511817A: to=<trent.renshaw@penguinhost.com.au>, relay=mail.penguinhost.com.au[59.167.247.28], delay=40, status=sent (250 2.0.0 l53LRtkC027244 Message accepted for delivery)
Jun  4 07:36:49 rusty postfix/smtpd[12930]: warning: 249.232.177.198.relays.ordb.org: RBL lookup error: Host or domain name not found. Name service error for name=249.232.177.198.relays.ordb.org type=A: Host not found, try again
Jun  4 07:36:49 rusty postfix/smtpd[12937]: warning: 22.51.26.203.relays.ordb.org: RBL lookup error: Host or domain name not found. Name service error for name=22.51.26.203.relays.ordb.org type=A: Host not found, try again
Jun  4 07:36:49 rusty postfix/smtpd[12782]: warning: 28.155.7.203.opm.blitzed.org: RBL lookup error: Host or domain name not found. Name service error for name=28.155.7.203.opm.blitzed.org type=A: Host not found, try again
Jun  4 07:36:49 rusty postfix/smtpd[12782]: 62CB611817B: client=vanilla.cyber.com.au[203.7.155.28]
Jun  4 07:36:49 rusty postfix/smtpd[12755]: warning: 78.246.54.65.opm.blitzed.org: RBL lookup error: Host or domain name not found. Name service error for name=78.246.54.65.opm.blitzed.org type=A: Host not found, try again
Jun  4 07:36:49 rusty postfix/smtpd[12755]: 699A511817F: client=bay0-omc1-s6.bay0.hotmail.com[65.54.246.78]
Jun  4 07:36:49 rusty postfix/smtpd[12909]: warning: 2.104.16.204.opm.blitzed.org: RBL lookup error: Host or domain name not found. Name service error for name=2.104.16.204.opm.blitzed.org type=A: Host not found, try again
Jun  4 07:36:49 rusty postfix/cleanup[12784]: 62CB611817B: message-id=<20070603212744.ECB6E57BAE5@vanilla.cyber.com.au>
Jun  4 07:36:49 rusty postfix/smtpd[12909]: 8E41B118181: client=s006.sjc.collab.net[204.16.104.2]
Jun  4 07:36:49 rusty postfix/smtpd[12914]: warning: 230.181.206.203.opm.blitzed.org: RBL lookup error: Host or domain name not found. Name service error for name=230.181.206.203.opm.blitzed.org type=A: Host not found, try again
Jun  4 07:36:49 rusty postfix/smtpd[12914]: 95B59118195: client=203-206-181-230.perm.iinet.net.au[203.206.181.230]
Jun  4 07:36:49 rusty postfix/smtpd[12782]: disconnect from vanilla.cyber.com.au[203.7.155.28]
Jun  4 07:36:49 rusty postfix/cleanup[12944]: 95B59118195: message-id=<20070603213649.95B59118195@rusty.slug.org.au>
Jun  4 07:36:49 rusty postfix/cleanup[12942]: 699A511817F: message-id=<mHYIThRKk0002cbbd@bay0-mc6-f14.bay0.hotmail.com>
Jun  4 07:36:49 rusty postfix/smtpd[12914]: disconnect from 203-206-181-230.perm.iinet.net.au[203.206.181.230]
Jun  4 07:36:49 rusty postfix/local[12799]: 62CB611817B: to=<slug-bounces@slug.org.au>, relay=local, delay=34, status=sent (delivered to command: /var/lib/mailman/mail/mailman bounces slug)
Jun  4 07:36:49 rusty postfix/local[12785]: 95B59118195: to=<slug-bounces@slug.org.au>, relay=local, delay=32, status=sent (delivered to command: /var/lib/mailman/mail/mailman bounces slug)
Jun  4 07:36:49 rusty postfix/smtpd[12783]: warning: 29.144.12.202.opm.blitzed.org: RBL lookup error: Host or domain name not found. Name service error for name=29.144.12.202.opm.blitzed.org type=A: Host not found, try again
Jun  4 07:36:49 rusty postfix/cleanup[12943]: 8E41B118181: message-id=<20070603213649.8E41B118181@rusty.slug.org.au>
Jun  4 07:36:49 rusty postfix/smtpd[12783]: DAABE11817B: client=mailipbo.vtcif.telstra.com.au[202.12.144.29]
Jun  4 07:36:49 rusty postfix/cleanup[12784]: DAABE11817B: message-id=<thzDmlzTh0003d103@wsmsg2951.srv.dir.telstra.com>
Jun  4 07:36:50 rusty postfix/smtpd[12909]: disconnect from s006.sjc.collab.net[204.16.104.2]
Jun  4 07:36:50 rusty postfix/local[12785]: DAABE11817B: to=<slug-bounces@slug.org.au>, relay=local, delay=37, status=sent (delivered to command: /var/lib/mailman/mail/mailman bounces slug)
Jun  4 07:36:50 rusty postfix/local[12799]: 8E41B118181: to=<slug-bounces@slug.org.au>, relay=local, delay=33, status=sent (delivered to command: /var/lib/mailman/mail/mailman bounces slug)
Jun  4 07:36:50 rusty postfix/smtpd[12912]: warning: 60.189.202.64.opm.blitzed.org: RBL lookup error: Host or domain name not found. Name service error for name=60.189.202.64.opm.blitzed.org type=A: Host not found, try again
Jun  4 07:36:50 rusty postfix/smtpd[12912]: B0E5911817B: client=smtp23-01.prod.mesa1.secureserver.net[64.202.189.60]
Jun  4 07:36:51 rusty postfix/smtpd[12915]: warning: 230.2.8.61.opm.blitzed.org: RBL lookup error: Host or domain name not found. Name service error for name=230.2.8.61.opm.blitzed.org type=A: Host not found, try again
Jun  4 07:36:51 rusty postfix/smtpd[12915]: 20D4C118181: client=mailout2-7.pacific.net.au[61.8.2.230]
Jun  4 07:36:51 rusty postfix/cleanup[12943]: 20D4C118181: message-id=<dovecot-1180906068-517930-0@mailstore.pacific.net.au>
Jun  4 07:36:51 rusty postfix/smtpd[12915]: disconnect from mailout2-7.pacific.net.au[61.8.2.230]
Jun  4 07:36:51 rusty postfix/cleanup[12944]: B0E5911817B: message-id=<20070603212745.22833.qmail@smtp23-01.prod.mesa1.secureserver.net>
Jun  4 07:36:51 rusty postfix/local[12785]: 20D4C118181: to=<slug-bounces@slug.org.au>, relay=local, delay=32, status=sent (delivered to command: /var/lib/mailman/mail/mailman bounces slug)
Jun  4 07:36:51 rusty postfix/local[12799]: B0E5911817B: to=<slug-bounces@slug.org.au>, relay=local, delay=33, status=sent (delivered to command: /var/lib/mailman/mail/mailman bounces slug)
Jun  4 07:36:51 rusty postfix/smtpd[12912]: disconnect from smtp23-01.prod.mesa1.secureserver.net[64.202.189.60]
Jun  4 07:36:51 rusty postfix/smtpd[12916]: warning: 108.1.59.203.opm.blitzed.org: RBL lookup error: Host or domain name not found. Name service error for name=108.1.59.203.opm.blitzed.org type=A: Host not found, try again
Jun  4 07:36:51 rusty postfix/smtpd[12916]: 6C87011817B: client=webmail.icp-qv1-irony3.iinet.net.au[203.59.1.108]
Jun  4 07:36:51 rusty postfix/smtpd[12913]: warning: 204.108.58.203.opm.blitzed.org: RBL lookup error: Host or domain name not found. Name service error for name=204.108.58.203.opm.blitzed.org type=A: Host not found, try again
Jun  4 07:36:51 rusty postfix/smtpd[12913]: 8030F118181: client=unknown[203.58.108.204]
Jun  4 07:36:51 rusty postfix/cleanup[12784]: 6C87011817B: message-id=<5qghl4$137tf3s@mail-ihug.icp-qv1-irony3.iinet.net.au>
Jun  4 07:36:51 rusty postfix/cleanup[12943]: 8030F118181: message-id=<YbqJ8aHX6000000fc@glsydmail1.gl-asia.com.au>
Jun  4 07:36:51 rusty postfix/smtp[12836]: D1D4511817A: to=<scott@roadtech.com.au>, relay=mail.roadtech.com.au[150.101.192.114], delay=44, status=sent (250 2.6.0 Ok, id=01545-04, from MTA: 250 Ok: queued as BACE2823)
Jun  4 07:36:51 rusty postfix/smtpd[12913]: disconnect from unknown[203.58.108.204]
Jun  4 07:36:51 rusty postfix/local[12785]: 699A511817F: to=<slug-bounces@slug.org.au>, relay=local, delay=36, status=sent (delivered to command: /var/lib/mailman/mail/mailman bounces slug)
Jun  4 07:36:51 rusty postfix/smtpd[12755]: disconnect from bay0-omc1-s6.bay0.hotmail.com[65.54.246.78]
Jun  4 07:36:51 rusty postfix/smtpd[12907]: warning: 47.59.190.206.opm.blitzed.org: RBL lookup error: Host or domain name not found. Name service error for name=47.59.190.206.opm.blitzed.org type=A: Host not found, try again
Jun  4 07:36:51 rusty postfix/smtpd[12907]: C481111817F: client=mta231.mail.re4.yahoo.com[206.190.59.47]
Jun  4 07:36:51 rusty postfix/local[12799]: 6C87011817B: to=<slug-bounces@slug.org.au>, relay=local, delay=31, status=sent (delivered to command: /var/lib/mailman/mail/mailman bounces slug)
Jun  4 07:36:51 rusty postfix/local[12953]: 8030F118181: to=<slug-bounces@slug.org.au>, relay=local, delay=33, status=sent (delivered to command: /var/lib/mailman/mail/mailman bounces slug)
Jun  4 07:36:52 rusty postfix/cleanup[12944]: C481111817F: message-id=<20070603213651.C481111817F@rusty.slug.org.au>
Jun  4 07:36:52 rusty postfix/local[12785]: C481111817F: to=<slug-bounces@slug.org.au>, relay=local, delay=34, status=sent (delivered to command: /var/lib/mailman/mail/mailman bounces slug)
Jun  4 07:36:52 rusty postfix/smtpd[12907]: disconnect from mta231.mail.re4.yahoo.com[206.190.59.47]
Jun  4 07:36:53 rusty postfix/smtpd[12918]: warning: 24.242.94.129.opm.blitzed.org: RBL lookup error: Host or domain name not found. Name service error for name=24.242.94.129.opm.blitzed.org type=A: Host not found, try again
Jun  4 07:36:53 rusty postfix/smtpd[12918]: C46E611817B: client=note.orchestra.cse.unsw.EDU.AU[129.94.242.24]
Jun  4 07:36:53 rusty postfix/cleanup[12942]: C46E611817B: message-id=<1070603212750.757@cse.unsw.edu.au>
Jun  4 07:36:53 rusty postfix/smtpd[12918]: disconnect from note.orchestra.cse.unsw.EDU.AU[129.94.242.24]
Jun  4 07:36:53 rusty postfix/local[12799]: C46E611817B: to=<slug-bounces@slug.org.au>, relay=local, delay=31, status=sent (delivered to command: /var/lib/mailman/mail/mailman bounces slug)
Jun  4 07:36:54 rusty postfix/smtpd[12919]: warning: 226.53.37.203.opm.blitzed.org: RBL lookup error: Host or domain name not found. Name service error for name=226.53.37.203.opm.blitzed.org type=A: Host not found, try again
Jun  4 07:36:54 rusty postfix/smtpd[12919]: A993011817B: client=unknown[203.37.53.226]
Jun  4 07:36:54 rusty postfix/cleanup[12943]: A993011817B: message-id=<20070603212749.7FE2A9C017@tokyo.huoncc.com.au>
Jun  4 07:36:55 rusty postfix/smtpd[12919]: disconnect from unknown[203.37.53.226]
Jun  4 07:36:55 rusty postfix/smtpd[12783]: disconnect from mailipbo.vtcif.telstra.com.au[202.12.144.29]
Jun  4 07:36:55 rusty postfix/local[12953]: A993011817B: to=<slug-bounces@slug.org.au>, relay=local, delay=32, status=sent (delivered to command: /var/lib/mailman/mail/mailman bounces slug)
Jun  4 07:36:55 rusty postfix/smtpd[12760]: warning: 190.216.79.217.relays.ordb.org: RBL lookup error: Host or domain name not found. Name service error for name=190.216.79.217.relays.ordb.org type=A: Host not found, try again
Jun  4 07:36:55 rusty postfix/smtpd[12917]: warning: 208.2.8.61.opm.blitzed.org: RBL lookup error: Host or domain name not found. Name service error for name=208.2.8.61.opm.blitzed.org type=A: Host not found, try again
Jun  4 07:36:55 rusty postfix/smtpd[12917]: C953F11817B: client=mailout1-1.pacific.net.au[61.8.2.208]
Jun  4 07:36:55 rusty postfix/cleanup[12784]: C953F11817B: message-id=<dovecot-1180906069-570355-0@mailstore.pacific.net.au>
Jun  4 07:36:55 rusty postfix/smtpd[12917]: disconnect from mailout1-1.pacific.net.au[61.8.2.208]
Jun  4 07:36:56 rusty postfix/smtp[12804]: D1D4511817A: to=<his-lists@bandythomson.id.au>, relay=rubber.bandythomson.id.au[64.22.88.155], delay=49, status=sent (250 2.0.0 Ok: queued as 9E50CA49EB)
Jun  4 07:36:56 rusty postfix/local[12785]: C953F11817B: to=<slug-bounces@slug.org.au>, relay=local, delay=32, status=sent (delivered to command: /var/lib/mailman/mail/mailman bounces slug)
Jun  4 07:36:56 rusty postfix/smtpd[12920]: warning: 39.192.208.88.opm.blitzed.org: RBL lookup error: Host or domain name not found. Name service error for name=39.192.208.88.opm.blitzed.org type=A: Host not found, try again
Jun  4 07:36:56 rusty postfix/smtpd[12920]: 3BB7911817B: client=svc1.zomo.co.uk[88.208.192.39]
Jun  4 07:36:56 rusty postfix/smtpd[12920]: lost connection after RCPT from svc1.zomo.co.uk[88.208.192.39]
Jun  4 07:36:56 rusty postfix/smtpd[12920]: disconnect from svc1.zomo.co.uk[88.208.192.39]
Jun  4 07:36:56 rusty postfix/smtpd[12924]: warning: 55.254.25.203.opm.blitzed.org: RBL lookup error: Host or domain name not found. Name service error for name=55.254.25.203.opm.blitzed.org type=A: Host not found, try again
Jun  4 07:36:56 rusty postfix/smtpd[12924]: 4F3B811817B: client=asgmail.asggroup.com.au[203.25.254.55]
Jun  4 07:36:56 rusty postfix/cleanup[12942]: 4F3B811817B: message-id=<JbpehcelZ0000f6d1@asgmail.asggroup.com.au>
Jun  4 07:36:56 rusty postfix/smtpd[12924]: disconnect from asgmail.asggroup.com.au[203.25.254.55]
Jun  4 07:36:56 rusty postfix/local[12953]: 4F3B811817B: to=<slug-bounces@slug.org.au>, relay=local, delay=32, status=sent (delivered to command: /var/lib/mailman/mail/mailman bounces slug)
Jun  4 07:36:56 rusty postfix/smtpd[12916]: disconnect from webmail.icp-qv1-irony3.iinet.net.au[203.59.1.108]
Jun  4 07:36:57 rusty postfix/smtpd[12925]: warning: 93.155.0.202.opm.blitzed.org: RBL lookup error: Host or domain name not found. Name service error for name=93.155.0.202.opm.blitzed.org type=A: Host not found, try again
Jun  4 07:36:57 rusty postfix/smtpd[12925]: 0FC4211817B: client=customer-mail01.day3.com.au[202.0.155.93]
Jun  4 07:36:57 rusty postfix/smtpd[12923]: warning: 50.59.190.206.opm.blitzed.org: RBL lookup error: Host or domain name not found. Name service error for name=50.59.190.206.opm.blitzed.org type=A: Host not found, try again
Jun  4 07:36:57 rusty postfix/smtpd[12923]: 20D5411817F: client=mta234.mail.re4.yahoo.com[206.190.59.50]
Jun  4 07:36:57 rusty postfix/cleanup[12943]: 0FC4211817B: message-id=<20070603213657.0FC4211817B@rusty.slug.org.au>
Jun  4 07:36:57 rusty postfix/cleanup[12784]: 20D5411817F: message-id=<20070603213657.20D5411817F@rusty.slug.org.au>
Jun  4 07:36:57 rusty postfix/local[12799]: 20D5411817F: to=<slug-bounces@slug.org.au>, relay=local, delay=32, status=sent (delivered to command: /var/lib/mailman/mail/mailman bounces slug)
Jun  4 07:36:58 rusty postfix/smtpd[12923]: disconnect from mta234.mail.re4.yahoo.com[206.190.59.50]
Jun  4 07:36:58 rusty postfix/smtp[12792]: 51B6511818D: to=<mike@werk01.de>, relay=www.werk01.de[80.190.240.18], delay=50, status=sent (250 Ok: queued as 019761A3367)
Jun  4 07:36:58 rusty postfix/smtpd[12928]: warning: 53.172.94.203.opm.blitzed.org: RBL lookup error: Host or domain name not found. Name service error for name=53.172.94.203.opm.blitzed.org type=A: Host not found, try again
Jun  4 07:36:58 rusty postfix/smtpd[12928]: 2B5E211817F: client=mail.al.com.au[203.94.172.53]
Jun  4 07:36:58 rusty postfix/smtpd[12928]: disconnect from mail.al.com.au[203.94.172.53]
Jun  4 07:36:58 rusty postfix/smtp[12800]: D1D4511817A: to=<malikj@al.com.au>, relay=mail.al.com.au[203.94.172.53], delay=51, status=sent (250 13934081 message accepted for delivery)
Jun  4 07:36:58 rusty postfix/smtpd[12927]: warning: 159.237.142.68.opm.blitzed.org: RBL lookup error: Host or domain name not found. Name service error for name=159.237.142.68.opm.blitzed.org type=A: Host not found, try again
Jun  4 07:36:58 rusty postfix/smtpd[12927]: 5B6B211817F: client=mta232.mail.re3.yahoo.com[68.142.237.159]
Jun  4 07:36:59 rusty postfix/smtpd[12921]: warning: 2.223.176.146.opm.blitzed.org: RBL lookup error: Host or domain name not found. Name service error for name=2.223.176.146.opm.blitzed.org type=A: Host not found, try again
Jun  4 07:36:59 rusty postfix/smtpd[12921]: 12352118181: client=mer-w2003-7.napier-mail.napier.ac.uk[146.176.223.2]
Jun  4 07:36:59 rusty postfix/cleanup[12942]: 12352118181: message-id=<JpXYGawtz00016537@EVS1.napier-mail.napier.ac.uk>
Jun  4 07:36:59 rusty postfix/smtp[12876]: 51B6511818D: to=<johns@erc.org.au>, relay=mail.erc.org.au[59.167.245.170], delay=51, status=sent (250 Ok. 46633264.00003204)
Jun  4 07:37:00 rusty postfix/cleanup[12784]: 5B6B211817F: message-id=<20070603213658.5B6B211817F@rusty.slug.org.au>
Jun  4 07:37:00 rusty postfix/local[12785]: 12352118181: to=<slug-bounces@slug.org.au>, relay=local, delay=35, status=sent (delivered to command: /var/lib/mailman/mail/mailman bounces slug)
Jun  4 07:37:00 rusty postfix/local[12953]: 5B6B211817F: to=<slug-bounces@slug.org.au>, relay=local, delay=34, status=sent (delivered to command: /var/lib/mailman/mail/mailman bounces slug)
Jun  4 07:37:00 rusty postfix/smtpd[12921]: disconnect from mer-w2003-7.napier-mail.napier.ac.uk[146.176.223.2]
Jun  4 07:37:00 rusty postfix/smtpd[12781]: warning: 77.194.198.203: hostname 203.198.194-77.rev.gaoland.net verification failed: Name or service not known
Jun  4 07:37:00 rusty postfix/smtpd[12781]: connect from unknown[77.194.198.203]
Jun  4 07:37:00 rusty postfix/smtpd[12781]: lost connection after CONNECT from unknown[77.194.198.203]
Jun  4 07:37:00 rusty postfix/smtpd[12781]: disconnect from unknown[77.194.198.203]
Jun  4 07:37:01 rusty postfix/smtpd[12931]: warning: 86.209.139.209.opm.blitzed.org: RBL lookup error: Host or domain name not found. Name service error for name=86.209.139.209.opm.blitzed.org type=A: Host not found, try again
Jun  4 07:37:01 rusty postfix/smtpd[12931]: 2F82611817F: client=pmx01.bluenetgroup.com[209.139.209.86]
Jun  4 07:37:01 rusty postfix/smtpd[12927]: disconnect from mta232.mail.re3.yahoo.com[68.142.237.159]
Jun  4 07:37:01 rusty postfix/cleanup[12944]: 2F82611817F: message-id=<200706032127.l53LRior025331@pmx01.bluenetgroup.com>
Jun  4 07:37:01 rusty postfix/local[12799]: 2F82611817F: to=<slug-bounces@slug.org.au>, relay=local, delay=32, status=sent (delivered to command: /var/lib/mailman/mail/mailman bounces slug)
Jun  4 07:37:02 rusty postfix/smtpd[12932]: warning: 78.11.12.217.opm.blitzed.org: RBL lookup error: Host or domain name not found. Name service error for name=78.11.12.217.opm.blitzed.org type=A: Host not found, try again
Jun  4 07:37:02 rusty postfix/smtpd[12932]: 0D4EC11817F: client=mta129.mail.ukl.yahoo.com[217.12.11.78]
Jun  4 07:37:02 rusty postfix/smtpd[12931]: disconnect from pmx01.bluenetgroup.com[209.139.209.86]
Jun  4 07:37:02 rusty postfix/smtp[12870]: 51B6511818D: to=<david@hayday.biz>, relay=mail.hayday.biz[220.233.81.223], delay=54, status=sent (250 Ok: queued as 7C47F3301D9)
Jun  4 07:37:02 rusty postfix/cleanup[12942]: 0D4EC11817F: message-id=<20070603213702.0D4EC11817F@rusty.slug.org.au>
Jun  4 07:37:03 rusty postfix/smtpd[12933]: warning: 22.17.29.203.opm.blitzed.org: RBL lookup error: Host or domain name not found. Name service error for name=22.17.29.203.opm.blitzed.org type=A: Host not found, try again
Jun  4 07:37:03 rusty postfix/smtpd[12933]: 2D136118181: client=mail2.virtual.net.au[203.29.17.22]
Jun  4 07:37:03 rusty postfix/smtpd[12933]: disconnect from mail2.virtual.net.au[203.29.17.22]
Jun  4 07:37:03 rusty postfix/smtpd[12936]: warning: 74.17.220.203.opm.blitzed.org: RBL lookup error: Host or domain name not found. Name service error for name=74.17.220.203.opm.blitzed.org type=A: Host not found, try again
Jun  4 07:37:03 rusty postfix/smtpd[12936]: BF9A0118181: client=blue.hermes.net.au[203.220.17.74]
Jun  4 07:37:03 rusty postfix/smtpd[12936]: disconnect from blue.hermes.net.au[203.220.17.74]
Jun  4 07:37:04 rusty postfix/local[12785]: 0D4EC11817F: to=<slug-bounces@slug.org.au>, relay=local, delay=34, status=sent (delivered to command: /var/lib/mailman/mail/mailman bounces slug)
Jun  4 07:37:04 rusty postfix/smtpd[12934]: warning: 116.13.57.198.opm.blitzed.org: RBL lookup error: Host or domain name not found. Name service error for name=116.13.57.198.opm.blitzed.org type=A: Host not found, try again
Jun  4 07:37:04 rusty postfix/smtpd[12934]: 67A9F11817F: client=uscitsn16-o.hbfuller.com[198.57.13.116]
Jun  4 07:37:04 rusty postfix/smtpd[12932]: disconnect from mta129.mail.ukl.yahoo.com[217.12.11.78]
Jun  4 07:37:04 rusty postfix/cleanup[12944]: 67A9F11817F: message-id=<20070603213704.67A9F11817F@rusty.slug.org.au>
Jun  4 07:37:04 rusty postfix/local[12953]: 67A9F11817F: to=<slug-bounces@slug.org.au>, relay=local, delay=32, status=sent (delivered to command: /var/lib/mailman/mail/mailman bounces slug)
Jun  4 07:37:06 rusty postfix/smtpd[12925]: disconnect from customer-mail01.day3.com.au[202.0.155.93]
Jun  4 07:37:06 rusty postfix/local[12799]: 0FC4211817B: to=<slug-bounces@slug.org.au>, relay=local, delay=41, status=sent (delivered to command: /var/lib/mailman/mail/mailman bounces slug)
Jun  4 07:37:07 rusty postfix/smtp[12855]: 51B6511818D: to=<jacek@hermes.net.au>, relay=blue.hermes.net.au[203.220.17.74], delay=59, status=sent (250 2.0.0 l53LRp4f006641 Message accepted for delivery)
Jun  4 07:37:07 rusty postfix/cleanup[12784]: 5AFE311817B: message-id=<20070603213707.5AFE311817B@rusty.slug.org.au>
Jun  4 07:37:07 rusty postfix/local[12785]: 5AFE311817B: to=<slug-bounces@slug.org.au>, relay=local, delay=0, status=sent (delivered to command: /var/lib/mailman/mail/mailman bounces slug)
Jun  4 07:37:08 rusty postfix/smtp[12793]: D1D4511817A: to=<robert@thorsby.com.au>, relay=green.hot.net.au[202.183.109.12], delay=61, status=sent (250 2.0.0 l53LRwhg058680 Message accepted for delivery)
Jun  4 07:37:09 rusty postfix/smtpd[12930]: warning: 249.232.177.198.opm.blitzed.org: RBL lookup error: Host or domain name not found. Name service error for name=249.232.177.198.opm.blitzed.org type=A: Host not found, try again
Jun  4 07:37:09 rusty postfix/smtpd[12930]: 2D15A11817B: client=mail2.avocent.com[198.177.232.249]
Jun  4 07:37:09 rusty postfix/smtpd[12937]: warning: 22.51.26.203.opm.blitzed.org: RBL lookup error: Host or domain name not found. Name service error for name=22.51.26.203.opm.blitzed.org type=A: Host not found, try again
Jun  4 07:37:09 rusty postfix/smtpd[12937]: 2F86611817F: client=mailgatensw.fairfax.com.au[203.26.51.22]
Jun  4 07:37:09 rusty postfix/cleanup[12944]: 2F86611817F: message-id=<E148D96F2E3CD311BFF400508B443ED804E9C7A5@fpmail.fp.fairfax.com.au>
Jun  4 07:37:09 rusty postfix/smtpd[12937]: disconnect from mailgatensw.fairfax.com.au[203.26.51.22]
Jun  4 07:37:09 rusty postfix/local[12953]: 2F86611817F: to=<slug-bounces@slug.org.au>, relay=local, delay=32, status=sent (delivered to command: /var/lib/mailman/mail/mailman bounces slug)
Jun  4 07:37:09 rusty postfix/cleanup[12942]: 2D15A11817B: message-id=<FRaqbC8wS00060bd7@mail.avocent.com>
Jun  4 07:37:10 rusty postfix/smtp[12867]: connect to postoffice.telstra.net[203.50.2.186]: Connection timed out (port 25)
Jun  4 07:37:10 rusty postfix/local[12799]: 2D15A11817B: to=<slug-bounces@slug.org.au>, relay=local, delay=33, status=sent (delivered to command: /var/lib/mailman/mail/mailman bounces slug)
Jun  4 07:37:10 rusty postfix/smtpd[12930]: disconnect from mail2.avocent.com[198.177.232.249]
Jun  4 07:37:10 rusty postfix/smtpd[12782]: connect from mail.al.com.au[203.94.172.53]
Jun  4 07:37:10 rusty postfix/smtpd[12934]: disconnect from uscitsn16-o.hbfuller.com[198.57.13.116]
Jun  4 07:37:11 rusty postfix/smtp[12893]: D1D4511817A: to=<john@tenton.com.au>, relay=tenton.com.au[202.60.77.162], delay=64, status=sent (250 OK id=1Huxct-0008Ay-7q)
Jun  4 07:37:12 rusty postfix/smtpd[12930]: connect from p12308-adslbkksp4.C.csloxinfo.net[58.136.48.116]
Jun  4 07:37:13 rusty postfix/smtp[12818]: D1D4511817A: to=<rradbone@virtual.net.au>, relay=mx1.virtual.net.au[203.29.19.50], delay=66, status=sent (250 message sent ok)
Jun  4 07:37:15 rusty postfix/smtpd[12760]: warning: 190.216.79.217.opm.blitzed.org: RBL lookup error: Host or domain name not found. Name service error for name=190.216.79.217.opm.blitzed.org type=A: Host not found, try again
Jun  4 07:37:15 rusty postfix/smtpd[12760]: C467411817B: client=cluster-e.mailcontrol.com[217.79.216.190]
Jun  4 07:37:16 rusty postfix/cleanup[12943]: C467411817B: message-id=<vq1z5uZOg00015287@smtp0.logicacmg.com>
Jun  4 07:37:16 rusty postfix/local[12785]: C467411817B: to=<slug-bounces@slug.org.au>, relay=local, delay=32, status=sent (delivered to command: /var/lib/mailman/mail/mailman bounces slug)
Jun  4 07:37:17 rusty postfix/smtpd[12760]: disconnect from cluster-e.mailcontrol.com[217.79.216.190]
Jun  4 07:37:20 rusty postfix/smtpd[12782]: warning: 53.172.94.203.relays.ordb.org: RBL lookup error: Host or domain name not found. Name service error for name=53.172.94.203.relays.ordb.org type=A: Host not found, try again
Jun  4 07:37:30 rusty postfix/smtpd[12914]: connect from host-65-124-89-106.entouch.net[65.124.89.106]
Jun  4 07:37:32 rusty postfix/smtpd[12914]: NOQUEUE: reject: RCPT from host-65-124-89-106.entouch.net[65.124.89.106]: 554 Service unavailable; Client host [65.124.89.106] blocked using cbl.abuseat.org; Blocked - see http://cbl.abuseat.org/lookup.cgi?ip=65.124.89.106; from=<Adrianaforlornreuben@entouch.net> to=<scandinaviansabdomens@slug.org.au> proto=ESMTP helo=<entouch.net>
Jun  4 07:37:33 rusty postfix/smtpd[12914]: disconnect from host-65-124-89-106.entouch.net[65.124.89.106]
Jun  4 07:37:37 rusty postfix/smtp[12821]: D1D4511817A: to=<lloy0076@adam.com.au>, relay=chinook.mail.adnap.net.au[203.6.132.82], delay=90, status=sent (250 OK id=1HuxdG-000ISF-2w)
Jun  4 07:37:40 rusty postfix/smtp[12867]: connect to postoffice.telstra.net[203.50.40.137]: Connection timed out (port 25)
Jun  4 07:37:40 rusty postfix/smtp[12867]: A30C1118177: to=<rene@dcnut.com>, relay=none, delay=93, status=deferred (connect to postoffice.telstra.net[203.50.40.137]: Connection timed out)
Jun  4 07:37:41 rusty postfix/smtpd[12782]: warning: 53.172.94.203.opm.blitzed.org: RBL lookup error: Host or domain name not found. Name service error for name=53.172.94.203.opm.blitzed.org type=A: Host not found, try again
Jun  4 07:37:41 rusty postfix/smtpd[12782]: 0862C11817B: client=mail.al.com.au[203.94.172.53]
Jun  4 07:37:41 rusty postfix/cleanup[12784]: 0862C11817B: message-id=<receipt-13934085@al.com.au>
Jun  4 07:37:41 rusty postfix/smtpd[12782]: disconnect from mail.al.com.au[203.94.172.53]
Jun  4 07:37:41 rusty postfix/local[12953]: 0862C11817B: to=<slug-bounces@slug.org.au>, relay=local, delay=31, status=sent (delivered to command: /var/lib/mailman/mail/mailman bounces slug)
Jun  4 07:37:45 rusty postfix/smtpd[12909]: connect from mta291.mail.mud.yahoo.com[209.191.88.44]
Jun  4 07:37:55 rusty postfix/smtpd[12912]: connect from 82-47-58-37.cable.ubr02.sand.blueyonder.co.uk[82.47.58.37]
Jun  4 07:37:57 rusty postfix/smtpd[12909]: warning: 44.88.191.209.relays.ordb.org: RBL lookup error: Host or domain name not found. Name service error for name=44.88.191.209.relays.ordb.org type=A: Host not found, try again
Jun  4 07:38:00 rusty postfix/smtpd[12912]: NOQUEUE: reject: RCPT from 82-47-58-37.cable.ubr02.sand.blueyonder.co.uk[82.47.58.37]: 554 Service unavailable; Client host [82.47.58.37] blocked using ix.dnsbl.manitu.net; Comment:   IP address blocked, see http://ix.dnsbl.manitu.net/lookup.php?ipaddress=82.47.58.37, latest spam received via relay.heise.de at 2007-06-03T23:21+0200; from=<var-funds.com@localwellness.com> to=<2bcraige@slug.org.au> proto=SMTP helo=<localhost>
Jun  4 07:38:01 rusty postfix/smtpd[12912]: lost connection after RCPT from 82-47-58-37.cable.ubr02.sand.blueyonder.co.uk[82.47.58.37]
Jun  4 07:38:01 rusty postfix/smtpd[12912]: disconnect from 82-47-58-37.cable.ubr02.sand.blueyonder.co.uk[82.47.58.37]
Jun  4 07:38:01 rusty postfix/smtpd[12755]: connect from unknown[81.181.107.195]
Jun  4 07:38:03 rusty postfix/smtpd[12930]: NOQUEUE: reject: RCPT from p12308-adslbkksp4.C.csloxinfo.net[58.136.48.116]: 554 Service unavailable; Client host [58.136.48.116] blocked using dnsbl.njabl.org; 1180745091; from=<.@msa.hinet.net> to=<ctd@slug.org.au> proto=SMTP helo=<p12308-adslbkksp4.C.csloxinfo.net>
Jun  4 07:38:03 rusty postfix/smtpd[12755]: NOQUEUE: reject: RCPT from unknown[81.181.107.195]: 554 Service unavailable; Client host [81.181.107.195] blocked using ix.dnsbl.manitu.net; Comment:   IP address blocked, see http://ix.dnsbl.manitu.net/lookup.php?ipaddress=81.181.107.195, latest spam received via mx0.gmx.net at 2007-06-03T15:50+0200; from=<uznhofiy@coindisa.com> to=<mmoor@slug.org.au> proto=ESMTP helo=<[81.181.107.195]>
Jun  4 07:38:04 rusty postfix/smtpd[12755]: lost connection after RCPT from unknown[81.181.107.195]
Jun  4 07:38:04 rusty postfix/smtpd[12755]: disconnect from unknown[81.181.107.195]
Jun  4 07:38:09 rusty postfix/smtpd[12930]: disconnect from p12308-adslbkksp4.C.csloxinfo.net[58.136.48.116]
Jun  4 07:38:17 rusty postfix/smtpd[12909]: warning: 44.88.191.209.opm.blitzed.org: RBL lookup error: Host or domain name not found. Name service error for name=44.88.191.209.opm.blitzed.org type=A: Host not found, try again
Jun  4 07:38:17 rusty postfix/smtpd[12909]: 84E5F11817B: client=mta291.mail.mud.yahoo.com[209.191.88.44]
Jun  4 07:38:18 rusty postfix/cleanup[12944]: 84E5F11817B: message-id=<20070603213817.84E5F11817B@rusty.slug.org.au>
Jun  4 07:38:18 rusty postfix/local[12799]: 84E5F11817B: to=<slug-bounces@slug.org.au>, relay=local, delay=32, status=sent (delivered to command: /var/lib/mailman/mail/mailman bounces slug)
Jun  4 07:38:18 rusty postfix/smtpd[12909]: disconnect from mta291.mail.mud.yahoo.com[209.191.88.44]
Jun  4 07:38:19 rusty postfix/smtpd[12907]: connect from a81-14-162-107.net-htp.de[81.14.162.107]
Jun  4 07:38:21 rusty postfix/smtpd[12907]: NOQUEUE: reject: RCPT from a81-14-162-107.net-htp.de[81.14.162.107]: 554 <eannzotit@net-htp.de>: Sender address rejected: Domain not found; from=<eannzotit@net-htp.de> to=<chat@slug.org.au> proto=ESMTP helo=<a81-14-162-107.net-htp.de>
Jun  4 07:38:21 rusty postfix/smtpd[12907]: lost connection after RCPT from a81-14-162-107.net-htp.de[81.14.162.107]
Jun  4 07:38:21 rusty postfix/smtpd[12907]: disconnect from a81-14-162-107.net-htp.de[81.14.162.107]
Jun  4 07:38:41 rusty postfix/smtp[12859]: 91EBA118174: to=<haze@zzap.org>, relay=audumla.zzap.org[202.45.97.7], delay=154, status=sent (250 ok 1180906210 qp 22764)
Jun  4 07:38:41 rusty postfix/cleanup[12942]: 7F62E11817B: message-id=<20070603213841.7F62E11817B@rusty.slug.org.au>
Jun  4 07:38:41 rusty postfix/smtpd[12909]: warning: 190.49.106.65: hostname 190-49-106-65.speedy.com.ar verification failed: Name or service not known
Jun  4 07:38:41 rusty postfix/smtpd[12909]: connect from unknown[190.49.106.65]
Jun  4 07:38:41 rusty postfix/local[12785]: 7F62E11817B: to=<slug-bounces@slug.org.au>, relay=local, delay=0, status=sent (delivered to command: /var/lib/mailman/mail/mailman bounces slug)
Jun  4 07:38:50 rusty postfix/smtp[12874]: A30C1118177: to=<ajones@harvestroad.com>, relay=mail.harvestroad.com.au[203.103.97.27], delay=163, status=deferred (host mail.harvestroad.com.au[203.103.97.27] said: 450 <slug-bounces@slug.org.au>: Sender address rejected: Domain not found (in reply to RCPT TO command))
Jun  4 07:38:50 rusty postfix/cleanup[12943]: 37CF611817B: message-id=<20070603213850.37CF611817B@rusty.slug.org.au>
Jun  4 07:38:50 rusty postfix/local[12953]: 37CF611817B: to=<slug-bounces@slug.org.au>, relay=local, delay=0, status=sent (delivered to command: /var/lib/mailman/mail/mailman bounces slug)
Jun  4 07:38:54 rusty postfix/smtpd[12909]: warning: 65.106.49.190.relays.ordb.org: RBL lookup error: Host or domain name not found. Name service error for name=65.106.49.190.relays.ordb.org type=A: Host not found, try again
Jun  4 07:39:14 rusty postfix/smtpd[12909]: warning: 65.106.49.190.opm.blitzed.org: RBL lookup error: Host or domain name not found. Name service error for name=65.106.49.190.opm.blitzed.org type=A: Host not found, try again
Jun  4 07:39:14 rusty postfix/smtpd[12909]: NOQUEUE: reject: RCPT from unknown[190.49.106.65]: 450 <craigem@slug.org.au>: Recipient address rejected: Greylisted for 300 seconds (see http://isg.ee.ethz.ch/tools/postgrey/help/slug.org.au.html); from=<rootSoft@nesh.com> to=<craigem@slug.org.au> proto=ESMTP helo=<190-49-106-65.speedy.com.ar>
Jun  4 07:39:14 rusty postfix/smtpd[12909]: lost connection after RCPT from unknown[190.49.106.65]
Jun  4 07:39:14 rusty postfix/smtpd[12909]: disconnect from unknown[190.49.106.65]
Jun  4 07:39:37 rusty postfix/smtp[13023]: 29FD0118216: to=<marauder@progsoc.uts.edu.au>, relay=incubus.progsoc.uts.edu.au[138.25.6.7], delay=294401, status=deferred (host incubus.progsoc.uts.edu.au[138.25.6.7] said: 451 Temporary local problem - please try later (in reply to RCPT TO command))
Jun  4 07:39:37 rusty postfix/smtp[13023]: 29FD0118216: to=<wildfire@progsoc.uts.edu.au>, relay=incubus.progsoc.uts.edu.au[138.25.6.7], delay=294401, status=deferred (host incubus.progsoc.uts.edu.au[138.25.6.7] said: 451 Temporary local problem - please try later (in reply to RCPT TO command))
Jun  4 07:39:37 rusty postfix/smtp[13026]: 5B0D911811D: to=<wildfire@progsoc.uts.edu.au>, relay=incubus.progsoc.uts.edu.au[138.25.6.7], delay=51919, status=deferred (host incubus.progsoc.uts.edu.au[138.25.6.7] said: 451 Temporary local problem - please try later (in reply to RCPT TO command))
Jun  4 07:39:37 rusty postfix/smtp[13027]: 68F44118219: to=<marauder@progsoc.uts.edu.au>, relay=incubus.progsoc.uts.edu.au[138.25.6.7], delay=293198, status=deferred (host incubus.progsoc.uts.edu.au[138.25.6.7] said: 451 Temporary local problem - please try later (in reply to RCPT TO command))
Jun  4 07:39:37 rusty postfix/smtp[13027]: 68F44118219: to=<wildfire@progsoc.uts.edu.au>, relay=incubus.progsoc.uts.edu.au[138.25.6.7], delay=293198, status=deferred (host incubus.progsoc.uts.edu.au[138.25.6.7] said: 451 Temporary local problem - please try later (in reply to RCPT TO command))
Jun  4 07:39:37 rusty postfix/smtp[13019]: D2CEF11817E: to=<jdub@perkypants.org>, relay=mail.perkypants.org[70.85.31.216], delay=30057, status=deferred (host mail.perkypants.org[70.85.31.216] said: 452 Insufficient system storage (in reply to MAIL FROM command))
Jun  4 07:39:37 rusty postfix/smtp[13020]: D2CEF11817E: to=<greebo@pipka.org>, relay=mail.pipka.org[70.85.31.216], delay=30057, status=deferred (host mail.pipka.org[70.85.31.216] said: 452 Insufficient system storage (in reply to MAIL FROM command))
Jun  4 07:39:38 rusty postfix/smtp[13011]: CE46C11818E: to=<netsnipe_ml@optusnet.com.au>, relay=mail.optusnet.com.au[211.29.132.250], delay=430079, status=deferred (host mail.optusnet.com.au[211.29.132.250] said: 452 4.2.2 <netsnipe_ml@optusnet.com.au>... Mailbox full (in reply to RCPT TO command))
Jun  4 07:39:38 rusty postfix/smtp[13011]: CE46C11818E: to=<pintail@optusnet.com.au>, relay=mail.optusnet.com.au[211.29.132.250], delay=430079, status=deferred (host mail.optusnet.com.au[211.29.132.250] said: 452 4.2.2 <pintail@optusnet.com.au>... Mailbox full (in reply to RCPT TO command))
Jun  4 07:39:38 rusty postfix/smtp[13013]: EFFBB118206: to=<netsnipe_ml@optusnet.com.au>, relay=mail.optusnet.com.au[211.29.132.250], delay=397314, status=deferred (host mail.optusnet.com.au[211.29.132.250] said: 452 4.2.2 <netsnipe_ml@optusnet.com.au>... Mailbox full (in reply to RCPT TO command))
Jun  4 07:39:38 rusty postfix/smtp[13014]: E2D1D1181F1: to=<netsnipe_ml@optusnet.com.au>, relay=mail.optusnet.com.au[211.29.132.250], delay=400466, status=deferred (host mail.optusnet.com.au[211.29.132.250] said: 452 4.2.2 <netsnipe_ml@optusnet.com.au>... Mailbox full (in reply to RCPT TO command))
Jun  4 07:39:38 rusty postfix/smtp[13014]: E2D1D1181F1: to=<pintail@optusnet.com.au>, relay=mail.optusnet.com.au[211.29.132.250], delay=400466, status=deferred (host mail.optusnet.com.au[211.29.132.250] said: 452 4.2.2 <pintail@optusnet.com.au>... Mailbox full (in reply to RCPT TO command))
Jun  4 07:39:38 rusty postfix/smtp[13015]: E83D1118208: to=<netsnipe_ml@optusnet.com.au>, relay=mail.optusnet.com.au[211.29.132.250], delay=329999, status=deferred (host mail.optusnet.com.au[211.29.132.250] said: 452 4.2.2 <netsnipe_ml@optusnet.com.au>... Mailbox full (in reply to RCPT TO command))
Jun  4 07:39:38 rusty postfix/smtp[13015]: E83D1118208: to=<pintail@optusnet.com.au>, relay=mail.optusnet.com.au[211.29.132.250], delay=329999, status=deferred (host mail.optusnet.com.au[211.29.132.250] said: 452 4.2.2 <pintail@optusnet.com.au>... Mailbox full (in reply to RCPT TO command))
Jun  4 07:39:38 rusty postfix/smtp[13016]: ED8711181C8: to=<netsnipe_ml@optusnet.com.au>, relay=mail.optusnet.com.au[211.29.132.250], delay=331475, status=deferred (host mail.optusnet.com.au[211.29.132.250] said: 452 4.2.2 <netsnipe_ml@optusnet.com.au>... Mailbox full (in reply to RCPT TO command))
Jun  4 07:39:38 rusty postfix/smtp[13016]: ED8711181C8: to=<pintail@optusnet.com.au>, relay=mail.optusnet.com.au[211.29.132.250], delay=331475, status=deferred (host mail.optusnet.com.au[211.29.132.250] said: 452 4.2.2 <pintail@optusnet.com.au>... Mailbox full (in reply to RCPT TO command))
Jun  4 07:39:39 rusty postfix/smtp[13020]: B99CF1181FC: to=<netsnipe_ml@optusnet.com.au>, relay=mail.optusnet.com.au[211.29.132.250], delay=329217, status=deferred (host mail.optusnet.com.au[211.29.132.250] said: 452 4.2.2 <netsnipe_ml@optusnet.com.au>... Mailbox full (in reply to RCPT TO command))
Jun  4 07:39:39 rusty postfix/smtp[13019]: B2FA11181D5: to=<netsnipe_ml@optusnet.com.au>, relay=mail.optusnet.com.au[211.29.132.250], delay=415693, status=deferred (host mail.optusnet.com.au[211.29.132.250] said: 452 4.2.2 <netsnipe_ml@optusnet.com.au>... Mailbox full (in reply to RCPT TO command))
Jun  4 07:39:39 rusty postfix/smtp[13020]: B99CF1181FC: to=<pintail@optusnet.com.au>, relay=mail.optusnet.com.au[211.29.132.250], delay=329217, status=deferred (host mail.optusnet.com.au[211.29.132.250] said: 452 4.2.2 <pintail@optusnet.com.au>... Mailbox full (in reply to RCPT TO command))
Jun  4 07:39:39 rusty postfix/smtp[13027]: D1DBA1181D9: to=<netsnipe_ml@optusnet.com.au>, relay=mail.optusnet.com.au[211.29.132.250], delay=408281, status=deferred (host mail.optusnet.com.au[211.29.132.250] said: 452 4.2.2 <netsnipe_ml@optusnet.com.au>... Mailbox full (in reply to RCPT TO command))
Jun  4 07:39:39 rusty postfix/smtp[13023]: EECAE118154: to=<netsnipe_ml@optusnet.com.au>, relay=mail.optusnet.com.au[211.29.132.250], delay=51908, status=deferred (host mail.optusnet.com.au[211.29.132.250] said: 452 4.2.2 <netsnipe_ml@optusnet.com.au>... Mailbox full (in reply to RCPT TO command))
Jun  4 07:39:39 rusty postfix/smtp[13023]: EECAE118154: to=<pintail@optusnet.com.au>, relay=mail.optusnet.com.au[211.29.132.250], delay=51908, status=deferred (host mail.optusnet.com.au[211.29.132.250] said: 452 4.2.2 <pintail@optusnet.com.au>... Mailbox full (in reply to RCPT TO command))
Jun  4 07:39:39 rusty postfix/smtp[13013]: B2F251181D2: to=<netsnipe_ml@optusnet.com.au>, relay=mail.optusnet.com.au[211.29.132.250], delay=330122, status=deferred (host mail.optusnet.com.au[211.29.132.250] said: 452 4.2.2 <netsnipe_ml@optusnet.com.au>... Mailbox full (in reply to RCPT TO command))
Jun  4 07:39:39 rusty postfix/smtp[13027]: D1DBA1181D9: to=<pintail@optusnet.com.au>, relay=mail.optusnet.com.au[211.29.132.250], delay=408281, status=deferred (host mail.optusnet.com.au[211.29.132.250] said: 452 4.2.2 <pintail@optusnet.com.au>... Mailbox full (in reply to RCPT TO command))
Jun  4 07:39:39 rusty postfix/smtp[13029]: 3CEA7118199: to=<netsnipe_ml@optusnet.com.au>, relay=mail.optusnet.com.au[211.29.132.250], delay=416885, status=deferred (host mail.optusnet.com.au[211.29.132.250] said: 452 4.2.2 <netsnipe_ml@optusnet.com.au>... Mailbox full (in reply to RCPT TO command))
Jun  4 07:39:39 rusty postfix/smtp[13026]: B90DD118209: to=<netsnipe_ml@optusnet.com.au>, relay=mail.optusnet.com.au[211.29.132.250], delay=394592, status=deferred (host mail.optusnet.com.au[211.29.132.250] said: 452 4.2.2 <netsnipe_ml@optusnet.com.au>... Mailbox full (in reply to RCPT TO command))
Jun  4 07:39:39 rusty postfix/smtp[13023]: 24D19118167: to=<pintail@optusnet.com.au>, relay=mail.optusnet.com.au[211.29.132.250], delay=46000, status=deferred (host mail.optusnet.com.au[211.29.132.250] said: 452 4.2.2 <pintail@optusnet.com.au>... Mailbox full (in reply to RCPT TO command))
Jun  4 07:39:39 rusty postfix/smtp[13019]: 380A0118213: to=<netsnipe_ml@optusnet.com.au>, relay=mail.optusnet.com.au[211.29.132.250], delay=232521, status=deferred (host mail.optusnet.com.au[211.29.132.250] said: 452 4.2.2 <netsnipe_ml@optusnet.com.au>... Mailbox full (in reply to RCPT TO command))
Jun  4 07:39:39 rusty postfix/smtp[13013]: B2F251181D2: to=<pintail@optusnet.com.au>, relay=mail.optusnet.com.au[211.29.132.250], delay=330122, status=deferred (host mail.optusnet.com.au[211.29.132.250] said: 452 4.2.2 <pintail@optusnet.com.au>... Mailbox full (in reply to RCPT TO command))
Jun  4 07:39:39 rusty postfix/smtp[13027]: 07A55118130: to=<netsnipe_ml@optusnet.com.au>, relay=mail.optusnet.com.au[211.29.132.250], delay=51915, status=deferred (host mail.optusnet.com.au[211.29.132.250] said: 452 4.2.2 <netsnipe_ml@optusnet.com.au>... Mailbox full (in reply to RCPT TO command))
Jun  4 07:39:39 rusty postfix/smtp[13029]: 3CEA7118199: to=<pintail@optusnet.com.au>, relay=mail.optusnet.com.au[211.29.132.250], delay=416885, status=deferred (host mail.optusnet.com.au[211.29.132.250] said: 452 4.2.2 <pintail@optusnet.com.au>... Mailbox full (in reply to RCPT TO command))
Jun  4 07:39:39 rusty postfix/smtp[13026]: B90DD118209: to=<pintail@optusnet.com.au>, relay=mail.optusnet.com.au[211.29.132.250], delay=394592, status=deferred (host mail.optusnet.com.au[211.29.132.250] said: 452 4.2.2 <pintail@optusnet.com.au>... Mailbox full (in reply to RCPT TO command))
Jun  4 07:39:39 rusty postfix/smtp[13019]: 380A0118213: to=<pintail@optusnet.com.au>, relay=mail.optusnet.com.au[211.29.132.250], delay=232521, status=deferred (host mail.optusnet.com.au[211.29.132.250] said: 452 4.2.2 <pintail@optusnet.com.au>... Mailbox full (in reply to RCPT TO command))
Jun  4 07:39:39 rusty postfix/smtp[13027]: 07A55118130: to=<pintail@optusnet.com.au>, relay=mail.optusnet.com.au[211.29.132.250], delay=51915, status=deferred (host mail.optusnet.com.au[211.29.132.250] said: 452 4.2.2 <pintail@optusnet.com.au>... Mailbox full (in reply to RCPT TO command))
Jun  4 07:39:39 rusty postfix/smtp[13015]: 96FF411813C: to=<netsnipe_ml@optusnet.com.au>, relay=mail.optusnet.com.au[211.29.132.250], delay=111896, status=deferred (host mail.optusnet.com.au[211.29.132.250] said: 452 4.2.2 <netsnipe_ml@optusnet.com.au>... Mailbox full (in reply to RCPT TO command))
Jun  4 07:39:39 rusty postfix/smtp[13023]: 601BA11816A: to=<pintail@optusnet.com.au>, relay=mail.optusnet.com.au[211.29.132.250], delay=45611, status=deferred (host mail.optusnet.com.au[211.29.132.250] said: 452 4.2.2 <pintail@optusnet.com.au>... Mailbox full (in reply to RCPT TO command))
Jun  4 07:39:39 rusty postfix/smtp[13019]: A63F7118155: to=<netsnipe_ml@optusnet.com.au>, relay=mail.optusnet.com.au[211.29.132.250], delay=51074, status=deferred (host mail.optusnet.com.au[211.29.132.250] said: 452 4.2.2 <netsnipe_ml@optusnet.com.au>... Mailbox full (in reply to RCPT TO command))
Jun  4 07:39:39 rusty postfix/smtp[13016]: 93CCD118161: to=<netsnipe_ml@optusnet.com.au>, relay=mail.optusnet.com.au[211.29.132.250], delay=194180, status=deferred (host mail.optusnet.com.au[211.29.132.250] said: 452 4.2.2 <netsnipe_ml@optusnet.com.au>... Mailbox full (in reply to RCPT TO command))
Jun  4 07:39:39 rusty postfix/smtp[13015]: 96FF411813C: to=<pintail@optusnet.com.au>, relay=mail.optusnet.com.au[211.29.132.250], delay=111896, status=deferred (host mail.optusnet.com.au[211.29.132.250] said: 452 4.2.2 <pintail@optusnet.com.au>... Mailbox full (in reply to RCPT TO command))
Jun  4 07:39:39 rusty postfix/smtp[13019]: A63F7118155: to=<pintail@optusnet.com.au>, relay=mail.optusnet.com.au[211.29.132.250], delay=51074, status=deferred (host mail.optusnet.com.au[211.29.132.250] said: 452 4.2.2 <pintail@optusnet.com.au>... Mailbox full (in reply to RCPT TO command))
Jun  4 07:39:39 rusty postfix/smtp[13016]: 93CCD118161: to=<pintail@optusnet.com.au>, relay=mail.optusnet.com.au[211.29.132.250], delay=194180, status=deferred (host mail.optusnet.com.au[211.29.132.250] said: 452 4.2.2 <pintail@optusnet.com.au>... Mailbox full (in reply to RCPT TO command))
Jun  4 07:39:39 rusty postfix/smtp[13011]: B93C81180D7: to=<pintail@optusnet.com.au>, relay=mail.optusnet.com.au[211.29.132.250], delay=419804, status=deferred (host mail.optusnet.com.au[211.29.132.250] said: 452 4.2.2 <pintail@optusnet.com.au>... Mailbox full (in reply to RCPT TO command))
Jun  4 07:39:39 rusty postfix/smtp[13024]: connect to mic.icafe.com.au[60.242.158.40]: No route to host (port 25)
Jun  4 07:39:39 rusty postfix/smtp[13024]: 226F5118189: to=<donohueb@icafe.com.au>, relay=none, delay=30058, status=deferred (connect to mic.icafe.com.au[60.242.158.40]: No route to host)
Jun  4 07:39:39 rusty postfix/smtp[13014]: BAB2011815A: to=<netsnipe_ml@optusnet.com.au>, relay=mail.optusnet.com.au[211.29.132.250], delay=51767, status=deferred (host mail.optusnet.com.au[211.29.132.250] said: 452 4.2.2 <netsnipe_ml@optusnet.com.au>... Mailbox full (in reply to RCPT TO command))
Jun  4 07:39:40 rusty postfix/smtp[13014]: BAB2011815A: to=<pintail@optusnet.com.au>, relay=mail.optusnet.com.au[211.29.132.250], delay=51768, status=deferred (host mail.optusnet.com.au[211.29.132.250] said: 452 4.2.2 <pintail@optusnet.com.au>... Mailbox full (in reply to RCPT TO command))
Jun  4 07:39:41 rusty postfix/smtp[13033]: 226F5118189: to=<netsnipe_ml@optusnet.com.au>, relay=mail.optusnet.com.au[211.29.132.250], delay=30060, status=deferred (host mail.optusnet.com.au[211.29.132.250] said: 452 4.2.2 <netsnipe_ml@optusnet.com.au>... Mailbox full (in reply to RCPT TO command))
Jun  4 07:39:41 rusty postfix/smtp[13033]: 226F5118189: to=<pintail@optusnet.com.au>, relay=mail.optusnet.com.au[211.29.132.250], delay=30060, status=deferred (host mail.optusnet.com.au[211.29.132.250] said: 452 4.2.2 <pintail@optusnet.com.au>... Mailbox full (in reply to RCPT TO command))
Jun  4 07:39:41 rusty postfix/smtp[13020]: 3544D1181F5: to=<netsnipe_ml@optusnet.com.au>, relay=mail.optusnet.com.au[211.29.132.250], delay=398444, status=deferred (host mail.optusnet.com.au[211.29.132.250] said: 452 4.2.2 <netsnipe_ml@optusnet.com.au>... Mailbox full (in reply to RCPT TO command))
Jun  4 07:39:41 rusty postfix/smtp[13034]: 515C41180D8: to=<pintail@optusnet.com.au>, relay=mail.optusnet.com.au[211.29.132.250], delay=39343, status=deferred (host mail.optusnet.com.au[211.29.132.250] said: 452 4.2.2 <pintail@optusnet.com.au>... Mailbox full (in reply to RCPT TO command))
Jun  4 07:39:41 rusty postfix/smtp[13020]: 3544D1181F5: to=<pintail@optusnet.com.au>, relay=mail.optusnet.com.au[211.29.132.250], delay=398444, status=deferred (host mail.optusnet.com.au[211.29.132.250] said: 452 4.2.2 <pintail@optusnet.com.au>... Mailbox full (in reply to RCPT TO command))
Jun  4 07:39:41 rusty postfix/smtp[13035]: 517DF118179: to=<pintail@optusnet.com.au>, relay=mail.optusnet.com.au[211.29.132.250], delay=44524, status=deferred (host mail.optusnet.com.au[211.29.132.250] said: 452 4.2.2 <pintail@optusnet.com.au>... Mailbox full (in reply to RCPT TO command))
Jun  4 07:39:41 rusty postfix/smtp[13038]: 65F76118172: to=<pintail@optusnet.com.au>, relay=mail.optusnet.com.au[211.29.132.250], delay=37658, status=deferred (host mail.optusnet.com.au[211.29.132.250] said: 452 4.2.2 <pintail@optusnet.com.au>... Mailbox full (in reply to RCPT TO command))
Jun  4 07:39:41 rusty postfix/smtpd[12755]: connect from fs1.msshost.com[74.200.204.130]
Jun  4 07:39:42 rusty postgrey[2159]: cleaning up old logs... 
Jun  4 07:39:50 rusty postfix/smtp[12860]: D1D4511817A: lost connection with gateway.funcionpublica.gob.mx[200.34.175.4] while sending end of data -- message may be sent more than once
Jun  4 07:39:52 rusty postfix/smtpd[12907]: connect from ip-90-186-107-129.web.vodafone.de[90.186.107.129]
Jun  4 07:39:52 rusty postfix/smtp[12860]: D1D4511817A: to=<idiaz@indaabin.gob.mx>, relay=correo.funcionpublica.gob.mx[200.34.175.6], delay=225, status=sent (250 2.6.0  <34a99ab40706031426g4ea46d97v5bcdd5edfeff89ea@mail.gmail.com> Queued mail for delivery)
Jun  4 07:39:52 rusty postfix/cleanup[12944]: 7D7391180E7: message-id=<20070603213952.7D7391180E7@rusty.slug.org.au>
Jun  4 07:39:52 rusty postfix/local[12799]: 7D7391180E7: to=<slug-bounces@slug.org.au>, relay=local, delay=0, status=sent (delivered to command: /var/lib/mailman/mail/mailman bounces slug)
Jun  4 07:39:58 rusty postfix/smtpd[12755]: warning: 130.204.200.74.relays.ordb.org: RBL lookup error: Host or domain name not found. Name service error for name=130.204.200.74.relays.ordb.org type=A: Host not found, try again
Jun  4 07:40:02 rusty postgrey[2159]: delayed 668 seconds: client=ip-90-186-107-129.web.vodafone.de, from=dominiosite.com@ydyt.com, to=uxchix@slug.org.au 
Jun  4 07:40:06 rusty postfix/smtp[12859]: connect to taz-devil.dyndns.org[60.241.248.171]: Connection timed out (port 25)
Jun  4 07:40:06 rusty postfix/smtp[12859]: 73A0E1181CA: to=<mary@taz-devil.dyndns.org>, relay=none, delay=330149, status=deferred (connect to taz-devil.dyndns.org[60.241.248.171]: Connection timed out)
Jun  4 07:40:06 rusty postfix/smtp[12874]: connect to none.harvestroad.com.au[203.103.97.241]: Connection timed out (port 25)
Jun  4 07:40:06 rusty postfix/smtp[13007]: connect to taz-devil.dyndns.org[60.241.248.171]: Connection timed out (port 25)
Jun  4 07:40:06 rusty postfix/smtp[13007]: 8BF211181A0: to=<mary@taz-devil.dyndns.org>, relay=none, delay=415807, status=deferred (connect to taz-devil.dyndns.org[60.241.248.171]: Connection timed out)
Jun  4 07:40:06 rusty postfix/smtp[13008]: connect to taz-devil.dyndns.org[60.241.248.171]: Connection timed out (port 25)
Jun  4 07:40:06 rusty postfix/smtp[13008]: 8A09A118193: to=<mary@taz-devil.dyndns.org>, relay=none, delay=420728, status=deferred (connect to taz-devil.dyndns.org[60.241.248.171]: Connection timed out)
Jun  4 07:40:06 rusty postfix/smtp[13009]: connect to taz-devil.dyndns.org[60.241.248.171]: Connection timed out (port 25)
Jun  4 07:40:06 rusty postfix/smtp[13009]: 810BF118122: to=<mary@taz-devil.dyndns.org>, relay=none, delay=51943, status=deferred (connect to taz-devil.dyndns.org[60.241.248.171]: Connection timed out)
Jun  4 07:40:06 rusty postfix/smtp[13010]: connect to taz-devil.dyndns.org[60.241.248.171]: Connection timed out (port 25)
Jun  4 07:40:06 rusty postfix/smtp[13010]: 8D2E11181FA: to=<mary@taz-devil.dyndns.org>, relay=none, delay=397190, status=deferred (connect to taz-devil.dyndns.org[60.241.248.171]: Connection timed out)
Jun  4 07:40:06 rusty postfix/smtp[13012]: connect to none.harvestroad.com.au[203.103.97.241]: Connection timed out (port 25)
Jun  4 07:40:06 rusty postfix/smtp[13017]: connect to uklottery.org[205.178.189.131]: Connection timed out (port 25)
Jun  4 07:40:06 rusty postfix/smtp[13018]: connect to none.harvestroad.com.au[203.103.97.241]: Connection timed out (port 25)
Jun  4 07:40:06 rusty postfix/smtp[13017]: E9A8F11821C: to=<info@uklottery.org>, relay=none, delay=291642, status=deferred (connect to uklottery.org[205.178.189.131]: Connection timed out)
Jun  4 07:40:06 rusty postfix/smtp[13021]: connect to none.harvestroad.com.au[203.103.97.241]: Connection timed out (port 25)
Jun  4 07:40:06 rusty postfix/smtp[13022]: connect to none.harvestroad.com.au[203.103.97.241]: Connection timed out (port 25)
Jun  4 07:40:12 rusty postfix/smtp[13025]: 5B0D911811D: to=<rsvp@denovo.com.au>, relay=denovo.com.au[74.200.204.130], delay=51954, status=deferred (host denovo.com.au[74.200.204.130] said: 451 Could not complete sender verify callout (in reply to RCPT TO command))
Jun  4 07:40:12 rusty postfix/smtpd[12907]: warning: 129.107.186.90.relays.ordb.org: RBL lookup error: Host or domain name not found. Name service error for name=129.107.186.90.relays.ordb.org type=A: Host not found, try again
Jun  4 07:40:18 rusty postfix/smtpd[12755]: warning: 130.204.200.74.opm.blitzed.org: RBL lookup error: Host or domain name not found. Name service error for name=130.204.200.74.opm.blitzed.org type=A: Host not found, try again
Jun  4 07:40:18 rusty postfix/smtpd[12755]: 6049311815C: client=fs1.msshost.com[74.200.204.130]
Jun  4 07:40:18 rusty postfix/smtpd[12755]: lost connection after RCPT from fs1.msshost.com[74.200.204.130]
Jun  4 07:40:18 rusty postfix/smtpd[12755]: disconnect from fs1.msshost.com[74.200.204.130]
Jun  4 07:40:32 rusty postfix/smtpd[12907]: warning: 129.107.186.90.opm.blitzed.org: RBL lookup error: Host or domain name not found. Name service error for name=129.107.186.90.opm.blitzed.org type=A: Host not found, try again
Jun  4 07:40:32 rusty postfix/smtpd[12907]: NOQUEUE: reject: RCPT from ip-90-186-107-129.web.vodafone.de[90.186.107.129]: 550 <uxchix@slug.org.au>: Recipient address rejected: User unknown in local recipient table; from=<dominiosite.com@ydyt.com> to=<uxchix@slug.org.au> proto=SMTP helo=<localhost>
Jun  4 07:40:34 rusty postfix/smtpd[12909]: connect from cm166055.red.mundo-r.com[213.60.166.55]
Jun  4 07:40:35 rusty postfix/smtpd[12907]: lost connection after RCPT from ip-90-186-107-129.web.vodafone.de[90.186.107.129]
Jun  4 07:40:35 rusty postfix/smtpd[12907]: disconnect from ip-90-186-107-129.web.vodafone.de[90.186.107.129]
Jun  4 07:40:36 rusty postfix/smtpd[12909]: NOQUEUE: reject: RCPT from cm166055.red.mundo-r.com[213.60.166.55]: 554 Service unavailable; Client host [213.60.166.55] blocked using cbl.abuseat.org; Blocked - see http://cbl.abuseat.org/lookup.cgi?ip=213.60.166.55; from=<xratedtshirt.com@greentreebk.com> to=<request@slug.org.au> proto=SMTP helo=<localhost>
Jun  4 07:40:37 rusty postfix/smtpd[12909]: lost connection after RCPT from cm166055.red.mundo-r.com[213.60.166.55]
Jun  4 07:40:37 rusty postfix/smtpd[12909]: disconnect from cm166055.red.mundo-r.com[213.60.166.55]
Jun  4 07:40:46 rusty postfix/smtp[12874]: 7F5F41181A7: to=<ajones@harvestroad.com>, relay=mail.harvestroad.com.au[203.103.97.27], delay=411736, status=deferred (host mail.harvestroad.com.au[203.103.97.27] said: 450 <slug-bounces@slug.org.au>: Sender address rejected: Domain not found (in reply to RCPT TO command))
Jun  4 07:40:49 rusty postfix/smtpd[12755]: connect from 201-27-28-47.dsl.telesp.net.br[201.27.28.47]
Jun  4 07:40:53 rusty postfix/smtpd[12755]: NOQUEUE: reject: RCPT from 201-27-28-47.dsl.telesp.net.br[201.27.28.47]: 554 Service unavailable; Client host [201.27.28.47] blocked using list.dsbl.org; http://dsbl.org/listing?201.27.28.47; from=<jrdemark@hyipbusiness.com> to=<est@slug.org.au> proto=SMTP helo=<hyipbusiness.com>
Jun  4 07:40:54 rusty postfix/smtpd[12755]: lost connection after RCPT from 201-27-28-47.dsl.telesp.net.br[201.27.28.47]
Jun  4 07:40:54 rusty postfix/smtpd[12755]: disconnect from 201-27-28-47.dsl.telesp.net.br[201.27.28.47]
Jun  4 07:41:16 rusty postfix/smtp[12874]: connect to none.harvestroad.com.au[203.103.97.241]: Connection timed out (port 25)
Jun  4 07:41:16 rusty postfix/smtp[13027]: connect to none.harvestroad.com.au[203.103.97.241]: Connection timed out (port 25)
Jun  4 07:42:17 rusty postfix/smtp[13012]: C54251181C6: to=<ajones@harvestroad.com>, relay=mail.harvestroad.com.au[203.103.97.27], delay=331634, status=deferred (host mail.harvestroad.com.au[203.103.97.27] said: 450 <slug-bounces@slug.org.au>: Sender address rejected: Domain not found (in reply to RCPT TO command))
Jun  4 07:42:17 rusty postfix/smtp[13018]: E8EE1118185: to=<ajones@harvestroad.com>, relay=mail.harvestroad.com.au[203.103.97.27], delay=30217, status=deferred (host mail.harvestroad.com.au[203.103.97.27] said: 450 <slug-bounces@slug.org.au>: Sender address rejected: Domain not found (in reply to RCPT TO command))
Jun  4 07:42:17 rusty postfix/smtp[13021]: B2CB0118153: to=<ajones@harvestroad.com>, relay=mail.harvestroad.com.au[203.103.97.27], delay=52066, status=deferred (host mail.harvestroad.com.au[203.103.97.27] said: 450 <slug-bounces@slug.org.au>: Sender address rejected: Domain not found (in reply to RCPT TO command))
Jun  4 07:42:17 rusty postfix/smtp[13022]: 9F6691181FF: to=<ajones@harvestroad.com>, relay=mail.harvestroad.com.au[203.103.97.27], delay=397321, status=deferred (host mail.harvestroad.com.au[203.103.97.27] said: 450 <slug-bounces@slug.org.au>: Sender address rejected: Domain not found (in reply to RCPT TO command))
Jun  4 07:42:30 rusty postfix/smtpd[12755]: connect from adsl-144-210-174.jan.bellsouth.net[70.144.210.174]
Jun  4 07:42:34 rusty postfix/smtpd[13050]: connect from unknown[125.91.132.125]
Jun  4 07:42:34 rusty postfix/smtpd[13051]: connect from unknown[125.91.132.125]
Jun  4 07:42:40 rusty postfix/smtpd[13050]: NOQUEUE: reject: RCPT from unknown[125.91.132.125]: 554 Service unavailable; Client host [125.91.132.125] blocked using ix.dnsbl.manitu.net; Comment:   IP address blocked, see http://ix.dnsbl.manitu.net/lookup.php?ipaddress=125.91.132.125, latest spam received via relay.heise.de at 2007-06-03T11:28+0200; from=<aaaa@aaaaaa.com> to=<slug-admin@slug.org.au> proto=ESMTP helo=<aaaaaa.com>
Jun  4 07:42:40 rusty postfix/smtpd[13051]: NOQUEUE: reject: RCPT from unknown[125.91.132.125]: 554 Service unavailable; Client host [125.91.132.125] blocked using ix.dnsbl.manitu.net; Comment:   IP address blocked, see http://ix.dnsbl.manitu.net/lookup.php?ipaddress=125.91.132.125, latest spam received via relay.heise.de at 2007-06-03T11:28+0200; from=<aaaa@aaaaaa.com> to=<slug@slug.org.au> proto=ESMTP helo=<aaaaaa.com>
Jun  4 07:42:40 rusty postfix/smtpd[13050]: disconnect from unknown[125.91.132.125]
Jun  4 07:42:40 rusty postfix/smtpd[13051]: disconnect from unknown[125.91.132.125]
Jun  4 07:42:45 rusty postfix/smtpd[12755]: warning: 174.210.144.70.relays.ordb.org: RBL lookup error: Host or domain name not found. Name service error for name=174.210.144.70.relays.ordb.org type=A: Host not found, try again
Jun  4 07:42:47 rusty postfix/smtp[13012]: connect to none.harvestroad.com.au[203.103.97.241]: Connection timed out (port 25)
Jun  4 07:42:47 rusty postfix/smtp[13047]: connect to none.harvestroad.com.au[203.103.97.241]: Connection timed out (port 25)
Jun  4 07:42:47 rusty postfix/smtp[13018]: connect to none.harvestroad.com.au[203.103.97.241]: Connection timed out (port 25)
Jun  4 07:42:47 rusty postfix/smtpd[13050]: connect from 123-193-34-19.ethome-ip.ethome.com.tw[123.193.34.19]
Jun  4 07:42:48 rusty postfix/smtpd[13050]: NOQUEUE: reject: RCPT from 123-193-34-19.ethome-ip.ethome.com.tw[123.193.34.19]: 554 <goudcvxyi@net.tw>: Sender address rejected: Domain not found; from=<goudcvxyi@net.tw> to=<mmittee@slug.org.au> proto=ESMTP helo=<203-79-252-192.ebix.net.tw>
Jun  4 07:42:49 rusty postfix/smtpd[13050]: lost connection after RCPT from 123-193-34-19.ethome-ip.ethome.com.tw[123.193.34.19]
Jun  4 07:42:49 rusty postfix/smtpd[13050]: disconnect from 123-193-34-19.ethome-ip.ethome.com.tw[123.193.34.19]
Jun  4 07:42:56 rusty postfix/smtpd[13051]: connect from unknown[202.155.150.148]
Jun  4 07:43:05 rusty postfix/smtpd[12755]: warning: 174.210.144.70.opm.blitzed.org: RBL lookup error: Host or domain name not found. Name service error for name=174.210.144.70.opm.blitzed.org type=A: Host not found, try again
Jun  4 07:43:05 rusty postfix/smtpd[12755]: NOQUEUE: reject: RCPT from adsl-144-210-174.jan.bellsouth.net[70.144.210.174]: 450 <createfoo-slug@slug.org.au>: Recipient address rejected: Greylisted for 300 seconds (see http://isg.ee.ethz.ch/tools/postgrey/help/slug.org.au.html); from=<Enterprisebtl@boudrant.com> to=<createfoo-slug@slug.org.au> proto=ESMTP helo=<[70.144.210.174]>
Jun  4 07:43:05 rusty postfix/smtpd[12755]: lost connection after RCPT from adsl-144-210-174.jan.bellsouth.net[70.144.210.174]
Jun  4 07:43:05 rusty postfix/smtpd[12755]: disconnect from adsl-144-210-174.jan.bellsouth.net[70.144.210.174]
Jun  4 07:43:08 rusty postfix/smtpd[13051]: warning: 148.150.155.202.relays.ordb.org: RBL lookup error: Host or domain name not found. Name service error for name=148.150.155.202.relays.ordb.org type=A: Host not found, try again
Jun  4 07:43:14 rusty postfix/smtpd[13050]: connect from 188-210-21-190.adsl.terra.cl[190.21.210.188]
Jun  4 07:43:23 rusty postfix/smtpd[12755]: connect from 87-205-178-80.adsl.inetia.pl[87.205.178.80]
Jun  4 07:43:24 rusty postfix/smtpd[12755]: NOQUEUE: reject: RCPT from 87-205-178-80.adsl.inetia.pl[87.205.178.80]: 554 Service unavailable; Client host [87.205.178.80] blocked using cbl.abuseat.org; Blocked - see http://cbl.abuseat.org/lookup.cgi?ip=87.205.178.80; from=<negbaleful@ameritech.net> to=<activites@slug.org.au> proto=SMTP helo=<ameritech.net>
Jun  4 07:43:25 rusty postfix/smtpd[12755]: lost connection after RCPT from 87-205-178-80.adsl.inetia.pl[87.205.178.80]
Jun  4 07:43:25 rusty postfix/smtpd[12755]: disconnect from 87-205-178-80.adsl.inetia.pl[87.205.178.80]
Jun  4 07:43:27 rusty postfix/smtp[13027]: 975BF118124: to=<ajones@harvestroad.com>, relay=mail.harvestroad.com.au[203.103.97.27], delay=52144, status=deferred (host mail.harvestroad.com.au[203.103.97.27] said: 450 <slug-bounces@slug.org.au>: Sender address rejected: Domain not found (in reply to RCPT TO command))
Jun  4 07:43:27 rusty postfix/smtp[12874]: 422451181B2: to=<ajones@harvestroad.com>, relay=mail.harvestroad.com.au[203.103.97.27], delay=399522, status=deferred (host mail.harvestroad.com.au[203.103.97.27] said: 450 <slug-bounces@slug.org.au>: Sender address rejected: Domain not found (in reply to RCPT TO command))
Jun  4 07:43:27 rusty postfix/smtp[13047]: 682A611815F: to=<ajones@harvestroad.com>, relay=mail.harvestroad.com.au[203.103.97.27], delay=194408, status=deferred (host mail.harvestroad.com.au[203.103.97.27] said: 450 <slug-bounces@slug.org.au>: Sender address rejected: Domain not found (in reply to RCPT TO command))
Jun  4 07:43:27 rusty postfix/smtp[13018]: 1AE69118198: to=<ajones@harvestroad.com>, relay=mail.harvestroad.com.au[203.103.97.27], delay=417113, status=deferred (host mail.harvestroad.com.au[203.103.97.27] said: 450 <slug-bounces@slug.org.au>: Sender address rejected: Domain not found (in reply to RCPT TO command))
Jun  4 07:43:28 rusty postfix/smtpd[12755]: connect from 88-105-112-164.dynamic.dsl.as9105.com[88.105.112.164]
Jun  4 07:43:28 rusty postfix/smtpd[13051]: warning: 148.150.155.202.opm.blitzed.org: RBL lookup error: Host or domain name not found. Name service error for name=148.150.155.202.opm.blitzed.org type=A: Host not found, try again
Jun  4 07:43:28 rusty postfix/smtpd[13051]: NOQUEUE: reject: RCPT from unknown[202.155.150.148]: 450 <chris@slug.org.au>: Recipient address rejected: Greylisted for 300 seconds (see http://isg.ee.ethz.ch/tools/postgrey/help/slug.org.au.html); from=<qupzmwchwrx@aeeditions.com> to=<chris@slug.org.au> proto=ESMTP helo=<[202.155.150.148]>
Jun  4 07:43:28 rusty postfix/smtpd[13051]: lost connection after RCPT from unknown[202.155.150.148]
Jun  4 07:43:28 rusty postfix/smtpd[13051]: disconnect from unknown[202.155.150.148]
Jun  4 07:43:28 rusty postfix/smtpd[13050]: warning: 188.210.21.190.relays.ordb.org: RBL lookup error: Host or domain name not found. Name service error for name=188.210.21.190.relays.ordb.org type=A: Host not found, try again
Jun  4 07:43:30 rusty postfix/smtp[13012]: 6B2CA118135: to=<ajones@harvestroad.com>, relay=mail.harvestroad.com.au[203.103.97.27], delay=112127, status=deferred (host mail.harvestroad.com.au[203.103.97.27] said: 450 <slug-bounces@slug.org.au>: Sender address rejected: Domain not found (in reply to RCPT TO command))
Jun  4 07:43:31 rusty postfix/smtpd[13051]: connect from unknown[72.85.148.122]
Jun  4 07:43:38 rusty postfix/smtpd[13051]: NOQUEUE: reject: RCPT from unknown[72.85.148.122]: 554 Service unavailable; Client host [72.85.148.122] blocked using cbl.abuseat.org; Blocked - see http://cbl.abuseat.org/lookup.cgi?ip=72.85.148.122; from=<cpangelo@hardtechgroup.com> to=<amusig-request@slug.org.au> proto=SMTP helo=<hardtechgroup.com>
Jun  4 07:43:38 rusty postfix/smtpd[13051]: lost connection after RCPT from unknown[72.85.148.122]
Jun  4 07:43:38 rusty postfix/smtpd[13051]: disconnect from unknown[72.85.148.122]
Jun  4 07:43:44 rusty postfix/smtpd[12755]: warning: 164.112.105.88.relays.ordb.org: RBL lookup error: Host or domain name not found. Name service error for name=164.112.105.88.relays.ordb.org type=A: Host not found, try again
Jun  4 07:43:45 rusty postfix/smtpd[13051]: connect from unknown[125.91.132.125]
Jun  4 07:43:46 rusty postfix/smtpd[13051]: NOQUEUE: reject: RCPT from unknown[125.91.132.125]: 554 Service unavailable; Client host [125.91.132.125] blocked using ix.dnsbl.manitu.net; Comment:   IP address blocked, see http://ix.dnsbl.manitu.net/lookup.php?ipaddress=125.91.132.125, latest spam received via relay.heise.de at 2007-06-03T11:28+0200; from=<aaaa@aaaaaa.com> to=<slug-request@slug.org.au> proto=ESMTP helo=<aaaaaa.com>
Jun  4 07:43:47 rusty postfix/smtpd[13051]: disconnect from unknown[125.91.132.125]
Jun  4 07:43:48 rusty postfix/smtpd[13050]: warning: 188.210.21.190.opm.blitzed.org: RBL lookup error: Host or domain name not found. Name service error for name=188.210.21.190.opm.blitzed.org type=A: Host not found, try again
Jun  4 07:43:48 rusty postfix/smtpd[13050]: NOQUEUE: reject: RCPT from 188-210-21-190.adsl.terra.cl[190.21.210.188]: 450 <tojobs@slug.org.au>: Recipient address rejected: Greylisted for 300 seconds (see http://isg.ee.ethz.ch/tools/postgrey/help/slug.org.au.html); from=<are@KBIS.CO.KR> to=<tojobs@slug.org.au> proto=ESMTP helo=<26-222-222-201.adsl.terra.cl>
Jun  4 07:43:48 rusty postfix/smtpd[13050]: lost connection after RCPT from 188-210-21-190.adsl.terra.cl[190.21.210.188]
Jun  4 07:43:48 rusty postfix/smtpd[13050]: disconnect from 188-210-21-190.adsl.terra.cl[190.21.210.188]
Jun  4 07:43:52 rusty postfix/smtpd[13051]: connect from pool-71-118-111-101.lsanca.dsl-w.verizon.net[71.118.111.101]
Jun  4 07:43:59 rusty postfix/smtpd[13051]: NOQUEUE: reject: RCPT from pool-71-118-111-101.lsanca.dsl-w.verizon.net[71.118.111.101]: 554 Service unavailable; Client host [71.118.111.101] blocked using cbl.abuseat.org; Blocked - see http://cbl.abuseat.org/lookup.cgi?ip=71.118.111.101; from=<mannfordqf@mijnmails.be> to=<104-event@slug.org.au> proto=SMTP helo=<mijnmails.be>
Jun  4 07:43:59 rusty postfix/smtpd[13051]: lost connection after RCPT from pool-71-118-111-101.lsanca.dsl-w.verizon.net[71.118.111.101]
Jun  4 07:43:59 rusty postfix/smtpd[13051]: disconnect from pool-71-118-111-101.lsanca.dsl-w.verizon.net[71.118.111.101]
Jun  4 07:44:04 rusty postfix/smtpd[12755]: warning: 164.112.105.88.opm.blitzed.org: RBL lookup error: Host or domain name not found. Name service error for name=164.112.105.88.opm.blitzed.org type=A: Host not found, try again
Jun  4 07:44:04 rusty postfix/smtpd[12755]: NOQUEUE: reject: RCPT from 88-105-112-164.dynamic.dsl.as9105.com[88.105.112.164]: 450 <musig@slug.org.au>: Recipient address rejected: Greylisted for 300 seconds (see http://isg.ee.ethz.ch/tools/postgrey/help/slug.org.au.html); from=<ludyovbjur@as9105.com> to=<musig@slug.org.au> proto=ESMTP helo=<88-105-111-151.dynamic.dsl.as9105.com>
Jun  4 07:44:04 rusty postfix/smtpd[12755]: lost connection after RCPT from 88-105-112-164.dynamic.dsl.as9105.com[88.105.112.164]
Jun  4 07:44:04 rusty postfix/smtpd[12755]: disconnect from 88-105-112-164.dynamic.dsl.as9105.com[88.105.112.164]
Jun  4 07:45:13 rusty postfix/smtpd[13050]: connect from bbp13.neoplus.adsl.tpnet.pl[83.27.205.13]
Jun  4 07:45:27 rusty postfix/smtpd[13050]: warning: 13.205.27.83.relays.ordb.org: RBL lookup error: Host or domain name not found. Name service error for name=13.205.27.83.relays.ordb.org type=A: Host not found, try again
Jun  4 07:45:47 rusty postfix/smtpd[13050]: warning: 13.205.27.83.opm.blitzed.org: RBL lookup error: Host or domain name not found. Name service error for name=13.205.27.83.opm.blitzed.org type=A: Host not found, try again
Jun  4 07:45:47 rusty postfix/smtpd[13050]: NOQUEUE: reject: RCPT from bbp13.neoplus.adsl.tpnet.pl[83.27.205.13]: 450 <codefest@slug.org.au>: Recipient address rejected: Greylisted for 300 seconds (see http://isg.ee.ethz.ch/tools/postgrey/help/slug.org.au.html); from=<fuucawkewjr@tpnet.pl> to=<codefest@slug.org.au> proto=ESMTP helo=<bbp13.neoplus.adsl.tpnet.pl>
Jun  4 07:45:47 rusty postfix/smtpd[13050]: lost connection after RCPT from bbp13.neoplus.adsl.tpnet.pl[83.27.205.13]
Jun  4 07:45:47 rusty postfix/smtpd[13050]: disconnect from bbp13.neoplus.adsl.tpnet.pl[83.27.205.13]
Jun  4 07:46:07 rusty postfix/smtpd[13050]: warning: 190.84.218.232: hostname Dynamic-IP-19084218232.cable.net.co verification failed: Name or service not known
Jun  4 07:46:07 rusty postfix/smtpd[13050]: connect from unknown[190.84.218.232]
Jun  4 07:46:08 rusty postfix/smtpd[13050]: NOQUEUE: reject: RCPT from unknown[190.84.218.232]: 554 <muzqbnwsgtk@net.co>: Sender address rejected: Domain not found; from=<muzqbnwsgtk@net.co> to=<coders-owner@slug.org.au> proto=ESMTP helo=<Dynamic-IP-19084218232.cable.net.co>
Jun  4 07:46:08 rusty postfix/smtpd[13050]: lost connection after RCPT from unknown[190.84.218.232]
Jun  4 07:46:08 rusty postfix/smtpd[13050]: disconnect from unknown[190.84.218.232]
Jun  4 07:46:16 rusty postfix/scache[12906]: statistics: start interval Jun  4 07:36:16
Jun  4 07:46:16 rusty postfix/scache[12906]: statistics: domain lookup hits=6 miss=23 success=20%
Jun  4 07:46:16 rusty postfix/scache[12906]: statistics: address lookup hits=0 miss=29 success=0%
Jun  4 07:46:16 rusty postfix/scache[12906]: statistics: max simultaneous domains=2 addresses=2 connection=10
Jun  4 07:46:21 rusty postfix/smtpd[13050]: connect from unknown[88.218.41.113]
Jun  4 07:46:26 rusty postfix/smtpd[13078]: connect from 84-72-30-68.dclient.hispeed.ch[84.72.30.68]
Jun  4 07:46:28 rusty postfix/smtpd[13078]: NOQUEUE: reject: RCPT from 84-72-30-68.dclient.hispeed.ch[84.72.30.68]: 554 Service unavailable; Client host [84.72.30.68] blocked using cbl.abuseat.org; Blocked - see http://cbl.abuseat.org/lookup.cgi?ip=84.72.30.68; from=<uzfesvwi@hispeed.ch> to=<committee@slug.org.au> proto=ESMTP helo=<84-72-30-68.dclient.hispeed.ch>
Jun  4 07:46:29 rusty postfix/smtpd[13078]: lost connection after RCPT from 84-72-30-68.dclient.hispeed.ch[84.72.30.68]
Jun  4 07:46:29 rusty postfix/smtpd[13078]: disconnect from 84-72-30-68.dclient.hispeed.ch[84.72.30.68]
Jun  4 07:46:29 rusty postfix/smtpd[13078]: warning: 190.84.218.232: hostname Dynamic-IP-19084218232.cable.net.co verification failed: Name or service not known
Jun  4 07:46:29 rusty postfix/smtpd[13078]: connect from unknown[190.84.218.232]
Jun  4 07:46:30 rusty postfix/smtpd[13078]: NOQUEUE: reject: RCPT from unknown[190.84.218.232]: 554 <hrkwyewhf@net.co>: Sender address rejected: Domain not found; from=<hrkwyewhf@net.co> to=<coders@slug.org.au> proto=ESMTP helo=<Dynamic-IP-19084218232.cable.net.co>
Jun  4 07:46:31 rusty postfix/smtpd[13078]: lost connection after RCPT from unknown[190.84.218.232]
Jun  4 07:46:31 rusty postfix/smtpd[13078]: disconnect from unknown[190.84.218.232]
Jun  4 07:46:31 rusty postfix/smtpd[13050]: NOQUEUE: reject: RCPT from unknown[88.218.41.113]: 554 Service unavailable; Client host [88.218.41.113] blocked using cbl.abuseat.org; Blocked - see http://cbl.abuseat.org/lookup.cgi?ip=88.218.41.113; from=<xnkoenvwprs@micruscorp.com> to=<conservatives@slug.org.au> proto=ESMTP helo=<[88.218.41.113]>
Jun  4 07:46:31 rusty postfix/smtpd[13050]: lost connection after RCPT from unknown[88.218.41.113]
Jun  4 07:46:31 rusty postfix/smtpd[13050]: disconnect from unknown[88.218.41.113]
Jun  4 07:46:46 rusty postfix/smtpd[13078]: connect from host85-41-dynamic.8-87-r.retail.telecomitalia.it[87.8.41.85]
Jun  4 07:46:51 rusty postgrey[2159]: delayed 729 seconds: client=host85-41-dynamic.8-87-r.retail.telecomitalia.it, from=vover.com@thedruidgrove.com, to=pearls-owner@slug.org.au 
Jun  4 07:46:55 rusty postfix/smtpd[13050]: warning: 66.79.75.39: hostname 66-79-75-39.adsl.dixnil.grics.net verification failed: Name or service not known
Jun  4 07:46:55 rusty postfix/smtpd[13050]: connect from unknown[66.79.75.39]
Jun  4 07:47:00 rusty postfix/smtpd[13050]: NOQUEUE: reject: RCPT from unknown[66.79.75.39]: 554 Service unavailable; Client host [66.79.75.39] blocked using ix.dnsbl.manitu.net; Comment:   IP address blocked, see http://ix.dnsbl.manitu.net/lookup.php?ipaddress=66.79.75.39, latest spam received via relay.heise.de at 2007-06-02T20:00+0200; from=<usyklswssxh@grics.net> to=<committee-owner@slug.org.au> proto=ESMTP helo=<66-79-75-39.adsl.dixnil.grics.net>
Jun  4 07:47:00 rusty postfix/smtpd[13050]: lost connection after RCPT from unknown[66.79.75.39]
Jun  4 07:47:00 rusty postfix/smtpd[13050]: disconnect from unknown[66.79.75.39]
Jun  4 07:47:01 rusty postfix/smtpd[13078]: warning: 85.41.8.87.relays.ordb.org: RBL lookup error: Host or domain name not found. Name service error for name=85.41.8.87.relays.ordb.org type=A: Host not found, try again
Jun  4 07:47:21 rusty postfix/smtpd[13078]: warning: 85.41.8.87.opm.blitzed.org: RBL lookup error: Host or domain name not found. Name service error for name=85.41.8.87.opm.blitzed.org type=A: Host not found, try again
Jun  4 07:47:21 rusty postfix/smtpd[13078]: AB8AB11815C: client=host85-41-dynamic.8-87-r.retail.telecomitalia.it[87.8.41.85]
Jun  4 07:47:23 rusty postfix/cleanup[13082]: AB8AB11815C: message-id=<000001c7a627$39fa7880$0100007f@localhost>
Jun  4 07:47:26 rusty postfix/local[13083]: AB8AB11815C: to=<pearls-owner@slug.org.au>, relay=local, delay=37, status=sent (delivered to command: /var/lib/mailman/mail/mailman owner pearls)
Jun  4 07:47:27 rusty postfix/smtpd[13078]: disconnect from host85-41-dynamic.8-87-r.retail.telecomitalia.it[87.8.41.85]
Jun  4 07:47:27 rusty postfix/smtpd[13050]: connect from localhost.localdomain[127.0.0.1]
Jun  4 07:47:27 rusty postfix/smtpd[13050]: 8CC0F11815C: client=localhost.localdomain[127.0.0.1]
Jun  4 07:47:27 rusty postfix/cleanup[13082]: 8CC0F11815C: message-id=<000001c7a627$39fa7880$0100007f@localhost>
Jun  4 07:47:27 rusty postfix/smtpd[13050]: disconnect from localhost.localdomain[127.0.0.1]
Jun  4 07:47:27 rusty postfix/cleanup[13082]: 9353B11817B: message-id=<000001c7a627$39fa7880$0100007f@localhost>
Jun  4 07:47:27 rusty postfix/cleanup[13086]: 960D411817F: message-id=<000001c7a627$39fa7880$0100007f@localhost>
Jun  4 07:47:27 rusty postfix/local[13083]: 8CC0F11815C: to=<ctd@slug.org.au>, relay=local, delay=0, status=sent (forwarded as 9353B11817B)
Jun  4 07:47:27 rusty postfix/local[13085]: 8CC0F11815C: to=<kenwilson@slug.org.au>, relay=local, delay=0, status=sent (forwarded as 960D411817F)
Jun  4 07:47:28 rusty postfix/smtp[13088]: 960D411817F: to=<kenwilso@ozemail.com.au>, orig_to=<kenwilson@slug.org.au>, relay=as-av.iinet.net.au[203.0.178.180], delay=1, status=sent (250 ok:  Message 131944794 accepted)
Jun  4 07:47:32 rusty postfix/smtp[13087]: 9353B11817B: to=<chris@ctd.id.au>, orig_to=<ctd@slug.org.au>, relay=ASPMX.L.GOOGLE.COM[209.85.147.114], delay=5, status=sent (250 2.0.0 OK 1180906741 l38si7105016waf)
Jun  4 07:47:33 rusty postfix/smtpd[13078]: connect from ppp91-122-95-227.pppoe.avangard-dsl.ru[91.122.95.227]
Jun  4 07:47:47 rusty postfix/smtpd[13078]: warning: 227.95.122.91.relays.ordb.org: RBL lookup error: Host or domain name not found. Name service error for name=227.95.122.91.relays.ordb.org type=A: Host not found, try again
Jun  4 07:47:47 rusty postfix/smtpd[13050]: connect from 201-27-20-93.dsl.telesp.net.br[201.27.20.93]
Jun  4 07:47:51 rusty postfix/smtpd[13050]: NOQUEUE: reject: RCPT from 201-27-20-93.dsl.telesp.net.br[201.27.20.93]: 554 Service unavailable; Client host [201.27.20.93] blocked using cbl.abuseat.org; Blocked - see http://cbl.abuseat.org/lookup.cgi?ip=201.27.20.93; from=<tbissau@gmil.com> to=<aemon@slug.org.au> proto=SMTP helo=<gmil.com>
Jun  4 07:47:52 rusty postfix/smtpd[13050]: lost connection after RCPT from 201-27-20-93.dsl.telesp.net.br[201.27.20.93]
Jun  4 07:47:52 rusty postfix/smtpd[13050]: disconnect from 201-27-20-93.dsl.telesp.net.br[201.27.20.93]
Jun  4 07:48:07 rusty postfix/smtpd[13078]: warning: 227.95.122.91.opm.blitzed.org: RBL lookup error: Host or domain name not found. Name service error for name=227.95.122.91.opm.blitzed.org type=A: Host not found, try again
Jun  4 07:48:07 rusty postfix/smtpd[13078]: NOQUEUE: reject: RCPT from ppp91-122-95-227.pppoe.avangard-dsl.ru[91.122.95.227]: 450 <commitee@slug.org.au>: Recipient address rejected: Greylisted for 300 seconds (see http://isg.ee.ethz.ch/tools/postgrey/help/slug.org.au.html); from=<sgmrgzm@spbnit.ru> to=<commitee@slug.org.au> proto=ESMTP helo=<pppoe-66.19.110.89-adsl.spbnit.ru>
Jun  4 07:48:07 rusty postfix/smtpd[13078]: lost connection after RCPT from ppp91-122-95-227.pppoe.avangard-dsl.ru[91.122.95.227]
Jun  4 07:48:07 rusty postfix/smtpd[13078]: disconnect from ppp91-122-95-227.pppoe.avangard-dsl.ru[91.122.95.227]
Jun  4 07:48:22 rusty postfix/smtpd[13050]: connect from cpe-24-193-83-133.nyc.res.rr.com[24.193.83.133]
Jun  4 07:48:25 rusty postfix/smtpd[13050]: NOQUEUE: reject: RCPT from cpe-24-193-83-133.nyc.res.rr.com[24.193.83.133]: 554 Service unavailable; Client host [24.193.83.133] blocked using cbl.abuseat.org; Blocked - see http://cbl.abuseat.org/lookup.cgi?ip=24.193.83.133; from=<dbeing@getpaidheaven.com> to=<extrovertedneophyte@slug.org.au> proto=SMTP helo=<cpe-24-193-83-133.nyc.res.rr.com>
Jun  4 07:48:25 rusty postfix/smtpd[13050]: lost connection after RCPT from cpe-24-193-83-133.nyc.res.rr.com[24.193.83.133]
Jun  4 07:48:25 rusty postfix/smtpd[13050]: disconnect from cpe-24-193-83-133.nyc.res.rr.com[24.193.83.133]
Jun  4 07:48:27 rusty postfix/smtpd[13078]: connect from gateway.funcionpublica.gob.mx[200.34.175.4]
Jun  4 07:48:41 rusty postfix/smtpd[13078]: warning: 4.175.34.200.relays.ordb.org: RBL lookup error: Host or domain name not found. Name service error for name=4.175.34.200.relays.ordb.org type=A: Host not found, try again
Jun  4 07:49:01 rusty postfix/smtpd[13078]: warning: 4.175.34.200.opm.blitzed.org: RBL lookup error: Host or domain name not found. Name service error for name=4.175.34.200.opm.blitzed.org type=A: Host not found, try again
Jun  4 07:49:01 rusty postfix/smtpd[13078]: 7653211815C: client=gateway.funcionpublica.gob.mx[200.34.175.4]
Jun  4 07:49:02 rusty postfix/cleanup[13082]: 7653211815C: message-id=<cTEptBP6N000423c5@SFPOWA.sfp.gob.mx>
Jun  4 07:49:02 rusty postfix/local[13083]: 7653211815C: to=<slug-bounces@slug.org.au>, relay=local, delay=34, status=sent (delivered to command: /var/lib/mailman/mail/mailman bounces slug)
Jun  4 07:49:02 rusty postfix/smtpd[13078]: disconnect from gateway.funcionpublica.gob.mx[200.34.175.4]
Jun  4 07:49:26 rusty postfix/smtpd[13050]: connect from 74-128-218-53.dhcp.insightbb.com[74.128.218.53]
Jun  4 07:49:29 rusty postfix/smtpd[13050]: NOQUEUE: reject: RCPT from 74-128-218-53.dhcp.insightbb.com[74.128.218.53]: 554 Service unavailable; Client host [74.128.218.53] blocked using cbl.abuseat.org; Blocked - see http://cbl.abuseat.org/lookup.cgi?ip=74.128.218.53; from=<ycolonel@guiagratis.com.br> to=<execrate@slug.org.au> proto=SMTP helo=<guiagratis.com.br>
Jun  4 07:49:29 rusty postfix/smtpd[13050]: lost connection after RCPT from 74-128-218-53.dhcp.insightbb.com[74.128.218.53]
Jun  4 07:49:29 rusty postfix/smtpd[13050]: disconnect from 74-128-218-53.dhcp.insightbb.com[74.128.218.53]
Jun  4 07:49:30 rusty postfix/smtpd[13078]: connect from c-24-6-246-243.hsd1.ca.comcast.net[24.6.246.243]
Jun  4 07:49:34 rusty postfix/smtpd[13078]: NOQUEUE: reject: RCPT from c-24-6-246-243.hsd1.ca.comcast.net[24.6.246.243]: 554 Service unavailable; Client host [24.6.246.243] blocked using cbl.abuseat.org; Blocked - see http://cbl.abuseat.org/lookup.cgi?ip=24.6.246.243; from=<auambvamlze@comcast.net> to=<craige@slug.org.au> proto=ESMTP helo=<c-24-6-246-243.hsd1.ca.comcast.net>
Jun  4 07:49:34 rusty postfix/smtpd[13078]: lost connection after RCPT from c-24-6-246-243.hsd1.ca.comcast.net[24.6.246.243]
Jun  4 07:49:34 rusty postfix/smtpd[13078]: disconnect from c-24-6-246-243.hsd1.ca.comcast.net[24.6.246.243]
Jun  4 07:49:53 rusty postfix/smtpd[13050]: connect from c-24-6-246-243.hsd1.ca.comcast.net[24.6.246.243]
Jun  4 07:49:53 rusty postfix/smtpd[13050]: NOQUEUE: reject: RCPT from c-24-6-246-243.hsd1.ca.comcast.net[24.6.246.243]: 554 Service unavailable; Client host [24.6.246.243] blocked using cbl.abuseat.org; Blocked - see http://cbl.abuseat.org/lookup.cgi?ip=24.6.246.243; from=<cjtexzcy@comcast.net> to=<craigem@slug.org.au> proto=ESMTP helo=<c-24-6-246-243.hsd1.ca.comcast.net>
Jun  4 07:49:53 rusty postfix/smtpd[13050]: lost connection after RCPT from c-24-6-246-243.hsd1.ca.comcast.net[24.6.246.243]
Jun  4 07:49:53 rusty postfix/smtpd[13050]: disconnect from c-24-6-246-243.hsd1.ca.comcast.net[24.6.246.243]
Jun  4 07:50:06 rusty postfix/smtpd[13078]: connect from dslb-084-056-253-076.pools.arcor-ip.net[84.56.253.76]
Jun  4 07:50:19 rusty postfix/smtpd[13050]: connect from unknown[71.237.32.213]
Jun  4 07:50:21 rusty postfix/smtpd[13078]: warning: 76.253.56.84.relays.ordb.org: RBL lookup error: Host or domain name not found. Name service error for name=76.253.56.84.relays.ordb.org type=A: Host not found, try again
Jun  4 07:50:30 rusty postfix/smtpd[13050]: NOQUEUE: reject: RCPT from unknown[71.237.32.213]: 554 Service unavailable; Client host [71.237.32.213] blocked using cbl.abuseat.org; Blocked - see http://cbl.abuseat.org/lookup.cgi?ip=71.237.32.213; from=<haccord@greennet.gl> to=<ankletssensitively@slug.org.au> proto=SMTP helo=<greennet.gl>
Jun  4 07:50:31 rusty postfix/smtpd[13050]: lost connection after RCPT from unknown[71.237.32.213]
Jun  4 07:50:31 rusty postfix/smtpd[13050]: disconnect from unknown[71.237.32.213]
Jun  4 07:50:41 rusty postfix/smtpd[13078]: warning: 76.253.56.84.opm.blitzed.org: RBL lookup error: Host or domain name not found. Name service error for name=76.253.56.84.opm.blitzed.org type=A: Host not found, try again
Jun  4 07:50:41 rusty postfix/smtpd[13078]: NOQUEUE: reject: RCPT from dslb-084-056-253-076.pools.arcor-ip.net[84.56.253.76]: 450 <conrad@slug.org.au>: Recipient address rejected: Greylisted for 300 seconds (see http://isg.ee.ethz.ch/tools/postgrey/help/slug.org.au.html); from=<lzfynkvjcpa@arcor-ip.net> to=<conrad@slug.org.au> proto=ESMTP helo=<dslb-084-056-253-076.pools.arcor-ip.net>
Jun  4 07:50:41 rusty postfix/smtpd[13078]: lost connection after RCPT from dslb-084-056-253-076.pools.arcor-ip.net[84.56.253.76]
Jun  4 07:50:41 rusty postfix/smtpd[13078]: disconnect from dslb-084-056-253-076.pools.arcor-ip.net[84.56.253.76]
Jun  4 07:50:47 rusty postfix/smtpd[13050]: connect from ppp-124.120.110.7.revip2.asianet.co.th[124.120.110.7]
Jun  4 07:50:50 rusty postfix/smtpd[13078]: connect from dslb-084-060-205-075.pools.arcor-ip.net[84.60.205.75]
Jun  4 07:50:51 rusty postfix/smtpd[13050]: NOQUEUE: reject: RCPT from ppp-124.120.110.7.revip2.asianet.co.th[124.120.110.7]: 554 Service unavailable; Client host [124.120.110.7] blocked using ix.dnsbl.manitu.net; Comment:   IP address blocked, see http://ix.dnsbl.manitu.net/lookup.php?ipaddress=124.120.110.7, latest spam received via relay.heise.de at 2007-06-03T19:54+0200; from=<fhsdatjh1234646@lycos.com> to=<slug-request@slug.org.au> proto=SMTP helo=<ppp-revipop0011aa.asianet.co.th>
Jun  4 07:50:51 rusty postfix/smtpd[13050]: disconnect from ppp-124.120.110.7.revip2.asianet.co.th[124.120.110.7]
Jun  4 07:51:05 rusty postfix/smtpd[13050]: connect from dyn-62-56-60-226.dslaccess.co.uk[62.56.60.226]
Jun  4 07:51:08 rusty postfix/smtpd[13050]: NOQUEUE: reject: RCPT from dyn-62-56-60-226.dslaccess.co.uk[62.56.60.226]: 554 <gouescr@co.uk>: Sender address rejected: Domain not found; from=<gouescr@co.uk> to=<ctd@slug.org.au> proto=ESMTP helo=<dyn-62-56-60-226.dslaccess.co.uk>
Jun  4 07:51:08 rusty postfix/smtpd[13050]: lost connection after RCPT from dyn-62-56-60-226.dslaccess.co.uk[62.56.60.226]
Jun  4 07:51:08 rusty postfix/smtpd[13050]: disconnect from dyn-62-56-60-226.dslaccess.co.uk[62.56.60.226]
Jun  4 07:51:11 rusty postfix/smtpd[13078]: warning: 75.205.60.84.relays.ordb.org: RBL lookup error: Host or domain name not found. Name service error for name=75.205.60.84.relays.ordb.org type=A: Host not found, try again
Jun  4 07:51:13 rusty postfix/smtpd[13050]: warning: 189.7.53.62: hostname bd07353e.virtua.com.br verification failed: Name or service not known
Jun  4 07:51:13 rusty postfix/smtpd[13050]: connect from unknown[189.7.53.62]
Jun  4 07:51:21 rusty postfix/smtpd[13050]: NOQUEUE: reject: RCPT from unknown[189.7.53.62]: 554 Service unavailable; Client host [189.7.53.62] blocked using cbl.abuseat.org; Blocked - see http://cbl.abuseat.org/lookup.cgi?ip=189.7.53.62; from=<abjbiz@classicnet.net> to=<announce-request@slug.org.au> proto=SMTP helo=<classicnet.net>
Jun  4 07:51:21 rusty postfix/smtpd[13050]: lost connection after RCPT from unknown[189.7.53.62]
Jun  4 07:51:21 rusty postfix/smtpd[13050]: disconnect from unknown[189.7.53.62]
Jun  4 07:51:31 rusty postfix/smtpd[13078]: warning: 75.205.60.84.opm.blitzed.org: RBL lookup error: Host or domain name not found. Name service error for name=75.205.60.84.opm.blitzed.org type=A: Host not found, try again
Jun  4 07:51:31 rusty postfix/smtpd[13078]: NOQUEUE: reject: RCPT from dslb-084-060-205-075.pools.arcor-ip.net[84.60.205.75]: 450 <31-event@slug.org.au>: Recipient address rejected: Greylisted for 300 seconds (see http://isg.ee.ethz.ch/tools/postgrey/help/slug.org.au.html); from=<bkingtracy@yahoo.co.uk> to=<31-event@slug.org.au> proto=ESMTP helo=<dslb-084-060-205-075.pools.arcor-ip.net>
Jun  4 07:51:31 rusty postfix/smtpd[13078]: lost connection after RCPT from dslb-084-060-205-075.pools.arcor-ip.net[84.60.205.75]
Jun  4 07:51:31 rusty postfix/smtpd[13078]: disconnect from dslb-084-060-205-075.pools.arcor-ip.net[84.60.205.75]
Jun  4 07:53:03 rusty postfix/smtpd[13078]: connect from user-0cevc0g.cable.mindspring.com[24.239.176.16]
Jun  4 07:53:16 rusty postfix/smtpd[13121]: warning: 201.29.198.214: hostname 20129198214.user.veloxzone.com.br verification failed: Name or service not known
Jun  4 07:53:16 rusty postfix/smtpd[13121]: connect from unknown[201.29.198.214]
Jun  4 07:53:17 rusty postfix/smtpd[13078]: warning: 16.176.239.24.relays.ordb.org: RBL lookup error: Host or domain name not found. Name service error for name=16.176.239.24.relays.ordb.org type=A: Host not found, try again
Jun  4 07:53:18 rusty postfix/smtpd[13121]: NOQUEUE: reject: RCPT from unknown[201.29.198.214]: 554 <hfatlhtuip@com.br>: Sender address rejected: Domain not found; from=<hfatlhtuip@com.br> to=<nce@slug.org.au> proto=ESMTP helo=<20129198214.user.veloxzone.com.br>
Jun  4 07:53:18 rusty postfix/smtpd[13121]: lost connection after RCPT from unknown[201.29.198.214]
Jun  4 07:53:18 rusty postfix/smtpd[13121]: disconnect from unknown[201.29.198.214]
Jun  4 07:53:37 rusty postfix/smtpd[13078]: warning: 16.176.239.24.opm.blitzed.org: RBL lookup error: Host or domain name not found. Name service error for name=16.176.239.24.opm.blitzed.org type=A: Host not found, try again
Jun  4 07:53:37 rusty postfix/smtpd[13078]: NOQUEUE: reject: RCPT from user-0cevc0g.cable.mindspring.com[24.239.176.16]: 450 <ctte@slug.org.au>: Recipient address rejected: Greylisted for 300 seconds (see http://isg.ee.ethz.ch/tools/postgrey/help/slug.org.au.html); from=<rswzvzkglw@mindspring.com> to=<ctte@slug.org.au> proto=ESMTP helo=<user-0cevc0g.cable.mindspring.com>
Jun  4 07:53:37 rusty postfix/smtpd[13078]: lost connection after RCPT from user-0cevc0g.cable.mindspring.com[24.239.176.16]
Jun  4 07:53:37 rusty postfix/smtpd[13078]: disconnect from user-0cevc0g.cable.mindspring.com[24.239.176.16]
Jun  4 07:53:49 rusty postfix/smtpd[13121]: warning: 71.82.20.110: hostname unknown.mgy.al.charter.com verification failed: Name or service not known
Jun  4 07:53:49 rusty postfix/smtpd[13121]: connect from unknown[71.82.20.110]
Jun  4 07:54:00 rusty postfix/smtpd[13078]: connect from 80.178.208.218.adsl.012.net.il[80.178.208.218]
Jun  4 07:54:03 rusty postfix/smtpd[13121]: warning: 110.20.82.71.relays.ordb.org: RBL lookup error: Host or domain name not found. Name service error for name=110.20.82.71.relays.ordb.org type=A: Host not found, try again
Jun  4 07:54:23 rusty postfix/smtpd[13121]: warning: 110.20.82.71.opm.blitzed.org: RBL lookup error: Host or domain name not found. Name service error for name=110.20.82.71.opm.blitzed.org type=A: Host not found, try again
Jun  4 07:54:23 rusty postfix/smtpd[13121]: NOQUEUE: reject: RCPT from unknown[71.82.20.110]: 450 <ctd@slug.org.au>: Recipient address rejected: Greylisted for 300 seconds (see http://isg.ee.ethz.ch/tools/postgrey/help/slug.org.au.html); from=<dualcore_how@catalystgrp.com> to=<ctd@slug.org.au> proto=ESMTP helo=<unknown.mgy.al.charter.com>
Jun  4 07:54:23 rusty postfix/smtpd[13121]: lost connection after RCPT from unknown[71.82.20.110]
Jun  4 07:54:23 rusty postfix/smtpd[13121]: disconnect from unknown[71.82.20.110]
Jun  4 07:54:23 rusty postfix/smtpd[13078]: NOQUEUE: reject: RCPT from 80.178.208.218.adsl.012.net.il[80.178.208.218]: 554 Service unavailable; Client host [80.178.208.218] blocked using cbl.abuseat.org; Blocked - see http://cbl.abuseat.org/lookup.cgi?ip=80.178.208.218; from=<zztoqfiv@naichea.it> to=<244-event@slug.org.au> proto=ESMTP helo=<80.178.208.218.adsl.012.net.il>
Jun  4 07:54:25 rusty postfix/smtpd[13078]: lost connection after RCPT from 80.178.208.218.adsl.012.net.il[80.178.208.218]
Jun  4 07:54:25 rusty postfix/smtpd[13078]: disconnect from 80.178.208.218.adsl.012.net.il[80.178.208.218]
Jun  4 07:54:46 rusty postfix/smtpd[13121]: warning: 200.115.233.238: hostname pc238.telecentro.com.ar verification failed: Name or service not known
Jun  4 07:54:46 rusty postfix/smtpd[13121]: connect from unknown[200.115.233.238]
Jun  4 07:54:50 rusty postfix/smtpd[13121]: NOQUEUE: reject: RCPT from unknown[200.115.233.238]: 554 Service unavailable; Client host [200.115.233.238] blocked using cbl.abuseat.org; Blocked - see http://cbl.abuseat.org/lookup.cgi?ip=200.115.233.238; from=<vcalifornium@louey.net> to=<fci9ab4gi0ae4lh0@slug.org.au> proto=SMTP helo=<pc238.telecentro.com.ar>
Jun  4 07:54:50 rusty postfix/smtpd[13121]: lost connection after RCPT from unknown[200.115.233.238]
Jun  4 07:54:50 rusty postfix/smtpd[13121]: disconnect from unknown[200.115.233.238]
Jun  4 07:56:17 rusty postfix/smtp[13188]: 91EBA118174: to=<jdub@perkypants.org>, relay=mail.perkypants.org[70.85.31.216], delay=1210, status=deferred (host mail.perkypants.org[70.85.31.216] said: 452 Insufficient system storage (in reply to MAIL FROM command))
Jun  4 07:56:18 rusty postfix/smtp[13189]: 91EBA118174: to=<greebo@pipka.org>, relay=mail.pipka.org[70.85.31.216], delay=1211, status=deferred (host mail.pipka.org[70.85.31.216] said: 452 Insufficient system storage (in reply to MAIL FROM command))
Jun  4 07:56:18 rusty postfix/smtp[13195]: 090FB11816C: to=<jdub@perkypants.org>, orig_to=<jdub@slug.org.au>, relay=mail.perkypants.org[70.85.31.216], delay=15420, status=deferred (host mail.perkypants.org[70.85.31.216] said: 452 Insufficient system storage (in reply to MAIL FROM command))
Jun  4 07:56:18 rusty postfix/smtp[13176]: 72F07118229: to=<netsnipe_ml@optusnet.com.au>, relay=mail.optusnet.com.au[211.29.132.250], delay=253306, status=deferred (host mail.optusnet.com.au[211.29.132.250] said: 452 4.2.2 <netsnipe_ml@optusnet.com.au>... Mailbox full (in reply to RCPT TO command))
Jun  4 07:56:18 rusty postfix/smtp[13176]: 72F07118229: to=<pintail@optusnet.com.au>, relay=mail.optusnet.com.au[211.29.132.250], delay=253306, status=deferred (host mail.optusnet.com.au[211.29.132.250] said: 452 4.2.2 <pintail@optusnet.com.au>... Mailbox full (in reply to RCPT TO command))
Jun  4 07:56:18 rusty postfix/smtp[13194]: 29498118188: to=<netsnipe_ml@optusnet.com.au>, relay=mail.optusnet.com.au[211.29.132.250], delay=35049, status=deferred (host mail.optusnet.com.au[211.29.132.250] said: 452 4.2.2 <netsnipe_ml@optusnet.com.au>... Mailbox full (in reply to RCPT TO command))
Jun  4 07:56:18 rusty postfix/smtp[13194]: 29498118188: to=<pintail@optusnet.com.au>, relay=mail.optusnet.com.au[211.29.132.250], delay=35049, status=deferred (host mail.optusnet.com.au[211.29.132.250] said: 452 4.2.2 <pintail@optusnet.com.au>... Mailbox full (in reply to RCPT TO command))
Jun  4 07:56:20 rusty postfix/smtp[13193]: connect to mic.icafe.com.au[60.242.158.40]: No route to host (port 25)
Jun  4 07:56:20 rusty postfix/smtp[13193]: 29498118188: to=<donohueb@icafe.com.au>, relay=none, delay=35051, status=deferred (connect to mic.icafe.com.au[60.242.158.40]: No route to host)
Jun  4 07:56:38 rusty postfix/smtpd[13201]: connect from unknown[61.142.81.37]
Jun  4 07:56:41 rusty postfix/smtpd[13201]: NOQUEUE: reject: RCPT from unknown[61.142.81.37]: 554 Service unavailable; Client host [61.142.81.37] blocked using dnsbl.njabl.org; 1179973492; from=<oaznif@msa.hinet.net> to=<committee@slug.org.au> proto=SMTP helo=<202.177.212.193>
Jun  4 07:56:41 rusty postfix/smtpd[13203]: connect from 84.94.21.44.cable.012.net.il[84.94.21.44]
Jun  4 07:56:41 rusty postfix/smtpd[13201]: NOQUEUE: reject: RCPT from unknown[61.142.81.37]: 554 Service unavailable; Client host [61.142.81.37] blocked using dnsbl.njabl.org; 1179973492; from=<oaznif@msa.hinet.net> to=<james@slug.org.au> proto=SMTP helo=<202.177.212.193>
Jun  4 07:56:42 rusty postfix/smtpd[13201]: NOQUEUE: reject: RCPT from unknown[61.142.81.37]: 554 Service unavailable; Client host [61.142.81.37] blocked using dnsbl.njabl.org; 1179973492; from=<oaznif@msa.hinet.net> to=<johnf@slug.org.au> proto=SMTP helo=<202.177.212.193>
Jun  4 07:56:42 rusty postfix/smtpd[13201]: NOQUEUE: reject: RCPT from unknown[61.142.81.37]: 554 Service unavailable; Client host [61.142.81.37] blocked using dnsbl.njabl.org; 1179973492; from=<oaznif@msa.hinet.net> to=<president@slug.org.au> proto=SMTP helo=<202.177.212.193>
Jun  4 07:56:43 rusty postfix/smtpd[13201]: NOQUEUE: reject: RCPT from unknown[61.142.81.37]: 554 Service unavailable; Client host [61.142.81.37] blocked using dnsbl.njabl.org; 1179973492; from=<oaznif@msa.hinet.net> to=<press@slug.org.au> proto=SMTP helo=<202.177.212.193>
Jun  4 07:56:44 rusty postfix/smtpd[13201]: NOQUEUE: reject: RCPT from unknown[61.142.81.37]: 554 Service unavailable; Client host [61.142.81.37] blocked using dnsbl.njabl.org; 1179973492; from=<oaznif@msa.hinet.net> to=<secretary@slug.org.au> proto=SMTP helo=<202.177.212.193>
Jun  4 07:56:45 rusty postfix/smtpd[13201]: NOQUEUE: reject: RCPT from unknown[61.142.81.37]: 554 Service unavailable; Client host [61.142.81.37] blocked using dnsbl.njabl.org; 1179973492; from=<oaznif@msa.hinet.net> to=<slug@slug.org.au> proto=SMTP helo=<202.177.212.193>
Jun  4 07:56:46 rusty postfix/smtpd[13201]: NOQUEUE: reject: RCPT from unknown[61.142.81.37]: 554 Service unavailable; Client host [61.142.81.37] blocked using dnsbl.njabl.org; 1179973492; from=<oaznif@msa.hinet.net> to=<sridhar@slug.org.au> proto=SMTP helo=<202.177.212.193>
Jun  4 07:56:46 rusty postfix/smtp[13178]: connect to none.harvestroad.com.au[203.103.97.241]: Connection timed out (port 25)
Jun  4 07:56:46 rusty postfix/smtp[13181]: connect to none.harvestroad.com.au[203.103.97.241]: Connection timed out (port 25)
Jun  4 07:56:47 rusty postfix/smtp[13185]: connect to none.harvestroad.com.au[203.103.97.241]: Connection timed out (port 25)
Jun  4 07:56:47 rusty postfix/smtpd[13201]: NOQUEUE: reject: RCPT from unknown[61.142.81.37]: 554 Service unavailable; Client host [61.142.81.37] blocked using dnsbl.njabl.org; 1179973492; from=<oaznif@msa.hinet.net> to=<treasurer@slug.org.au> proto=SMTP helo=<202.177.212.193>
Jun  4 07:56:47 rusty postfix/smtp[13191]: connect to none.harvestroad.com.au[203.103.97.241]: Connection timed out (port 25)
Jun  4 07:56:47 rusty postfix/smtp[13197]: connect to none.harvestroad.com.au[203.103.97.241]: Connection timed out (port 25)
Jun  4 07:56:47 rusty postfix/smtp[13183]: connect to dmhosting.g.ysm.yahoo.com[72.30.33.102]: Connection timed out (port 25)
Jun  4 07:56:47 rusty postfix/smtp[13183]: 9AADA1181FB: to=<aaaa@aaaaaa.com>, relay=none, delay=237011, status=deferred (connect to dmhosting.g.ysm.yahoo.com[72.30.33.102]: Connection timed out)
Jun  4 07:56:47 rusty postfix/smtp[13182]: connect to park.funnel.revenuedirect.com.akadns.net[69.25.47.164]: Connection timed out (port 25)
Jun  4 07:56:47 rusty postfix/smtp[13187]: connect to park.funnel.revenuedirect.com.akadns.net[69.25.47.164]: Connection timed out (port 25)
Jun  4 07:56:47 rusty postfix/smtp[13192]: connect to park.funnel.revenuedirect.com.akadns.net[69.25.47.164]: Connection timed out (port 25)
Jun  4 07:56:47 rusty postfix/smtp[13198]: connect to park.funnel.revenuedirect.com.akadns.net[69.25.47.164]: Connection timed out (port 25)
Jun  4 07:56:47 rusty postfix/smtp[13179]: connect to park.funnel.revenuedirect.com.akadns.net[66.150.161.57]: Connection timed out (port 25)
Jun  4 07:56:48 rusty postfix/smtp[13199]: connect to mail.dcnut.com[220.245.26.156]: Connection timed out (port 25)
Jun  4 07:56:48 rusty postfix/smtpd[13201]: NOQUEUE: reject: RCPT from unknown[61.142.81.37]: 554 Service unavailable; Client host [61.142.81.37] blocked using dnsbl.njabl.org; 1179973492; from=<oaznif@msa.hinet.net> to=<vp@slug.org.au> proto=SMTP helo=<202.177.212.193>
Jun  4 07:56:49 rusty postfix/smtpd[13201]: NOQUEUE: reject: RCPT from unknown[61.142.81.37]: 554 Service unavailable; Client host [61.142.81.37] blocked using dnsbl.njabl.org; 1179973492; from=<oaznif@msa.hinet.net> to=<webmaster@slug.org.au> proto=SMTP helo=<202.177.212.193>
Jun  4 07:56:52 rusty postfix/smtp[13177]: 7ED5A118197: to=<slug@eurekait.com>, relay=none, delay=29796, status=deferred (Host or domain name not found. Name service error for name=eurekait.com type=MX: Host not found, try again)
Jun  4 07:56:52 rusty postfix/smtp[13184]: 9ECA51181BA: to=<slug@eurekait.com>, relay=none, delay=409314, status=deferred (Host or domain name not found. Name service error for name=eurekait.com type=MX: Host not found, try again)
Jun  4 07:56:52 rusty postfix/smtp[13190]: 35F0A1181AF: to=<slug@eurekait.com>, relay=none, delay=416726, status=deferred (Host or domain name not found. Name service error for name=eurekait.com type=MX: Host not found, try again)
Jun  4 07:56:52 rusty postfix/smtp[13180]: 78835118138: to=<slug@eurekait.com>, relay=none, delay=52107, status=deferred (Host or domain name not found. Name service error for name=eurekait.com type=MX: Host not found, try again)
Jun  4 07:56:52 rusty postfix/smtp[13196]: 092E511820B: to=<slug@eurekait.com>, relay=none, delay=297873, status=deferred (Host or domain name not found. Name service error for name=eurekait.com type=MX: Host not found, try again)
Jun  4 07:57:02 rusty postfix/smtpd[13210]: connect from c-71-234-86-80.hsd1.ct.comcast.net[71.234.86.80]
Jun  4 07:57:07 rusty postfix/smtpd[13201]: disconnect from unknown[61.142.81.37]
Jun  4 07:57:09 rusty postfix/smtpd[13203]: NOQUEUE: reject: RCPT from 84.94.21.44.cable.012.net.il[84.94.21.44]: 554 Service unavailable; Client host [84.94.21.44] blocked using cbl.abuseat.org; Blocked - see http://cbl.abuseat.org/lookup.cgi?ip=84.94.21.44; from=<zztoqfiv@naichea.it> to=<14-event@slug.org.au> proto=ESMTP helo=<home-7ptmqu7cjj>
Jun  4 07:57:09 rusty postfix/smtpd[13210]: NOQUEUE: reject: RCPT from c-71-234-86-80.hsd1.ct.comcast.net[71.234.86.80]: 554 Service unavailable; Client host [71.234.86.80] blocked using cbl.abuseat.org; Blocked - see http://cbl.abuseat.org/lookup.cgi?ip=71.234.86.80; from=<erstwhileTeacher@nsmi.com> to=<curlinesspharaoh@slug.org.au> proto=ESMTP helo=<c-71-234-86-80.hsd1.ct.comcast.net>
Jun  4 07:57:09 rusty postfix/smtpd[13210]: lost connection after RCPT from c-71-234-86-80.hsd1.ct.comcast.net[71.234.86.80]
Jun  4 07:57:09 rusty postfix/smtpd[13210]: disconnect from c-71-234-86-80.hsd1.ct.comcast.net[71.234.86.80]
Jun  4 07:57:11 rusty postfix/smtpd[13201]: connect from c-24-11-98-82.hsd1.mi.comcast.net[24.11.98.82]
Jun  4 07:57:11 rusty postfix/smtpd[13203]: lost connection after RCPT from 84.94.21.44.cable.012.net.il[84.94.21.44]
Jun  4 07:57:11 rusty postfix/smtpd[13203]: disconnect from 84.94.21.44.cable.012.net.il[84.94.21.44]
Jun  4 07:57:16 rusty postfix/smtpd[13210]: connect from unknown[83.222.223.34]
Jun  4 07:57:17 rusty postfix/smtpd[13203]: connect from 201-92-182-105.dsl.telesp.net.br[201.92.182.105]
Jun  4 07:57:17 rusty postfix/smtp[13182]: connect to park.funnel.revenuedirect.com.akadns.net[66.150.161.57]: Connection timed out (port 25)
Jun  4 07:57:17 rusty postfix/smtp[13187]: connect to park.funnel.revenuedirect.com.akadns.net[66.150.161.57]: Connection timed out (port 25)
Jun  4 07:57:17 rusty postfix/smtp[13192]: connect to park.funnel.revenuedirect.com.akadns.net[66.150.161.57]: Connection timed out (port 25)
Jun  4 07:57:17 rusty postfix/smtp[13198]: connect to park.funnel.revenuedirect.com.akadns.net[66.150.161.57]: Connection timed out (port 25)
Jun  4 07:57:17 rusty postfix/smtp[13179]: connect to park.funnel.revenuedirect.com.akadns.net[69.25.47.164]: Connection timed out (port 25)
Jun  4 07:57:17 rusty postfix/smtp[13187]: 9ECA51181BA: to=<brat@somethingorother.com>, relay=none, delay=409339, status=deferred (connect to park.funnel.revenuedirect.com.akadns.net[66.150.161.57]: Connection timed out)
Jun  4 07:57:17 rusty postfix/smtp[13182]: 78835118138: to=<brat@somethingorother.com>, relay=none, delay=52132, status=deferred (connect to park.funnel.revenuedirect.com.akadns.net[66.150.161.57]: Connection timed out)
Jun  4 07:57:17 rusty postfix/smtp[13192]: 35F0A1181AF: to=<brat@somethingorother.com>, relay=none, delay=416751, status=deferred (connect to park.funnel.revenuedirect.com.akadns.net[66.150.161.57]: Connection timed out)
Jun  4 07:57:17 rusty postfix/smtp[13198]: 092E511820B: to=<brat@somethingorother.com>, relay=none, delay=297898, status=deferred (connect to park.funnel.revenuedirect.com.akadns.net[66.150.161.57]: Connection timed out)
Jun  4 07:57:17 rusty postfix/smtp[13179]: 7ED5A118197: to=<brat@somethingorother.com>, relay=none, delay=29821, status=deferred (connect to park.funnel.revenuedirect.com.akadns.net[69.25.47.164]: Connection timed out)
Jun  4 07:57:18 rusty postfix/smtp[13199]: connect to postoffice.telstra.net[203.50.40.137]: Connection timed out (port 25)
Jun  4 07:57:20 rusty postfix/smtpd[13203]: NOQUEUE: reject: RCPT from 201-92-182-105.dsl.telesp.net.br[201.92.182.105]: 554 Service unavailable; Client host [201.92.182.105] blocked using cbl.abuseat.org; Blocked - see http://cbl.abuseat.org/lookup.cgi?ip=201.92.182.105; from=<eaganthracnose@foohosting.co.uk> to=<extrovertedneophyte@slug.org.au> proto=SMTP helo=<201-92-182-105.dsl.telesp.net.br>
Jun  4 07:57:21 rusty postfix/smtpd[13203]: lost connection after RCPT from 201-92-182-105.dsl.telesp.net.br[201.92.182.105]
Jun  4 07:57:21 rusty postfix/smtpd[13203]: disconnect from 201-92-182-105.dsl.telesp.net.br[201.92.182.105]
Jun  4 07:57:22 rusty postfix/smtpd[13210]: NOQUEUE: reject: RCPT from unknown[83.222.223.34]: 554 Service unavailable; Client host [83.222.223.34] blocked using ix.dnsbl.manitu.net; Comment:   IP address blocked, see http://ix.dnsbl.manitu.net/lookup.php?ipaddress=83.222.223.34, latest spam received via mx0.freenet.de at 2007-06-02T02:13+0200; from=<cxsback@apoio.biz> to=<antiperspirantconservatives@slug.org.au> proto=SMTP helo=<apoio.biz>
Jun  4 07:57:22 rusty postfix/smtpd[13210]: lost connection after RCPT from unknown[83.222.223.34]
Jun  4 07:57:22 rusty postfix/smtpd[13210]: disconnect from unknown[83.222.223.34]
Jun  4 07:57:25 rusty postfix/smtpd[13201]: warning: 82.98.11.24.relays.ordb.org: RBL lookup error: Host or domain name not found. Name service error for name=82.98.11.24.relays.ordb.org type=A: Host not found, try again
Jun  4 07:57:27 rusty postfix/smtp[13185]: 9ECA51181BA: to=<ajones@harvestroad.com>, relay=mail.harvestroad.com.au[203.103.97.27], delay=409349, status=deferred (host mail.harvestroad.com.au[203.103.97.27] said: 450 <slug-bounces@slug.org.au>: Sender address rejected: Domain not found (in reply to RCPT TO command))
Jun  4 07:57:45 rusty postfix/smtpd[13201]: warning: 82.98.11.24.opm.blitzed.org: RBL lookup error: Host or domain name not found. Name service error for name=82.98.11.24.opm.blitzed.org type=A: Host not found, try again
Jun  4 07:57:45 rusty postfix/smtpd[13201]: NOQUEUE: reject: RCPT from c-24-11-98-82.hsd1.mi.comcast.net[24.11.98.82]: 450 <execrate@slug.org.au>: Recipient address rejected: Greylisted for 300 seconds (see http://isg.ee.ethz.ch/tools/postgrey/help/slug.org.au.html); from=<fwapplicable@e-goldbet.com> to=<execrate@slug.org.au> proto=SMTP helo=<c-24-11-98-82.hsd1.mi.comcast.net>
Jun  4 07:57:45 rusty postfix/smtpd[13201]: lost connection after RCPT from c-24-11-98-82.hsd1.mi.comcast.net[24.11.98.82]
Jun  4 07:57:45 rusty postfix/smtpd[13201]: disconnect from c-24-11-98-82.hsd1.mi.comcast.net[24.11.98.82]
Jun  4 07:57:48 rusty postfix/smtp[13199]: connect to postoffice.telstra.net[203.50.2.186]: Connection timed out (port 25)
Jun  4 07:57:48 rusty postfix/smtp[13199]: A30C1118177: to=<rene@dcnut.com>, relay=none, delay=1301, status=deferred (connect to postoffice.telstra.net[203.50.2.186]: Connection timed out)
Jun  4 07:57:57 rusty postfix/smtp[13185]: connect to none.harvestroad.com.au[203.103.97.241]: Connection timed out (port 25)
Jun  4 07:57:57 rusty postfix/smtp[13188]: connect to none.harvestroad.com.au[203.103.97.241]: Connection timed out (port 25)
Jun  4 07:58:44 rusty postfix/smtpd[13203]: connect from red-corp-201.143.28.67.telnor.net[201.143.28.67]
Jun  4 07:58:57 rusty postfix/smtp[13178]: 7ED5A118197: to=<ajones@harvestroad.com>, relay=mail.harvestroad.com.au[203.103.97.27], delay=29921, status=deferred (host mail.harvestroad.com.au[203.103.97.27] said: 450 <slug-bounces@slug.org.au>: Sender address rejected: Domain not found (in reply to RCPT TO command))
Jun  4 07:58:57 rusty postfix/smtp[13181]: 78835118138: to=<ajones@harvestroad.com>, relay=mail.harvestroad.com.au[203.103.97.27], delay=52232, status=deferred (host mail.harvestroad.com.au[203.103.97.27] said: 450 <slug-bounces@slug.org.au>: Sender address rejected: Domain not found (in reply to RCPT TO command))
Jun  4 07:58:57 rusty postfix/smtp[13191]: 35F0A1181AF: to=<ajones@harvestroad.com>, relay=mail.harvestroad.com.au[203.103.97.27], delay=416851, status=deferred (host mail.harvestroad.com.au[203.103.97.27] said: 450 <slug-bounces@slug.org.au>: Sender address rejected: Domain not found (in reply to RCPT TO command))
Jun  4 07:58:57 rusty postfix/smtp[13197]: 092E511820B: to=<ajones@harvestroad.com>, relay=mail.harvestroad.com.au[203.103.97.27], delay=297998, status=deferred (host mail.harvestroad.com.au[203.103.97.27] said: 450 <slug-bounces@slug.org.au>: Sender address rejected: Domain not found (in reply to RCPT TO command))
Jun  4 07:58:58 rusty postfix/smtpd[13203]: NOQUEUE: reject: RCPT from red-corp-201.143.28.67.telnor.net[201.143.28.67]: 554 Service unavailable; Client host [201.143.28.67] blocked using ix.dnsbl.manitu.net; Comment:   IP address blocked, see http://ix.dnsbl.manitu.net/lookup.php?ipaddress=201.143.28.67, latest spam received via mail.ixlab.de at 2007-06-02T23:48+0200; from=<hcovert@dynarats.com> to=<fci9ab4gi0ae4lh0@slug.org.au> proto=SMTP helo=<red-corp-201.143.28.67.telnor.net>
Jun  4 07:58:58 rusty postfix/smtpd[13203]: lost connection after RCPT from red-corp-201.143.28.67.telnor.net[201.143.28.67]
Jun  4 07:58:58 rusty postfix/smtpd[13203]: disconnect from red-corp-201.143.28.67.telnor.net[201.143.28.67]
Jun  4 07:59:27 rusty postfix/smtp[13199]: connect to none.harvestroad.com.au[203.103.97.241]: Connection timed out (port 25)
Jun  4 07:59:27 rusty postfix/smtp[13178]: connect to none.harvestroad.com.au[203.103.97.241]: Connection timed out (port 25)
Jun  4 07:59:27 rusty postfix/smtp[13181]: connect to none.harvestroad.com.au[203.103.97.241]: Connection timed out (port 25)
Jun  4 07:59:41 rusty postfix/smtpd[13203]: connect from cp442383-a.landg1.lb.home.nl[84.25.23.186]
Jun  4 07:59:55 rusty postfix/smtpd[13244]: connect from pool-72-89-217-47.nycmny.east.verizon.net[72.89.217.47]
Jun  4 07:59:59 rusty postfix/smtpd[13244]: NOQUEUE: reject: RCPT from pool-72-89-217-47.nycmny.east.verizon.net[72.89.217.47]: 554 Service unavailable; Client host [72.89.217.47] blocked using cbl.abuseat.org; Blocked - see http://cbl.abuseat.org/lookup.cgi?ip=72.89.217.47; from=<toquztf@verizon.net> to=<vapidity@slug.org.au> proto=ESMTP helo=<pool-72-89-217-47.nycmny.east.verizon.net>
Jun  4 07:59:59 rusty postfix/smtpd[13244]: lost connection after RCPT from pool-72-89-217-47.nycmny.east.verizon.net[72.89.217.47]
Jun  4 07:59:59 rusty postfix/smtpd[13244]: disconnect from pool-72-89-217-47.nycmny.east.verizon.net[72.89.217.47]
Jun  4 08:00:00 rusty postfix/smtpd[13203]: warning: 186.23.25.84.relays.ordb.org: RBL lookup error: Host or domain name not found. Name service error for name=186.23.25.84.relays.ordb.org type=A: Host not found, try again
Jun  4 08:00:02 rusty postfix/smtpd[13244]: connect from localhost.localdomain[127.0.0.1]
Jun  4 08:00:02 rusty postfix/smtpd[13244]: 9983C11816B: client=localhost.localdomain[127.0.0.1]
Jun  4 08:00:02 rusty postfix/cleanup[13257]: 9983C11816B: message-id=<mailman.0.1180908001.13255.admin@slug.org.au>
Jun  4 08:00:02 rusty postfix/smtpd[13244]: disconnect from localhost.localdomain[127.0.0.1]
Jun  4 08:00:02 rusty postfix/local[13258]: 9983C11816B: to=<admin-owner@slug.org.au>, relay=local, delay=0, status=sent (delivered to command: /var/lib/mailman/mail/mailman owner admin)
Jun  4 08:00:03 rusty postfix/smtpd[13244]: connect from localhost.localdomain[127.0.0.1]
Jun  4 08:00:03 rusty postfix/smtpd[13244]: B217311816B: client=localhost.localdomain[127.0.0.1]
Jun  4 08:00:03 rusty postfix/cleanup[13257]: B217311816B: message-id=<mailman.1.1180908001.13255.committee@slug.org.au>
Jun  4 08:00:03 rusty postfix/smtpd[13244]: disconnect from localhost.localdomain[127.0.0.1]
Jun  4 08:00:03 rusty postfix/smtpd[13244]: connect from localhost.localdomain[127.0.0.1]
Jun  4 08:00:03 rusty postfix/smtpd[13244]: C498011817B: client=localhost.localdomain[127.0.0.1]
Jun  4 08:00:03 rusty postfix/cleanup[13257]: C498011817B: message-id=<mailman.2.1180908002.13255.press@slug.org.au>
Jun  4 08:00:03 rusty postfix/smtpd[13244]: disconnect from localhost.localdomain[127.0.0.1]
Jun  4 08:00:03 rusty postfix/smtpd[13260]: connect from localhost.localdomain[127.0.0.1]
Jun  4 08:00:03 rusty postfix/smtpd[13260]: D3AD211817F: client=localhost.localdomain[127.0.0.1]
Jun  4 08:00:03 rusty postfix/cleanup[13257]: D3AD211817F: message-id=<mailman.0.1180908001.13255.admin@slug.org.au>
Jun  4 08:00:03 rusty postfix/smtpd[13260]: disconnect from localhost.localdomain[127.0.0.1]
Jun  4 08:00:03 rusty postfix/cleanup[13257]: EBE1D118181: message-id=<mailman.0.1180908001.13255.admin@slug.org.au>
Jun  4 08:00:03 rusty postfix/local[13264]: D3AD211817F: to=<ctd@slug.org.au>, relay=local, delay=0, status=sent (forwarded as EBE1D118181)
Jun  4 08:00:04 rusty postfix/local[13262]: C498011817B: to=<press-owner@slug.org.au>, relay=local, delay=1, status=sent (delivered to command: /var/lib/mailman/mail/mailman owner press)
Jun  4 08:00:04 rusty postfix/local[13258]: B217311816B: to=<committee-owner@slug.org.au>, relay=local, delay=1, status=sent (delivered to command: /var/lib/mailman/mail/mailman owner committee)
Jun  4 08:00:04 rusty postfix/smtpd[13244]: connect from localhost.localdomain[127.0.0.1]
Jun  4 08:00:04 rusty postfix/smtpd[13244]: E069111816B: client=localhost.localdomain[127.0.0.1]
Jun  4 08:00:04 rusty postfix/cleanup[13257]: E069111816B: message-id=<mailman.2.1180908002.13255.press@slug.org.au>
Jun  4 08:00:04 rusty postfix/smtpd[13244]: disconnect from localhost.localdomain[127.0.0.1]
Jun  4 08:00:04 rusty postfix/smtpd[13260]: connect from localhost.localdomain[127.0.0.1]
Jun  4 08:00:04 rusty postfix/cleanup[13257]: E3F6311817B: message-id=<mailman.2.1180908002.13255.press@slug.org.au>
Jun  4 08:00:04 rusty postfix/smtpd[13260]: E674011817F: client=localhost.localdomain[127.0.0.1]
Jun  4 08:00:04 rusty postfix/cleanup[13265]: E674011817F: message-id=<mailman.1.1180908001.13255.committee@slug.org.au>
Jun  4 08:00:04 rusty postfix/local[13264]: E069111816B: to=<jdub@slug.org.au>, relay=local, delay=0, status=sent (forwarded as E3F6311817B)
Jun  4 08:00:04 rusty postfix/cleanup[13257]: F011311816B: message-id=<mailman.1.1180908001.13255.committee@slug.org.au>
Jun  4 08:00:04 rusty postfix/smtpd[13260]: disconnect from localhost.localdomain[127.0.0.1]
Jun  4 08:00:04 rusty postfix/cleanup[13265]: F0F7C11818D: message-id=<mailman.1.1180908001.13255.committee@slug.org.au>
Jun  4 08:00:05 rusty postfix/local[13262]: E674011817F: to=<james@slug.org.au>, relay=local, delay=1, status=sent (forwarded as F011311816B)
Jun  4 08:00:05 rusty postfix/cleanup[13257]: 010F1118191: message-id=<mailman.1.1180908001.13255.committee@slug.org.au>
Jun  4 08:00:05 rusty postfix/local[13258]: E674011817F: to=<johnf@slug.org.au>, relay=local, delay=1, status=sent (forwarded as F0F7C11818D)
Jun  4 08:00:05 rusty postfix/cleanup[13265]: 05C11118195: message-id=<mailman.1.1180908001.13255.committee@slug.org.au>
Jun  4 08:00:05 rusty postfix/local[13264]: E674011817F: to=<kenwilson@slug.org.au>, relay=local, delay=1, status=sent (forwarded as 010F1118191)
Jun  4 08:00:05 rusty postfix/local[13267]: E674011817F: to=<lindsay@slug.org.au>, relay=local, delay=1, status=sent (forwarded as 05C11118195)
Jun  4 08:00:05 rusty postfix/cleanup[13257]: 0FCD111819B: message-id=<mailman.1.1180908001.13255.committee@slug.org.au>
Jun  4 08:00:05 rusty postfix/cleanup[13269]: 14D6911819D: message-id=<mailman.1.1180908001.13255.committee@slug.org.au>
Jun  4 08:00:05 rusty postfix/cleanup[13265]: 1008B11819C: message-id=<mailman.1.1180908001.13255.committee@slug.org.au>
Jun  4 08:00:05 rusty postfix/local[13258]: E674011817F: to=<sridhar@slug.org.au>, relay=local, delay=1, status=sent (forwarded as 0FCD111819B)
